03-07 13:50:40.764  1254  1282 I RILC-MTK: set request 2502 to protocal 1, proxyId=3
03-07 13:50:40.764  1254  1282 D RILC-MTK: QUERY_MODEM_THERMAL pRI=0x7f7e6494e0 p=0x7f7e66d570 dispatched to RIL_CMD_PROXY_1
03-07 13:50:40.764  1254  1278 I RILC-MTK: RIL_CMD2_PROXY_2 wakeup
03-07 13:50:40.764  1254  1278 I RILC-MTK: RIL_CMD2_PROXY_2 sleep
03-07 13:50:40.764  1254  1274 I RILC-MTK: RIL_CMD_PROXY_4 wakeup
03-07 13:50:40.764  1254  1277 I RILC-MTK: RIL_CMD2_PROXY_3 wakeup
03-07 13:50:40.764  1254  1274 I RILC-MTK: RIL_CMD_PROXY_4 sleep
03-07 13:50:40.764  1254  1280 I RILC-MTK: RIL_CMD2_PROXY_4 wakeup
03-07 13:50:40.764  1254  1280 I RILC-MTK: RIL_CMD2_PROXY_4 sleep
03-07 13:50:40.764  1254  1275 I RILC-MTK: RIL_ATCI_PROXY wakeup
03-07 13:50:40.764  1254  1275 I RILC-MTK: RIL_ATCI_PROXY sleep
03-07 13:50:40.764  1254  1271 I RILC-MTK: RIL_CMD_PROXY_3 wakeup
03-07 13:50:40.764  1254  1273 I RILC-MTK: RIL_CMD_PROXY_1 wakeup
03-07 13:50:40.764  1254  1276 I RILC-MTK: RIL_URC2_PROXY wakeup
03-07 13:50:40.764  1254  1277 I RILC-MTK: RIL_CMD2_PROXY_3 sleep
03-07 13:50:40.764  1254  1272 I RILC-MTK: RIL_CMD_PROXY_2 wakeup
03-07 13:50:40.764  1254  1271 I RILC-MTK: RIL_CMD_PROXY_3 sleep
03-07 13:50:40.764  1254  1270 I RILC-MTK: RIL_URC_PROXY wakeup
03-07 13:50:40.764  1254  1281 I RILC-MTK: RIL_ATCI2_PROXY wakeup
03-07 13:50:40.764  1254  1270 I RILC-MTK: RIL_URC_PROXY sleep
03-07 13:50:40.764  1254  1273 D RILC-MTK: proxy id:3, proxyName: RIL_CMD_PROXY_1
03-07 13:50:40.764  1254  1273 D RILC-MTK: QUERY_MODEM_THERMAL pRI=0x7f7e6494e0 p=0x7f7e66d570 execute on RIL_CMD_PROXY_1 using channel 3
03-07 13:50:40.764  1254  1279 I RILC-MTK: RIL_CMD2_PROXY_1 wakeup
03-07 13:50:40.764  1254  1281 I RILC-MTK: RIL_ATCI2_PROXY sleep
03-07 13:50:40.764  1254  1273 D RILC    : callOnRequest for new vendor ril
03-07 13:50:40.764  1254  1272 I RILC-MTK: RIL_CMD_PROXY_2 sleep
03-07 13:50:40.764  1254  1273 D RIL     : onRequest: QUERY_MODEM_THERMAL, datalen = 8
03-07 13:50:40.764  1254  1276 I RILC-MTK: RIL_URC2_PROXY sleep
03-07 13:50:40.764  1254  1273 D RIL     : radioState:10
03-07 13:50:40.764  1254  1279 I RILC-MTK: RIL_CMD2_PROXY_1 sleep
03-07 13:50:40.764  1254  1273 D RIL     : requestQueryThermal Enter,-1
03-07 13:50:40.764  1254  1273 D AT      : getRILChannelCtx subsystem:1, rid:0 channelOffset:0
03-07 13:50:40.764  1254  1273 D AT      : AT send on RIL_CMD_READER_3, tid:547607036992
03-07 13:50:40.764  1254  1273 D AT      : AT> AT+ETHERMAL
03-07 13:50:40.764  1254  1273 I AT      : AT write start
03-07 13:50:40.764  1254  1273 I AT      : AT write end, errno = 2, length = 12
03-07 13:50:40.765   856  1245 D RILMUXD : [gsm0710muxd] 3630:poll_thread(): poll_thread select found
03-07 13:50:40.765   856  1245 D RILMUXD : [gsm0710muxd] 1050:pseudo_device_read(): Enter, LackofAtciChannel=0
03-07 13:50:40.765   856  1245 D RILMUXD : [gsm0710muxd] 657:write_frame(): Sending frame to channel 5
03-07 13:50:40.765   856  1245 D RILMUXD : [gsm0710muxd] 772:write_frame(): Write a frame on channel 5 with length 12
03-07 13:50:40.769   856  1239 D RILMUXD : [gsm0710muxd] 1649:gsm0710_base_buffer_get_frame(): Get a complete frame. ch:5, ctrl:239, len:42
03-07 13:50:40.769   856  1239 D RILMUXD : [gsm0710muxd] 2394:extract_frames(): Writing 42 byte frame received on channel 5 to /dev/pts/5
03-07 13:50:40.769   856  1239 D RILMUXD : [gsm0710muxd] 2414:extract_frames(): write() returned. Written 42/42 bytes of frame to /dev/pts/5
03-07 13:50:40.769   856  1239 D RILMUXD : [gsm0710muxd] 2419:extract_frames(): fsync() failed (-1, 22 - Invalid argument)
03-07 13:50:40.769  1254  1289 I AT      : AT read end: 42
03-07 13:50:40.769  1254  1289 D AT      : AT< +ETHERMAL: 2, 32767, -127, 0, 32767, 1
03-07 13:50:40.769  1254  1289 D AT      : RIL_CMD_READER_3 Enter processLine:+ETHERMAL: 2, 32767, -127, 0, 32767, 1
03-07 13:50:40.769  1254  1289 I AT      : AT read start
03-07 13:50:40.770   856  1239 D RILMUXD : [gsm0710muxd] 1649:gsm0710_base_buffer_get_frame(): Get a complete frame. ch:5, ctrl:239, len:6
03-07 13:50:40.770   856  1239 D RILMUXD : [gsm0710muxd] 2394:extract_frames(): Writing 6 byte frame received on channel 5 to /dev/pts/5
03-07 13:50:40.770   856  1239 D RILMUXD : [gsm0710muxd] 2414:extract_frames(): write() returned. Written 6/6 bytes of frame to /dev/pts/5
03-07 13:50:40.770   856  1239 D RILMUXD : [gsm0710muxd] 2419:extract_frames(): fsync() failed (-1, 22 - Invalid argument)
03-07 13:50:40.770  1254  1289 I AT      : AT read end: 6
03-07 13:50:40.770  1254  1289 D AT      : AT< OK
03-07 13:50:40.770  1254  1289 D AT      : RIL_CMD_READER_3 Enter processLine:OK
03-07 13:50:40.770  1254  1289 I AT      : AT read start
03-07 13:50:40.770  1254  1273 D AT      : response received on RIL_CMD_READER_3, tid:547607036992
03-07 13:50:40.770  1254  1273 D RIL     : requestQueryThermal success
03-07 13:50:40.770  1254  1273 D RILC    : RequestComplete, RIL_SOCKET_1
03-07 13:50:40.770  1254  1273 D RILC    : [THERMAL] local request for THERMAL returned 
03-07 13:50:40.770  1254  1273 D RILC    : [THERMAL] s_THERMAL_fd is valid strResult is  2, 32767, -127, 0, 32767, 1
03-07 13:50:40.770  1254  1273 D RILC-MTK: proxyLoop free  pRI=0x7f7e6494e0 p=0x7f7e66d570 
03-07 13:50:40.770  1254  1273 D RILC-MTK: proxyLoop free  pRequest=0x7f7e5e2280
03-07 13:50:40.770  1254  1273 I RILC-MTK: RIL_CMD_PROXY_1 sleep
03-07 13:50:41.368   856  1239 D RILMUXD : [gsm0710muxd] 1649:gsm0710_base_buffer_get_frame(): Get a complete frame. ch:2, ctrl:239, len:42
03-07 13:50:41.368   856  1239 D RILMUXD : [gsm0710muxd] 2394:extract_frames(): Writing 42 byte frame received on channel 2 to /dev/pts/2
03-07 13:50:41.368   856  1239 D RILMUXD : [gsm0710muxd] 2414:extract_frames(): write() returned. Written 42/42 bytes of frame to /dev/pts/2
03-07 13:50:41.368   856  1239 D RILMUXD : [gsm0710muxd] 2419:extract_frames(): fsync() failed (-1, 22 - Invalid argument)
03-07 13:50:41.369  1254  1286 I AT      : AT read end: 42
03-07 13:50:41.369  1254  1286 D AT      : AT< +ECSQ: 20,35,1,-403,-27,1,1,6,32767,-1
03-07 13:50:41.369  1254  1286 D AT      : RIL_URC_READER Enter processLine:+ECSQ: 20,35,1,-403,-27,1,1,6,32767,-1
03-07 13:50:41.369  1254  1286 D RIL     : Nw URC:+ECSQ: 20,35,1,-403,-27,1,1,6,32767,-1
03-07 13:50:41.369  1254  1286 D RIL     : convert3GRssiValue baseband=0 ,isFdd3G=1,isTdd3G=0 ,RSCP_in_qdbm=-403 ,EcN0_in_qdbm=-27
03-07 13:50:41.369  1254  1286 D RILC    : callForRilVersion new vendor RIL, version: 11
03-07 13:50:41.369  1254  1286 I RILC    : RIL_SOCKET_1 UNSOLICITED: UNSOL_SIGNAL_STRENGTH length:68
03-07 13:50:41.369  1254  1286 E RILC    : Send Response to RIL_SOCKET_1
03-07 13:50:41.369  1254  1286 I AT      : AT read start
03-07 13:50:41.369  1767  1767 D GsmSST  : [GsmSST0] handle EVENT_SIGNAL_STRENGTH_UPDATE
03-07 13:50:41.369  1767  1767 D GsmSST  : [GsmSST0] onSignalStrengthResult():  LastSignalStrength=SignalStrength: 11 36 -120 -160 -6 0 -1 99 2147483647 2147483647 2147483647 2147483647 gsm|lte 1 -400 -25
03-07 13:50:41.369  1767  1767 D GsmSST  : [GsmSST0] onSignalStrengthResult():new mSignalStrength=SignalStrength: 11 35 -120 -160 -6 0 -1 99 2147483647 2147483647 2147483647 2147483647 gsm|lte 1 -404 -27
03-07 13:50:41.370  1767  1767 D TelephonyManager: getTelephonyProperty prop value= 25020
03-07 13:50:41.370  1767  1767 W SignalStrength: mapGsmSignalDbm() mGsmRscpQdbm=-404 asu=11
03-07 13:50:41.370  1767  1767 D GsmSST  : [GsmSST0] notifySignalStrength: mSignalStrength.getLevel=2
03-07 13:50:41.371  1767  1767 D DefaultPhoneNotifier: notifySignalStrength: mRegistry=com.android.internal.telephony.ITelephonyRegistry$Stub$Proxy@6f1b75d ss=SignalStrength: 11 35 -120 -160 -6 0 -1 99 2147483647 2147483647 2147483647 2147483647 gsm|lte 1 -404 -27 sender=Handler (com.android.internal.telephony.gsm.GSMPhone) {3ff5f82}
03-07 13:50:41.371  1304  1892 D TelephonyRegistry: notifySignalStrengthForSubscriber: subId=1 signalStrength=SignalStrength: 11 35 -120 -160 -6 0 -1 99 2147483647 2147483647 2147483647 2147483647 gsm|lte 1 -404 -27
03-07 13:50:41.371  1304  1892 D TelephonyRegistry: notifySignalStrengthForSubscriber: logSSC.length=5 next=1
03-07 13:50:41.371  1304  1892 D TelephonyRegistry: notifyServiceStateForSubscriber Time 20170307T134725Europe/Moscow(2,65,10800,0,1488883645) mSubId -3 mPhoneId 1  mState 3 3 voice home data home null null null null null null  Unknown Unknown CSS not supported -1 -1 RoamInd=-1 DefRoamInd=-1 EmergOnly=false Ril Voice Regist state: 0 Ril Data Regist state: 0 mProprietaryDataRadioTechnology: 0 VoiceRejectCause: -1 DataRejectCause: -1 IsDataRoamingFromRegistration=false
03-07 13:50:41.372  1304  1892 D TelephonyRegistry: notifyServiceStateForSubscriber Time 20170307T134726Europe/Moscow(2,65,10800,0,1488883646) mSubId 1 mPhoneId 0  mState 1 1 voice home data home null null null null null null  Unknown Unknown CSS not supported 0 0 RoamInd=-1 DefRoamInd=-1 EmergOnly=false Ril Voice Regist state: 2 Ril Data Regist state: 2 mProprietaryDataRadioTechnology: 0 VoiceRejectCause: -1 DataRejectCause: -1 IsDataRoamingFromRegistration=false
03-07 13:50:41.372  1304  1892 D TelephonyRegistry: notifyServiceStateForSubscriber Time 20170307T124728Europe/Kaliningrad(2,65,7200,0,1488883648) mSubId 1 mPhoneId 0  mState 0 0 voice home data home Tele2 Tele2 25020 Tele2 Tele2 25020  HSPA HSPA CSS not supported -1 -1 RoamInd=-1 DefRoamInd=-1 EmergOnly=false Ril Voice Regist state: 1 Ril Data Regist state: 1 mProprietaryDataRadioTechnology: 0 VoiceRejectCause: 0 DataRejectCause: -1 IsDataRoamingFromRegistration=false
03-07 13:50:41.372  1304  1892 D TelephonyRegistry: notifyServiceStateForSubscriber Time 20170307T134732Europe/Moscow(2,65,10800,0,1488883652) mSubId 1 mPhoneId 0  mState 0 0 voice home data home ROSTELECOM Tele2 25020 ROSTELECOM Tele2 25020  HSPA HSPA CSS not supported 0 0 RoamInd=-1 DefRoamInd=-1 EmergOnly=false Ril Voice Regist state: 1 Ril Data Regist state: 1 mProprietaryDataRadioTechnology: 0 VoiceRejectCause: 0 DataRejectCause: -1 IsDataRoamingFromRegistration=false
03-07 13:50:41.372  1304  1892 D TelephonyRegistry: notifyServiceStateForSubscriber Time 20170307T134918Europe/Moscow(2,65,10800,0,1488883758) mSubId 1 mPhoneId 0  mState 0 0 voice home data home ROSTELECOM Tele2 25020 ROSTELECOM Tele2 25020  HSPA HSPA CSS not supported -1 -1 RoamInd=-1 DefRoamInd=-1 EmergOnly=false Ril Voice Regist state: 1 Ril Data Regist state: 1 mProprietaryDataRadioTechnology: 0 VoiceRejectCause: 0 DataRejectCause: -1 IsDataRoamingFromRegistration=false
03-07 13:50:41.372  1304  1892 D TelephonyRegistry: notifySignalStrengthForSubscriber: ----------------
03-07 13:50:41.373  1304  1892 D TelephonyRegistry: validatePhoneId: true
03-07 13:50:41.373  1304  1892 D TelephonyRegistry: notifySignalStrengthForSubscriber: valid phoneId=0
03-07 13:50:41.373  1304  1892 D TelephonyRegistry: idMatch: rlt=true
03-07 13:50:41.373  1304  1892 D TelephonyRegistry: notifySignalStrengthForSubscriber: callback.onSsS r={callingPackage=android binder=android.telephony.PhoneStateListener$1@12c2ac5 callback=android.telephony.PhoneStateListener$1@12c2ac5 onSubscriptionsChangedListenererCallback=null callerUserId=0 subId=2147483647 phoneId=-1 events=1c1 canReadPhoneState=true} subId=1 phoneId=0 ss=SignalStrength: 11 35 -120 -160 -6 0 -1 99 2147483647 2147483647 2147483647 2147483647 gsm|lte 1 -404 -27
03-07 13:50:41.373  1304  1892 D TelephonyRegistry: idMatch: rlt=true
03-07 13:50:41.373  1304  1892 D TelephonyRegistry: notifySignalStrengthForSubscriber: callback.onSsS r={callingPackage=com.android.systemui binder=android.os.BinderProxy@c7a53af callback=com.android.internal.telephony.IPhoneStateListener$Stub$Proxy@def23bc onSubscriptionsChangedListenererCallback=null callerUserId=0 subId=1 phoneId=0 events=101e1 canReadPhoneState=true} subId=1 phoneId=0 ss=SignalStrength: 11 35 -120 -160 -6 0 -1 99 2147483647 2147483647 2147483647 2147483647 gsm|lte 1 -404 -27
03-07 13:50:41.373  1304  1892 D TelephonyRegistry: handleRemoveListLocked: mRemoveList.size()=0
03-07 13:50:41.375  1304  1892 D TelephonyManager: getTelephonyProperty prop value= 25020
03-07 13:50:41.375  1304  1892 W SignalStrength: mapGsmSignalDbm() mGsmRscpQdbm=-404 asu=11
03-07 13:50:41.377  1767  1767 D GsmSST  : [GsmSST0] handleMessage msg done
03-07 13:50:41.378  1446  1651 D TelephonyManager: getTelephonyProperty prop value= 25020
03-07 13:50:41.378  1446  1651 W SignalStrength: mapGsmSignalDbm() mGsmRscpQdbm=-404 asu=11
03-07 13:50:41.379  1446  1651 D TelephonyManager: getTelephonyProperty prop value= 25020
03-07 13:50:41.379  1446  1651 W SignalStrength: mapGsmSignalDbm() mGsmRscpQdbm=-404 asu=11
03-07 13:50:43.333  1304  1339 I am_kill : [0,1901,tv.peel.app,5,stop tv.peel.app]
03-07 13:50:43.457  1304  1339 I am_schedule_service_restart: [0,tv.peel.app/tv.peel.widget.WidgetService,1000]
03-07 13:50:43.457  1304  1347 I power_sleep_requested: 0
--------- beginning of main
03-07 13:50:43.588  1304  1352 I PackageManager: Package com.android.exchange granting android.permission.RECEIVE_BOOT_COMPLETED
03-07 13:50:43.588  1304  1352 I PackageManager: Package com.android.exchange checking android.permission.ACCESS_NETWORK_STATE: BasePermission{25b0d54 android.permission.ACCESS_NETWORK_STATE}
03-07 13:50:43.589  1304  1352 I PackageManager: Package com.android.exchange granting android.permission.ACCESS_NETWORK_STATE
03-07 13:50:43.589  1304  1352 I PackageManager: Package com.android.exchange checking android.permission.INTERNET: BasePermission{97fbd90 android.permission.INTERNET}
03-07 13:50:43.589  1304  1352 I PackageManager: Package com.android.exchange granting android.permission.INTERNET
03-07 13:50:43.589  1304  1352 I PackageManager: Package com.android.exchange checking android.permission.VIBRATE: BasePermission{592bdc1 android.permission.VIBRATE}
03-07 13:50:43.589  1304  1352 I PackageManager: Package com.android.exchange granting android.permission.VIBRATE
03-07 13:50:43.589  1304  1352 I PackageManager: Package com.android.exchange checking android.permission.WRITE_EXTERNAL_STORAGE: BasePermission{771c6cb android.permission.WRITE_EXTERNAL_STORAGE}
03-07 13:50:43.589  1304  1352 I PackageManager: Package com.android.exchange granting android.permission.WRITE_EXTERNAL_STORAGE
03-07 13:50:43.589  1304  1352 I PackageManager: Package com.android.exchange checking android.permission.GET_ACCOUNTS: BasePermission{6f063f9 android.permission.GET_ACCOUNTS}
03-07 13:50:43.589  1304  1352 I PackageManager: Package com.android.exchange granting android.permission.GET_ACCOUNTS
03-07 13:50:43.589  1304  1352 I PackageManager: Package com.android.exchange checking android.permission.MANAGE_ACCOUNTS: BasePermission{e669f3e android.permission.MANAGE_ACCOUNTS}
03-07 13:50:43.589  1304  1352 I PackageManager: Package com.android.exchange granting android.permission.MANAGE_ACCOUNTS
03-07 13:50:43.589  1304  1352 I PackageManager: Package com.android.exchange checking android.permission.AUTHENTICATE_ACCOUNTS: BasePermission{8520157 android.permission.AUTHENTICATE_ACCOUNTS}
03-07 13:50:43.589  1304  1352 I PackageManager: Package com.android.exchange granting android.permission.AUTHENTICATE_ACCOUNTS
03-07 13:50:43.589  1304  1352 I PackageManager: Package com.android.exchange checking android.permission.READ_SYNC_SETTINGS: BasePermission{6b504d android.permission.READ_SYNC_SETTINGS}
03-07 13:50:43.589  1304  1352 I PackageManager: Package com.android.exchange granting android.permission.READ_SYNC_SETTINGS
03-07 13:50:43.589  1304  1352 I PackageManager: Package com.android.exchange checking android.permission.WRITE_SYNC_SETTINGS: BasePermission{856780a android.permission.WRITE_SYNC_SETTINGS}
03-07 13:50:43.589  1304  1352 I PackageManager: Package com.android.exchange granting android.permission.WRITE_SYNC_SETTINGS
03-07 13:50:43.589  1304  1352 I PackageManager: Package com.android.exchange checking android.permission.READ_CONTACTS: BasePermission{2716597 android.permission.READ_CONTACTS}
03-07 13:50:43.589  1304  1352 I PackageManager: Package com.android.exchange granting android.permission.READ_CONTACTS
03-07 13:50:43.589  1304  1352 I PackageManager: Package com.android.exchange checking android.permission.WRITE_CONTACTS: BasePermission{a28c0fa android.permission.WRITE_CONTACTS}
03-07 13:50:43.589  1304  1352 I PackageManager: Package com.android.exchange granting android.permission.WRITE_CONTACTS
03-07 13:50:43.589  1304  1352 I PackageManager: Package com.android.exchange checking android.permission.READ_CALENDAR: BasePermission{7429976 android.permission.READ_CALENDAR}
03-07 13:50:43.589  1304  1352 I PackageManager: Package com.android.exchange granting android.permission.READ_CALENDAR
03-07 13:50:43.589  1304  1352 I PackageManager: Package com.android.exchange checking android.permission.WRITE_CALENDAR: BasePermission{229a449 android.permission.WRITE_CALENDAR}
03-07 13:50:43.589  1304  1352 I PackageManager: Package com.android.exchange granting android.permission.WRITE_CALENDAR
03-07 13:50:43.589  1304  1352 I PackageManager: Package com.android.exchange checking android.permission.USE_CREDENTIALS: BasePermission{e2ae19f android.permission.USE_CREDENTIALS}
03-07 13:50:43.589  1304  1352 I PackageManager: Package com.android.exchange granting android.permission.USE_CREDENTIALS
03-07 13:50:43.589  1304  1352 I PackageManager: Package com.android.exchange checking android.permission.WAKE_LOCK: BasePermission{8a6d9a android.permission.WAKE_LOCK}
03-07 13:50:43.589  1304  1352 I PackageManager: Package com.android.exchange granting android.permission.WAKE_LOCK
03-07 13:50:43.589  1304  1352 I PackageManager: Package com.android.exchange checking android.permission.READ_PHONE_STATE: BasePermission{84b22bc android.permission.READ_PHONE_STATE}
03-07 13:50:43.589  1304  1352 I PackageManager: Package com.android.exchange granting android.permission.READ_PHONE_STATE
03-07 13:50:43.589  1304  1352 I PackageManager: Package com.android.exchange checking com.android.email.permission.READ_ATTACHMENT: BasePermission{5ac0744 com.android.email.permission.READ_ATTACHMENT}
03-07 13:50:43.589  1304  1352 I PackageManager: Package com.android.exchange granting com.android.email.permission.READ_ATTACHMENT
03-07 13:50:43.589  1304  1352 I PackageManager: Package com.android.exchange checking com.android.email.permission.ACCESS_PROVIDER: BasePermission{70e002d com.android.email.permission.ACCESS_PROVIDER}
03-07 13:50:43.590  1304  1352 I PackageManager: Package com.android.exchange granting com.android.email.permission.ACCESS_PROVIDER
03-07 13:50:43.590  1304  1352 I PackageManager: Package com.android.exchange checking android.permission.WRITE_MEDIA_STORAGE: BasePermission{991c966 android.permission.WRITE_MEDIA_STORAGE}
03-07 13:50:43.590  1304  1352 I PackageManager: Package com.android.exchange granting android.permission.WRITE_MEDIA_STORAGE
03-07 13:50:43.590  1304  1352 I PackageManager: Package com.android.exchange checking android.permission.INTERACT_ACROSS_USERS: BasePermission{205aea8 android.permission.INTERACT_ACROSS_USERS}
03-07 13:50:43.590  1304  1352 I PackageManager: Package com.android.exchange granting android.permission.INTERACT_ACROSS_USERS
03-07 13:50:43.590  1304  1352 I PackageManager: Package com.android.exchange checking android.permission.INTERACT_ACROSS_USERS_FULL: BasePermission{4dcc433 android.permission.INTERACT_ACROSS_USERS_FULL}
03-07 13:50:43.590  1304  1352 I PackageManager: Package com.android.exchange granting android.permission.INTERACT_ACROSS_USERS_FULL
03-07 13:50:43.590  1304  1352 I PackageManager: Package com.android.exchange checking android.permission.READ_EXTERNAL_STORAGE: BasePermission{95404a7 android.permission.READ_EXTERNAL_STORAGE}
03-07 13:50:43.590  1304  1352 I PackageManager: Package com.android.exchange granting android.permission.READ_EXTERNAL_STORAGE
03-07 13:50:43.590  1304  1352 I PackageManager: Package com.android.bluetoothmidiservice checking android.permission.BLUETOOTH: BasePermission{bf0a053 android.permission.BLUETOOTH}
03-07 13:50:43.590  1304  1352 I PackageManager: Package com.android.bluetoothmidiservice granting android.permission.BLUETOOTH
03-07 13:50:43.590  1304  1352 I PackageManager: Package com.mediatek.filemanager checking android.permission.VIBRATE: BasePermission{592bdc1 android.permission.VIBRATE}
03-07 13:50:43.590  1304  1352 I PackageManager: Package com.mediatek.filemanager granting android.permission.VIBRATE
03-07 13:50:43.590  1304  1352 I PackageManager: Package com.mediatek.filemanager checking android.permission.WRITE_EXTERNAL_STORAGE: BasePermission{771c6cb android.permission.WRITE_EXTERNAL_STORAGE}
03-07 13:50:43.590  1304  1352 I PackageManager: Package com.mediatek.filemanager granting android.permission.WRITE_EXTERNAL_STORAGE
03-07 13:50:43.590  1304  1352 I PackageManager: Package com.mediatek.filemanager checking android.permission.WRITE_MEDIA_STORAGE: BasePermission{991c966 android.permission.WRITE_MEDIA_STORAGE}
03-07 13:50:43.590  1304  1352 I PackageManager: Package com.mediatek.filemanager granting android.permission.WRITE_MEDIA_STORAGE
03-07 13:50:43.590  1304  1352 I PackageManager: Package com.mediatek.filemanager checking android.permission.DISABLE_KEYGUARD: BasePermission{b821c27 android.permission.DISABLE_KEYGUARD}
03-07 13:50:43.590  1304  1352 I PackageManager: Package com.mediatek.filemanager granting android.permission.DISABLE_KEYGUARD
03-07 13:50:43.590  1304  1352 I PackageManager: Package com.mediatek.filemanager checking android.permission.MOUNT_UNMOUNT_FILESYSTEMS: BasePermission{cdaeeaf android.permission.MOUNT_UNMOUNT_FILESYSTEMS}
03-07 13:50:43.590  1304  1352 I PackageManager: Package com.mediatek.filemanager granting android.permission.MOUNT_UNMOUNT_FILESYSTEMS
03-07 13:50:43.590  1304  1352 I PackageManager: Package com.mediatek.filemanager checking android.permission.WAKE_LOCK: BasePermission{8a6d9a android.permission.WAKE_LOCK}
03-07 13:50:43.590  1304  1352 I PackageManager: Package com.mediatek.filemanager granting android.permission.WAKE_LOCK
03-07 13:50:43.590  1304  1352 I PackageManager: Package com.mediatek.filemanager checking android.permission.NFC: BasePermission{3a9714a android.permission.NFC}
03-07 13:50:43.590  1304  1352 I PackageManager: Package com.mediatek.filemanager granting android.permission.NFC
03-07 13:50:43.590  1304  1352 I PackageManager: Package com.mediatek.filemanager checking android.permission.HOTKNOT: null
03-07 13:50:43.590  1304  1352 I PackageManager: Package com.mediatek.filemanager checking android.permission.READ_EXTERNAL_STORAGE: BasePermission{95404a7 android.permission.READ_EXTERNAL_STORAGE}
03-07 13:50:43.590  1304  1352 I PackageManager: Package com.mediatek.filemanager granting android.permission.READ_EXTERNAL_STORAGE
03-07 13:50:43.590  1304  1352 I PackageManager: Package com.mediatek.mtklogger checking android.permission.RECEIVE_BOOT_COMPLETED: BasePermission{1324443 android.permission.RECEIVE_BOOT_COMPLETED}
03-07 13:50:43.590  1304  1352 I PackageManager: Package com.mediatek.mtklogger granting android.permission.RECEIVE_BOOT_COMPLETED
03-07 13:50:43.590  1304  1352 I PackageManager: Package com.mediatek.mtklogger checking android.permission.VIBRATE: BasePermission{592bdc1 android.permission.VIBRATE}
03-07 13:50:43.591  1304  1352 I PackageManager: Package com.mediatek.mtklogger granting android.permission.VIBRATE
03-07 13:50:43.591  1304  1352 I PackageManager: Package com.mediatek.mtklogger checking android.permission.SYSTEM_ALERT_WINDOW: BasePermission{79d4444 android.permission.SYSTEM_ALERT_WINDOW}
03-07 13:50:43.591  1304  1352 I PackageManager: Package com.mediatek.mtklogger granting android.permission.SYSTEM_ALERT_WINDOW
03-07 13:50:43.591  1304  1352 I PackageManager: Package com.mediatek.mtklogger checking android.permission.GET_TASKS: BasePermission{8e85813 android.permission.GET_TASKS}
03-07 13:50:43.591  1304  1352 I PackageManager: Package com.mediatek.mtklogger granting android.permission.GET_TASKS
03-07 13:50:43.591  1304  1352 I PackageManager: Package com.mediatek.mtklogger checking android.permission.READ_FRAME_BUFFER: BasePermission{3f43799 android.permission.READ_FRAME_BUFFER}
03-07 13:50:43.591  1304  1352 I PackageManager: Package com.mediatek.mtklogger granting android.permission.READ_FRAME_BUFFER
03-07 13:50:43.591  1304  1352 I PackageManager: Package com.mediatek.mtklogger checking android.permission.WAKE_LOCK: BasePermission{8a6d9a android.permission.WAKE_LOCK}
03-07 13:50:43.591  1304  1352 I PackageManager: Package com.mediatek.mtklogger granting android.permission.WAKE_LOCK
03-07 13:50:43.591  1304  1352 I PackageManager: Package com.mediatek.mtklogger checking android.permission.INTERNET: BasePermission{97fbd90 android.permission.INTERNET}
03-07 13:50:43.591  1304  1352 I PackageManager: Package com.mediatek.mtklogger granting android.permission.INTERNET
03-07 13:50:43.591  1304  1352 I PackageManager: Package com.mediatek.mtklogger checking android.permission.ACCESS_NETWORK_STATE: BasePermission{25b0d54 android.permission.ACCESS_NETWORK_STATE}
03-07 13:50:43.591  1304  1352 I PackageManager: Package com.mediatek.mtklogger granting android.permission.ACCESS_NETWORK_STATE
03-07 13:50:43.591  1304  1352 I PackageManager: Package com.mediatek.mtklogger checking android.permission.ACCESS_WIFI_STATE: BasePermission{86115f2 android.permission.ACCESS_WIFI_STATE}
03-07 13:50:43.591  1304  1352 I PackageManager: Package com.mediatek.mtklogger granting android.permission.ACCESS_WIFI_STATE
03-07 13:50:43.591  1304  1352 I PackageManager: Package com.mediatek.mtklogger checking android.permission.WRITE_SETTINGS: BasePermission{286dfa2 android.permission.WRITE_SETTINGS}
03-07 13:50:43.591  1304  1352 I PackageManager: Package com.mediatek.mtklogger granting android.permission.WRITE_SETTINGS
03-07 13:50:43.591  1304  1352 I PackageManager: Package com.mediatek.mtklogger checking android.permission.MOUNT_UNMOUNT_FILESYSTEMS: BasePermission{cdaeeaf android.permission.MOUNT_UNMOUNT_FILESYSTEMS}
03-07 13:50:43.591  1304  1352 I PackageManager: Package com.mediatek.mtklogger granting android.permission.MOUNT_UNMOUNT_FILESYSTEMS
03-07 13:50:43.591  1304  1352 I PackageManager: Package com.mediatek.mtklogger checking android.permission.MANAGE_USERS: BasePermission{e4c60b0 android.permission.MANAGE_USERS}
03-07 13:50:43.591  1304  1352 I PackageManager: Package com.mediatek.mtklogger granting android.permission.MANAGE_USERS
03-07 13:50:43.591  1304  1352 I PackageManager: Package com.mediatek.mtklogger checking android.permission.WRITE_MEDIA_STORAGE: BasePermission{991c966 android.permission.WRITE_MEDIA_STORAGE}
03-07 13:50:43.591  1304  1352 I PackageManager: Package com.mediatek.mtklogger granting android.permission.WRITE_MEDIA_STORAGE
03-07 13:50:43.591  1304  1352 I PackageManager: Package com.mediatek.mtklogger checking android.permission.DISABLE_KEYGUARD: BasePermission{b821c27 android.permission.DISABLE_KEYGUARD}
03-07 13:50:43.591  1304  1352 I PackageManager: Package com.mediatek.mtklogger granting android.permission.DISABLE_KEYGUARD
03-07 13:50:43.591  1304  1352 I PackageManager: Package com.mediatek.mtklogger checking android.permission.READ_LOGS: BasePermission{15a89ef android.permission.READ_LOGS}
03-07 13:50:43.591  1304  1352 I PackageManager: Package com.mediatek.mtklogger granting android.permission.READ_LOGS
03-07 13:50:43.591  1304  1352 I PackageManager: Package com.mediatek.sensorhub.ui checking android.permission.WRITE_EXTERNAL_STORAGE: BasePermission{771c6cb android.permission.WRITE_EXTERNAL_STORAGE}
03-07 13:50:43.591  1304  1352 I PackageManager: Package com.mediatek.sensorhub.ui granting android.permission.WRITE_EXTERNAL_STORAGE
03-07 13:50:43.591  1304  1352 I PackageManager: Package com.mediatek.sensorhub.ui checking android.permission.WAKE_LOCK: BasePermission{8a6d9a android.permission.WAKE_LOCK}
03-07 13:50:43.591  1304  1352 I PackageManager: Package com.mediatek.sensorhub.ui granting android.permission.WAKE_LOCK
03-07 13:50:43.591  1304  1352 I PackageManager: Package com.mediatek.sensorhub.ui checking android.permission.DEVICE_POWER: BasePermission{fbf20e5 android.permission.DEVICE_POWER}
03-07 13:50:43.592  1304  1352 I PackageManager: Package com.mediatek.sensorhub.ui granting android.permission.DEVICE_POWER
03-07 13:50:43.592  1304  1352 I PackageManager: Package com.mediatek.sensorhub.ui checking com.mediatek.permission.WAKE_DEVICE_SENSORHUB: BasePermission{f426b28 com.mediatek.permission.WAKE_DEVICE_SENSORHUB}
03-07 13:50:43.592  1304  1352 I PackageManager: Package com.mediatek.sensorhub.ui granting com.mediatek.permission.WAKE_DEVICE_SENSORHUB
03-07 13:50:43.592  1304  1352 I PackageManager: Package com.mediatek.sensorhub.ui checking android.permission.READ_EXTERNAL_STORAGE: BasePermission{95404a7 android.permission.READ_EXTERNAL_STORAGE}
03-07 13:50:43.592  1304  1352 I PackageManager: Package com.mediatek.sensorhub.ui granting android.permission.READ_EXTERNAL_STORAGE
03-07 13:50:43.592  1304  1352 I PackageManager: Package com.android.bluetooth checking android.permission.RECEIVE_BOOT_COMPLETED: BasePermission{1324443 android.permission.RECEIVE_BOOT_COMPLETED}
03-07 13:50:43.592  1304  1352 I PackageManager: Package com.android.bluetooth granting android.permission.RECEIVE_BOOT_COMPLETED
03-07 13:50:43.592  1304  1352 I PackageManager: Package com.android.bluetooth checking android.permission.ACCESS_BLUETOOTH_SHARE: BasePermission{83af737 android.permission.ACCESS_BLUETOOTH_SHARE}
03-07 13:50:43.592  1304  1352 I PackageManager: Package com.android.bluetooth granting android.permission.ACCESS_BLUETOOTH_SHARE
03-07 13:50:43.592  1304  1352 I PackageManager: Package com.android.bluetooth checking android.permission.ACCESS_COARSE_LOCATION: BasePermission{689bfb7 android.permission.ACCESS_COARSE_LOCATION}
03-07 13:50:43.592  1304  1352 I PackageManager: Package com.android.bluetooth granting android.permission.ACCESS_COARSE_LOCATION
03-07 13:50:43.592  1304  1352 I PackageManager: Package com.android.bluetooth checking android.permission.INTERNET: BasePermission{97fbd90 android.permission.INTERNET}
03-07 13:50:43.592  1304  1352 I PackageManager: Package com.android.bluetooth granting android.permission.INTERNET
03-07 13:50:43.592  1304  1352 I PackageManager: Package com.android.bluetooth checking android.permission.BLUETOOTH: BasePermission{bf0a053 android.permission.BLUETOOTH}
03-07 13:50:43.592  1304  1352 I PackageManager: Package com.android.bluetooth granting android.permission.BLUETOOTH
03-07 13:50:43.592  1304  1352 I PackageManager: Package com.android.bluetooth checking android.permission.BLUETOOTH_ADMIN: BasePermission{6254395 android.permission.BLUETOOTH_ADMIN}
03-07 13:50:43.592  1304  1352 I PackageManager: Package com.android.bluetooth granting android.permission.BLUETOOTH_ADMIN
03-07 13:50:43.592  1304  1352 I PackageManager: Package com.android.bluetooth checking android.permission.BLUETOOTH_PRIVILEGED: BasePermission{e83695c android.permission.BLUETOOTH_PRIVILEGED}
03-07 13:50:43.592  1304  1352 I PackageManager: Package com.android.bluetooth granting android.permission.BLUETOOTH_PRIVILEGED
03-07 13:50:43.592  1304  1352 I PackageManager: Package com.android.bluetooth checking android.permission.BLUETOOTH_MAP: BasePermission{4de0041 android.permission.BLUETOOTH_MAP}
03-07 13:50:43.593  1304  1352 I PackageManager: Package com.android.bluetooth granting android.permission.BLUETOOTH_MAP
03-07 13:50:43.593  1304  1352 I PackageManager: Package com.android.bluetooth checking android.permission.WAKE_LOCK: BasePermission{8a6d9a android.permission.WAKE_LOCK}
03-07 13:50:43.593  1304  1352 I PackageManager: Package com.android.bluetooth granting android.permission.WAKE_LOCK
03-07 13:50:43.593  1304  1352 I PackageManager: Package com.android.bluetooth checking android.permission.WRITE_EXTERNAL_STORAGE: BasePermission{771c6cb android.permission.WRITE_EXTERNAL_STORAGE}
03-07 13:50:43.593  1304  1352 I PackageManager: Package com.android.bluetooth granting android.permission.WRITE_EXTERNAL_STORAGE
03-07 13:50:43.593  1304  1352 I PackageManager: Package com.android.bluetooth checking android.permission.READ_CONTACTS: BasePermission{2716597 android.permission.READ_CONTACTS}
03-07 13:50:43.593  1304  1352 I PackageManager: Package com.android.bluetooth granting android.permission.READ_CONTACTS
03-07 13:50:43.593  1304  1352 I PackageManager: Package com.android.bluetooth checking android.permission.WRITE_CONTACTS: BasePermission{a28c0fa android.permission.WRITE_CONTACTS}
03-07 13:50:43.593  1304  1352 I PackageManager: Package com.android.bluetooth granting android.permission.WRITE_CONTACTS
03-07 13:50:43.593  1304  1352 I PackageManager: Package com.android.bluetooth checking android.permission.READ_CALL_LOG: BasePermission{9617b77 android.permission.READ_CALL_LOG}
03-07 13:50:43.593  1304  1352 I PackageManager: Package com.android.bluetooth granting android.permission.READ_CALL_LOG
03-07 13:50:43.593  1304  1352 I PackageManager: Package com.android.bluetooth checking android.permission.READ_PRIVILEGED_PHONE_STATE: BasePermission{fd7187d android.permission.READ_PRIVILEGED_PHONE_STATE}
03-07 13:50:43.593  1304  1352 I PackageManager: Package com.android.bluetooth granting android.permission.READ_PRIVILEGED_PHONE_STATE
03-07 13:50:43.593  1304  1352 I PackageManager: Package com.android.bluetooth checking android.permission.WRITE_SETTINGS: BasePermission{286dfa2 android.permission.WRITE_SETTINGS}
03-07 13:50:43.593  1304  1352 I PackageManager: Package com.android.bluetooth granting android.permission.WRITE_SETTINGS
03-07 13:50:43.593  1304  1352 I PackageManager: Package com.android.bluetooth checking android.permission.NFC_HANDOVER_STATUS: BasePermission{9e019e6 android.permission.NFC_HANDOVER_STATUS}
03-07 13:50:43.593  1304  1352 I PackageManager: Package com.android.bluetooth granting android.permission.NFC_HANDOVER_STATUS
03-07 13:50:43.593  1304  1352 I PackageManager: Package com.android.bluetooth checking android.permission.WRITE_SECURE_SETTINGS: BasePermission{b90920d android.permission.WRITE_SECURE_SETTINGS}
03-07 13:50:43.593  1304  1352 I PackageManager: Package com.android.bluetooth granting android.permission.WRITE_SECURE_SETTINGS
03-07 13:50:43.593  1304  1352 I PackageManager: Package com.android.bluetooth checking android.permission.WRITE_APN_SETTINGS: BasePermission{15e0c0e android.permission.WRITE_APN_SETTINGS}
03-07 13:50:43.593  1304  1352 I PackageManager: Package com.android.bluetooth granting android.permission.WRITE_APN_SETTINGS
03-07 13:50:43.593  1304  1352 I PackageManager: Package com.android.bluetooth checking android.permission.NET_ADMIN: BasePermission{a417ef6 android.permission.NET_ADMIN}
03-07 13:50:43.593  1304  1352 I PackageManager: Package com.android.bluetooth granting android.permission.NET_ADMIN
03-07 13:50:43.593  1304  1352 I PackageManager: Package com.android.bluetooth checking android.permission.CALL_PHONE: BasePermission{6e38411 android.permission.CALL_PHONE}
03-07 13:50:43.593  1304  1352 I PackageManager: Package com.android.bluetooth granting android.permission.CALL_PHONE
03-07 13:50:43.593  1304  1352 I PackageManager: Package com.android.bluetooth checking android.permission.CALL_PRIVILEGED: BasePermission{684f7ba android.permission.CALL_PRIVILEGED}
03-07 13:50:43.593  1304  1352 I PackageManager: Package com.android.bluetooth granting android.permission.CALL_PRIVILEGED
03-07 13:50:43.593  1304  1352 I PackageManager: Package com.android.bluetooth checking android.permission.MODIFY_AUDIO_SETTINGS: BasePermission{669768e android.permission.MODIFY_AUDIO_SETTINGS}
03-07 13:50:43.593  1304  1352 I PackageManager: Package com.android.bluetooth granting android.permission.MODIFY_AUDIO_SETTINGS
03-07 13:50:43.593  1304  1352 I PackageManager: Package com.android.bluetooth checking android.permission.NET_TUNNELING: BasePermission{a334b27 android.permission.NET_TUNNELING}
03-07 13:50:43.593  1304  1352 I PackageManager: Package com.android.bluetooth granting android.permission.NET_TUNNELING
03-07 13:50:43.593  1304  1352 I PackageManager: Package com.android.bluetooth checking android.permission.ACCESS_NETWORK_STATE: BasePermission{25b0d54 android.permission.ACCESS_NETWORK_STATE}
03-07 13:50:43.593  1304  1352 I PackageManager: Package com.android.bluetooth granting android.permission.ACCESS_NETWORK_STATE
03-07 13:50:43.594  1304  1352 I PackageManager: Package com.android.bluetooth checking android.permission.CHANGE_NETWORK_STATE: BasePermission{1cc74fd android.permission.CHANGE_NETWORK_STATE}
03-07 13:50:43.594  1304  1352 I PackageManager: Package com.android.bluetooth granting android.permission.CHANGE_NETWORK_STATE
03-07 13:50:43.594  1304  1352 I PackageManager: Package com.android.bluetooth checking android.permission.CONNECTIVITY_INTERNAL: BasePermission{1a10f5e android.permission.CONNECTIVITY_INTERNAL}
03-07 13:50:43.594  1304  1352 I PackageManager: Package com.android.bluetooth granting android.permission.CONNECTIVITY_INTERNAL
03-07 13:50:43.594  1304  1352 I PackageManager: Package com.android.bluetooth checking android.permission.MODIFY_PHONE_STATE: BasePermission{5c14209 android.permission.MODIFY_PHONE_STATE}
03-07 13:50:43.594  1304  1352 I PackageManager: Package com.android.bluetooth granting android.permission.MODIFY_PHONE_STATE
03-07 13:50:43.594  1304  1352 I PackageManager: Package com.android.bluetooth checking android.permission.INTERACT_ACROSS_USERS_FULL: BasePermission{4dcc433 android.permission.INTERACT_ACROSS_USERS_FULL}
03-07 13:50:43.594  1304  1352 I PackageManager: Package com.android.bluetooth granting android.permission.INTERACT_ACROSS_USERS_FULL
03-07 13:50:43.594  1304  1352 I PackageManager: Package com.android.bluetooth checking android.permission.BLUETOOTH_STACK: BasePermission{c1c55c2 android.permission.BLUETOOTH_STACK}
03-07 13:50:43.594  1304  1352 I PackageManager: Package com.android.bluetooth granting android.permission.BLUETOOTH_STACK
03-07 13:50:43.594  1304  1352 I PackageManager: Package com.android.bluetooth checking android.permission.INTERACT_ACROSS_USERS: BasePermission{205aea8 android.permission.INTERACT_ACROSS_USERS}
03-07 13:50:43.594  1304  1352 I PackageManager: Package com.android.bluetooth granting android.permission.INTERACT_ACROSS_USERS
03-07 13:50:43.594  1304  1352 I PackageManager: Package com.android.bluetooth checking android.permission.MANAGE_USERS: BasePermission{e4c60b0 android.permission.MANAGE_USERS}
03-07 13:50:43.594  1304  1352 I PackageManager: Package com.android.bluetooth granting android.permission.MANAGE_USERS
03-07 13:50:43.594  1304  1352 I PackageManager: Package com.android.bluetooth checking com.google.android.gallery3d.permission.GALLERY_PROVIDER: null
03-07 13:50:43.594  1304  1352 I PackageManager: Package com.android.bluetooth checking com.android.gallery3d.permission.GALLERY_PROVIDER: null
03-07 13:50:43.594  1304  1352 I PackageManager: Package com.android.bluetooth checking android.permission.RECEIVE_SMS: BasePermission{1067384 android.permission.RECEIVE_SMS}
03-07 13:50:43.594  1304  1352 I PackageManager: Package com.android.bluetooth granting android.permission.RECEIVE_SMS
03-07 13:50:43.594  1304  1352 I PackageManager: Package com.android.bluetooth checking android.permission.SEND_SMS: BasePermission{8b6d702 android.permission.SEND_SMS}
03-07 13:50:43.594  1304  1352 I PackageManager: Package com.android.bluetooth granting android.permission.SEND_SMS
03-07 13:50:43.594  1304  1352 I PackageManager: Package com.android.bluetooth checking android.permission.READ_SMS: BasePermission{72a03e4 android.permission.READ_SMS}
03-07 13:50:43.594  1304  1352 I PackageManager: Package com.android.bluetooth granting android.permission.READ_SMS
03-07 13:50:43.594  1304  1352 I PackageManager: Package com.android.bluetooth checking android.permission.WRITE_SMS: BasePermission{53f614e android.permission.WRITE_SMS}
03-07 13:50:43.594  1304  1352 I PackageManager: Package com.android.bluetooth granting android.permission.WRITE_SMS
03-07 13:50:43.594  1304  1352 I PackageManager: Package com.android.bluetooth checking android.permission.MEDIA_CONTENT_CONTROL: BasePermission{4db52d9 android.permission.MEDIA_CONTENT_CONTROL}
03-07 13:50:43.594  1304  1352 I PackageManager: Package com.android.bluetooth granting android.permission.MEDIA_CONTENT_CONTROL
03-07 13:50:43.594  1304  1352 I PackageManager: Package com.android.bluetooth checking android.permission.SYSTEM_ALERT_WINDOW: BasePermission{79d4444 android.permission.SYSTEM_ALERT_WINDOW}
03-07 13:50:43.594  1304  1352 I PackageManager: Package com.android.bluetooth granting android.permission.SYSTEM_ALERT_WINDOW
03-07 13:50:43.594  1304  1352 I PackageManager: Package com.android.bluetooth checking android.permission.WRITE_MEDIA_STORAGE: BasePermission{991c966 android.permission.WRITE_MEDIA_STORAGE}
03-07 13:50:43.594  1304  1352 I PackageManager: Package com.android.bluetooth granting android.permission.WRITE_MEDIA_STORAGE
03-07 13:50:43.594  1304  1352 I PackageManager: Package com.android.bluetooth checking android.permission.MANAGE_DOCUMENTS: BasePermission{205aac0 android.permission.MANAGE_DOCUMENTS}
03-07 13:50:43.594  1304  1352 I PackageManager: Package com.android.bluetooth granting android.permission.MANAGE_DOCUMENTS
03-07 13:50:43.594  1304  1352 I PackageManager: Package com.android.bluetooth checking android.permission.UPDATE_APP_OPS_STATS: BasePermission{309976d android.permission.UPDATE_APP_OPS_STATS}
03-07 13:50:43.595  1304  1352 I PackageManager: Package com.android.bluetooth granting android.permission.UPDATE_APP_OPS_STATS
03-07 13:50:43.595  1304  1352 I PackageManager: Package com.android.bluetooth checking android.permission.VIBRATE: BasePermission{592bdc1 android.permission.VIBRATE}
03-07 13:50:43.595  1304  1352 I PackageManager: Package com.android.bluetooth granting android.permission.VIBRATE
03-07 13:50:43.595  1304  1352 I PackageManager: Package com.android.bluetooth checking android.permission.DEVICE_POWER: BasePermission{fbf20e5 android.permission.DEVICE_POWER}
03-07 13:50:43.595  1304  1352 I PackageManager: Package com.android.bluetooth granting android.permission.DEVICE_POWER
03-07 13:50:43.595  1304  1352 I PackageManager: Package com.android.bluetooth checking android.permission.REAL_GET_TASKS: BasePermission{7757a50 android.permission.REAL_GET_TASKS}
03-07 13:50:43.595  1304  1352 I PackageManager: Package com.android.bluetooth granting android.permission.REAL_GET_TASKS
03-07 13:50:43.595  1304  1352 I PackageManager: Package com.android.bluetooth checking com.android.email.permission.READ_ATTACHMENT: BasePermission{5ac0744 com.android.email.permission.READ_ATTACHMENT}
03-07 13:50:43.595  1304  1352 I PackageManager: Package com.android.bluetooth granting com.android.email.permission.READ_ATTACHMENT
03-07 13:50:43.595  1304  1352 I PackageManager: Package com.android.bluetooth checking com.google.android.gm.permission.READ_GMAIL: BasePermission{b5f3c05 com.google.android.gm.permission.READ_GMAIL}
03-07 13:50:43.595  1304  1352 I PackageManager: Package com.android.bluetooth granting com.google.android.gm.permission.READ_GMAIL
03-07 13:50:43.595  1304  1352 I PackageManager: Package com.android.bluetooth checking android.permission.READ_PROFILE: BasePermission{216709b android.permission.READ_PROFILE}
03-07 13:50:43.595  1304  1352 I PackageManager: Package com.android.bluetooth granting android.permission.READ_PROFILE
03-07 13:50:43.595  1304  1352 I PackageManager: Package com.android.bluetooth checking android.permission.GET_PACKAGE_IMPORTANCE: BasePermission{b72baa5 android.permission.GET_PACKAGE_IMPORTANCE}
03-07 13:50:43.595  1304  1352 I PackageManager: Package com.android.bluetooth granting android.permission.GET_PACKAGE_IMPORTANCE
03-07 13:50:43.595  1304  1352 I PackageManager: Package com.android.bluetooth checking android.permission.READ_EXTERNAL_STORAGE: BasePermission{95404a7 android.permission.READ_EXTERNAL_STORAGE}
03-07 13:50:43.595  1304  1352 I PackageManager: Package com.android.bluetooth granting android.permission.READ_EXTERNAL_STORAGE
03-07 13:50:43.595  1304  1352 I PackageManager: Package com.android.providers.contacts checking android.permission.BIND_DIRECTORY_SEARCH: BasePermission{fe711d4 android.permission.BIND_DIRECTORY_SEARCH}
03-07 13:50:43.595  1304  1352 I PackageManager: Package com.android.providers.contacts granting android.permission.BIND_DIRECTORY_SEARCH
03-07 13:50:43.595  1304  1352 I PackageManager: Package com.android.providers.contacts checking android.permission.GET_ACCOUNTS: BasePermission{6f063f9 android.permission.GET_ACCOUNTS}
03-07 13:50:43.595  1304  1352 I PackageManager: Package com.android.providers.contacts granting android.permission.GET_ACCOUNTS
03-07 13:50:43.595  1304  1352 I PackageManager: Package com.android.providers.contacts checking android.permission.INTERACT_ACROSS_USERS: BasePermission{205aea8 android.permission.INTERACT_ACROSS_USERS}
03-07 13:50:43.595  1304  1352 I PackageManager: Package com.android.providers.contacts granting android.permission.INTERACT_ACROSS_USERS
03-07 13:50:43.595  1304  1352 I PackageManager: Package com.android.providers.contacts checking android.permission.MANAGE_USERS: BasePermission{e4c60b0 android.permission.MANAGE_USERS}
03-07 13:50:43.595  1304  1352 I PackageManager: Package com.android.providers.contacts granting android.permission.MANAGE_USERS
03-07 13:50:43.595  1304  1352 I PackageManager: Package com.android.providers.contacts checking android.permission.PROCESS_PHONE_ACCOUNT_REGISTRATION: BasePermission{ac95f7d android.permission.PROCESS_PHONE_ACCOUNT_REGISTRATION}
03-07 13:50:43.595  1304  1352 I PackageManager: Package com.android.providers.contacts granting android.permission.PROCESS_PHONE_ACCOUNT_REGISTRATION
03-07 13:50:43.595  1304  1352 I PackageManager: Package com.android.providers.contacts checking android.permission.READ_PHONE_STATE: BasePermission{84b22bc android.permission.READ_PHONE_STATE}
03-07 13:50:43.595  1304  1352 I PackageManager: Package com.android.providers.contacts granting android.permission.READ_PHONE_STATE
03-07 13:50:43.596  1304  1352 I PackageManager: Package com.android.providers.contacts checking android.permission.READ_SYNC_SETTINGS: BasePermission{6b504d android.permission.READ_SYNC_SETTINGS}
03-07 13:50:43.596  1304  1352 I PackageManager: Package com.android.providers.contacts granting android.permission.READ_SYNC_SETTINGS
03-07 13:50:43.596  1304  1352 I PackageManager: Package com.android.providers.contacts checking android.permission.SEND_CALL_LOG_CHANGE: BasePermission{a83ee72 android.permission.SEND_CALL_LOG_CHANGE}
03-07 13:50:43.596  1304  1352 I PackageManager: Package com.android.providers.contacts granting android.permission.SEND_CALL_LOG_CHANGE
03-07 13:50:43.596  1304  1352 I PackageManager: Package com.android.providers.contacts checking android.permission.UPDATE_APP_OPS_STATS: BasePermission{309976d android.permission.UPDATE_APP_OPS_STATS}
03-07 13:50:43.596  1304  1352 I PackageManager: Package com.android.providers.contacts granting android.permission.UPDATE_APP_OPS_STATS
03-07 13:50:43.596  1304  1352 I PackageManager: Package com.android.providers.contacts checking android.permission.WRITE_SETTINGS: BasePermission{286dfa2 android.permission.WRITE_SETTINGS}
03-07 13:50:43.596  1304  1352 I PackageManager: Package com.android.providers.contacts granting android.permission.WRITE_SETTINGS
03-07 13:50:43.596  1304  1352 I PackageManager: Package com.android.providers.contacts checking android.permission.GET_TASKS: BasePermission{8e85813 android.permission.GET_TASKS}
03-07 13:50:43.596  1304  1352 I PackageManager: Package com.android.providers.contacts granting android.permission.GET_TASKS
03-07 13:50:43.596  1304  1352 I PackageManager: Package com.android.providers.contacts checking android.permission.READ_CONTACTS: BasePermission{2716597 android.permission.READ_CONTACTS}
03-07 13:50:43.596  1304  1352 I PackageManager: Package com.android.providers.contacts granting android.permission.READ_CONTACTS
03-07 13:50:43.596  1304  1352 I PackageManager: Package com.android.captiveportallogin checking android.permission.INTERNET: BasePermission{97fbd90 android.permission.INTERNET}
03-07 13:50:43.596  1304  1352 I PackageManager: Package com.android.captiveportallogin granting android.permission.INTERNET
03-07 13:50:43.596  1304  1352 I PackageManager: Package com.android.captiveportallogin checking android.permission.ACCESS_NETWORK_STATE: BasePermission{25b0d54 android.permission.ACCESS_NETWORK_STATE}
03-07 13:50:43.596  1304  1352 I PackageManager: Package com.android.captiveportallogin granting android.permission.ACCESS_NETWORK_STATE
03-07 13:50:43.596  1304  1352 I PackageManager: Package com.android.captiveportallogin checking android.permission.CONNECTIVITY_INTERNAL: BasePermission{1a10f5e android.permission.CONNECTIVITY_INTERNAL}
03-07 13:50:43.596  1304  1352 I PackageManager: Package com.android.captiveportallogin granting android.permission.CONNECTIVITY_INTERNAL
03-07 13:50:43.596  1304  1352 I PackageManager: Package com.gionee.audioeffect checking android.permission.MODIFY_AUDIO_SETTINGS: BasePermission{669768e android.permission.MODIFY_AUDIO_SETTINGS}
03-07 13:50:43.596  1304  1352 I PackageManager: Package com.gionee.audioeffect granting android.permission.MODIFY_AUDIO_SETTINGS
03-07 13:50:43.596  1304  1352 I PackageManager: Package com.gionee.audioeffect checking android.permission.CHANGE_COMPONENT_ENABLED_STATE: BasePermission{41afb29 android.permission.CHANGE_COMPONENT_ENABLED_STATE}
03-07 13:50:43.596  1304  1352 I PackageManager: Package com.gionee.audioeffect granting android.permission.CHANGE_COMPONENT_ENABLED_STATE
