03-07 13:49:50.171  1304  1536 D TelephonyRegistry: notifySignalStrengthForSubscriber: logSSC.length=5 next=1
03-07 13:49:50.171  1304  1536 D TelephonyRegistry: notifyServiceStateForSubscriber Time 20170307T134725Europe/Moscow(2,65,10800,0,1488883645) mSubId -3 mPhoneId 1  mState 3 3 voice home data home null null null null null null  Unknown Unknown CSS not supported -1 -1 RoamInd=-1 DefRoamInd=-1 EmergOnly=false Ril Voice Regist state: 0 Ril Data Regist state: 0 mProprietaryDataRadioTechnology: 0 VoiceRejectCause: -1 DataRejectCause: -1 IsDataRoamingFromRegistration=false
03-07 13:49:50.172  1304  1536 D TelephonyRegistry: notifyServiceStateForSubscriber Time 20170307T134726Europe/Moscow(2,65,10800,0,1488883646) mSubId 1 mPhoneId 0  mState 1 1 voice home data home null null null null null null  Unknown Unknown CSS not supported 0 0 RoamInd=-1 DefRoamInd=-1 EmergOnly=false Ril Voice Regist state: 2 Ril Data Regist state: 2 mProprietaryDataRadioTechnology: 0 VoiceRejectCause: -1 DataRejectCause: -1 IsDataRoamingFromRegistration=false
03-07 13:49:50.172  1304  1536 D TelephonyRegistry: notifyServiceStateForSubscriber Time 20170307T124728Europe/Kaliningrad(2,65,7200,0,1488883648) mSubId 1 mPhoneId 0  mState 0 0 voice home data home Tele2 Tele2 25020 Tele2 Tele2 25020  HSPA HSPA CSS not supported -1 -1 RoamInd=-1 DefRoamInd=-1 EmergOnly=false Ril Voice Regist state: 1 Ril Data Regist state: 1 mProprietaryDataRadioTechnology: 0 VoiceRejectCause: 0 DataRejectCause: -1 IsDataRoamingFromRegistration=false
03-07 13:49:50.172  1304  1536 D TelephonyRegistry: notifyServiceStateForSubscriber Time 20170307T134732Europe/Moscow(2,65,10800,0,1488883652) mSubId 1 mPhoneId 0  mState 0 0 voice home data home ROSTELECOM Tele2 25020 ROSTELECOM Tele2 25020  HSPA HSPA CSS not supported 0 0 RoamInd=-1 DefRoamInd=-1 EmergOnly=false Ril Voice Regist state: 1 Ril Data Regist state: 1 mProprietaryDataRadioTechnology: 0 VoiceRejectCause: 0 DataRejectCause: -1 IsDataRoamingFromRegistration=false
03-07 13:49:50.173  1304  1536 D TelephonyRegistry: notifyServiceStateForSubscriber Time 20170307T134918Europe/Moscow(2,65,10800,0,1488883758) mSubId 1 mPhoneId 0  mState 0 0 voice home data home ROSTELECOM Tele2 25020 ROSTELECOM Tele2 25020  HSPA HSPA CSS not supported -1 -1 RoamInd=-1 DefRoamInd=-1 EmergOnly=false Ril Voice Regist state: 1 Ril Data Regist state: 1 mProprietaryDataRadioTechnology: 0 VoiceRejectCause: 0 DataRejectCause: -1 IsDataRoamingFromRegistration=false
03-07 13:49:50.173  1304  1536 D TelephonyRegistry: notifySignalStrengthForSubscriber: ----------------
03-07 13:49:50.174  1304  1536 D TelephonyRegistry: validatePhoneId: true
03-07 13:49:50.174  1304  1536 D TelephonyRegistry: notifySignalStrengthForSubscriber: valid phoneId=0
03-07 13:49:50.174  1304  1536 D TelephonyRegistry: idMatch: rlt=true
03-07 13:49:50.174  1304  1536 D TelephonyRegistry: notifySignalStrengthForSubscriber: callback.onSsS r={callingPackage=android binder=android.telephony.PhoneStateListener$1@12c2ac5 callback=android.telephony.PhoneStateListener$1@12c2ac5 onSubscriptionsChangedListenererCallback=null callerUserId=0 subId=2147483647 phoneId=-1 events=1c1 canReadPhoneState=true} subId=1 phoneId=0 ss=SignalStrength: 11 36 -120 -160 -6 0 -1 99 2147483647 2147483647 2147483647 2147483647 gsm|lte 1 -384 -26
03-07 13:49:50.174  1304  1536 D TelephonyRegistry: idMatch: rlt=true
03-07 13:49:50.175  1304  1536 D TelephonyRegistry: notifySignalStrengthForSubscriber: callback.onSsS r={callingPackage=com.android.systemui binder=android.os.BinderProxy@c7a53af callback=com.android.internal.telephony.IPhoneStateListener$Stub$Proxy@def23bc onSubscriptionsChangedListenererCallback=null callerUserId=0 subId=1 phoneId=0 events=101e1 canReadPhoneState=true} subId=1 phoneId=0 ss=SignalStrength: 11 36 -120 -160 -6 0 -1 99 2147483647 2147483647 2147483647 2147483647 gsm|lte 1 -384 -26
03-07 13:49:50.175  1304  1536 D TelephonyRegistry: handleRemoveListLocked: mRemoveList.size()=0
03-07 13:49:50.178  1304  1536 D TelephonyManager: getTelephonyProperty prop value= 25020
03-07 13:49:50.178  1304  1536 W SignalStrength: mapGsmSignalDbm() mGsmRscpQdbm=-384 asu=11
03-07 13:49:50.182  1767  1767 D GsmSST  : [GsmSST0] handleMessage msg done
03-07 13:49:50.198  1446  1651 D TelephonyManager: getTelephonyProperty prop value= 25020
03-07 13:49:50.198  1446  1651 W SignalStrength: mapGsmSignalDbm() mGsmRscpQdbm=-384 asu=11
03-07 13:49:50.228  1446  1651 D TelephonyManager: getTelephonyProperty prop value= 25020
03-07 13:49:50.228  1446  1651 W SignalStrength: mapGsmSignalDbm() mGsmRscpQdbm=-384 asu=11
03-07 13:49:50.639  1304  1809 I am_home_stack_moved: [0,0,1,1,sourceStackToFront]
03-07 13:49:50.639  1304  1809 I wm_task_moved: [40,1,0]
03-07 13:49:50.641  1304  1809 I am_create_activity: [0,99783231,40,com.android.settings/.SubSettings,android.intent.action.MAIN,NULL,NULL,0]
03-07 13:49:50.641  1304  1809 I am_pause_activity: [0,177914249,com.android.settings/.GnSettingsTabActivity]
03-07 13:49:50.643  1304  1809 I am_home_stack_moved: [0,0,1,1,startedActivity setFocusedActivity]
03-07 13:49:50.643  1304  1809 I wm_task_moved: [40,1,0]
03-07 13:49:50.647  1304  1809 I am_focused_activity: [0,com.android.settings/.SubSettings]
03-07 13:49:50.657  5102  5102 I sysui_view_visibility: [239,0]
03-07 13:49:50.661  5102  5102 I am_on_paused_called: [0,com.android.settings.GnSettingsTabActivity]
03-07 13:49:50.664  1304  1891 I am_restart_activity: [0,99783231,40,com.android.settings/.SubSettings]
03-07 13:49:50.707  1254  1282 I RILC    : NUMBER:1
03-07 13:49:50.707  1254  1282 I RILC    : arg len:14
03-07 13:49:50.707  1254  1282 I RILC    : ARGS[0]:THERMAL,0,-1
03-07 13:49:50.707  1254  1282 D RILC    : C[locl]> QUERY_MODEM_THERMAL
03-07 13:49:50.707  1254  1282 I RILC-MTK: set request 2502 to protocal 1, proxyId=3
03-07 13:49:50.707  1254  1282 D RILC-MTK: QUERY_MODEM_THERMAL pRI=0x7f7e649300 p=0x7f7e66da40 dispatched to RIL_CMD_PROXY_1
03-07 13:49:50.708  1254  1273 I RILC-MTK: RIL_CMD_PROXY_1 wakeup
03-07 13:49:50.708  1254  1281 I RILC-MTK: RIL_ATCI2_PROXY wakeup
03-07 13:49:50.708  1254  1271 I RILC-MTK: RIL_CMD_PROXY_3 wakeup
03-07 13:49:50.708  1254  1277 I RILC-MTK: RIL_CMD2_PROXY_3 wakeup
03-07 13:49:50.708  1254  1276 I RILC-MTK: RIL_URC2_PROXY wakeup
03-07 13:49:50.708  1254  1273 D RILC-MTK: proxy id:3, proxyName: RIL_CMD_PROXY_1
03-07 13:49:50.708  1254  1278 I RILC-MTK: RIL_CMD2_PROXY_2 wakeup
03-07 13:49:50.708  1254  1272 I RILC-MTK: RIL_CMD_PROXY_2 wakeup
03-07 13:49:50.708  1254  1271 I RILC-MTK: RIL_CMD_PROXY_3 sleep
03-07 13:49:50.708  1254  1273 D RILC-MTK: QUERY_MODEM_THERMAL pRI=0x7f7e649300 p=0x7f7e66da40 execute on RIL_CMD_PROXY_1 using channel 3
03-07 13:49:50.708  1254  1273 D RILC    : callOnRequest for new vendor ril
03-07 13:49:50.708  1254  1274 I RILC-MTK: RIL_CMD_PROXY_4 wakeup
03-07 13:49:50.708  1254  1273 D RIL     : onRequest: QUERY_MODEM_THERMAL, datalen = 8
03-07 13:49:50.708  1254  1280 I RILC-MTK: RIL_CMD2_PROXY_4 wakeup
03-07 13:49:50.708  1254  1275 I RILC-MTK: RIL_ATCI_PROXY wakeup
03-07 13:49:50.708  1254  1273 D RIL     : radioState:10
03-07 13:49:50.708  1254  1279 I RILC-MTK: RIL_CMD2_PROXY_1 wakeup
03-07 13:49:50.708  1254  1276 I RILC-MTK: RIL_URC2_PROXY sleep
03-07 13:49:50.708  1254  1279 I RILC-MTK: RIL_CMD2_PROXY_1 sleep
03-07 13:49:50.708  1254  1273 D RIL     : requestQueryThermal Enter,-1
03-07 13:49:50.708  1254  1273 D AT      : getRILChannelCtx subsystem:1, rid:0 channelOffset:0
03-07 13:49:50.708  1254  1277 I RILC-MTK: RIL_CMD2_PROXY_3 sleep
03-07 13:49:50.708  1254  1273 D AT      : AT send on RIL_CMD_READER_3, tid:547607036992
03-07 13:49:50.708  1254  1273 D AT      : AT> AT+ETHERMAL
03-07 13:49:50.708  1254  1273 I AT      : AT write start
03-07 13:49:50.708  1254  1278 I RILC-MTK: RIL_CMD2_PROXY_2 sleep
03-07 13:49:50.708  1254  1274 I RILC-MTK: RIL_CMD_PROXY_4 sleep
03-07 13:49:50.708  1254  1273 I AT      : AT write end, errno = 2, length = 12
03-07 13:49:50.708  1254  1280 I RILC-MTK: RIL_CMD2_PROXY_4 sleep
03-07 13:49:50.708  1254  1275 I RILC-MTK: RIL_ATCI_PROXY sleep
03-07 13:49:50.708   856  1245 D RILMUXD : [gsm0710muxd] 3630:poll_thread(): poll_thread select found
03-07 13:49:50.708  1254  1281 I RILC-MTK: RIL_ATCI2_PROXY sleep
03-07 13:49:50.708   856  1245 D RILMUXD : [gsm0710muxd] 1050:pseudo_device_read(): Enter, LackofAtciChannel=0
03-07 13:49:50.708   856  1245 D RILMUXD : [gsm0710muxd] 657:write_frame(): Sending frame to channel 5
03-07 13:49:50.708   856  1245 D RILMUXD : [gsm0710muxd] 772:write_frame(): Write a frame on channel 5 with length 12
03-07 13:49:50.708  1254  1272 I RILC-MTK: RIL_CMD_PROXY_2 sleep
03-07 13:49:50.708  1254  1270 I RILC-MTK: RIL_URC_PROXY wakeup
03-07 13:49:50.708  1254  1270 I RILC-MTK: RIL_URC_PROXY sleep
03-07 13:49:50.711   856  1239 D RILMUXD : [gsm0710muxd] 1649:gsm0710_base_buffer_get_frame(): Get a complete frame. ch:5, ctrl:239, len:42
03-07 13:49:50.711   856  1239 D RILMUXD : [gsm0710muxd] 2394:extract_frames(): Writing 42 byte frame received on channel 5 to /dev/pts/5
03-07 13:49:50.711   856  1239 D RILMUXD : [gsm0710muxd] 2414:extract_frames(): write() returned. Written 42/42 bytes of frame to /dev/pts/5
03-07 13:49:50.711   856  1239 D RILMUXD : [gsm0710muxd] 2419:extract_frames(): fsync() failed (-1, 22 - Invalid argument)
03-07 13:49:50.711   856  1239 D RILMUXD : [gsm0710muxd] 1649:gsm0710_base_buffer_get_frame(): Get a complete frame. ch:5, ctrl:239, len:6
03-07 13:49:50.711   856  1239 D RILMUXD : [gsm0710muxd] 2394:extract_frames(): Writing 6 byte frame received on channel 5 to /dev/pts/5
03-07 13:49:50.711   856  1239 D RILMUXD : [gsm0710muxd] 2414:extract_frames(): write() returned. Written 6/6 bytes of frame to /dev/pts/5
03-07 13:49:50.711   856  1239 D RILMUXD : [gsm0710muxd] 2419:extract_frames(): fsync() failed (-1, 22 - Invalid argument)
03-07 13:49:50.712  1254  1289 I AT      : AT read end: 48
03-07 13:49:50.712  1254  1289 D AT      : AT< +ETHERMAL: 2, 32767, -127, 0, 32767, 1
03-07 13:49:50.712  1254  1289 D AT      : RIL_CMD_READER_3 Enter processLine:+ETHERMAL: 2, 32767, -127, 0, 32767, 1
03-07 13:49:50.712  1254  1289 D AT      : AT< OK
03-07 13:49:50.712  1254  1289 D AT      : RIL_CMD_READER_3 Enter processLine:OK
03-07 13:49:50.712  1254  1289 I AT      : AT read start
03-07 13:49:50.712  1254  1273 D AT      : response received on RIL_CMD_READER_3, tid:547607036992
03-07 13:49:50.712  1254  1273 D RIL     : requestQueryThermal success
03-07 13:49:50.712  1254  1273 D RILC    : RequestComplete, RIL_SOCKET_1
03-07 13:49:50.712  1254  1273 D RILC    : [THERMAL] local request for THERMAL returned 
03-07 13:49:50.712  1254  1273 D RILC    : [THERMAL] s_THERMAL_fd is valid strResult is  2, 32767, -127, 0, 32767, 1
03-07 13:49:50.712  1254  1273 D RILC-MTK: proxyLoop free  pRI=0x7f7e649300 p=0x7f7e66da40 
03-07 13:49:50.712  1254  1273 D RILC-MTK: proxyLoop free  pRequest=0x7f7e5e2040
03-07 13:49:50.712  1254  1273 I RILC-MTK: RIL_CMD_PROXY_1 sleep
03-07 13:49:50.790  5102  5102 I sysui_view_visibility: [40,100]
03-07 13:49:50.791  5102  5102 I am_on_resume_called: [0,com.android.settings.SubSettings]
03-07 13:49:50.990  1304  1344 I am_activity_launch_time: [0,99783231,com.android.settings/.SubSettings,327,327]
03-07 13:49:51.308   308   308 I sf_frame_dur: [com.android.settings/com.android.settings.GnSettingsTabActivity,252,4,2,1,0,0,0]
03-07 13:49:55.136   856   856 D RILMUXD : [gsm0710muxd] 3913:main(): Frames received/dropped: 807/0
03-07 13:49:55.288   856  1239 D RILMUXD : [gsm0710muxd] 1649:gsm0710_base_buffer_get_frame(): Get a complete frame. ch:2, ctrl:239, len:42
03-07 13:49:55.288   856  1239 D RILMUXD : [gsm0710muxd] 2394:extract_frames(): Writing 42 byte frame received on channel 2 to /dev/pts/2
03-07 13:49:55.288   856  1239 D RILMUXD : [gsm0710muxd] 2414:extract_frames(): write() returned. Written 42/42 bytes of frame to /dev/pts/2
03-07 13:49:55.288   856  1239 D RILMUXD : [gsm0710muxd] 2419:extract_frames(): fsync() failed (-1, 22 - Invalid argument)
03-07 13:49:55.288  1254  1286 I AT      : AT read end: 42
03-07 13:49:55.288  1254  1286 D AT      : AT< +ECSQ: 25,35,1,-382,-27,1,1,6,32767,-1
03-07 13:49:55.288  1254  1286 D AT      : RIL_URC_READER Enter processLine:+ECSQ: 25,35,1,-382,-27,1,1,6,32767,-1
03-07 13:49:55.288  1254  1286 D RIL     : Nw URC:+ECSQ: 25,35,1,-382,-27,1,1,6,32767,-1
03-07 13:49:55.288  1254  1286 D RIL     : convert3GRssiValue baseband=0 ,isFdd3G=1,isTdd3G=0 ,RSCP_in_qdbm=-382 ,EcN0_in_qdbm=-27
03-07 13:49:55.288  1254  1286 D RILC    : callForRilVersion new vendor RIL, version: 11
03-07 13:49:55.288  1254  1286 I RILC    : RIL_SOCKET_1 UNSOLICITED: UNSOL_SIGNAL_STRENGTH length:68
03-07 13:49:55.288  1254  1286 E RILC    : Send Response to RIL_SOCKET_1
03-07 13:49:55.289  1254  1286 I AT      : AT read start
03-07 13:49:55.289  1767  1767 D GsmSST  : [GsmSST0] handle EVENT_SIGNAL_STRENGTH_UPDATE
03-07 13:49:55.289  1767  1767 D GsmSST  : [GsmSST0] onSignalStrengthResult():  LastSignalStrength=SignalStrength: 11 36 -120 -160 -6 0 -1 99 2147483647 2147483647 2147483647 2147483647 gsm|lte 1 -384 -26
03-07 13:49:55.289  1767  1767 D GsmSST  : [GsmSST0] onSignalStrengthResult():new mSignalStrength=SignalStrength: 11 35 -120 -160 -6 0 -1 99 2147483647 2147483647 2147483647 2147483647 gsm|lte 1 -384 -27
03-07 13:49:55.290  1767  1767 D TelephonyManager: getTelephonyProperty prop value= 25020
03-07 13:49:55.290  1767  1767 W SignalStrength: mapGsmSignalDbm() mGsmRscpQdbm=-384 asu=11
03-07 13:49:55.291  1767  1767 D GsmSST  : [GsmSST0] notifySignalStrength: mSignalStrength.getLevel=3
03-07 13:49:55.291  1767  1767 D DefaultPhoneNotifier: notifySignalStrength: mRegistry=com.android.internal.telephony.ITelephonyRegistry$Stub$Proxy@6f1b75d ss=SignalStrength: 11 35 -120 -160 -6 0 -1 99 2147483647 2147483647 2147483647 2147483647 gsm|lte 1 -384 -27 sender=Handler (com.android.internal.telephony.gsm.GSMPhone) {3ff5f82}
03-07 13:49:55.291  1304  1324 D TelephonyRegistry: notifySignalStrengthForSubscriber: subId=1 signalStrength=SignalStrength: 11 35 -120 -160 -6 0 -1 99 2147483647 2147483647 2147483647 2147483647 gsm|lte 1 -384 -27
03-07 13:49:55.291  1304  1324 D TelephonyRegistry: notifySignalStrengthForSubscriber: logSSC.length=5 next=1
03-07 13:49:55.292  1304  1324 D TelephonyRegistry: notifyServiceStateForSubscriber Time 20170307T134725Europe/Moscow(2,65,10800,0,1488883645) mSubId -3 mPhoneId 1  mState 3 3 voice home data home null null null null null null  Unknown Unknown CSS not supported -1 -1 RoamInd=-1 DefRoamInd=-1 EmergOnly=false Ril Voice Regist state: 0 Ril Data Regist state: 0 mProprietaryDataRadioTechnology: 0 VoiceRejectCause: -1 DataRejectCause: -1 IsDataRoamingFromRegistration=false
03-07 13:49:55.292  1304  1324 D TelephonyRegistry: notifyServiceStateForSubscriber Time 20170307T134726Europe/Moscow(2,65,10800,0,1488883646) mSubId 1 mPhoneId 0  mState 1 1 voice home data home null null null null null null  Unknown Unknown CSS not supported 0 0 RoamInd=-1 DefRoamInd=-1 EmergOnly=false Ril Voice Regist state: 2 Ril Data Regist state: 2 mProprietaryDataRadioTechnology: 0 VoiceRejectCause: -1 DataRejectCause: -1 IsDataRoamingFromRegistration=false
03-07 13:49:55.292  1304  1324 D TelephonyRegistry: notifyServiceStateForSubscriber Time 20170307T124728Europe/Kaliningrad(2,65,7200,0,1488883648) mSubId 1 mPhoneId 0  mState 0 0 voice home data home Tele2 Tele2 25020 Tele2 Tele2 25020  HSPA HSPA CSS not supported -1 -1 RoamInd=-1 DefRoamInd=-1 EmergOnly=false Ril Voice Regist state: 1 Ril Data Regist state: 1 mProprietaryDataRadioTechnology: 0 VoiceRejectCause: 0 DataRejectCause: -1 IsDataRoamingFromRegistration=false
03-07 13:49:55.293  1304  1324 D TelephonyRegistry: notifyServiceStateForSubscriber Time 20170307T134732Europe/Moscow(2,65,10800,0,1488883652) mSubId 1 mPhoneId 0  mState 0 0 voice home data home ROSTELECOM Tele2 25020 ROSTELECOM Tele2 25020  HSPA HSPA CSS not supported 0 0 RoamInd=-1 DefRoamInd=-1 EmergOnly=false Ril Voice Regist state: 1 Ril Data Regist state: 1 mProprietaryDataRadioTechnology: 0 VoiceRejectCause: 0 DataRejectCause: -1 IsDataRoamingFromRegistration=false
03-07 13:49:55.293  1304  1324 D TelephonyRegistry: notifyServiceStateForSubscriber Time 20170307T134918Europe/Moscow(2,65,10800,0,1488883758) mSubId 1 mPhoneId 0  mState 0 0 voice home data home ROSTELECOM Tele2 25020 ROSTELECOM Tele2 25020  HSPA HSPA CSS not supported -1 -1 RoamInd=-1 DefRoamInd=-1 EmergOnly=false Ril Voice Regist state: 1 Ril Data Regist state: 1 mProprietaryDataRadioTechnology: 0 VoiceRejectCause: 0 DataRejectCause: -1 IsDataRoamingFromRegistration=false
03-07 13:49:55.293  1304  1324 D TelephonyRegistry: notifySignalStrengthForSubscriber: ----------------
03-07 13:49:55.294  1304  1324 D TelephonyRegistry: validatePhoneId: true
03-07 13:49:55.294  1304  1324 D TelephonyRegistry: notifySignalStrengthForSubscriber: valid phoneId=0
03-07 13:49:55.294  1304  1324 D TelephonyRegistry: idMatch: rlt=true
03-07 13:49:55.294  1304  1324 D TelephonyRegistry: notifySignalStrengthForSubscriber: callback.onSsS r={callingPackage=android binder=android.telephony.PhoneStateListener$1@12c2ac5 callback=android.telephony.PhoneStateListener$1@12c2ac5 onSubscriptionsChangedListenererCallback=null callerUserId=0 subId=2147483647 phoneId=-1 events=1c1 canReadPhoneState=true} subId=1 phoneId=0 ss=SignalStrength: 11 35 -120 -160 -6 0 -1 99 2147483647 2147483647 2147483647 2147483647 gsm|lte 1 -384 -27
03-07 13:49:55.294  1304  1324 D TelephonyRegistry: idMatch: rlt=true
03-07 13:49:55.295  1304  1324 D TelephonyRegistry: notifySignalStrengthForSubscriber: callback.onSsS r={callingPackage=com.android.systemui binder=android.os.BinderProxy@c7a53af callback=com.android.internal.telephony.IPhoneStateListener$Stub$Proxy@def23bc onSubscriptionsChangedListenererCallback=null callerUserId=0 subId=1 phoneId=0 events=101e1 canReadPhoneState=true} subId=1 phoneId=0 ss=SignalStrength: 11 35 -120 -160 -6 0 -1 99 2147483647 2147483647 2147483647 2147483647 gsm|lte 1 -384 -27
03-07 13:49:55.295  1304  1324 D TelephonyRegistry: handleRemoveListLocked: mRemoveList.size()=0
03-07 13:49:55.297  1304  1324 D TelephonyManager: getTelephonyProperty prop value= 25020
03-07 13:49:55.297  1304  1324 W SignalStrength: mapGsmSignalDbm() mGsmRscpQdbm=-384 asu=11
03-07 13:49:55.300  1767  1767 D GsmSST  : [GsmSST0] handleMessage msg done
03-07 13:49:55.318  1446  1651 D TelephonyManager: getTelephonyProperty prop value= 25020
03-07 13:49:55.318  1446  1651 W SignalStrength: mapGsmSignalDbm() mGsmRscpQdbm=-384 asu=11
03-07 13:49:55.328  1446  1651 D TelephonyManager: getTelephonyProperty prop value= 25020
03-07 13:49:55.328  1446  1651 W SignalStrength: mapGsmSignalDbm() mGsmRscpQdbm=-384 asu=11
03-07 13:49:55.696  1304  1994 I am_finish_activity: [0,99783231,40,com.android.settings/.SubSettings,app-request]
03-07 13:49:55.697  1304  1994 I am_home_stack_moved: [0,0,1,1,finishActivity adjustFocus setFocusedActivity]
03-07 13:49:55.697  1304  1994 I wm_task_moved: [40,1,0]
03-07 13:49:55.700  1304  1994 I am_focused_activity: [0,com.android.settings/.GnSettingsTabActivity]
03-07 13:49:55.700  1304  1994 I am_pause_activity: [0,99783231,com.android.settings/.SubSettings]
03-07 13:49:55.702  5102  5102 I sysui_view_visibility: [40,0]
03-07 13:49:55.705  5102  5102 I am_on_paused_called: [0,com.android.settings.SubSettings]
03-07 13:49:55.707  1304  1337 I am_resume_activity: [0,177914249,40,com.android.settings/.GnSettingsTabActivity]
03-07 13:49:55.727  5102  5102 I sysui_view_visibility: [239,100]
03-07 13:49:55.728  1767  2040 D SubscriptionController: [getActiveSubInfoList]+
03-07 13:49:55.730  1767  2040 D SubscriptionController: [getActiveSubInfoList]- 1 infos return
03-07 13:49:55.738  1767  1844 D SubscriptionController: [getActiveSubInfoList]+
03-07 13:49:55.739  1767  1844 D SubscriptionController: [getActiveSubInfoList]- 1 infos return
03-07 13:49:55.745  1767  3146 D DCT     : [0]phoneSubId = 1
03-07 13:49:55.745  1767  3146 D DCT     : [0]getDataEnabled: getInt retVal=false
03-07 13:49:55.756  5102  5102 I am_on_resume_called: [0,com.android.settings.GnSettingsTabActivity]
03-07 13:49:55.784  1767  2040 D SubscriptionController: [getActiveSubInfoList]+
03-07 13:49:55.785  1767  2040 D SubscriptionController: [getActiveSubInfoList]- 1 infos return
03-07 13:49:55.790  1767  1844 D SubscriptionController: [getActiveSubInfoList]+
03-07 13:49:55.791  1767  1844 D SubscriptionController: [getActiveSubInfoList]- 1 infos return
03-07 13:49:56.155  1304  1339 I am_destroy_activity: [0,99783231,40,com.android.settings/.SubSettings,finish-imm]
03-07 13:49:56.171   308   308 I sf_frame_dur: [com.android.settings/com.android.settings.SubSettings,148,7,1,0,1,1,0]
03-07 13:49:57.235  1304  1338 I am_pss  : [5102,1000,com.android.settings,77476864,71546880]
03-07 13:49:58.373  1949  2286 D TelephonyManager: getTelephonyProperty prop value= 25020
03-07 13:49:58.679  1304  1339 I am_kill : [0,4644,com.google.android.music:main,13,stop com.google.android.music]
03-07 13:49:59.060  1767  1767 D FdManager: [GDCT][phoneId0]onReceive: action=android.intent.action.BATTERY_CHANGED
03-07 13:49:59.060  1767  1767 D FdManager: [GDCT][phoneId1]onReceive: action=android.intent.action.BATTERY_CHANGED
03-07 13:49:59.068  1304  1304 I notification_cancel: [10022,1446,com.android.systemui,2131755032,low_battery,-1,0,64,8,NULL]
03-07 13:49:59.080  1304  1352 I unknown_sources_enabled: 0
03-07 13:49:59.204  1804  1804 I force_gc: bg
03-07 13:49:59.206  1788  1788 I force_gc: bg
03-07 13:49:59.207  4260  4260 I force_gc: bg
03-07 13:49:59.211  1304  1304 I notification_cancel_all: [1000,1304,com.google.android.music,0,0,0,5,NULL]
03-07 13:49:59.262  1767  1767 E SmsApplication: com.mediatek.datatransfer does not have system signature
03-07 13:49:59.262  1767  1767 E SmsApplication: com.mediatek.apst.target does not have system signature
03-07 13:49:59.262  1767  1767 E SmsApplication: com.mediatek.ppl does not have system signature
03-07 13:49:59.263  1767  1767 E SmsApplication: com.mediatek.backuprestore does not have system signature
03-07 13:49:59.263  1767  1767 E SmsApplication: com.mediatek.rcs.messageservice does not have system signature
03-07 13:49:59.263  1767  1767 E SmsApplication: com.mediatek.esntrack does not have system signature
03-07 13:49:59.265  1767  1767 E SmsApplication: gn.com.android.salestrack does not have system signature
03-07 13:49:59.266  1767  1767 E SmsApplication: gn.com.android.salestrackgi does not have system signature
03-07 13:49:59.301  1767  1767 E SmsApplication: com.mediatek.datatransfer does not have system signature
03-07 13:49:59.302  1767  1767 E SmsApplication: com.mediatek.apst.target does not have system signature
03-07 13:49:59.306  1767  1767 E SmsApplication: com.mediatek.ppl does not have system signature
03-07 13:49:59.306  1767  1767 E SmsApplication: com.mediatek.backuprestore does not have system signature
03-07 13:49:59.307  1767  1767 E SmsApplication: com.mediatek.rcs.messageservice does not have system signature
03-07 13:49:59.308  1767  1767 E SmsApplication: com.mediatek.esntrack does not have system signature
03-07 13:49:59.309  1767  1767 E SmsApplication: gn.com.android.salestrack does not have system signature
03-07 13:49:59.310  1767  1767 E SmsApplication: gn.com.android.salestrackgi does not have system signature
03-07 13:49:59.318  1304  1995 I am_proc_start: [0,5178,10026,com.adups.fota,broadcast,com.adups.fota/.AInReceiver]
03-07 13:49:59.346  1304  1304 I notification_cancel_all: [1000,1304,com.google.android.music,0,0,0,5,NULL]
03-07 13:49:59.373  1767  1767 E SmsApplication: com.mediatek.datatransfer does not have system signature
03-07 13:49:59.373  1767  1767 E SmsApplication: com.mediatek.apst.target does not have system signature
03-07 13:49:59.374  1767  1767 E SmsApplication: com.mediatek.ppl does not have system signature
03-07 13:49:59.374  1767  1767 E SmsApplication: com.mediatek.backuprestore does not have system signature
03-07 13:49:59.375  1767  1767 E SmsApplication: com.mediatek.rcs.messageservice does not have system signature
03-07 13:49:59.375  1767  1767 E SmsApplication: com.mediatek.esntrack does not have system signature
03-07 13:49:59.376  1767  1767 E SmsApplication: gn.com.android.salestrack does not have system signature
03-07 13:49:59.377  1767  1767 E SmsApplication: gn.com.android.salestrackgi does not have system signature
03-07 13:49:59.422  1304  1304 I notification_cancel: [10017,4139,com.android.vending,-1050172287,NULL,0,0,64,8,NULL]
03-07 13:49:59.422  1304  1304 I notification_canceled: [0|com.android.vending|-1050172287|null|10017,8,15533,15533,0]
03-07 13:49:59.422  1304  1304 I notification_cancel: [10017,4139,com.android.vending,-1050172287,NULL,0,0,64,8,NULL]
03-07 13:49:59.422  1304  1304 I notification_cancel: [10017,4139,com.android.vending,-272283330,NULL,0,0,64,8,NULL]
03-07 13:49:59.423  1304  1304 I notification_enqueue: [10017,4139,com.android.vending,874755343,NULL,0,Notification(pri=-1 contentView=null vibrate=null sound=null tick defaults=0x0 flags=0x110 color=0xff689f38 category=status vis=PRIVATE),0]
03-07 13:49:59.443  1304  1304 I notification_cancel: [1000,1304,android,2,NULL,0,0,0,8,NULL]
03-07 13:49:59.497  1304  1304 I notification_cancel: [1000,1304,android,2,NULL,0,0,0,8,NULL]
03-07 13:49:59.506  1304  1997 I am_proc_bound: [0,5178,com.adups.fota]
03-07 13:49:59.573  1304  1890 I am_proc_start: [0,5194,1000,com.android.keychain,broadcast,com.android.keychain/.KeyChainBroadcastReceiver]
03-07 13:49:59.575  1304  1890 I am_kill : [0,4819,com.google.android.youtube,15,empty #13]
03-07 13:49:59.655  1304  1993 I am_proc_died: [0,4819,com.google.android.youtube]
03-07 13:49:59.711  1304  1323 I am_proc_bound: [0,5194,com.android.keychain]
03-07 13:49:59.745  1304  1304 I notification_cancel: [10017,4139,com.android.vending,-1050172287,NULL,0,0,64,8,NULL]
03-07 13:49:59.797  1304  1995 I am_proc_start: [0,5217,10044,com.google.android.apps.docs,broadcast,com.google.android.apps.docs/.receivers.AppPackageAddRemoveReceiver]
03-07 13:49:59.942  1304  1892 I am_proc_bound: [0,5217,com.google.android.apps.docs]
03-07 13:49:59.946  1304  1994 I notification_cancel_all: [10000,1522,com.android.providers.downloads,0,0,64,9,NULL]
03-07 13:50:00.137   856   856 D RILMUXD : [gsm0710muxd] 3913:main(): Frames received/dropped: 808/0
03-07 13:50:00.409   856  1239 D RILMUXD : [gsm0710muxd] 1649:gsm0710_base_buffer_get_frame(): Get a complete frame. ch:2, ctrl:239, len:42
03-07 13:50:00.409   856  1239 D RILMUXD : [gsm0710muxd] 2394:extract_frames(): Writing 42 byte frame received on channel 2 to /dev/pts/2
03-07 13:50:00.409   856  1239 D RILMUXD : [gsm0710muxd] 2414:extract_frames(): write() returned. Written 42/42 bytes of frame to /dev/pts/2
03-07 13:50:00.409   856  1239 D RILMUXD : [gsm0710muxd] 2419:extract_frames(): fsync() failed (-1, 22 - Invalid argument)
03-07 13:50:00.409  1254  1286 I AT      : AT read end: 42
03-07 13:50:00.409  1254  1286 D AT      : AT< +ECSQ: 26,37,1,-378,-23,1,1,6,32767,-1
03-07 13:50:00.409  1254  1286 D AT      : RIL_URC_READER Enter processLine:+ECSQ: 26,37,1,-378,-23,1,1,6,32767,-1
03-07 13:50:00.409  1254  1286 D RIL     : Nw URC:+ECSQ: 26,37,1,-378,-23,1,1,6,32767,-1
03-07 13:50:00.409  1254  1286 D RIL     : convert3GRssiValue baseband=0 ,isFdd3G=1,isTdd3G=0 ,RSCP_in_qdbm=-378 ,EcN0_in_qdbm=-23
03-07 13:50:00.410  1254  1286 D RILC    : callForRilVersion new vendor RIL, version: 11
03-07 13:50:00.410  1254  1286 I RILC    : RIL_SOCKET_1 UNSOLICITED: UNSOL_SIGNAL_STRENGTH length:68
03-07 13:50:00.410  1254  1286 E RILC    : Send Response to RIL_SOCKET_1
03-07 13:50:00.410  1254  1286 I AT      : AT read start
03-07 13:50:00.410  1767  1767 D GsmSST  : [GsmSST0] handle EVENT_SIGNAL_STRENGTH_UPDATE
03-07 13:50:00.410  1767  1767 D GsmSST  : [GsmSST0] onSignalStrengthResult():  LastSignalStrength=SignalStrength: 11 35 -120 -160 -6 0 -1 99 2147483647 2147483647 2147483647 2147483647 gsm|lte 1 -384 -27
03-07 13:50:00.410  1767  1767 D GsmSST  : [GsmSST0] onSignalStrengthResult():new mSignalStrength=SignalStrength: 11 37 -120 -160 -6 0 -1 99 2147483647 2147483647 2147483647 2147483647 gsm|lte 1 -380 -23
03-07 13:50:00.412  1767  1767 D TelephonyManager: getTelephonyProperty prop value= 25020
03-07 13:50:00.412  1767  1767 W SignalStrength: mapGsmSignalDbm() mGsmRscpQdbm=-380 asu=11
03-07 13:50:00.412  1767  1767 D GsmSST  : [GsmSST0] notifySignalStrength: mSignalStrength.getLevel=3
03-07 13:50:00.412  1767  1767 D DefaultPhoneNotifier: notifySignalStrength: mRegistry=com.android.internal.telephony.ITelephonyRegistry$Stub$Proxy@6f1b75d ss=SignalStrength: 11 37 -120 -160 -6 0 -1 99 2147483647 2147483647 2147483647 2147483647 gsm|lte 1 -380 -23 sender=Handler (com.android.internal.telephony.gsm.GSMPhone) {3ff5f82}
03-07 13:50:00.413  1304  1993 D TelephonyRegistry: notifySignalStrengthForSubscriber: subId=1 signalStrength=SignalStrength: 11 37 -120 -160 -6 0 -1 99 2147483647 2147483647 2147483647 2147483647 gsm|lte 1 -380 -23
03-07 13:50:00.413  1304  1993 D TelephonyRegistry: notifySignalStrengthForSubscriber: logSSC.length=5 next=1
03-07 13:50:00.413  1304  1993 D TelephonyRegistry: notifyServiceStateForSubscriber Time 20170307T134725Europe/Moscow(2,65,10800,0,1488883645) mSubId -3 mPhoneId 1  mState 3 3 voice home data home null null null null null null  Unknown Unknown CSS not supported -1 -1 RoamInd=-1 DefRoamInd=-1 EmergOnly=false Ril Voice Regist state: 0 Ril Data Regist state: 0 mProprietaryDataRadioTechnology: 0 VoiceRejectCause: -1 DataRejectCause: -1 IsDataRoamingFromRegistration=false
03-07 13:50:00.413  1304  1993 D TelephonyRegistry: notifyServiceStateForSubscriber Time 20170307T134726Europe/Moscow(2,65,10800,0,1488883646) mSubId 1 mPhoneId 0  mState 1 1 voice home data home null null null null null null  Unknown Unknown CSS not supported 0 0 RoamInd=-1 DefRoamInd=-1 EmergOnly=false Ril Voice Regist state: 2 Ril Data Regist state: 2 mProprietaryDataRadioTechnology: 0 VoiceRejectCause: -1 DataRejectCause: -1 IsDataRoamingFromRegistration=false
03-07 13:50:00.414  1304  1993 D TelephonyRegistry: notifyServiceStateForSubscriber Time 20170307T124728Europe/Kaliningrad(2,65,7200,0,1488883648) mSubId 1 mPhoneId 0  mState 0 0 voice home data home Tele2 Tele2 25020 Tele2 Tele2 25020  HSPA HSPA CSS not supported -1 -1 RoamInd=-1 DefRoamInd=-1 EmergOnly=false Ril Voice Regist state: 1 Ril Data Regist state: 1 mProprietaryDataRadioTechnology: 0 VoiceRejectCause: 0 DataRejectCause: -1 IsDataRoamingFromRegistration=false
03-07 13:50:00.414  1304  1993 D TelephonyRegistry: notifyServiceStateForSubscriber Time 20170307T134732Europe/Moscow(2,65,10800,0,1488883652) mSubId 1 mPhoneId 0  mState 0 0 voice home data home ROSTELECOM Tele2 25020 ROSTELECOM Tele2 25020  HSPA HSPA CSS not supported 0 0 RoamInd=-1 DefRoamInd=-1 EmergOnly=false Ril Voice Regist state: 1 Ril Data Regist state: 1 mProprietaryDataRadioTechnology: 0 VoiceRejectCause: 0 DataRejectCause: -1 IsDataRoamingFromRegistration=false
03-07 13:50:00.414  1304  1993 D TelephonyRegistry: notifyServiceStateForSubscriber Time 20170307T134918Europe/Moscow(2,65,10800,0,1488883758) mSubId 1 mPhoneId 0  mState 0 0 voice home data home ROSTELECOM Tele2 25020 ROSTELECOM Tele2 25020  HSPA HSPA CSS not supported -1 -1 RoamInd=-1 DefRoamInd=-1 EmergOnly=false Ril Voice Regist state: 1 Ril Data Regist state: 1 mProprietaryDataRadioTechnology: 0 VoiceRejectCause: 0 DataRejectCause: -1 IsDataRoamingFromRegistration=false
03-07 13:50:00.414  1304  1993 D TelephonyRegistry: notifySignalStrengthForSubscriber: ----------------
03-07 13:50:00.417  1304  1993 D TelephonyRegistry: validatePhoneId: true
03-07 13:50:00.417  1304  1993 D TelephonyRegistry: notifySignalStrengthForSubscriber: valid phoneId=0
03-07 13:50:00.418  1304  1993 D TelephonyRegistry: idMatch: rlt=true
03-07 13:50:00.418  1304  1993 D TelephonyRegistry: notifySignalStrengthForSubscriber: callback.onSsS r={callingPackage=android binder=android.telephony.PhoneStateListener$1@12c2ac5 callback=android.telephony.PhoneStateListener$1@12c2ac5 onSubscriptionsChangedListenererCallback=null callerUserId=0 subId=2147483647 phoneId=-1 events=1c1 canReadPhoneState=true} subId=1 phoneId=0 ss=SignalStrength: 11 37 -120 -160 -6 0 -1 99 2147483647 2147483647 2147483647 2147483647 gsm|lte 1 -380 -23
03-07 13:50:00.418  1304  1993 D TelephonyRegistry: idMatch: rlt=true
03-07 13:50:00.418  1304  1993 D TelephonyRegistry: notifySignalStrengthForSubscriber: callback.onSsS r={callingPackage=com.android.systemui binder=android.os.BinderProxy@c7a53af callback=com.android.internal.telephony.IPhoneStateListener$Stub$Proxy@def23bc onSubscriptionsChangedListenererCallback=null callerUserId=0 subId=1 phoneId=0 events=101e1 canReadPhoneState=true} subId=1 phoneId=0 ss=SignalStrength: 11 37 -120 -160 -6 0 -1 99 2147483647 2147483647 2147483647 2147483647 gsm|lte 1 -380 -23
03-07 13:50:00.418  1304  1993 D TelephonyRegistry: handleRemoveListLocked: mRemoveList.size()=0
03-07 13:50:00.420  1304  1993 D TelephonyManager: getTelephonyProperty prop value= 25020
03-07 13:50:00.420  1304  1993 W SignalStrength: mapGsmSignalDbm() mGsmRscpQdbm=-380 asu=11
03-07 13:50:00.427  1767  1767 D GsmSST  : [GsmSST0] handleMessage msg done
03-07 13:50:00.429  1446  1651 D TelephonyManager: getTelephonyProperty prop value= 25020
03-07 13:50:00.429  1446  1651 W SignalStrength: mapGsmSignalDbm() mGsmRscpQdbm=-380 asu=11
03-07 13:50:00.441  1446  1651 D TelephonyManager: getTelephonyProperty prop value= 25020
03-07 13:50:00.441  1446  1651 W SignalStrength: mapGsmSignalDbm() mGsmRscpQdbm=-380 asu=11
03-07 13:50:00.480  1304  1369 I netstats_mobile_sample: [0,0,0,0,0,0,0,0,0,0,0,0,-1]
03-07 13:50:00.481  1304  1369 I netstats_wifi_sample: [12949798,9445,523112,5490,12813104,9388,465548,5124,12780432,9330,464613,5113,-1]
03-07 13:50:00.485  1767  1838 D SubscriptionController: getSimStateForSlotIdx:  simState=READY ordinal=5
03-07 13:50:00.485  1304  1370 D SubscriptionManager: getSimStateForSubscriber: simState=5 slotIdx=0
03-07 13:50:00.494  1767  1844 D SubscriptionController: getSimStateForSlotIdx:  simState=READY ordinal=5
03-07 13:50:00.494  1304  1370 D SubscriptionManager: getSimStateForSubscriber: simState=5 slotIdx=0
03-07 13:50:00.498  1767  1767 D DCT     : [0]handleMessage msg={ when=0 what=270368 arg1=1 target=com.android.internal.telephony.dataconnection.DcTracker }
03-07 13:50:00.498  1767  1767 D DCT     : [0]getDataEnabledBySub: subId = 1
03-07 13:50:00.498  1767  1767 D DCT     : [0]getDataEnabledBySub: getInt retVal=false
03-07 13:50:00.499  1767  1767 D DCT     : [0]getAnyDataEnabled1 return false. mInternalDataEnabled = true, mUserDataEnabled = false, mPolicyDataEnabled = true
03-07 13:50:00.500  1767  2040 D SubscriptionController: getSimStateForSlotIdx:  simState=READY ordinal=5
03-07 13:50:00.500  1304  1370 D SubscriptionManager: getSimStateForSubscriber: simState=5 slotIdx=0
03-07 13:50:00.502  1767  3146 D SubscriptionController: getSimStateForSlotIdx:  simState=READY ordinal=5
03-07 13:50:00.502  1304  1370 D SubscriptionManager: getSimStateForSubscriber: simState=5 slotIdx=0
03-07 13:50:00.719  1254  1282 I RILC    : NUMBER:1
03-07 13:50:00.719  1254  1282 I RILC    : arg len:14
03-07 13:50:00.719  1254  1282 I RILC    : ARGS[0]:THERMAL,0,-1
03-07 13:50:00.719  1254  1282 D RILC    : C[locl]> QUERY_MODEM_THERMAL
03-07 13:50:00.719  1254  1282 I RILC-MTK: set request 2502 to protocal 1, proxyId=3
03-07 13:50:00.719  1254  1282 D RILC-MTK: QUERY_MODEM_THERMAL pRI=0x7f7e649780 p=0x7f7e66dab0 dispatched to RIL_CMD_PROXY_1
03-07 13:50:00.719  1254  1280 I RILC-MTK: RIL_CMD2_PROXY_4 wakeup
03-07 13:50:00.719  1254  1280 I RILC-MTK: RIL_CMD2_PROXY_4 sleep
03-07 13:50:00.719  1254  1275 I RILC-MTK: RIL_ATCI_PROXY wakeup
03-07 13:50:00.719  1254  1275 I RILC-MTK: RIL_ATCI_PROXY sleep
03-07 13:50:00.719  1254  1281 I RILC-MTK: RIL_ATCI2_PROXY wakeup
03-07 13:50:00.719  1254  1281 I RILC-MTK: RIL_ATCI2_PROXY sleep
03-07 13:50:00.719  1254  1277 I RILC-MTK: RIL_CMD2_PROXY_3 wakeup
03-07 13:50:00.719  1254  1277 I RILC-MTK: RIL_CMD2_PROXY_3 sleep
03-07 13:50:00.719  1254  1278 I RILC-MTK: RIL_CMD2_PROXY_2 wakeup
03-07 13:50:00.719  1254  1278 I RILC-MTK: RIL_CMD2_PROXY_2 sleep
03-07 13:50:00.719  1254  1274 I RILC-MTK: RIL_CMD_PROXY_4 wakeup
03-07 13:50:00.719  1254  1273 I RILC-MTK: RIL_CMD_PROXY_1 wakeup
03-07 13:50:00.719  1254  1274 I RILC-MTK: RIL_CMD_PROXY_4 sleep
03-07 13:50:00.719  1254  1273 D RILC-MTK: proxy id:3, proxyName: RIL_CMD_PROXY_1
03-07 13:50:00.719  1254  1279 I RILC-MTK: RIL_CMD2_PROXY_1 wakeup
03-07 13:50:00.719  1254  1279 I RILC-MTK: RIL_CMD2_PROXY_1 sleep
03-07 13:50:00.719  1254  1273 D RILC-MTK: QUERY_MODEM_THERMAL pRI=0x7f7e649780 p=0x7f7e66dab0 execute on RIL_CMD_PROXY_1 using channel 3
03-07 13:50:00.720  1254  1271 I RILC-MTK: RIL_CMD_PROXY_3 wakeup
03-07 13:50:00.720  1254  1273 D RILC    : callOnRequest for new vendor ril
03-07 13:50:00.720  1254  1271 I RILC-MTK: RIL_CMD_PROXY_3 sleep
03-07 13:50:00.720  1254  1273 D RIL     : onRequest: QUERY_MODEM_THERMAL, datalen = 8
03-07 13:50:00.720  1254  1273 D RIL     : radioState:10
03-07 13:50:00.720  1254  1273 D RIL     : requestQueryThermal Enter,-1
03-07 13:50:00.720  1254  1273 D AT      : getRILChannelCtx subsystem:1, rid:0 channelOffset:0
03-07 13:50:00.720  1254  1273 D AT      : AT send on RIL_CMD_READER_3, tid:547607036992
03-07 13:50:00.720  1254  1273 D AT      : AT> AT+ETHERMAL
03-07 13:50:00.720  1254  1273 I AT      : AT write start
03-07 13:50:00.720  1254  1273 I AT      : AT write end, errno = 2, length = 12
03-07 13:50:00.720   856  1245 D RILMUXD : [gsm0710muxd] 3630:poll_thread(): poll_thread select found
03-07 13:50:00.720   856  1245 D RILMUXD : [gsm0710muxd] 1050:pseudo_device_read(): Enter, LackofAtciChannel=0
03-07 13:50:00.720   856  1245 D RILMUXD : [gsm0710muxd] 657:write_frame(): Sending frame to channel 5
03-07 13:50:00.720   856  1245 D RILMUXD : [gsm0710muxd] 772:write_frame(): Write a frame on channel 5 with length 12
03-07 13:50:00.721  1254  1276 I RILC-MTK: RIL_URC2_PROXY wakeup
03-07 13:50:00.721  1254  1276 I RILC-MTK: RIL_URC2_PROXY sleep
03-07 13:50:00.721  1254  1272 I RILC-MTK: RIL_CMD_PROXY_2 wakeup
03-07 13:50:00.721  1254  1272 I RILC-MTK: RIL_CMD_PROXY_2 sleep
03-07 13:50:00.721  1254  1270 I RILC-MTK: RIL_URC_PROXY wakeup
03-07 13:50:00.721  1254  1270 I RILC-MTK: RIL_URC_PROXY sleep
03-07 13:50:00.725   856  1239 D RILMUXD : [gsm0710muxd] 1649:gsm0710_base_buffer_get_frame(): Get a complete frame. ch:5, ctrl:239, len:42
03-07 13:50:00.725   856  1239 D RILMUXD : [gsm0710muxd] 2394:extract_frames(): Writing 42 byte frame received on channel 5 to /dev/pts/5
03-07 13:50:00.725   856  1239 D RILMUXD : [gsm0710muxd] 2414:extract_frames(): write() returned. Written 42/42 bytes of frame to /dev/pts/5
03-07 13:50:00.725   856  1239 D RILMUXD : [gsm0710muxd] 2419:extract_frames(): fsync() failed (-1, 22 - Invalid argument)
03-07 13:50:00.725  1254  1289 I AT      : AT read end: 42
03-07 13:50:00.725  1254  1289 D AT      : AT< +ETHERMAL: 2, 32767, -127, 0, 32767, 1
03-07 13:50:00.725  1254  1289 D AT      : RIL_CMD_READER_3 Enter processLine:+ETHERMAL: 2, 32767, -127, 0, 32767, 1
03-07 13:50:00.725  1254  1289 I AT      : AT read start
03-07 13:50:00.725   856  1239 D RILMUXD : [gsm0710muxd] 1649:gsm0710_base_buffer_get_frame(): Get a complete frame. ch:5, ctrl:239, len:6
03-07 13:50:00.725   856  1239 D RILMUXD : [gsm0710muxd] 2394:extract_frames(): Writing 6 byte frame received on channel 5 to /dev/pts/5
03-07 13:50:00.725   856  1239 D RILMUXD : [gsm0710muxd] 2414:extract_frames(): write() returned. Written 6/6 bytes of frame to /dev/pts/5
03-07 13:50:00.725   856  1239 D RILMUXD : [gsm0710muxd] 2419:extract_frames(): fsync() failed (-1, 22 - Invalid argument)
03-07 13:50:00.726  1254  1289 I AT      : AT read end: 6
03-07 13:50:00.726  1254  1289 D AT      : AT< OK
03-07 13:50:00.726  1254  1289 D AT      : RIL_CMD_READER_3 Enter processLine:OK
03-07 13:50:00.726  1254  1289 I AT      : AT read start
03-07 13:50:00.727  1254  1273 D AT      : response received on RIL_CMD_READER_3, tid:547607036992
03-07 13:50:00.727  1254  1273 D RIL     : requestQueryThermal success
03-07 13:50:00.727  1254  1273 D RILC    : RequestComplete, RIL_SOCKET_1
03-07 13:50:00.727  1254  1273 D RILC    : [THERMAL] local request for THERMAL returned 
03-07 13:50:00.727  1254  1273 D RILC    : [THERMAL] s_THERMAL_fd is valid strResult is  2, 32767, -127, 0, 32767, 1
03-07 13:50:00.727  1254  1273 D RILC-MTK: proxyLoop free  pRI=0x7f7e649780 p=0x7f7e66dab0 
03-07 13:50:00.727  1254  1273 D RILC-MTK: proxyLoop free  pRequest=0x7f7e5e2380
03-07 13:50:00.727  1254  1273 I RILC-MTK: RIL_CMD_PROXY_1 sleep
03-07 13:50:00.977  1304  1810 I am_home_stack_moved: [0,0,1,1,sourceStackToFront]
03-07 13:50:00.977  1304  1810 I wm_task_moved: [40,1,0]
03-07 13:50:00.978  1304  1810 I am_create_activity: [0,93646061,40,com.android.settings/.SubSettings,android.intent.action.MAIN,NULL,NULL,0]
03-07 13:50:00.979  1304  1810 I am_pause_activity: [0,177914249,com.android.settings/.GnSettingsTabActivity]
03-07 13:50:00.980  1304  1810 I am_home_stack_moved: [0,0,1,1,startedActivity setFocusedActivity]
03-07 13:50:00.981  1304  1810 I wm_task_moved: [40,1,0]
03-07 13:50:00.984  1304  1810 I am_focused_activity: [0,com.android.settings/.SubSettings]
03-07 13:50:00.992  5102  5102 I sysui_view_visibility: [239,0]
03-07 13:50:00.994  5102  5102 I am_on_paused_called: [0,com.android.settings.GnSettingsTabActivity]
03-07 13:50:00.995  1304  1809 I am_restart_activity: [0,93646061,40,com.android.settings/.SubSettings]
03-07 13:50:01.100  5102  5102 I sysui_view_visibility: [239,100]
03-07 13:50:01.103  5102  5102 I am_on_resume_called: [0,com.android.settings.SubSettings]
03-07 13:50:01.131  1304  1304 I notification_cancel: [10044,5217,com.google.android.apps.docs,10436,NULL,0,0,64,8,NULL]
03-07 13:50:01.166  1949  2330 D TelephonyManager: getTelephonyProperty prop value= 25020
03-07 13:50:01.193  1304  1304 I notification_cancel: [10017,4139,com.android.vending,-1024731240,NULL,0,0,64,8,NULL]
03-07 13:50:01.204  1304  1304 I notification_cancel: [10000,1522,com.android.providers.downloads,0,1:com.android.vending,0,0,64,8,NULL]
03-07 13:50:01.204  1304  1304 I notification_canceled: [0|com.android.providers.downloads|0|1:com.android.vending|10000,8,1155,72,0]
03-07 13:50:01.246  1304  1344 I am_activity_launch_time: [0,93646061,com.android.settings/.SubSettings,252,252]
03-07 13:50:01.291  5259  5259 I auditd  : type=1400 audit(0.0:79): avc: denied { ioctl } for comm="pool-2-thread-1" path="socket:[38909]" dev="sockfs" ino=38909 ioctlcmd=8927 scontext=u:r:untrusted_app:s0:c512,c768 tcontext=u:r:untrusted_app:s0:c512,c768 tclass=tcp_socket permissive=0
03-07 13:50:01.291  5259  5259 I auditd  : type=1400 audit(0.0:80): avc: denied { ioctl } for comm="pool-2-thread-1" path="socket:[38909]" dev="sockfs" ino=38909 ioctlcmd=8927 scontext=u:r:untrusted_app:s0:c512,c768 tcontext=u:r:untrusted_app:s0:c512,c768 tclass=tcp_socket permissive=0
03-07 13:50:01.291  5259  5259 I auditd  : type=1400 audit(0.0:81): avc: denied { ioctl } for comm="pool-2-thread-1" path="socket:[38910]" dev="sockfs" ino=38910 ioctlcmd=8927 scontext=u:r:untrusted_app:s0:c512,c768 tcontext=u:r:untrusted_app:s0:c512,c768 tclass=tcp_socket permissive=0
03-07 13:50:01.291  5259  5259 I auditd  : type=1400 audit(0.0:82): avc: denied { ioctl } for comm="pool-2-thread-1" path="socket:[38910]" dev="sockfs" ino=38910 ioctlcmd=8927 scontext=u:r:untrusted_app:s0:c512,c768 tcontext=u:r:untrusted_app:s0:c512,c768 tclass=tcp_socket permissive=0
03-07 13:50:01.291  5259  5259 I auditd  : type=1400 audit(0.0:83): avc: denied { ioctl } for comm="pool-2-thread-1" path="socket:[38911]" dev="sockfs" ino=38911 ioctlcmd=8927 scontext=u:r:untrusted_app:s0:c512,c768 tcontext=u:r:untrusted_app:s0:c512,c768 tclass=tcp_socket permissive=0
03-07 13:50:01.291  5259  5259 I auditd  : type=1400 audit(0.0:84): avc: denied { ioctl } for comm="pool-2-thread-1" path="socket:[38911]" dev="sockfs" ino=38911 ioctlcmd=8927 scontext=u:r:untrusted_app:s0:c512,c768 tcontext=u:r:untrusted_app:s0:c512,c768 tclass=tcp_socket permissive=0
03-07 13:50:01.432  1304  1891 I am_proc_start: [0,5269,10075,com.google.android.apps.photos,broadcast,com.google.android.apps.photos/.backgroundsignin.BackgroundSignInBroadcastReceiver]
03-07 13:50:01.484  1304  1892 I am_proc_start: [0,5274,10067,com.google.android.music:main,service,com.google.android.music/.sync.google.MusicGcmTaskService]
03-07 13:50:01.559   308   308 I sf_frame_dur: [com.android.settings/com.android.settings.GnSettingsTabActivity,291,4,1,0,1,0,0]
03-07 13:50:01.586  1304  1994 I am_proc_bound: [0,5269,com.google.android.apps.photos]
03-07 13:50:01.645  1304  1892 I am_proc_bound: [0,5274,com.google.android.music:main]
03-07 13:50:01.846  1304  1304 I notification_cancel: [1000,1304,android,2,NULL,0,0,0,8,NULL]
03-07 13:50:01.885  1304  1304 I notification_cancel: [10010,1949,com.google.android.gms,0,com.google.android.gms.auth.TokenNotificationManager:ethpci@gmail.com:com.google,0,0,64,8,NULL]
03-07 13:50:01.891   295   295 I auditd  : type=1400 audit(0.0:85): avc: granted { read write } for comm="vold" name="mmcblk0p8" dev="tmpfs" ino=1473 scontext=u:r:vold:s0 tcontext=u:object_r:block_device:s0 tclass=blk_file
03-07 13:50:01.891   295   295 I auditd  : type=1400 audit(0.0:86): avc: granted { read write open } for comm="vold" path="/dev/block/mmcblk0p8" dev="tmpfs" ino=1473 scontext=u:r:vold:s0 tcontext=u:object_r:block_device:s0 tclass=blk_file
03-07 13:50:01.891   295   295 I auditd  : type=1400 audit(0.0:87): avc: granted { getattr } for comm="vold" path="/dev/block/mmcblk0p8" dev="tmpfs" ino=1473 scontext=u:r:vold:s0 tcontext=u:object_r:block_device:s0 tclass=blk_file
03-07 13:50:01.891   295   295 I auditd  : type=1400 audit(0.0:88): avc: granted { read write } for comm="vold" name="mmcblk0p8" dev="tmpfs" ino=1473 scontext=u:r:vold:s0 tcontext=u:object_r:block_device:s0 tclass=blk_file
03-07 13:50:01.891   295   295 I auditd  : type=1400 audit(0.0:89): avc: granted { read write open } for comm="vold" path="/dev/block/mmcblk0p8" dev="tmpfs" ino=1473 scontext=u:r:vold:s0 tcontext=u:object_r:block_device:s0 tclass=blk_file
03-07 13:50:01.891   295   295 I auditd  : type=1400 audit(0.0:90): avc: granted { getattr } for comm="vold" path="/dev/block/mmcblk0p8" dev="tmpfs" ino=1473 scontext=u:r:vold:s0 tcontext=u:object_r:block_device:s0 tclass=blk_file
03-07 13:50:01.910  1998  3347 I force_gc: Binder
03-07 13:50:02.001  1304  1304 I notification_cancel: [10075,5269,com.google.android.apps.photos,10436,NULL,0,0,64,8,NULL]
03-07 13:50:02.355  1304  1996 I am_kill : [0,4488,com.google.android.gm,15,empty #13]
03-07 13:50:02.418  1304  1984 I am_proc_died: [0,4488,com.google.android.gm]
03-07 13:50:02.439  1304  1338 I sync    : [com.google.android.music.MusicContent,0,0,-1776524722]
03-07 13:50:02.452  1304  1304 I notification_cancel: [10067,5274,com.google.android.music,1061,NULL,0,0,64,8,NULL]
03-07 13:50:02.487  1949  2330 D TelephonyManager: getTelephonyProperty prop value= 25020
03-07 13:50:02.556  5274  5322 D TelephonyManager: getTelephonyProperty prop value= 25020
03-07 13:50:03.259  1304  1304 I notification_cancel: [10067,5274,com.google.android.music,10436,NULL,0,0,64,8,NULL]
03-07 13:50:03.335  1304  1304 I notification_cancel: [10067,5274,com.google.android.music,26,NULL,0,0,64,8,NULL]
03-07 13:50:03.341  5274  5322 I sync_details: [com.google.android.music,1374,8220,]
03-07 13:50:03.344  1304  1338 I sync    : [com.google.android.music.MusicContent,1,0,-1776524722]
03-07 13:50:03.344  1304  1304 I notification_cancel: [1000,1304,android,2046190573,NULL,0,0,0,8,NULL]
03-07 13:50:03.391  1304  1994 I force_gc: Binder
03-07 13:50:05.137   856   856 D RILMUXD : [gsm0710muxd] 3913:main(): Frames received/dropped: 811/0
03-07 13:50:05.377  1304  1995 I am_home_stack_moved: [0,0,1,1,sourceStackToFront]
03-07 13:50:05.378  1304  1995 I wm_task_moved: [40,1,0]
03-07 13:50:05.379  1304  1995 I am_create_activity: [0,105473065,40,com.android.settings/.SubSettings,android.intent.action.MAIN,NULL,NULL,0]
03-07 13:50:05.380  1304  1995 I am_pause_activity: [0,93646061,com.android.settings/.SubSettings]
03-07 13:50:05.382  1304  1995 I am_home_stack_moved: [0,0,1,1,startedActivity setFocusedActivity]
03-07 13:50:05.382  1304  1995 I wm_task_moved: [40,1,0]
03-07 13:50:05.385  1304  1995 I am_focused_activity: [0,com.android.settings/.SubSettings]
03-07 13:50:05.394  5102  5102 I sysui_view_visibility: [239,0]
03-07 13:50:05.396  5102  5102 I am_on_paused_called: [0,com.android.settings.SubSettings]
03-07 13:50:05.398  1304  1984 I am_restart_activity: [0,105473065,40,com.android.settings/.SubSettings]
03-07 13:50:05.464  5102  5102 I sysui_view_visibility: [39,100]
03-07 13:50:05.503  5102  5102 I am_on_resume_called: [0,com.android.settings.SubSettings]
03-07 13:50:05.532   856  1239 D RILMUXD : [gsm0710muxd] 1649:gsm0710_base_buffer_get_frame(): Get a complete frame. ch:2, ctrl:239, len:42
03-07 13:50:05.532   856  1239 D RILMUXD : [gsm0710muxd] 2394:extract_frames(): Writing 42 byte frame received on channel 2 to /dev/pts/2
03-07 13:50:05.532   856  1239 D RILMUXD : [gsm0710muxd] 2414:extract_frames(): write() returned. Written 42/42 bytes of frame to /dev/pts/2
03-07 13:50:05.532   856  1239 D RILMUXD : [gsm0710muxd] 2419:extract_frames(): fsync() failed (-1, 22 - Invalid argument)
03-07 13:50:05.532  1254  1286 I AT      : AT read end: 42
03-07 13:50:05.532  1254  1286 D AT      : AT< +ECSQ: 26,36,1,-380,-25,1,1,6,32767,-1
