03-06 20:44:35.873   210   210 E         : (4)[210:bat_thread_kthr][PE+] Cable In
03-06 20:44:35.889   210   210 E         : (4)[210:bat_thread_kthr]AvgVbat=(4352),bat_vol=(4377),AvgI=(545),I=(69),VChr=(4645),AvgT=(30),T=(30),pre_SOC=(100),SOC=(100),ZCV=(4369)
03-06 20:44:35.897   210   210 E         : (4)[210:bat_thread_kthr][PE+]Ibat=576, Ilim=600, Vbus=4600, err=0, Ichg=400, Vbat=4364, ChrStat=2, CHGEN=1, VDPM=0
03-06 20:44:35.905   210   210 E         : (4)[210:bat_thread_kthr][PE+]Ibat=576, Ilim=600, Vbus=4500, err=0, Ichg=0, Vbat=4364, ChrStat=0, CHGEN=0, VDPM=0
03-06 20:44:35.905   210   210 E         : (4)[210:bat_thread_kthr]g_gn_screenon_time=(50), g_call_state=0, g_boot_reason=4, g_boot_mode=0
03-06 20:44:35.905   210   210 E         : (4)[210:bat_thread_kthr]GN_Camera_State=0, Fast_Charge_Switch_State=1
03-06 20:44:35.905   210   210 E         : (4)[210:bat_thread_kthr][check_battery_exist] baton_count = 0
03-06 20:44:35.907   210   210 E         : (4)[210:bat_thread_kthr][PE+]Stop battery_pump_express_charger_check, SOC=100, ta_check_chr_type = 1, charger_type = 1 , is_ta_connect_retry = 0 , g_call_state = 0
03-06 20:44:35.907   210   210 E         : (4)[210:bat_thread_kthr][BATTERY] CC mode charge, timer=20 on 20 !!
03-06 20:44:35.911     0     0 I         : bq25890 find pinctrl_swcharger_en_low!
03-06 20:44:35.937   210   210 W         : (4)[210:bat_thread_kthr]bq25891 find pinctrl_swcharger_sub_en_low!
03-06 20:44:35.963   210   210 E         : (4)[210:bat_thread_kthr]charging_hw_init
03-06 20:44:35.963   210   210 E         : (4)[210:bat_thread_kthr][PE+][battery_pump_express_algorithm_start]start PEP...
03-06 20:44:35.963   210   210 E         : (4)[210:bat_thread_kthr][PE+]Not a TA charger, bypass TA algorithm
03-06 20:44:35.963   210   210 E         : (4)[210:bat_thread_kthr][BATTERY] select_charging_current !
03-06 20:44:35.963   210   210 E         : (4)[210:bat_thread_kthr][BATTERY] Default CC mode charging : 60000, input current = 60000
03-06 20:44:35.966   210   210 E         : (4)[210:bat_thread_kthr]charging_set_cv_voltage register_value=0x23 4400000 4400000
03-06 20:44:35.967   210   210 E         : (4)[210:bat_thread_kthr]charging_set_cv_voltage register_value=0x23 4400000 4400000
03-06 20:44:35.971   210   210 E         : (4)[210:bat_thread_kthr][BATTERY] pchr_turn_on_charging(), enable =1 !
03-06 20:44:35.978   210   210 E         : (4)[210:bat_thread_kthr][PE+]Ibat=576, Ilim=600, Vbus=4600, err=0, Ichg=400, Vbat=4364, ChrStat=2, CHGEN=1, VDPM=0
03-06 20:44:35.990   210   210 E         : (4)[210:bat_thread_kthr][PE+]Ibat=576, Ilim=600, Vbus=4500, err=0, Ichg=0, Vbat=4364, ChrStat=0, CHGEN=0, VDPM=0
03-06 20:44:35.990   210   210 E         : (4)[210:bat_thread_kthr][100percent], UI_SOC(100), reset(0)
03-06 20:44:35.990   210   210 E         : (4)[210:bat_thread_kthr][recharging] UI_SOC=100, SOC=100
03-06 20:44:35.991   210   210 E         : (4)[210:bat_thread_kthr]UI_SOC=(100), resetBatteryMeter=(0)
03-06 20:44:35.991   210   210 I -(4)[210:bat_thread_kthr]mtk_rtc_hal_common: rtc_spare_reg[0] = {16412, 127, 8}
03-06 20:44:35.991   210   210 E         : (4)[210:bat_thread_kthr][DLPT_POWER_OFF_EN] run
03-06 20:44:35.991   210   210 E         : (4)[210:bat_thread_kthr][mt_kpoc_power_off_check] , chr_vol=4645, boot_mode=0
03-06 20:44:36.108   279   330 I Cryptfs : Enabling support for allow_discards in dmcrypt.
03-06 20:44:36.108   279   330 I Cryptfs : target_type = crypt
03-06 20:44:36.108   279   330 I Cryptfs : real_blk_name = /dev/block/platform/mtk-msdc.0/11230000.msdc0/by-name/userdata, extra_params = 1 allow_discards
03-06 20:44:36.109   279   297 D vold    : Disk at 253:0 changed
03-06 20:44:36.861   279   330 I Cryptfs : Password matches
03-06 20:44:36.850   330   330 I auditd  : type=1400 audit(0.0:90): avc: denied { connectto } for comm="vold" path=006D636461656D6F6E scontext=u:r:vold:s0 tcontext=u:object_r:mobicore_exec:s0 tclass=unix_stream_socket permissive=1
03-06 20:44:36.850   330   330 I vold    : type=1400 audit(0.0:90): avc: denied { connectto } for path=006D636461656D6F6E scontext=u:r:vold:s0 tcontext=u:object_r:mobicore_exec:s0 tclass=unix_stream_socket permissive=1
03-06 20:44:36.862   279   330 D Cryptfs : test_mount_encrypted_fs(): Master key saved
03-06 20:44:36.862   279   330 I Cryptfs : keymaster module name is Keymaster TEE HAL
03-06 20:44:36.862   279   330 I Cryptfs : keymaster version is 256
03-06 20:44:36.862   279   330 I Cryptfs : Found keymaster1 module, using keymaster1 API.
03-06 20:44:36.884   308   308 E 6620_launcher: get property(persist.mtk.wcn.fwlog.status) failed ret:0
03-06 20:44:36.884   308   308 I 6620_launcher: get property(persist.mtk.wcn.dynamic.dump) failed ret:0
03-06 20:44:36.896   279   330 D Cryptfs : Password is default - restarting filesystem
03-06 20:44:36.941   106   106 I (5)[106:hps_main]MobiCore mcd: Cpu 5 is going to die
03-06 20:44:36.942   106   106 I (4)[106:hps_main]CPU5: shutdown
03-06 20:44:36.943   106   106 I (4)[106:hps_main]MobiCore mcd: Cpu 5 is dead
03-06 20:44:36.943   106   106 W (4)[106:hps_main][HPS] END: (0400)(0)(2) action end(56)(59)(0)(0) (0)(4)(0)(1) (295)(36)(0) (56)(36)(0) (0)(59)(36)(0)(59) (4)(0)(1)
03-06 20:44:37.042    72    72 D         : (4)[72:cfinteractive][name:mt_cpufreq&][Power/cpufreq] @_cpufreq_set_locked(), MT_CPU_DVFS_BIG: (5, 0): freq = 1196000 (1196000), volt = 91250 (91250), cpus = 1, cur = 1950000
03-06 20:44:37.264   106   106 D (4)[106:hps_main][name:mt_ppm_main&][Power/PPM] (0x200)(-1)(0)[L_ONLY]->[LL_ONLY]: (7)(0)(1)(4) (5)(0)(0)(0)
03-06 20:44:37.264     0     0 W -(0)[0:swapper/0]CPU0: Booted secondary processor
03-06 20:44:37.264     0     0 I         : -(0)[0:swapper/0]Detected VIPT I-cache on CPU0
03-06 20:44:37.265     0     0 I -(0)[0:swapper/0]CPU0: update cpu_capacity 600
03-06 20:44:37.265   106   106 W         : (4)[106:hps_main][Power/cpufreq] MT_CPU_DVFS_LITTLE freq = 156000
03-06 20:44:37.265   106   106 E         : (4)[106:hps_main][CPUHVFS] [000307f8] cluster0 on, pause = 0x0, RSV4: 0x5270a070
03-06 20:44:37.266   106   106 I (4)[106:hps_main]MobiCore mcd: Cpu 4 is going to die
03-06 20:44:37.266   106   106 E         : (0)[106:hps_main][CPUHVFS] [0003081a] cluster1 off, pause = 0x0, RSV4: 0x5270d270
03-06 20:44:37.270   106   106 I (0)[106:hps_main]CPU4: shutdown
03-06 20:44:37.272   106   106 I (0)[106:hps_main]MobiCore mcd: Cpu 4 is dead
03-06 20:44:37.272   106   106 W (0)[106:hps_main][HPS] END: (0000)(0)(1) action end(76)(122)(0)(0) (4)(0)(1)(0) (206)(8)(2) (0)(0)(0) (0)(122)(8)(0)(122) (0)(1)(0)
03-06 20:44:37.313     0     0 W -(1)[0:swapper/1]CPU1: Booted secondary processor
03-06 20:44:37.313     0     0 I         : -(1)[0:swapper/1]Detected VIPT I-cache on CPU1
03-06 20:44:37.313     0     0 I -(1)[0:swapper/1]CPU1: update cpu_capacity 600
03-06 20:44:37.314     0     0 W -(2)[0:swapper/2]CPU2: Booted secondary processor
03-06 20:44:37.314     0     0 I         : -(2)[0:swapper/2]Detected VIPT I-cache on CPU2
03-06 20:44:37.315     0     0 I -(2)[0:swapper/2]CPU2: update cpu_capacity 600
03-06 20:44:37.315   106   106 W (0)[106:hps_main][HPS] END: (0020)(1)(0) action end(101)(259)(0)(0) (4)(0)(1)(0) (0)(0)(0) (0)(0)(0) (1)(259)(1)(0)(259) (0)(3)(0)
03-06 20:44:37.356   106   106 I (0)[106:hps_main]MobiCore mcd: Cpu 2 is going to die
03-06 20:44:37.357   106   106 I (0)[106:hps_main]CPU2: shutdown
03-06 20:44:37.357   106   106 I (0)[106:hps_main]MobiCore mcd: Cpu 2 is dead
03-06 20:44:37.358   106   106 W (0)[106:hps_main][HPS] END: (0200)(3)(0) action end(102)(113)(0)(0) (4)(0)(1)(0) (102)(1)(1) (102)(1)(0) (0)(113)(1)(0)(113) (0)(2)(0)
03-06 20:44:38.241     0     0 I -(0)[0:swapper/0]random: nonblocking pool is initialized
03-06 20:44:38.400   106   106 I (1)[106:hps_main]MobiCore mcd: Cpu 1 is going to die
03-06 20:44:38.401   106   106 I (0)[106:hps_main]CPU1: shutdown
03-06 20:44:38.402   106   106 I (0)[106:hps_main]MobiCore mcd: Cpu 1 is dead
03-06 20:44:38.402   106   106 W (0)[106:hps_main][HPS] END: (0200)(2)(0) action end(71)(72)(0)(0) (4)(0)(1)(0) (266)(26)(2) (71)(26)(0) (0)(72)(26)(0)(72) (0)(1)(0)
03-06 20:44:38.886   308   308 E 6620_launcher: get property(persist.mtk.wcn.fwlog.status) failed ret:0
03-06 20:44:38.887   308   308 I 6620_launcher: get property(persist.mtk.wcn.dynamic.dump) failed ret:0
03-06 20:44:40.889   308   308 E 6620_launcher: get property(persist.mtk.wcn.fwlog.status) failed ret:0
03-06 20:44:40.889   308   308 I 6620_launcher: get property(persist.mtk.wcn.dynamic.dump) failed ret:0
03-06 20:44:42.036     0     0 W -(0)[0:swapper/0]Power/swap DP: No enter --- SODI3: No enter --- SODI: No enter ---
03-06 20:44:42.889   308   308 E 6620_launcher: get property(persist.mtk.wcn.fwlog.status) failed ret:0
03-06 20:44:42.889   308   308 I 6620_launcher: get property(persist.mtk.wcn.dynamic.dump) failed ret:0
03-06 20:44:43.513     0     0 E         : (0)[211:mtk charger_hv_][check_battery_exist] baton_count = 0
03-06 20:44:43.517     0     0 E         : (0)[211:mtk charger_hv_][gn_update_BatteryPresentCurrent] BAT_ChargerVoltage = (4730), PresentCurrent = (211)
03-06 20:44:44.892   308   308 E 6620_launcher: get property(persist.mtk.wcn.fwlog.status) failed ret:0
03-06 20:44:44.892   308   308 I 6620_launcher: get property(persist.mtk.wcn.dynamic.dump) failed ret:0
03-06 20:44:45.869     0     0 E -(0)[0:swapper/0]******** battery: bat_thread_wakeup  ********
03-06 20:44:45.869   210   210 E         : (0)[210:bat_thread_kthr][BAT_thread]Cable in, CHR_Type_num=1
03-06 20:44:45.869   210   210 E         : (0)[210:bat_thread_kthr][PE+] Cable In
03-06 20:44:45.885   210   210 E         : (0)[210:bat_thread_kthr]AvgVbat=(4354),bat_vol=(4393),AvgI=(533),I=(226),VChr=(4740),AvgT=(30),T=(30),pre_SOC=(100),SOC=(100),ZCV=(4368)
03-06 20:44:45.893   210   210 E         : (0)[210:bat_thread_kthr][PE+]Ibat=576, Ilim=600, Vbus=4600, err=0, Ichg=400, Vbat=4384, ChrStat=2, CHGEN=1, VDPM=0
03-06 20:44:45.901   210   210 E         : (0)[210:bat_thread_kthr][PE+]Ibat=576, Ilim=600, Vbus=4500, err=0, Ichg=0, Vbat=4364, ChrStat=0, CHGEN=0, VDPM=0
03-06 20:44:45.901   210   210 E         : (0)[210:bat_thread_kthr]g_gn_screenon_time=(60), g_call_state=0, g_boot_reason=4, g_boot_mode=0
03-06 20:44:45.901   210   210 E         : (0)[210:bat_thread_kthr]GN_Camera_State=0, Fast_Charge_Switch_State=1
03-06 20:44:45.902   210   210 E         : (0)[210:bat_thread_kthr][check_battery_exist] baton_count = 0
03-06 20:44:45.904   210   210 E         : (0)[210:bat_thread_kthr][PE+]Stop battery_pump_express_charger_check, SOC=100, ta_check_chr_type = 1, charger_type = 1 , is_ta_connect_retry = 0 , g_call_state = 0
03-06 20:44:45.904   210   210 E         : (0)[210:bat_thread_kthr][BATTERY] CC mode charge, timer=30 on 30 !!
03-06 20:44:45.908     0     0 I         : bq25890 find pinctrl_swcharger_en_low!
03-06 20:44:45.936   210   210 W         : (0)[210:bat_thread_kthr]bq25891 find pinctrl_swcharger_sub_en_low!
03-06 20:44:45.969   210   210 E         : (0)[210:bat_thread_kthr]charging_hw_init
03-06 20:44:45.969   210   210 E         : (0)[210:bat_thread_kthr][PE+][battery_pump_express_algorithm_start]start PEP...
03-06 20:44:45.969   210   210 E         : (0)[210:bat_thread_kthr][PE+]Not a TA charger, bypass TA algorithm
03-06 20:44:45.969   210   210 E         : (0)[210:bat_thread_kthr][BATTERY] select_charging_current !
03-06 20:44:45.969   210   210 E         : (0)[210:bat_thread_kthr][BATTERY] Default CC mode charging : 60000, input current = 60000
03-06 20:44:45.972   210   210 E         : (0)[210:bat_thread_kthr]charging_set_cv_voltage register_value=0x23 4400000 4400000
03-06 20:44:45.973   210   210 E         : (0)[210:bat_thread_kthr]charging_set_cv_voltage register_value=0x23 4400000 4400000
03-06 20:44:45.980   210   210 E         : (0)[210:bat_thread_kthr][BATTERY] pchr_turn_on_charging(), enable =1 !
03-06 20:44:45.988   210   210 E         : (0)[210:bat_thread_kthr][PE+]Ibat=576, Ilim=600, Vbus=4800, err=0, Ichg=400, Vbat=4404, ChrStat=2, CHGEN=1, VDPM=0
03-06 20:44:45.998   210   210 E         : (0)[210:bat_thread_kthr][PE+]Ibat=576, Ilim=600, Vbus=4700, err=0, Ichg=0, Vbat=4384, ChrStat=0, CHGEN=0, VDPM=0
03-06 20:44:45.998   210   210 E         : (0)[210:bat_thread_kthr][100percent], UI_SOC(100), reset(0)
03-06 20:44:45.998   210   210 E         : (0)[210:bat_thread_kthr][recharging] UI_SOC=100, SOC=100
03-06 20:44:45.998   210   210 E         : (0)[210:bat_thread_kthr]UI_SOC=(100), resetBatteryMeter=(0)
03-06 20:44:45.998   210   210 I -(0)[210:bat_thread_kthr]mtk_rtc_hal_common: rtc_spare_reg[0] = {16412, 127, 8}
03-06 20:44:45.999   210   210 E         : (0)[210:bat_thread_kthr][DLPT_POWER_OFF_EN] run
03-06 20:44:45.999   210   210 E         : (0)[210:bat_thread_kthr][mt_kpoc_power_off_check] , chr_vol=4740, boot_mode=0
03-06 20:44:46.502     0     0 W -(1)[0:swapper/1]CPU1: Booted secondary processor
03-06 20:44:46.502     0     0 I         : -(1)[0:swapper/1]Detected VIPT I-cache on CPU1
03-06 20:44:46.503     0     0 I -(1)[0:swapper/1]CPU1: update cpu_capacity 600
03-06 20:44:46.503   106   106 W (0)[106:hps_main][HPS] END: (0020)(1)(0) action end(100)(186)(0)(1) (4)(0)(1)(0) (196)(201)(0) (0)(0)(0) (1)(186)(202)(0)(186) (0)(2)(0)
03-06 20:44:46.542    72    72 D         : (0)[72:cfinteractive][name:mt_cpufreq&][Power/cpufreq] @_cpufreq_set_locked(), MT_CPU_DVFS_LITTLE: (7, 0): freq = 1144000 (1144000), volt = 104375 (104375), cpus = 2, cur = 1014000
03-06 20:44:46.824   106   106 D (0)[106:hps_main][name:mt_ppm_main&][Power/PPM] (0x200)(-1)(1)[LL_ONLY]->[L_ONLY]: (7)(0)(0)(0) (5)(0)(1)(4)
03-06 20:44:46.825     0     0 W -(4)[0:swapper/4]CPU4: Booted secondary processor
03-06 20:44:46.825     0     0 I         : -(4)[0:swapper/4]Detected VIPT I-cache on CPU4
03-06 20:44:46.825     0     0 I -(4)[0:swapper/4]CPU4: update cpu_capacity 1024
03-06 20:44:46.825   106   106 W         : (1)[106:hps_main][Power/cpufreq] MT_CPU_DVFS_BIG freq = 286000
03-06 20:44:46.826   106   106 E         : (1)[106:hps_main][CPUHVFS] [0007cfab] cluster1 on, pause = 0x0, RSV4: 0x2270d770
03-06 20:44:46.827   106   106 I (1)[106:hps_main]MobiCore mcd: Cpu 1 is going to die
03-06 20:44:46.827   106   106 I (4)[106:hps_main]CPU1: shutdown
03-06 20:44:46.828   106   106 I (4)[106:hps_main]MobiCore mcd: Cpu 1 is dead
03-06 20:44:46.828   106   106 I (4)[106:hps_main]MobiCore mcd: Cpu 0 is going to die
03-06 20:44:46.828   106   106 E         : (4)[106:hps_main][CPUHVFS] [0007d00a] cluster0 off, pause = 0x0, RSV4: 0x5770d770
03-06 20:44:46.831   106   106 I (4)[106:hps_main]CPU0: shutdown
03-06 20:44:46.832   106   106 I (4)[106:hps_main]MobiCore mcd: Cpu 0 is dead
03-06 20:44:46.832   106   106 W (4)[106:hps_main][HPS] END: (0400)(2)(0) action end(36)(35)(0)(0) (0)(4)(0)(1) (332)(8)(2) (36)(8)(0) (0)(35)(8)(0)(35) (4)(0)(1)
03-06 20:44:46.842    72    72 D         : (4)[72:cfinteractive][name:mt_cpufreq&][Power/cpufreq] @_cpufreq_set_locked(), MT_CPU_DVFS_BIG: (5, 0): freq = 1196000 (1196000), volt = 91250 (91250), cpus = 1, cur = 1950000
03-06 20:44:46.894   308   308 E 6620_launcher: get property(persist.mtk.wcn.fwlog.status) failed ret:0
03-06 20:44:46.894   308   308 I 6620_launcher: get property(persist.mtk.wcn.dynamic.dump) failed ret:0
03-06 20:44:47.072   106   106 D (4)[106:hps_main][name:mt_ppm_main&][Power/PPM] (0x200)(-1)(0)[L_ONLY]->[LL_ONLY]: (7)(0)(1)(4) (5)(0)(0)(0)
03-06 20:44:47.073     0     0 W -(0)[0:swapper/0]CPU0: Booted secondary processor
03-06 20:44:47.073     0     0 I         : -(0)[0:swapper/0]Detected VIPT I-cache on CPU0
03-06 20:44:47.073     0     0 I -(0)[0:swapper/0]CPU0: update cpu_capacity 600
03-06 20:44:47.074   106   106 W         : (4)[106:hps_main][Power/cpufreq] MT_CPU_DVFS_LITTLE freq = 156000
03-06 20:44:47.074   106   106 E         : (4)[106:hps_main][CPUHVFS] [0007ef81] cluster0 on, pause = 0x0, RSV4: 0x5270a770
03-06 20:44:47.075   106   106 I (4)[106:hps_main]MobiCore mcd: Cpu 4 is going to die
03-06 20:44:47.075   106   106 E         : (0)[106:hps_main][CPUHVFS] [0007efa8] cluster1 off, pause = 0x0, RSV4: 0x5270d270
03-06 20:44:47.079   106   106 I (0)[106:hps_main]CPU4: shutdown
03-06 20:44:47.081   106   106 I (0)[106:hps_main]MobiCore mcd: Cpu 4 is dead
03-06 20:44:47.081   106   106 W (0)[106:hps_main][HPS] END: (0000)(0)(1) action end(43)(71)(0)(0) (4)(0)(1)(0) (126)(6)(0) (0)(0)(0) (0)(71)(6)(0)(71) (0)(1)(0)
03-06 20:44:48.898   308   308 E 6620_launcher: get property(persist.mtk.wcn.fwlog.status) failed ret:0
03-06 20:44:48.898   308   308 I 6620_launcher: get property(persist.mtk.wcn.dynamic.dump) failed ret:0
03-06 20:44:50.900   308   308 E 6620_launcher: get property(persist.mtk.wcn.fwlog.status) failed ret:0
03-06 20:44:50.900   308   308 I 6620_launcher: get property(persist.mtk.wcn.dynamic.dump) failed ret:0
03-06 20:44:51.492     0     0 W (0)[214:wdtk-0][WDK]: kick Ex WDT,RT[21335905204]
03-06 20:44:52.037     0     0 W -(0)[0:swapper/0]Power/swap DP: No enter --- SODI3: No enter --- SODI: No enter ---
03-06 20:44:52.902   308   308 E 6620_launcher: get property(persist.mtk.wcn.fwlog.status) failed ret:0
03-06 20:44:52.902   308   308 I 6620_launcher: get property(persist.mtk.wcn.dynamic.dump) failed ret:0
03-06 20:44:53.521     0     0 E         : (0)[211:mtk charger_hv_][check_battery_exist] baton_count = 0
03-06 20:44:53.526     0     0 E         : (0)[211:mtk charger_hv_][gn_update_BatteryPresentCurrent] BAT_ChargerVoltage = (4778), PresentCurrent = (223)
03-06 20:44:53.975   279   330 W Cryptfs : sending SIGHUP to processes with open files
03-06 20:44:54.060     0     0 W -(1)[0:swapper/1]CPU1: Booted secondary processor
03-06 20:44:54.060     0     0 I         : -(1)[0:swapper/1]Detected VIPT I-cache on CPU1
03-06 20:44:54.060     0     0 I -(1)[0:swapper/1]CPU1: update cpu_capacity 600
03-06 20:44:54.061     0     0 W -(2)[0:swapper/2]CPU2: Booted secondary processor
03-06 20:44:54.061     0     0 I         : -(2)[0:swapper/2]Detected VIPT I-cache on CPU2
03-06 20:44:54.062     0     0 I -(2)[0:swapper/2]CPU2: update cpu_capacity 600
03-06 20:44:54.062   106   106 W (1)[106:hps_main][HPS] END: (0020)(1)(0) action end(100)(213)(0)(0) (4)(0)(1)(0) (206)(173)(2) (0)(0)(0) (1)(213)(174)(0)(213) (0)(3)(0)
03-06 20:44:54.060   330   330 I auditd  : type=1400 audit(0.0:91): avc: denied { read } for comm="vold" scontext=u:r:vold:s0 tcontext=u:object_r:mobicore_exec:s0 tclass=file permissive=1
03-06 20:44:54.060   330   330 I vold    : type=1400 audit(0.0:91): avc: denied { read } for scontext=u:r:vold:s0 tcontext=u:object_r:mobicore_exec:s0 tclass=file permissive=1
03-06 20:44:54.060   330   330 I auditd  : type=1400 audit(0.0:92): avc: denied { search } for comm="vold" name="271" dev="proc" ino=3559 scontext=u:r:vold:s0 tcontext=u:object_r:mobicore_exec:s0 tclass=dir permissive=1
03-06 20:44:54.060   330   330 I vold    : type=1400 audit(0.0:92): avc: denied { search } for name="271" dev="proc" ino=3559 scontext=u:r:vold:s0 tcontext=u:object_r:mobicore_exec:s0 tclass=dir permissive=1
03-06 20:44:54.060   330   330 I auditd  : type=1400 audit(0.0:93): avc: denied { open } for comm="vold" path="/proc/271/cmdline" dev="proc" ino=3613 scontext=u:r:vold:s0 tcontext=u:object_r:mobicore_exec:s0 tclass=file permissive=1
03-06 20:44:54.060   330   330 I vold    : type=1400 audit(0.0:93): avc: denied { open } for path="/proc/271/cmdline" dev="proc" ino=3613 scontext=u:r:vold:s0 tcontext=u:object_r:mobicore_exec:s0 tclass=file permissive=1
03-06 20:44:54.060   330   330 I auditd  : type=1400 audit(0.0:94): avc: denied { read } for comm="vold" name="fd" dev="proc" ino=11612 scontext=u:r:vold:s0 tcontext=u:object_r:mobicore_exec:s0 tclass=dir permissive=1
03-06 20:44:54.060   330   330 I vold    : type=1400 audit(0.0:94): avc: denied { read } for name="fd" dev="proc" ino=11612 scontext=u:r:vold:s0 tcontext=u:object_r:mobicore_exec:s0 tclass=dir permissive=1
03-06 20:44:54.060   330   330 I auditd  : type=1400 audit(0.0:95): avc: denied { open } for comm="vold" path="/proc/271/fd" dev="proc" ino=11612 scontext=u:r:vold:s0 tcontext=u:object_r:mobicore_exec:s0 tclass=dir permissive=1
03-06 20:44:54.060   330   330 I vold    : type=1400 audit(0.0:95): avc: denied { open } for path="/proc/271/fd" dev="proc" ino=11612 scontext=u:r:vold:s0 tcontext=u:object_r:mobicore_exec:s0 tclass=dir permissive=1
03-06 20:44:54.060   330   330 I auditd  : type=1400 audit(0.0:96): avc: denied { getattr } for comm="vold" path="/proc/271/fd/0" dev="proc" ino=11613 scontext=u:r:vold:s0 tcontext=u:object_r:mobicore_exec:s0 tclass=lnk_file permissive=1
03-06 20:44:54.060   330   330 I vold    : type=1400 audit(0.0:96): avc: denied { getattr } for path="/proc/271/fd/0" dev="proc" ino=11613 scontext=u:r:vold:s0 tcontext=u:object_r:mobicore_exec:s0 tclass=lnk_file permissive=1
03-06 20:44:54.070   330   330 I auditd  : type=1400 audit(0.0:97): avc: denied { read } for comm="vold" name="0" dev="proc" ino=11613 scontext=u:r:vold:s0 tcontext=u:object_r:mobicore_exec:s0 tclass=lnk_file permissive=1
03-06 20:44:54.070   330   330 I vold    : type=1400 audit(0.0:97): avc: denied { read } for name="0" dev="proc" ino=11613 scontext=u:r:vold:s0 tcontext=u:object_r:mobicore_exec:s0 tclass=lnk_file permissive=1
03-06 20:44:54.070   330   330 I auditd  : type=1400 audit(0.0:98): avc: denied { getattr } for comm="vold" path="/proc/271/maps" dev="proc" ino=11627 scontext=u:r:vold:s0 tcontext=u:object_r:mobicore_exec:s0 tclass=file permissive=1
03-06 20:44:54.070   330   330 I vold    : type=1400 audit(0.0:98): avc: denied { getattr } for path="/proc/271/maps" dev="proc" ino=11627 scontext=u:r:vold:s0 tcontext=u:object_r:mobicore_exec:s0 tclass=file permissive=1
03-06 20:44:54.102    72    72 D         : (2)[72:cfinteractive][name:mt_cpufreq&][Power/cpufreq] @_cpufreq_set_locked(), MT_CPU_DVFS_LITTLE: (7, 0): freq = 1144000 (1144000), volt = 104375 (104375), cpus = 3, cur = 1014000
03-06 20:44:54.103   106   106 I (0)[106:hps_main]MobiCore mcd: Cpu 2 is going to die
03-06 20:44:54.104   106   106 I (0)[106:hps_main]CPU2: shutdown
03-06 20:44:54.104   106   106 I (0)[106:hps_main]MobiCore mcd: Cpu 2 is dead
03-06 20:44:54.105   106   106 W (0)[106:hps_main][HPS] END: (0200)(3)(0) action end(162)(207)(0)(1) (4)(0)(1)(0) (162)(1)(1) (162)(1)(0) (0)(207)(1)(0)(207) (0)(2)(0)
03-06 20:44:54.107   279   330 E ProcessKiller: Process /system/bin/logcat (350) has open file /data/misc/logd/logcat
03-06 20:44:54.107   279   330 W ProcessKiller: Sending Terminated to process 350
03-06 20:44:54.116     1     1 I (1)[1:init]init: Service 'logcatd' (pid 350) killed by signal 15
03-06 20:44:54.116     1     1 I (1)[1:init]init: Service 'logcatd' (pid 350) killing any children in process group
03-06 20:44:54.117     1     1 I (1)[1:init]init: Starting service 'logcatd'...
03-06 20:44:54.128   279   330 W ProcessKiller: 350 kill successfully
03-06 20:44:54.345   106   106 I (0)[106:hps_main]MobiCore mcd: Cpu 1 is going to die
03-06 20:44:54.346   106   106 I (0)[106:hps_main]CPU1: shutdown
03-06 20:44:54.346   106   106 I (0)[106:hps_main]MobiCore mcd: Cpu 1 is dead
03-06 20:44:54.347   106   106 W (0)[106:hps_main][HPS] END: (0200)(2)(0) action end(41)(46)(0)(0) (4)(0)(1)(0) (296)(6)(0) (41)(6)(0) (0)(46)(6)(0)(46) (0)(1)(0)
03-06 20:44:54.387   106   106 D (0)[106:hps_main][name:mt_ppm_main&][Power/PPM] (0x200)(-1)(1)[LL_ONLY]->[L_ONLY]: (7)(0)(0)(0) (5)(0)(1)(4)
03-06 20:44:54.387     0     0 W -(4)[0:swapper/4]CPU4: Booted secondary processor
03-06 20:44:54.387     0     0 I         : -(4)[0:swapper/4]Detected VIPT I-cache on CPU4
03-06 20:44:54.388     0     0 I -(4)[0:swapper/4]CPU4: update cpu_capacity 1024
03-06 20:44:54.388   106   106 W         : (0)[106:hps_main][Power/cpufreq] MT_CPU_DVFS_BIG freq = 286000
03-06 20:44:54.388   106   106 E         : (0)[106:hps_main][CPUHVFS] [000b97b5] cluster1 on, pause = 0x0, RSV4: 0x2270d770
03-06 20:44:54.390   106   106 I (0)[106:hps_main]MobiCore mcd: Cpu 0 is going to die
03-06 20:44:54.390   106   106 E         : (0)[106:hps_main][CPUHVFS] [000b97eb] cluster0 off, pause = 0x0, RSV4: 0x5770d770
03-06 20:44:54.392   106   106 I (4)[106:hps_main]CPU0: shutdown
03-06 20:44:54.393   106   106 I (4)[106:hps_main]MobiCore mcd: Cpu 0 is dead
03-06 20:44:54.393   106   106 W (4)[106:hps_main][HPS] END: (4000)(1)(0) action end(37)(76)(0)(0) (0)(4)(0)(1) (37)(1)(1) (0)(0)(0) (0)(76)(1)(0)(76) (4)(0)(1)
03-06 20:44:54.482    72    72 D         : (4)[72:cfinteractive][name:mt_cpufreq&][Power/cpufreq] @_cpufreq_set_locked(), MT_CPU_DVFS_BIG: (5, 0): freq = 871000 (871000), volt = 85000 (85000), cpus = 1, cur = 1573000
03-06 20:44:54.634   106   106 D (4)[106:hps_main][name:mt_ppm_main&][Power/PPM] (0x200)(-1)(0)[L_ONLY]->[LL_ONLY]: (7)(0)(1)(4) (5)(0)(0)(0)
03-06 20:44:54.634     0     0 W -(0)[0:swapper/0]CPU0: Booted secondary processor
03-06 20:44:54.635     0     0 I         : -(0)[0:swapper/0]Detected VIPT I-cache on CPU0
03-06 20:44:54.635     0     0 I -(0)[0:swapper/0]CPU0: update cpu_capacity 600
03-06 20:44:54.636   106   106 W         : (4)[106:hps_main][Power/cpufreq] MT_CPU_DVFS_LITTLE freq = 156000
03-06 20:44:54.636   106   106 E         : (4)[106:hps_main][CPUHVFS] [000bb761] cluster0 on, pause = 0x0, RSV4: 0x5270a770
03-06 20:44:54.636   106   106 I (4)[106:hps_main]MobiCore mcd: Cpu 4 is going to die
03-06 20:44:54.637   106   106 E         : (0)[106:hps_main][CPUHVFS] [000bb77d] cluster1 off, pause = 0x0, RSV4: 0x5270d270
03-06 20:44:54.638   106   106 I (0)[106:hps_main]CPU4: shutdown
03-06 20:44:54.639   106   106 I (0)[106:hps_main]MobiCore mcd: Cpu 4 is dead
03-06 20:44:54.640   106   106 W (0)[106:hps_main][HPS] END: (0000)(0)(1) action end(47)(80)(0)(0) (4)(0)(1)(0) (126)(6)(0) (0)(0)(0) (0)(80)(6)(0)(80) (0)(1)(0)
03-06 20:44:54.904   308   308 E 6620_launcher: get property(persist.mtk.wcn.fwlog.status) failed ret:0
03-06 20:44:54.905   308   308 I 6620_launcher: get property(persist.mtk.wcn.dynamic.dump) failed ret:0
03-06 20:44:55.143   279   330 W Cryptfs : sending SIGKILL to processes with open files
03-06 20:44:55.202     0     0 W -(1)[0:swapper/1]CPU1: Booted secondary processor
03-06 20:44:55.202     0     0 I         : -(1)[0:swapper/1]Detected VIPT I-cache on CPU1
03-06 20:44:55.202     0     0 I -(1)[0:swapper/1]CPU1: update cpu_capacity 600
03-06 20:44:55.203     0     0 W -(2)[0:swapper/2]CPU2: Booted secondary processor
03-06 20:44:55.203     0     0 I         : -(2)[0:swapper/2]Detected VIPT I-cache on CPU2
03-06 20:44:55.203     0     0 I -(2)[0:swapper/2]CPU2: update cpu_capacity 600
03-06 20:44:55.204   106   106 W (0)[106:hps_main][HPS] END: (0020)(1)(0) action end(100)(266)(0)(0) (4)(0)(1)(0) (174)(13)(1) (0)(0)(0) (1)(266)(14)(0)(266) (0)(3)(0)
03-06 20:44:55.244   106   106 I (0)[106:hps_main]MobiCore mcd: Cpu 2 is going to die
03-06 20:44:55.245   106   106 I (0)[106:hps_main]CPU2: shutdown
03-06 20:44:55.245   106   106 I (0)[106:hps_main]MobiCore mcd: Cpu 2 is dead
03-06 20:44:55.245   106   106 W (0)[106:hps_main][HPS] END: (0200)(3)(0) action end(144)(167)(0)(0) (4)(0)(1)(0) (144)(1)(1) (144)(1)(0) (0)(167)(1)(0)(167) (0)(2)(0)
03-06 20:44:55.259   279   330 E ProcessKiller: Process /system/bin/logcat (407) has open file /data/misc/logd/logcat
03-06 20:44:55.260   279   330 W ProcessKiller: Sending Killed to process 407
03-06 20:44:55.268     1     1 I (1)[1:init]init: Service 'logcatd' (pid 407) killed by signal 9
03-06 20:44:55.268     1     1 I (1)[1:init]init: Service 'logcatd' (pid 407) killing any children in process group
03-06 20:44:55.280   279   330 W ProcessKiller: 407 kill successfully
03-06 20:44:55.326   106   106 I (1)[106:hps_main]MobiCore mcd: Cpu 1 is going to die
03-06 20:44:55.326   106   106 I (0)[106:hps_main]CPU1: shutdown
03-06 20:44:55.327   106   106 I (0)[106:hps_main]MobiCore mcd: Cpu 1 is dead
03-06 20:44:55.328   106   106 W (0)[106:hps_main][HPS] END: (0200)(2)(0) action end(40)(43)(0)(0) (4)(0)(1)(0) (155)(2)(2) (40)(2)(0) (0)(43)(2)(0)(43) (0)(1)(0)
03-06 20:44:55.408   279   330 D Cryptfs : unmounting /data succeeded
03-06 20:44:55.415   330   330 W (0)[330:vold]EXT4-fs (dm-0): Ignoring removed nomblk_io_submit option
03-06 20:44:55.454   330   330 I (0)[330:vold]EXT4-fs (dm-0): recovery complete
03-06 20:44:55.456   330   330 I (0)[330:vold]EXT4-fs (dm-0): mounted filesystem with ordered data mode. Opts: errors=remount-ro,nomblk_io_submit
03-06 20:44:55.456   330   330 D (0)[330:vold]SELinux: initialized (dev dm-0, type ext4), uses xattr
03-06 20:44:55.456   330   330 I (0)[330:vold]fs_mgr: check_fs(): mount(/dev/block/dm-0,/data,ext4)=0: Success
03-06 20:44:55.489   330   330 I (0)[330:vold]fs_mgr: check_fs(): unmount(/data) succeeded
03-06 20:44:55.489   330   330 I (0)[330:vold]fs_mgr: Running /system/bin/e2fsck on /dev/block/dm-0
03-06 20:44:55.528     0     0 W -(1)[0:swapper/1]CPU1: Booted secondary processor
03-06 20:44:55.528     0     0 I         : -(1)[0:swapper/1]Detected VIPT I-cache on CPU1
03-06 20:44:55.528     0     0 I -(1)[0:swapper/1]CPU1: update cpu_capacity 600
03-06 20:44:55.529   106   106 W (0)[106:hps_main][HPS] END: (0020)(1)(0) action end(100)(194)(0)(1) (4)(0)(1)(0) (179)(4)(1) (0)(0)(0) (1)(194)(5)(0)(194) (0)(2)(0)
03-06 20:44:55.562    72    72 D         : (0)[72:cfinteractive][name:mt_cpufreq&][Power/cpufreq] @_cpufreq_set_locked(), MT_CPU_DVFS_LITTLE: (7, 0): freq = 1144000 (1144000), volt = 104375 (104375), cpus = 2, cur = 1014000
03-06 20:44:55.850   106   106 D (0)[106:hps_main][name:mt_ppm_main&][Power/PPM] (0x200)(-1)(1)[LL_ONLY]->[L_ONLY]: (7)(0)(0)(0) (5)(0)(1)(4)
03-06 20:44:55.850     0     0 W -(4)[0:swapper/4]CPU4: Booted secondary processor
03-06 20:44:55.850     0     0 I         : -(4)[0:swapper/4]Detected VIPT I-cache on CPU4
03-06 20:44:55.851     0     0 I -(4)[0:swapper/4]CPU4: update cpu_capacity 1024
03-06 20:44:55.851   106   106 W         : (1)[106:hps_main][Power/cpufreq] MT_CPU_DVFS_BIG freq = 286000
03-06 20:44:55.851   106   106 E         : (1)[106:hps_main][CPUHVFS] [000c52fd] cluster1 on, pause = 0x0, RSV4: 0x2270d770
03-06 20:44:55.853     0     0 W -(5)[0:swapper/5]CPU5: Booted secondary processor
03-06 20:44:55.853     0     0 I         : -(5)[0:swapper/5]Detected VIPT I-cache on CPU5
03-06 20:44:55.853     0     0 I -(5)[0:swapper/5]CPU5: update cpu_capacity 1024
03-06 20:44:55.854   106   106 I (0)[106:hps_main]MobiCore mcd: Cpu 1 is going to die
03-06 20:44:55.854   106   106 I (4)[106:hps_main]CPU1: shutdown
03-06 20:44:55.855   106   106 I (4)[106:hps_main]MobiCore mcd: Cpu 1 is dead
03-06 20:44:55.855   106   106 I (4)[106:hps_main]MobiCore mcd: Cpu 0 is going to die
03-06 20:44:55.856   106   106 E         : (5)[106:hps_main][CPUHVFS] [000c5385] cluster0 off, pause = 0x0, RSV4: 0x5770d770
03-06 20:44:55.857   106   106 I (5)[106:hps_main]CPU0: shutdown
03-06 20:44:55.859   106   106 I (5)[106:hps_main]MobiCore mcd: Cpu 0 is dead
03-06 20:44:55.859   106   106 W (5)[106:hps_main][HPS] END: (0400)(2)(0) action end(150)(127)(0)(0) (0)(4)(0)(1) (431)(8)(2) (150)(8)(0) (0)(127)(8)(0)(127) (4)(0)(2)
03-06 20:44:55.869    67    67 E -(5)[67:kworker/5:1]******** battery: bat_thread_wakeup  ********
03-06 20:44:55.869   210   210 E         : (4)[210:bat_thread_kthr][BAT_thread]Cable in, CHR_Type_num=1
03-06 20:44:55.869   210   210 E         : (4)[210:bat_thread_kthr][PE+] Cable In
03-06 20:44:55.880   210   210 E         : (4)[210:bat_thread_kthr]AvgVbat=(4355),bat_vol=(4380),AvgI=(517),I=(110),VChr=(4636),AvgT=(30),T=(30),pre_SOC=(100),SOC=(100),ZCV=(4370)
03-06 20:44:55.885   210   210 E         : (5)[210:bat_thread_kthr][PE+]Ibat=576, Ilim=600, Vbus=4800, err=0, Ichg=400, Vbat=4404, ChrStat=2, CHGEN=1, VDPM=0
03-06 20:44:55.890   210   210 E         : (4)[210:bat_thread_kthr][PE+]Ibat=576, Ilim=600, Vbus=4700, err=0, Ichg=0, Vbat=4384, ChrStat=0, CHGEN=0, VDPM=0
03-06 20:44:55.891   210   210 E         : (4)[210:bat_thread_kthr]g_gn_screenon_time=(70), g_call_state=0, g_boot_reason=4, g_boot_mode=0
03-06 20:44:55.891   210   210 E         : (4)[210:bat_thread_kthr]GN_Camera_State=0, Fast_Charge_Switch_State=1
03-06 20:44:55.891   210   210 E         : (5)[210:bat_thread_kthr][check_battery_exist] baton_count = 0
03-06 20:44:55.893   210   210 E         : (5)[210:bat_thread_kthr][PE+]Stop battery_pump_express_charger_check, SOC=100, ta_check_chr_type = 1, charger_type = 1 , is_ta_connect_retry = 0 , g_call_state = 0
03-06 20:44:55.893   210   210 E         : (5)[210:bat_thread_kthr][BATTERY] CC mode charge, timer=40 on 40 !!
03-06 20:44:55.897     0     0 I         : bq25890 find pinctrl_swcharger_en_low!
03-06 20:44:55.910   210   210 W         : (5)[210:bat_thread_kthr]bq25891 find pinctrl_swcharger_sub_en_low!
03-06 20:44:55.920   377   377 I -(5)[377:BootAnimation]musb-hdrc musb-hdrc: BUS RESET as b_peripheral
03-06 20:44:55.920   377   377 E         : -(5)[377:BootAnimation][BATTERY] BAT_SetUSBState Success! Set 1
03-06 20:44:55.921   377   377 E         : -(5)[377:BootAnimation][BATTERY] wake_up_bat.
03-06 20:44:55.921   377   377 I -(5)[377:BootAnimation]musb-hdrc musb-hdrc: devctl 99
03-06 20:44:55.921   377   377 W         : -(5)[377:BootAnimation]mtp_function_disable
03-06 20:44:55.921   377   377 I -(5)[377:BootAnimation][g_android][USB]android_disconnect: dev->connected = 0
03-06 20:44:55.921   377   377 I -(5)[377:BootAnimation]android_usb gadget: [COM]composite_disconnect: reassign the complete function!!
03-06 20:44:55.921    67    67 I (5)[67:kworker/5:1][g_android][USB]android_work: is_hwconnected=1, sent uevent USB_STATE=DISCONNECTED
03-06 20:44:55.930   210   210 E         : (4)[210:bat_thread_kthr]charging_hw_init
03-06 20:44:55.930   210   210 E         : (4)[210:bat_thread_kthr][PE+][battery_pump_express_algorithm_start]start PEP...
03-06 20:44:55.930   210   210 E         : (4)[210:bat_thread_kthr][PE+]Not a TA charger, bypass TA algorithm
03-06 20:44:55.930   210   210 E         : (4)[210:bat_thread_kthr][BATTERY] select_charging_current !
03-06 20:44:55.930   210   210 E         : (4)[210:bat_thread_kthr][BATTERY] Default CC mode charging : 60000, input current = 60000
03-06 20:44:55.933   210   210 E         : (4)[210:bat_thread_kthr]charging_set_cv_voltage register_value=0x23 4400000 4400000
03-06 20:44:55.934   210   210 E         : (5)[210:bat_thread_kthr]charging_set_cv_voltage register_value=0x23 4400000 4400000
03-06 20:44:55.937   210   210 E         : (5)[210:bat_thread_kthr][BATTERY] pchr_turn_on_charging(), enable =1 !
03-06 20:44:55.943   210   210 E         : (4)[210:bat_thread_kthr][PE+]Ibat=576, Ilim=600, Vbus=4600, err=0, Ichg=400, Vbat=4384, ChrStat=2, CHGEN=1, VDPM=0
03-06 20:44:55.948   210   210 E         : (5)[210:bat_thread_kthr][PE+]Ibat=576, Ilim=600, Vbus=4500, err=0, Ichg=0, Vbat=4364, ChrStat=0, CHGEN=0, VDPM=0
03-06 20:44:55.948   210   210 E         : (5)[210:bat_thread_kthr][100percent], UI_SOC(100), reset(0)
03-06 20:44:55.948   210   210 E         : (5)[210:bat_thread_kthr][recharging] UI_SOC=100, SOC=100
03-06 20:44:55.948   210   210 E         : (5)[210:bat_thread_kthr]UI_SOC=(100), resetBatteryMeter=(0)
03-06 20:44:55.948   210   210 I -(5)[210:bat_thread_kthr]mtk_rtc_hal_common: rtc_spare_reg[0] = {16412, 127, 8}
03-06 20:44:55.948   210   210 E         : (5)[210:bat_thread_kthr][DLPT_POWER_OFF_EN] run
03-06 20:44:55.949   210   210 E         : (5)[210:bat_thread_kthr][mt_kpoc_power_off_check] , chr_vol=4636, boot_mode=0
03-06 20:44:55.949   210   210 E         : (5)[210:bat_thread_kthr][BATTERY] Charger plug in/out, Call battery_meter_reset. (100)
03-06 20:44:55.949   210   210 E         : (5)[210:bat_thread_kthr][BAT_thread]Cable in, CHR_Type_num=1
03-06 20:44:55.949   210   210 E         : (5)[210:bat_thread_kthr][PE+] Cable In
03-06 20:44:55.958   210   210 E         : (4)[210:bat_thread_kthr]AvgVbat=(4356),bat_vol=(4376),AvgI=(501),I=(141),VChr=(4683),AvgT=(30),T=(30),pre_SOC=(100),SOC=(100),ZCV=(4370)
03-06 20:44:55.963   210   210 E         : (4)[210:bat_thread_kthr][PE+]Ibat=576, Ilim=600, Vbus=4600, err=0, Ichg=400, Vbat=4384, ChrStat=2, CHGEN=1, VDPM=0
03-06 20:44:55.967     0     0 I         : bq25890 find pinctrl_swcharger_en_low!
03-06 20:44:55.968   210   210 E         : (4)[210:bat_thread_kthr][PE+]Ibat=576, Ilim=600, Vbus=4500, err=0, Ichg=0, Vbat=4364, ChrStat=0, CHGEN=0, VDPM=0
03-06 20:44:55.968   210   210 E         : (4)[210:bat_thread_kthr]g_gn_screenon_time=(80), g_call_state=0, g_boot_reason=4, g_boot_mode=0
03-06 20:44:55.968   210   210 E         : (4)[210:bat_thread_kthr]GN_Camera_State=0, Fast_Charge_Switch_State=1
03-06 20:44:55.968   210   210 E         : (4)[210:bat_thread_kthr][check_battery_exist] baton_count = 0
03-06 20:44:55.970   210   210 E         : (4)[210:bat_thread_kthr][PE+]Stop battery_pump_express_charger_check, SOC=100, ta_check_chr_type = 1, charger_type = 1 , is_ta_connect_retry = 0 , g_call_state = 0
03-06 20:44:55.970   210   210 E         : (4)[210:bat_thread_kthr][BATTERY] CC mode charge, timer=50 on 50 !!
03-06 20:44:55.989   210   210 W         : (4)[210:bat_thread_kthr]bq25891 find pinctrl_swcharger_sub_en_low!
03-06 20:44:55.992    72    72 D         : (5)[72:cfinteractive][name:mt_cpufreq&][Power/cpufreq] @_cpufreq_set_locked(), MT_CPU_DVFS_BIG: (5, 0): freq = 1950000 (1950000), volt = 105000 (105000), cpus = 2, cur = 1573000
03-06 20:44:56.006   210   210 E         : (4)[210:bat_thread_kthr]charging_hw_init
03-06 20:44:56.006   210   210 E         : (4)[210:bat_thread_kthr][PE+][battery_pump_express_algorithm_start]start PEP...
03-06 20:44:56.006   210   210 E         : (4)[210:bat_thread_kthr][PE+]Not a TA charger, bypass TA algorithm
03-06 20:44:56.006   210   210 E         : (4)[210:bat_thread_kthr][BATTERY] select_charging_current !
03-06 20:44:56.006   210   210 E         : (4)[210:bat_thread_kthr][BATTERY] Default CC mode charging : 60000, input current = 60000
03-06 20:44:56.010   210   210 E         : (4)[210:bat_thread_kthr]charging_set_cv_voltage register_value=0x23 4400000 4400000
03-06 20:44:56.011   210   210 E         : (4)[210:bat_thread_kthr]charging_set_cv_voltage register_value=0x23 4400000 4400000
03-06 20:44:56.013   210   210 E         : (4)[210:bat_thread_kthr][BATTERY] pchr_turn_on_charging(), enable =1 !
03-06 20:44:56.019   210   210 E         : (4)[210:bat_thread_kthr][PE+]Ibat=576, Ilim=600, Vbus=4700, err=0, Ichg=400, Vbat=4384, ChrStat=2, CHGEN=1, VDPM=0
03-06 20:44:56.025   210   210 E         : (4)[210:bat_thread_kthr][PE+]Ibat=576, Ilim=600, Vbus=4600, err=0, Ichg=0, Vbat=4364, ChrStat=0, CHGEN=0, VDPM=0
03-06 20:44:56.025   210   210 E         : (4)[210:bat_thread_kthr][100percent], UI_SOC(100), reset(0)
03-06 20:44:56.025   210   210 E         : (4)[210:bat_thread_kthr][recharging] UI_SOC=100, SOC=100
03-06 20:44:56.025   210   210 E         : (4)[210:bat_thread_kthr]UI_SOC=(100), resetBatteryMeter=(0)
03-06 20:44:56.025   210   210 I -(4)[210:bat_thread_kthr]mtk_rtc_hal_common: rtc_spare_reg[0] = {16412, 127, 8}
03-06 20:44:56.026   210   210 E         : (4)[210:bat_thread_kthr][DLPT_POWER_OFF_EN] run
03-06 20:44:56.026   210   210 E         : (4)[210:bat_thread_kthr][mt_kpoc_power_off_check] , chr_vol=4683, boot_mode=0
03-06 20:44:56.080    67    67 I (5)[67:kworker/5:1][g_android][USB]android_work: is_hwconnected=1, sent uevent USB_STATE=CONNECTED
03-06 20:44:56.087   411   411 I -(4)[411:e2fsck]musb-hdrc musb-hdrc: BUS RESET as b_peripheral
03-06 20:44:56.087   411   411 E         : -(4)[411:e2fsck][BATTERY] BAT_SetUSBState Success! Set 1
03-06 20:44:56.087   411   411 E         : -(4)[411:e2fsck][BATTERY] wake_up_bat.
03-06 20:44:56.087   411   411 I -(4)[411:e2fsck]musb-hdrc musb-hdrc: devctl 99
03-06 20:44:56.087   411   411 I -(4)[411:e2fsck][g_android][USB]android_disconnect: dev->connected = 0
03-06 20:44:56.087   411   411 I -(4)[411:e2fsck]android_usb gadget: [COM]composite_disconnect: reassign the complete function!!
03-06 20:44:56.087    25    25 I (4)[25:kworker/4:0][g_android][USB]android_work: is_hwconnected=1, sent uevent USB_STATE=DISCONNECTED
03-06 20:44:56.087   210   210 E         : (5)[210:bat_thread_kthr][BATTERY] Charger plug in/out, Call battery_meter_reset. (100)
03-06 20:44:56.087   210   210 E         : (5)[210:bat_thread_kthr][BAT_thread]Cable in, CHR_Type_num=1
03-06 20:44:56.087   210   210 E         : (5)[210:bat_thread_kthr][PE+] Cable In
03-06 20:44:56.096   210   210 E         : (5)[210:bat_thread_kthr]AvgVbat=(4357),bat_vol=(4377),AvgI=(485),I=(108),VChr=(4598),AvgT=(30),T=(30),pre_SOC=(100),SOC=(100),ZCV=(4370)
03-06 20:44:56.101   210   210 E         : (4)[210:bat_thread_kthr][PE+]Ibat=576, Ilim=600, Vbus=4700, err=0, Ichg=400, Vbat=4384, ChrStat=2, CHGEN=1, VDPM=0
03-06 20:44:56.106   210   210 E         : (5)[210:bat_thread_kthr][PE+]Ibat=576, Ilim=600, Vbus=4600, err=0, Ichg=0, Vbat=4364, ChrStat=0, CHGEN=0, VDPM=1
03-06 20:44:56.106   210   210 E         : (5)[210:bat_thread_kthr]g_gn_screenon_time=(90), g_call_state=0, g_boot_reason=4, g_boot_mode=0
03-06 20:44:56.106   210   210 E         : (5)[210:bat_thread_kthr]GN_Camera_State=0, Fast_Charge_Switch_State=1
03-06 20:44:56.106   210   210 E         : (5)[210:bat_thread_kthr][check_battery_exist] baton_count = 0
03-06 20:44:56.107     0     0 I         : bq25890 find pinctrl_swcharger_en_low!
03-06 20:44:56.108   210   210 E         : (5)[210:bat_thread_kthr][PE+]Stop battery_pump_express_charger_check, SOC=100, ta_check_chr_type = 1, charger_type = 1 , is_ta_connect_retry = 0 , g_call_state = 0
03-06 20:44:56.108   210   210 E         : (5)[210:bat_thread_kthr][BATTERY] CC mode charge, timer=60 on 60 !!
03-06 20:44:56.125   210   210 W         : (4)[210:bat_thread_kthr]bq25891 find pinctrl_swcharger_sub_en_low!
03-06 20:44:56.144   210   210 E         : (5)[210:bat_thread_kthr]charging_hw_init
03-06 20:44:56.144   210   210 E         : (5)[210:bat_thread_kthr][PE+][battery_pump_express_algorithm_start]start PEP...
03-06 20:44:56.144   210   210 E         : (5)[210:bat_thread_kthr][PE+]Not a TA charger, bypass TA algorithm
03-06 20:44:56.144   210   210 E         : (5)[210:bat_thread_kthr][BATTERY] select_charging_current !
03-06 20:44:56.144   210   210 E         : (5)[210:bat_thread_kthr][BATTERY] Default CC mode charging : 60000, input current = 60000
03-06 20:44:56.147   210   210 E         : (5)[210:bat_thread_kthr]charging_set_cv_voltage register_value=0x23 4400000 4400000
03-06 20:44:56.148   210   210 E         : (5)[210:bat_thread_kthr]charging_set_cv_voltage register_value=0x23 4400000 4400000
03-06 20:44:56.150   210   210 E         : (5)[210:bat_thread_kthr][BATTERY] pchr_turn_on_charging(), enable =1 !
03-06 20:44:56.157   210   210 E         : (4)[210:bat_thread_kthr][PE+]Ibat=576, Ilim=600, Vbus=4600, err=0, Ichg=400, Vbat=4384, ChrStat=2, CHGEN=1, VDPM=0
03-06 20:44:56.162   210   210 E         : (4)[210:bat_thread_kthr][PE+]Ibat=576, Ilim=600, Vbus=4500, err=0, Ichg=0, Vbat=4364, ChrStat=0, CHGEN=0, VDPM=1
03-06 20:44:56.162   210   210 E         : (4)[210:bat_thread_kthr][100percent], UI_SOC(100), reset(0)
03-06 20:44:56.162   210   210 E         : (4)[210:bat_thread_kthr][recharging] UI_SOC=100, SOC=100
03-06 20:44:56.162   210   210 E         : (4)[210:bat_thread_kthr]UI_SOC=(100), resetBatteryMeter=(0)
03-06 20:44:56.162   210   210 I -(4)[210:bat_thread_kthr]mtk_rtc_hal_common: rtc_spare_reg[0] = {16412, 127, 8}
03-06 20:44:56.162   210   210 E         : (4)[210:bat_thread_kthr][DLPT_POWER_OFF_EN] run
03-06 20:44:56.162   210   210 E         : (4)[210:bat_thread_kthr][mt_kpoc_power_off_check] , chr_vol=4598, boot_mode=0
03-06 20:44:56.208    25    25 I (4)[25:kworker/4:0][g_android][USB]android_work: is_hwconnected=1, sent uevent USB_STATE=CONNECTED
03-06 20:44:56.209   411   411 I -(5)[411:e2fsck]android_usb gadget: high-speed config #1: android
03-06 20:44:56.209   411   411 W -(5)[411:e2fsck]mtp_function_set_alt intf: 0 alt: 0
03-06 20:44:56.209   411   411 I -(5)[411:e2fsck]android_usb gadget: [COM]USB_REQ_SET_CONFIGURATION: value=0
03-06 20:44:56.209   411   411 E         : -(5)[411:e2fsck][BATTERY] BAT_SetUSBState Success! Set 2
03-06 20:44:56.209   411   411 E         : -(5)[411:e2fsck][BATTERY] wake_up_bat.
03-06 20:44:56.209    67    67 I (5)[67:kworker/5:1][g_android][USB]android_work: is_hwconnected=1, sent uevent USB_STATE=CONFIGURED
03-06 20:44:56.209   210   210 E         : (4)[210:bat_thread_kthr][BATTERY] Charger plug in/out, Call battery_meter_reset. (100)
03-06 20:44:56.209   210   210 E         : (4)[210:bat_thread_kthr][BAT_thread]Cable in, CHR_Type_num=1
03-06 20:44:56.209   210   210 E         : (4)[210:bat_thread_kthr][PE+] Cable In
03-06 20:44:56.223   210   210 E         : (4)[210:bat_thread_kthr]AvgVbat=(4358),bat_vol=(4381),AvgI=(469),I=(126),VChr=(4626),AvgT=(30),T=(30),pre_SOC=(100),SOC=(100),ZCV=(4370)
03-06 20:44:56.229   210   210 E         : (4)[210:bat_thread_kthr][PE+]Ibat=576, Ilim=600, Vbus=4600, err=0, Ichg=400, Vbat=4384, ChrStat=2, CHGEN=1, VDPM=0
03-06 20:44:56.234   210   210 E         : (4)[210:bat_thread_kthr][PE+]Ibat=576, Ilim=600, Vbus=4500, err=0, Ichg=0, Vbat=4364, ChrStat=0, CHGEN=0, VDPM=1
03-06 20:44:56.234   210   210 E         : (4)[210:bat_thread_kthr]g_gn_screenon_time=(100), g_call_state=0, g_boot_reason=4, g_boot_mode=0
03-06 20:44:56.234   210   210 E         : (4)[210:bat_thread_kthr]GN_Camera_State=0, Fast_Charge_Switch_State=1
03-06 20:44:56.234   210   210 E         : (5)[210:bat_thread_kthr][check_battery_exist] baton_count = 0
03-06 20:44:56.237   210   210 E         : (5)[210:bat_thread_kthr][PE+]Stop battery_pump_express_charger_check, SOC=100, ta_check_chr_type = 1, charger_type = 1 , is_ta_connect_retry = 0 , g_call_state = 0
03-06 20:44:56.237   210   210 E         : (5)[210:bat_thread_kthr][BATTERY] CC mode charge, timer=70 on 70 !!
03-06 20:44:56.237     0     0 I         : bq25890 find pinctrl_swcharger_en_low!
03-06 20:44:56.255   210   210 W         : (5)[210:bat_thread_kthr]bq25891 find pinctrl_swcharger_sub_en_low!
03-06 20:44:56.275   210   210 E         : (5)[210:bat_thread_kthr]charging_hw_init
03-06 20:44:56.275   210   210 E         : (5)[210:bat_thread_kthr][PE+][battery_pump_express_algorithm_start]start PEP...
03-06 20:44:56.275   210   210 E         : (5)[210:bat_thread_kthr][PE+]Not a TA charger, bypass TA algorithm
03-06 20:44:56.275   210   210 E         : (5)[210:bat_thread_kthr][BATTERY] select_charging_current !
03-06 20:44:56.275   210   210 E         : (5)[210:bat_thread_kthr][BATTERY] Default CC mode charging : 60000, input current = 60000
03-06 20:44:56.279   210   210 E         : (5)[210:bat_thread_kthr]charging_set_cv_voltage register_value=0x23 4400000 4400000
03-06 20:44:56.279   210   210 E         : (5)[210:bat_thread_kthr]charging_set_cv_voltage register_value=0x23 4400000 4400000
03-06 20:44:56.282   210   210 E         : (5)[210:bat_thread_kthr][BATTERY] pchr_turn_on_charging(), enable =1 !
03-06 20:44:56.291   210   210 E         : (5)[210:bat_thread_kthr][PE+]Ibat=576, Ilim=600, Vbus=4600, err=0, Ichg=400, Vbat=4384, ChrStat=2, CHGEN=1, VDPM=0
03-06 20:44:56.296   210   210 E         : (4)[210:bat_thread_kthr][PE+]Ibat=576, Ilim=600, Vbus=4500, err=0, Ichg=0, Vbat=4364, ChrStat=0, CHGEN=0, VDPM=1
03-06 20:44:56.296   210   210 E         : (4)[210:bat_thread_kthr][100percent], UI_SOC(100), reset(0)
03-06 20:44:56.296   210   210 E         : (4)[210:bat_thread_kthr][recharging] UI_SOC=100, SOC=100
03-06 20:44:56.296   210   210 E         : (4)[210:bat_thread_kthr]UI_SOC=(100), resetBatteryMeter=(0)
03-06 20:44:56.296   210   210 I -(4)[210:bat_thread_kthr]mtk_rtc_hal_common: rtc_spare_reg[0] = {16412, 127, 8}
03-06 20:44:56.297   210   210 E         : (4)[210:bat_thread_kthr][DLPT_POWER_OFF_EN] run
03-06 20:44:56.297   210   210 E         : (4)[210:bat_thread_kthr][mt_kpoc_power_off_check] , chr_vol=4626, boot_mode=0
03-06 20:44:56.310   330   330 I (4)[330:vold]e2fsck: e2fsck 1.42.9 (28-Dec-2013)
03-06 20:44:56.310   330   330 I (4)[330:vold]e2fsck: Pass 1: Checking inodes, blocks, and sizes
03-06 20:44:56.310   330   330 I (4)[330:vold]e2fsck: Pass 2: Checking directory structure
03-06 20:44:56.310   330   330 I (4)[330:vold]e2fsck: Pass 3: Checking directory connectivity
03-06 20:44:56.310   330   330 I (4)[330:vold]e2fsck: Pass 4: Checking reference counts
03-06 20:44:56.310   330   330 I (4)[330:vold]e2fsck: Pass 5: Checking group summary information
03-06 20:44:56.310   330   330 I (4)[330:vold]e2fsck: data: 1803/3457024 files (11.7% non-contiguous), 1662622/13815803 blocks
03-06 20:44:56.316   330   330 I (5)[330:vold]EXT4-fs (dm-0): mounted filesystem with ordered data mode. Opts: noauto_da_alloc,discard
03-06 20:44:56.316   330   330 D (5)[330:vold]SELinux: initialized (dev dm-0, type ext4), uses xattr
03-06 20:44:56.316   330   330 I (5)[330:vold]fs_mgr: __mount(source=/dev/block/dm-0,target=/data,type=ext4)=0
03-06 20:44:56.317     1     1 I (5)[1:init]init: (Loading properties from /data/local.prop took 0.00s.)
03-06 20:44:56.372    72    72 D         : (5)[72:cfinteractive][name:mt_cpufreq&][Power/cpufreq] @_cpufreq_set_locked(), MT_CPU_DVFS_BIG: (5, 0): freq = 1027000 (1027000), volt = 88125 (88125), cpus = 2, cur = 1950000
03-06 20:44:56.464   279   330 D Cryptfs : Just triggered post_fs_data
03-06 20:44:56.469     1     1 I (4)[1:init]init: Starting service 'logd-reinit'...
03-06 20:44:56.472     1     1 E (4)[1:init]init: cannot find '/system/bin/boot_init' (No such file or directory), disabling 'boot_init'
03-06 20:44:56.486     1     1 I (4)[1:init]init: Not bootcharting.
03-06 20:44:56.492    72    72 D         : (4)[72:cfinteractive][name:mt_cpufreq&][Power/cpufreq] @_cpufreq_set_locked(), MT_CPU_DVFS_BIG: (5, 0): freq = 1950000 (1950000), volt = 105000 (105000), cpus = 2, cur = 871000
03-06 20:44:56.534   279   300 D vold    : e4crypt_init_user0
