03-09 18:27:40.122   593   685 D RILMUXD : [gsm0710muxd] 2914:thread_serial_device_read(): Interrupt signal EINTR caught
03-09 18:27:40.742   593   685 D RILMUXD : [gsm0710muxd] 2914:thread_serial_device_read(): Interrupt signal EINTR caught
03-09 18:27:41.362   593   685 D RILMUXD : [gsm0710muxd] 2914:thread_serial_device_read(): Interrupt signal EINTR caught
03-09 18:27:41.981   593   685 D RILMUXD : [gsm0710muxd] 2914:thread_serial_device_read(): Interrupt signal EINTR caught
03-09 18:27:42.034  2819  3083 W NativeCrashListener: Couldn't find ProcessRecord for pid 5090
03-09 18:27:42.073  2819  2865 I BootReceiver: Copying /data/tombstones/tombstone_02 to DropBox (SYSTEM_TOMBSTONE)
03-09 18:27:42.591   593   685 D RILMUXD : [gsm0710muxd] 2914:thread_serial_device_read(): Interrupt signal EINTR caught
03-09 18:27:43.213   593   685 D RILMUXD : [gsm0710muxd] 2914:thread_serial_device_read(): Interrupt signal EINTR caught
03-09 18:27:43.830   593   685 D RILMUXD : [gsm0710muxd] 2914:thread_serial_device_read(): Interrupt signal EINTR caught
03-09 18:27:44.462   593   685 D RILMUXD : [gsm0710muxd] 2914:thread_serial_device_read(): Interrupt signal EINTR caught
03-09 18:27:44.520   593   593 I chatty  : uid=1001(radio) /system/bin/gsm0710muxd expire 1 line
03-09 18:27:45.082   593   685 D RILMUXD : [gsm0710muxd] 2914:thread_serial_device_read(): Interrupt signal EINTR caught
03-09 18:27:45.700   593   685 D RILMUXD : [gsm0710muxd] 2914:thread_serial_device_read(): Interrupt signal EINTR caught
03-09 18:27:45.818   699   725 I chatty  : uid=1001(radio) /system/bin/mtkrild expire 6 lines
03-09 18:27:45.818   699   717 I chatty  : uid=1001(radio) /system/bin/mtkrild expire 2 lines
03-09 18:27:45.818   699   719 I chatty  : uid=1001(radio) /system/bin/mtkrild expire 2 lines
03-09 18:27:45.818   699   713 I chatty  : uid=1001(radio) /system/bin/mtkrild expire 2 lines
03-09 18:27:45.819   699   723 I chatty  : uid=1001(radio) /system/bin/mtkrild expire 2 lines
03-09 18:27:45.819   699   714 I chatty  : uid=1001(radio) /system/bin/mtkrild expire 2 lines
03-09 18:27:45.819   699   720 I chatty  : uid=1001(radio) /system/bin/mtkrild expire 2 lines
03-09 18:27:45.819   699   716 I chatty  : uid=1001(radio) /system/bin/mtkrild expire 13 lines
03-09 18:27:45.819   699   715 I chatty  : uid=1001(radio) /system/bin/mtkrild expire 4 lines
03-09 18:27:45.820   699   722 I chatty  : uid=1001(radio) /system/bin/mtkrild expire 4 lines
03-09 18:27:45.820   699   718 I chatty  : uid=1001(radio) /system/bin/mtkrild expire 4 lines
03-09 18:27:45.820   699   721 I chatty  : uid=1001(radio) /system/bin/mtkrild expire 4 lines
03-09 18:27:45.820   699   724 I chatty  : uid=1001(radio) /system/bin/mtkrild expire 4 lines
03-09 18:27:46.322   593   685 D RILMUXD : [gsm0710muxd] 2914:thread_serial_device_read(): Interrupt signal EINTR caught
03-09 18:27:46.942   593   685 D RILMUXD : [gsm0710muxd] 2914:thread_serial_device_read(): Interrupt signal EINTR caught
03-09 18:27:47.552   593   685 D RILMUXD : [gsm0710muxd] 2914:thread_serial_device_read(): Interrupt signal EINTR caught
03-09 18:27:47.604  2819  3083 W NativeCrashListener: Couldn't find ProcessRecord for pid 5095
03-09 18:27:47.684  2819  2865 I BootReceiver: Copying /data/tombstones/tombstone_03 to DropBox (SYSTEM_TOMBSTONE)
03-09 18:27:48.161   593   685 D RILMUXD : [gsm0710muxd] 2914:thread_serial_device_read(): Interrupt signal EINTR caught
03-09 18:27:48.243  4568  4568 I chatty  : uid=1001(radio) com.android.phone expire 4 lines
03-09 18:27:48.781   593   685 D RILMUXD : [gsm0710muxd] 2914:thread_serial_device_read(): Interrupt signal EINTR caught
03-09 18:27:49.400   593   685 D RILMUXD : [gsm0710muxd] 2914:thread_serial_device_read(): Interrupt signal EINTR caught
03-09 18:27:49.521   593   593 I chatty  : uid=1001(radio) /system/bin/gsm0710muxd expire 7 lines
03-09 18:27:50.122   593   685 D RILMUXD : [gsm0710muxd] 2914:thread_serial_device_read(): Interrupt signal EINTR caught
03-09 18:27:50.742   593   685 D RILMUXD : [gsm0710muxd] 2914:thread_serial_device_read(): Interrupt signal EINTR caught
03-09 18:27:51.363   593   685 D RILMUXD : [gsm0710muxd] 2914:thread_serial_device_read(): Interrupt signal EINTR caught
03-09 18:27:51.981   593   685 D RILMUXD : [gsm0710muxd] 2914:thread_serial_device_read(): Interrupt signal EINTR caught
03-09 18:27:52.064  2819  3083 W NativeCrashListener: Couldn't find ProcessRecord for pid 5100
03-09 18:27:52.104  2819  2865 I BootReceiver: Copying /data/tombstones/tombstone_04 to DropBox (SYSTEM_TOMBSTONE)
03-09 18:27:52.602   593   685 D RILMUXD : [gsm0710muxd] 2914:thread_serial_device_read(): Interrupt signal EINTR caught
03-09 18:27:53.222   593   685 D RILMUXD : [gsm0710muxd] 2914:thread_serial_device_read(): Interrupt signal EINTR caught
03-09 18:27:53.842   593   685 D RILMUXD : [gsm0710muxd] 2914:thread_serial_device_read(): Interrupt signal EINTR caught
03-09 18:27:54.462   593   685 D RILMUXD : [gsm0710muxd] 2914:thread_serial_device_read(): Interrupt signal EINTR caught
03-09 18:27:55.083   593   685 D RILMUXD : [gsm0710muxd] 2914:thread_serial_device_read(): Interrupt signal EINTR caught
03-09 18:27:55.711   593   685 D RILMUXD : [gsm0710muxd] 2914:thread_serial_device_read(): Interrupt signal EINTR caught
03-09 18:27:56.342   593   685 D RILMUXD : [gsm0710muxd] 2914:thread_serial_device_read(): Interrupt signal EINTR caught
03-09 18:27:56.960   593   685 D RILMUXD : [gsm0710muxd] 2914:thread_serial_device_read(): Interrupt signal EINTR caught
03-09 18:27:57.581   593   685 D RILMUXD : [gsm0710muxd] 2914:thread_serial_device_read(): Interrupt signal EINTR caught
03-09 18:27:57.634  2819  3083 W NativeCrashListener: Couldn't find ProcessRecord for pid 5105
03-09 18:27:57.672  2819  2865 I BootReceiver: Copying /data/tombstones/tombstone_05 to DropBox (SYSTEM_TOMBSTONE)
03-09 18:27:58.192   593   685 D RILMUXD : [gsm0710muxd] 2914:thread_serial_device_read(): Interrupt signal EINTR caught
03-09 18:27:58.810   593   685 D RILMUXD : [gsm0710muxd] 2914:thread_serial_device_read(): Interrupt signal EINTR caught
03-09 18:27:59.430   593   685 D RILMUXD : [gsm0710muxd] 2914:thread_serial_device_read(): Interrupt signal EINTR caught
03-09 18:27:59.638   593   685 D RILMUXD : [gsm0710muxd] 2914:thread_serial_device_read(): Interrupt signal EINTR caught
03-09 18:28:00.261   593   685 D RILMUXD : [gsm0710muxd] 2914:thread_serial_device_read(): Interrupt signal EINTR caught
03-09 18:28:00.882   593   685 D RILMUXD : [gsm0710muxd] 2914:thread_serial_device_read(): Interrupt signal EINTR caught
03-09 18:28:01.501   593   685 D RILMUXD : [gsm0710muxd] 2914:thread_serial_device_read(): Interrupt signal EINTR caught
03-09 18:28:02.121   593   685 D RILMUXD : [gsm0710muxd] 2914:thread_serial_device_read(): Interrupt signal EINTR caught
03-09 18:28:02.194  2819  3083 W NativeCrashListener: Couldn't find ProcessRecord for pid 5110
03-09 18:28:02.231  2819  2865 I BootReceiver: Copying /data/tombstones/tombstone_06 to DropBox (SYSTEM_TOMBSTONE)
03-09 18:28:02.731   593   685 D RILMUXD : [gsm0710muxd] 2914:thread_serial_device_read(): Interrupt signal EINTR caught
03-09 18:28:03.353   593   685 D RILMUXD : [gsm0710muxd] 2914:thread_serial_device_read(): Interrupt signal EINTR caught
03-09 18:28:03.982   593   685 D RILMUXD : [gsm0710muxd] 2914:thread_serial_device_read(): Interrupt signal EINTR caught
03-09 18:28:04.602   593   685 D RILMUXD : [gsm0710muxd] 2914:thread_serial_device_read(): Interrupt signal EINTR caught
03-09 18:28:05.222   593   685 D RILMUXD : [gsm0710muxd] 2914:thread_serial_device_read(): Interrupt signal EINTR caught
03-09 18:28:05.288   699   725 I chatty  : uid=1001(radio) /system/bin/mtkrild expire 6 lines
03-09 18:28:05.289   699   717 I chatty  : uid=1001(radio) /system/bin/mtkrild expire 2 lines
03-09 18:28:05.289   699   719 I chatty  : uid=1001(radio) /system/bin/mtkrild expire 2 lines
03-09 18:28:05.289   699   713 I chatty  : uid=1001(radio) /system/bin/mtkrild expire 2 lines
03-09 18:28:05.289   699   723 I chatty  : uid=1001(radio) /system/bin/mtkrild expire 2 lines
03-09 18:28:05.289   699   714 I chatty  : uid=1001(radio) /system/bin/mtkrild expire 2 lines
03-09 18:28:05.289   699   720 I chatty  : uid=1001(radio) /system/bin/mtkrild expire 2 lines
03-09 18:28:05.289   699   716 I chatty  : uid=1001(radio) /system/bin/mtkrild expire 13 lines
03-09 18:28:05.842   593   685 D RILMUXD : [gsm0710muxd] 2914:thread_serial_device_read(): Interrupt signal EINTR caught
03-09 18:28:06.462   593   685 D RILMUXD : [gsm0710muxd] 2914:thread_serial_device_read(): Interrupt signal EINTR caught
03-09 18:28:06.544  2819  3083 W NativeCrashListener: Couldn't find ProcessRecord for pid 5115
03-09 18:28:06.589  2819  2865 I BootReceiver: Copying /data/tombstones/tombstone_07 to DropBox (SYSTEM_TOMBSTONE)
03-09 18:28:07.080   593   685 D RILMUXD : [gsm0710muxd] 2914:thread_serial_device_read(): Interrupt signal EINTR caught
03-09 18:28:07.701   593   685 D RILMUXD : [gsm0710muxd] 2914:thread_serial_device_read(): Interrupt signal EINTR caught
03-09 18:28:08.323   593   685 D RILMUXD : [gsm0710muxd] 2914:thread_serial_device_read(): Interrupt signal EINTR caught
03-09 18:28:08.962   593   685 D RILMUXD : [gsm0710muxd] 2914:thread_serial_device_read(): Interrupt signal EINTR caught
03-09 18:28:09.582   593   685 D RILMUXD : [gsm0710muxd] 2914:thread_serial_device_read(): Interrupt signal EINTR caught
03-09 18:28:09.788   593   685 D RILMUXD : [gsm0710muxd] 2914:thread_serial_device_read(): Interrupt signal EINTR caught
03-09 18:28:10.412   593   685 D RILMUXD : [gsm0710muxd] 2914:thread_serial_device_read(): Interrupt signal EINTR caught
03-09 18:28:11.031   593   685 D RILMUXD : [gsm0710muxd] 2914:thread_serial_device_read(): Interrupt signal EINTR caught
03-09 18:28:11.652   593   685 D RILMUXD : [gsm0710muxd] 2914:thread_serial_device_read(): Interrupt signal EINTR caught
03-09 18:28:11.734  2819  3083 W NativeCrashListener: Couldn't find ProcessRecord for pid 5120
03-09 18:28:11.778  2819  2865 I BootReceiver: Copying /data/tombstones/tombstone_08 to DropBox (SYSTEM_TOMBSTONE)
03-09 18:28:12.263   593   685 D RILMUXD : [gsm0710muxd] 2914:thread_serial_device_read(): Interrupt signal EINTR caught
03-09 18:28:12.479   593   685 D RILMUXD : [gsm0710muxd] 2914:thread_serial_device_read(): Interrupt signal EINTR caught
03-09 18:28:13.102   593   685 D RILMUXD : [gsm0710muxd] 2914:thread_serial_device_read(): Interrupt signal EINTR caught
03-09 18:28:13.730   593   685 D RILMUXD : [gsm0710muxd] 2914:thread_serial_device_read(): Interrupt signal EINTR caught
03-09 18:28:14.352   593   685 D RILMUXD : [gsm0710muxd] 2914:thread_serial_device_read(): Interrupt signal EINTR caught
03-09 18:28:14.982   593   685 D RILMUXD : [gsm0710muxd] 2914:thread_serial_device_read(): Interrupt signal EINTR caught
03-09 18:28:15.602   593   685 D RILMUXD : [gsm0710muxd] 2914:thread_serial_device_read(): Interrupt signal EINTR caught
03-09 18:28:16.222   593   685 D RILMUXD : [gsm0710muxd] 2914:thread_serial_device_read(): Interrupt signal EINTR caught
03-09 18:28:16.841   593   685 D RILMUXD : [gsm0710muxd] 2914:thread_serial_device_read(): Interrupt signal EINTR caught
03-09 18:28:16.924  2819  3083 W NativeCrashListener: Couldn't find ProcessRecord for pid 5125
03-09 18:28:16.969  2819  2865 I BootReceiver: Copying /data/tombstones/tombstone_09 to DropBox (SYSTEM_TOMBSTONE)
03-09 18:28:17.461   593   685 D RILMUXD : [gsm0710muxd] 2914:thread_serial_device_read(): Interrupt signal EINTR caught
03-09 18:28:18.082   593   685 D RILMUXD : [gsm0710muxd] 2914:thread_serial_device_read(): Interrupt signal EINTR caught
03-09 18:28:18.700   593   685 D RILMUXD : [gsm0710muxd] 2914:thread_serial_device_read(): Interrupt signal EINTR caught
03-09 18:28:19.321   593   685 D RILMUXD : [gsm0710muxd] 2914:thread_serial_device_read(): Interrupt signal EINTR caught
03-09 18:28:19.958   593   685 D RILMUXD : [gsm0710muxd] 2914:thread_serial_device_read(): Interrupt signal EINTR caught
03-09 18:28:20.581   593   685 D RILMUXD : [gsm0710muxd] 2914:thread_serial_device_read(): Interrupt signal EINTR caught
03-09 18:28:21.202   593   685 D RILMUXD : [gsm0710muxd] 2914:thread_serial_device_read(): Interrupt signal EINTR caught
03-09 18:28:21.822   593   685 D RILMUXD : [gsm0710muxd] 2914:thread_serial_device_read(): Interrupt signal EINTR caught
03-09 18:28:22.442   593   685 D RILMUXD : [gsm0710muxd] 2914:thread_serial_device_read(): Interrupt signal EINTR caught
03-09 18:28:22.494  2819  3083 W NativeCrashListener: Couldn't find ProcessRecord for pid 5130
03-09 18:28:22.534  2819  2865 I BootReceiver: Copying /data/tombstones/tombstone_00 to DropBox (SYSTEM_TOMBSTONE)
03-09 18:28:23.062   593   685 D RILMUXD : [gsm0710muxd] 2914:thread_serial_device_read(): Interrupt signal EINTR caught
03-09 18:28:23.681   593   685 D RILMUXD : [gsm0710muxd] 2914:thread_serial_device_read(): Interrupt signal EINTR caught
03-09 18:28:24.302   593   685 D RILMUXD : [gsm0710muxd] 2914:thread_serial_device_read(): Interrupt signal EINTR caught
03-09 18:28:24.367   699   725 I chatty  : uid=1001(radio) /system/bin/mtkrild expire 6 lines
03-09 18:28:24.368   699   717 I chatty  : uid=1001(radio) /system/bin/mtkrild expire 2 lines
03-09 18:28:24.368   699   719 I chatty  : uid=1001(radio) /system/bin/mtkrild expire 2 lines
03-09 18:28:24.368   699   713 I chatty  : uid=1001(radio) /system/bin/mtkrild expire 2 lines
03-09 18:28:24.368   699   723 I chatty  : uid=1001(radio) /system/bin/mtkrild expire 2 lines
03-09 18:28:24.368   699   714 I chatty  : uid=1001(radio) /system/bin/mtkrild expire 2 lines
03-09 18:28:24.368   699   720 I chatty  : uid=1001(radio) /system/bin/mtkrild expire 2 lines
03-09 18:28:24.368   699   716 I chatty  : uid=1001(radio) /system/bin/mtkrild expire 13 lines
03-09 18:28:24.368   699   715 I chatty  : uid=1001(radio) /system/bin/mtkrild expire 2 lines
03-09 18:28:24.368   699   722 I chatty  : uid=1001(radio) /system/bin/mtkrild expire 2 lines
03-09 18:28:24.369   699   718 I chatty  : uid=1001(radio) /system/bin/mtkrild expire 2 lines
03-09 18:28:24.369   699   721 I chatty  : uid=1001(radio) /system/bin/mtkrild expire 2 lines
03-09 18:28:24.369   699   724 I chatty  : uid=1001(radio) /system/bin/mtkrild expire 2 lines
03-09 18:28:24.932   593   685 D RILMUXD : [gsm0710muxd] 2914:thread_serial_device_read(): Interrupt signal EINTR caught
03-09 18:28:24.980   593   593 I chatty  : uid=1001(radio) /system/bin/gsm0710muxd expire 2 lines
03-09 18:28:25.552   593   685 D RILMUXD : [gsm0710muxd] 2914:thread_serial_device_read(): Interrupt signal EINTR caught
03-09 18:28:26.171   593   685 D RILMUXD : [gsm0710muxd] 2914:thread_serial_device_read(): Interrupt signal EINTR caught
03-09 18:28:26.791   593   685 D RILMUXD : [gsm0710muxd] 2914:thread_serial_device_read(): Interrupt signal EINTR caught
03-09 18:28:26.874  2819  3083 W NativeCrashListener: Couldn't find ProcessRecord for pid 5135
03-09 18:28:26.919  2819  2865 I BootReceiver: Copying /data/tombstones/tombstone_01 to DropBox (SYSTEM_TOMBSTONE)
03-09 18:28:27.410   593   685 D RILMUXD : [gsm0710muxd] 2914:thread_serial_device_read(): Interrupt signal EINTR caught
03-09 18:28:27.619   593   685 D RILMUXD : [gsm0710muxd] 2914:thread_serial_device_read(): Interrupt signal EINTR caught
03-09 18:28:28.243   593   685 D RILMUXD : [gsm0710muxd] 2914:thread_serial_device_read(): Interrupt signal EINTR caught
03-09 18:28:28.862  4568  4568 I chatty  : uid=1001(radio) com.android.phone expire 2 lines
03-09 18:28:28.863   593   685 D RILMUXD : [gsm0710muxd] 2914:thread_serial_device_read(): Interrupt signal EINTR caught
03-09 18:28:29.492   593   685 D RILMUXD : [gsm0710muxd] 2914:thread_serial_device_read(): Interrupt signal EINTR caught
03-09 18:28:30.112   593   685 D RILMUXD : [gsm0710muxd] 2914:thread_serial_device_read(): Interrupt signal EINTR caught
03-09 18:28:30.732   593   685 D RILMUXD : [gsm0710muxd] 2914:thread_serial_device_read(): Interrupt signal EINTR caught
03-09 18:28:31.352   593   685 D RILMUXD : [gsm0710muxd] 2914:thread_serial_device_read(): Interrupt signal EINTR caught
03-09 18:28:31.982   593   685 D RILMUXD : [gsm0710muxd] 2914:thread_serial_device_read(): Interrupt signal EINTR caught
03-09 18:28:32.064  2819  3083 W NativeCrashListener: Couldn't find ProcessRecord for pid 5140
03-09 18:28:32.109  2819  2865 I BootReceiver: Copying /data/tombstones/tombstone_02 to DropBox (SYSTEM_TOMBSTONE)
03-09 18:28:32.590   593   685 D RILMUXD : [gsm0710muxd] 2914:thread_serial_device_read(): Interrupt signal EINTR caught
03-09 18:28:33.212   593   685 D RILMUXD : [gsm0710muxd] 2914:thread_serial_device_read(): Interrupt signal EINTR caught
03-09 18:28:33.832   593   685 D RILMUXD : [gsm0710muxd] 2914:thread_serial_device_read(): Interrupt signal EINTR caught
03-09 18:28:34.451   593   685 D RILMUXD : [gsm0710muxd] 2914:thread_serial_device_read(): Interrupt signal EINTR caught
03-09 18:28:35.072   593   685 D RILMUXD : [gsm0710muxd] 2914:thread_serial_device_read(): Interrupt signal EINTR caught
03-09 18:28:35.113   593   593 I chatty  : uid=1001(radio) /system/bin/gsm0710muxd expire 2 lines
03-09 18:28:35.691   593   685 D RILMUXD : [gsm0710muxd] 2914:thread_serial_device_read(): Interrupt signal EINTR caught
03-09 18:28:36.312   593   685 D RILMUXD : [gsm0710muxd] 2914:thread_serial_device_read(): Interrupt signal EINTR caught
03-09 18:28:36.931   593   685 D RILMUXD : [gsm0710muxd] 2914:thread_serial_device_read(): Interrupt signal EINTR caught
03-09 18:28:37.554   593   685 D RILMUXD : [gsm0710muxd] 2914:thread_serial_device_read(): Interrupt signal EINTR caught
03-09 18:28:37.624  2819  3083 W NativeCrashListener: Couldn't find ProcessRecord for pid 5145
03-09 18:28:37.660  2819  2865 I BootReceiver: Copying /data/tombstones/tombstone_03 to DropBox (SYSTEM_TOMBSTONE)
03-09 18:28:38.172   593   685 D RILMUXD : [gsm0710muxd] 2914:thread_serial_device_read(): Interrupt signal EINTR caught
03-09 18:28:38.790   593   685 D RILMUXD : [gsm0710muxd] 2914:thread_serial_device_read(): Interrupt signal EINTR caught
03-09 18:28:39.412   593   685 D RILMUXD : [gsm0710muxd] 2914:thread_serial_device_read(): Interrupt signal EINTR caught
03-09 18:28:40.032   593   685 D RILMUXD : [gsm0710muxd] 2914:thread_serial_device_read(): Interrupt signal EINTR caught
03-09 18:28:40.663   593   685 D RILMUXD : [gsm0710muxd] 2914:thread_serial_device_read(): Interrupt signal EINTR caught
03-09 18:28:41.292   593   685 D RILMUXD : [gsm0710muxd] 2914:thread_serial_device_read(): Interrupt signal EINTR caught
03-09 18:28:41.911   593   685 D RILMUXD : [gsm0710muxd] 2914:thread_serial_device_read(): Interrupt signal EINTR caught
03-09 18:28:41.994  2819  3083 W NativeCrashListener: Couldn't find ProcessRecord for pid 5150
03-09 18:28:42.034  2819  2865 I BootReceiver: Copying /data/tombstones/tombstone_04 to DropBox (SYSTEM_TOMBSTONE)
03-09 18:28:42.532   593   685 D RILMUXD : [gsm0710muxd] 2914:thread_serial_device_read(): Interrupt signal EINTR caught
03-09 18:28:43.151   593   685 D RILMUXD : [gsm0710muxd] 2914:thread_serial_device_read(): Interrupt signal EINTR caught
03-09 18:28:43.771   593   685 D RILMUXD : [gsm0710muxd] 2914:thread_serial_device_read(): Interrupt signal EINTR caught
03-09 18:28:43.850   699   725 I chatty  : uid=1001(radio) /system/bin/mtkrild expire 6 lines
03-09 18:28:43.851   699   717 I chatty  : uid=1001(radio) /system/bin/mtkrild expire 2 lines
03-09 18:28:43.851   699   719 I chatty  : uid=1001(radio) /system/bin/mtkrild expire 2 lines
03-09 18:28:43.851   699   713 I chatty  : uid=1001(radio) /system/bin/mtkrild expire 2 lines
03-09 18:28:43.851   699   723 I chatty  : uid=1001(radio) /system/bin/mtkrild expire 2 lines
03-09 18:28:43.851   699   714 I chatty  : uid=1001(radio) /system/bin/mtkrild expire 2 lines
03-09 18:28:43.851   699   720 I chatty  : uid=1001(radio) /system/bin/mtkrild expire 2 lines
03-09 18:28:43.851   699   716 I chatty  : uid=1001(radio) /system/bin/mtkrild expire 13 lines
03-09 18:28:43.851   699   715 I chatty  : uid=1001(radio) /system/bin/mtkrild expire 2 lines
03-09 18:28:43.851   699   722 I chatty  : uid=1001(radio) /system/bin/mtkrild expire 2 lines
03-09 18:28:43.851   699   718 I chatty  : uid=1001(radio) /system/bin/mtkrild expire 2 lines
03-09 18:28:43.852   699   721 I chatty  : uid=1001(radio) /system/bin/mtkrild expire 2 lines
03-09 18:28:43.852   699   724 I chatty  : uid=1001(radio) /system/bin/mtkrild expire 2 lines
03-09 18:28:44.392   593   685 D RILMUXD : [gsm0710muxd] 2914:thread_serial_device_read(): Interrupt signal EINTR caught
03-09 18:28:45.011   593   685 D RILMUXD : [gsm0710muxd] 2914:thread_serial_device_read(): Interrupt signal EINTR caught
03-09 18:28:45.113   593   593 I chatty  : uid=1001(radio) /system/bin/gsm0710muxd expire 2 lines
03-09 18:28:45.631   593   685 D RILMUXD : [gsm0710muxd] 2914:thread_serial_device_read(): Interrupt signal EINTR caught
03-09 18:28:46.251   593   685 D RILMUXD : [gsm0710muxd] 2914:thread_serial_device_read(): Interrupt signal EINTR caught
03-09 18:28:46.459   593   685 D RILMUXD : [gsm0710muxd] 2914:thread_serial_device_read(): Interrupt signal EINTR caught
03-09 18:28:47.081   593   685 D RILMUXD : [gsm0710muxd] 2914:thread_serial_device_read(): Interrupt signal EINTR caught
--------- beginning of crash
03-09 18:28:47.158  2540  2540 F DEBUG   :     sp   0000007fddd756a0  pc   0000007fae3339c0  pstate 0000000060000000
03-09 18:28:47.160  2540  2540 F DEBUG   : 
03-09 18:28:47.160  2540  2540 F DEBUG   : backtrace:
03-09 18:28:47.160  2540  2540 F DEBUG   :     #00 pc 00000000000679c0  /system/lib64/libc.so (pthread_mutex_lock+8)
03-09 18:28:47.160  2540  2540 F DEBUG   :     #01 pc 000000000001eb44  /system/lib64/libc.so (readdir+28)
03-09 18:28:47.160  2540  2540 F DEBUG   :     #02 pc 0000000000002e80  /system/bin/logcat (main+3264)
03-09 18:28:47.160  2540  2540 F DEBUG   :     #03 pc 000000000001bcd8  /system/lib64/libc.so (__libc_init+100)
03-09 18:28:47.161  2540  2540 F DEBUG   :     #04 pc 0000000000003bb8  /system/bin/logcat
03-09 18:28:47.164  2819  3083 W NativeCrashListener: Couldn't find ProcessRecord for pid 5155
03-09 18:28:47.209  2540  2540 F DEBUG   : 
03-09 18:28:47.209  2540  2540 F DEBUG   : Tombstone written to: /data/tombstones/tombstone_05
03-09 18:28:47.209  2819  2865 I BootReceiver: Copying /data/tombstones/tombstone_05 to DropBox (SYSTEM_TOMBSTONE)
03-09 18:28:47.700   593   685 D RILMUXD : [gsm0710muxd] 2914:thread_serial_device_read(): Interrupt signal EINTR caught
03-09 18:28:48.322   593   685 D RILMUXD : [gsm0710muxd] 2914:thread_serial_device_read(): Interrupt signal EINTR caught
03-09 18:28:48.941  4568  4568 I chatty  : uid=1001(radio) com.android.phone expire 4 lines
03-09 18:28:48.942   593   685 D RILMUXD : [gsm0710muxd] 2914:thread_serial_device_read(): Interrupt signal EINTR caught
03-09 18:28:49.560   593   685 D RILMUXD : [gsm0710muxd] 2914:thread_serial_device_read(): Interrupt signal EINTR caught
03-09 18:28:50.181   593   685 D RILMUXD : [gsm0710muxd] 2914:thread_serial_device_read(): Interrupt signal EINTR caught
03-09 18:28:50.801   593   685 D RILMUXD : [gsm0710muxd] 2914:thread_serial_device_read(): Interrupt signal EINTR caught
03-09 18:28:51.421   593   685 D RILMUXD : [gsm0710muxd] 2914:thread_serial_device_read(): Interrupt signal EINTR caught
03-09 18:28:51.494  2540  2540 F DEBUG   : *** *** *** *** *** *** *** *** *** *** *** *** *** *** *** ***
03-09 18:28:51.494  2540  2540 F DEBUG   : LineageOS Version: '13.0-20170306-UNOFFICIAL-PowerFiveMax'
03-09 18:28:51.494  2540  2540 F DEBUG   : Build fingerprint: 'HighScreen/lineage_PowerFiveMax/PowerFiveMax:6.0.1/MOB31K/de916a5cf9:userdebug/test-keys'
03-09 18:28:51.494  2540  2540 F DEBUG   : Revision: '0'
03-09 18:28:51.494  2540  2540 F DEBUG   : ABI: 'arm64'
03-09 18:28:51.494  2540  2540 F DEBUG   : pid: 5160, tid: 5160, name: logcat  >>> /system/bin/logcat <<<
03-09 18:28:51.494  2540  2540 F DEBUG   : signal 11 (SIGSEGV), code 1 (SEGV_MAPERR), fault addr 0x18
03-09 18:28:51.496  2540  2540 F DEBUG   :     x0   0000000000000018  x1   0000007f866582e0  x2   0000007f86658000  x3   0000007f86659000
03-09 18:28:51.496  2540  2540 F DEBUG   :     x4   0000007f866593d0  x5   0000007f86658f48  x6   0000007f86658000  x7   7f7f7f7f7f7f7f7f
03-09 18:28:51.496  2540  2540 F DEBUG   :     x8   0000000000000038  x9   0000007ff7586608  x10  000000001a65a6b8  x11  0000007ff7586688
03-09 18:28:51.496  2540  2540 F DEBUG   :     x12  0000000000000000  x13  0000007ff7588bb0  x14  0000000000000000  x15  0000007ff7586688
03-09 18:28:51.496  2540  2540 F DEBUG   :     x16  0000007f86461af8  x17  0000007f863f09b8  x18  000000000000001e  x19  0000000000000000
03-09 18:28:51.496  2540  2540 F DEBUG   :     x20  0000000000000018  x21  0000007f86669000  x22  0000000000000010  x23  0000007ff75872b0
03-09 18:28:51.496  2540  2540 F DEBUG   :     x24  0000007ff7588328  x25  0000007f86658000  x26  0000000000000000  x27  0000000000000000
03-09 18:28:51.496  2540  2540 F DEBUG   :     x28  0000007f86658260  x29  0000007ff7586440  x30  0000007f863a7b48
03-09 18:28:51.496  2540  2540 F DEBUG   :     sp   0000007ff7586440  pc   0000007f863f09c0  pstate 0000000060000000
03-09 18:28:51.499  2540  2540 F DEBUG   : 
03-09 18:28:51.499  2540  2540 F DEBUG   : backtrace:
03-09 18:28:51.499  2540  2540 F DEBUG   :     #00 pc 00000000000679c0  /system/lib64/libc.so (pthread_mutex_lock+8)
03-09 18:28:51.499  2540  2540 F DEBUG   :     #01 pc 000000000001eb44  /system/lib64/libc.so (readdir+28)
03-09 18:28:51.499  2540  2540 F DEBUG   :     #02 pc 0000000000002e80  /system/bin/logcat (main+3264)
03-09 18:28:51.499  2540  2540 F DEBUG   :     #03 pc 000000000001bcd8  /system/lib64/libc.so (__libc_init+100)
03-09 18:28:51.499  2540  2540 F DEBUG   :     #04 pc 0000000000003bb8  /system/bin/logcat
03-09 18:28:51.504  2819  3083 W NativeCrashListener: Couldn't find ProcessRecord for pid 5160
03-09 18:28:51.548  2540  2540 F DEBUG   : 
03-09 18:28:51.548  2540  2540 F DEBUG   : Tombstone written to: /data/tombstones/tombstone_06
03-09 18:28:51.549  2819  2865 I BootReceiver: Copying /data/tombstones/tombstone_06 to DropBox (SYSTEM_TOMBSTONE)
03-09 18:28:52.031   593   685 D RILMUXD : [gsm0710muxd] 2914:thread_serial_device_read(): Interrupt signal EINTR caught
03-09 18:28:52.653   593   685 D RILMUXD : [gsm0710muxd] 2914:thread_serial_device_read(): Interrupt signal EINTR caught
03-09 18:28:53.271   593   685 D RILMUXD : [gsm0710muxd] 2914:thread_serial_device_read(): Interrupt signal EINTR caught
03-09 18:28:53.891   593   685 D RILMUXD : [gsm0710muxd] 2914:thread_serial_device_read(): Interrupt signal EINTR caught
03-09 18:28:54.520   593   685 D RILMUXD : [gsm0710muxd] 2914:thread_serial_device_read(): Interrupt signal EINTR caught
03-09 18:28:55.142   593   685 D RILMUXD : [gsm0710muxd] 2914:thread_serial_device_read(): Interrupt signal EINTR caught
03-09 18:28:55.182   593   593 I chatty  : uid=1001(radio) /system/bin/gsm0710muxd expire 6 lines
03-09 18:28:55.761   593   685 D RILMUXD : [gsm0710muxd] 2914:thread_serial_device_read(): Interrupt signal EINTR caught
03-09 18:28:56.382   593   685 D RILMUXD : [gsm0710muxd] 2914:thread_serial_device_read(): Interrupt signal EINTR caught
03-09 18:28:57.000   593   685 D RILMUXD : [gsm0710muxd] 2914:thread_serial_device_read(): Interrupt signal EINTR caught
03-09 18:28:57.061  2540  2540 F DEBUG   : *** *** *** *** *** *** *** *** *** *** *** *** *** *** *** ***
03-09 18:28:57.061  2540  2540 F DEBUG   : LineageOS Version: '13.0-20170306-UNOFFICIAL-PowerFiveMax'
03-09 18:28:57.061  2540  2540 F DEBUG   : Build fingerprint: 'HighScreen/lineage_PowerFiveMax/PowerFiveMax:6.0.1/MOB31K/de916a5cf9:userdebug/test-keys'
03-09 18:28:57.061  2540  2540 F DEBUG   : Revision: '0'
03-09 18:28:57.061  2819  3083 W NativeCrashListener: Couldn't find ProcessRecord for pid 5165
03-09 18:28:57.061  2540  2540 F DEBUG   : ABI: 'arm64'
03-09 18:28:57.061  2540  2540 F DEBUG   : pid: 5165, tid: 5165, name: logcat  >>> /system/bin/logcat <<<
03-09 18:28:57.061  2540  2540 F DEBUG   : signal 11 (SIGSEGV), code 1 (SEGV_MAPERR), fault addr 0x18
03-09 18:28:57.063  2540  2540 F DEBUG   :     x0   0000000000000018  x1   0000007f81d8d2e0  x2   0000007f81d8d000  x3   0000007f81d8e000
03-09 18:28:57.063  2540  2540 F DEBUG   :     x4   0000007f81d8e3d0  x5   0000007f81d8df48  x6   0000007f81d8d000  x7   7f7f7f7f7f7f7f7f
03-09 18:28:57.063  2540  2540 F DEBUG   :     x8   0000000000000038  x9   0000007fcf1b92a8  x10  000000000097bba3  x11  0000007fcf1b9328
03-09 18:28:57.063  2540  2540 F DEBUG   :     x12  0000000000000000  x13  0000007fcf1bbbb0  x14  0000000000000001  x15  0000007fcf1b9328
03-09 18:28:57.063  2540  2540 F DEBUG   :     x16  0000007f81b96af8  x17  0000007f81b259b8  x18  000000000000001e  x19  0000000000000000
03-09 18:28:57.063  2540  2540 F DEBUG   :     x20  0000000000000018  x21  0000007f81d9e000  x22  0000000000000010  x23  0000007fcf1b9f50
03-09 18:28:57.063  2540  2540 F DEBUG   :     x24  0000007fcf1bafc8  x25  0000007f81d8d000  x26  0000000000000000  x27  0000000000000000
03-09 18:28:57.063  2540  2540 F DEBUG   :     x28  0000007f81d8d260  x29  0000007fcf1b90e0  x30  0000007f81adcb48
03-09 18:28:57.064  2540  2540 F DEBUG   :     sp   0000007fcf1b90e0  pc   0000007f81b259c0  pstate 0000000060000000
03-09 18:28:57.068  2540  2540 F DEBUG   : 
03-09 18:28:57.068  2540  2540 F DEBUG   : backtrace:
03-09 18:28:57.068  2540  2540 F DEBUG   :     #00 pc 00000000000679c0  /system/lib64/libc.so (pthread_mutex_lock+8)
03-09 18:28:57.068  2540  2540 F DEBUG   :     #01 pc 000000000001eb44  /system/lib64/libc.so (readdir+28)
03-09 18:28:57.068  2540  2540 F DEBUG   :     #02 pc 0000000000002e80  /system/bin/logcat (main+3264)
03-09 18:28:57.068  2540  2540 F DEBUG   :     #03 pc 000000000001bcd8  /system/lib64/libc.so (__libc_init+100)
03-09 18:28:57.068  2540  2540 F DEBUG   :     #04 pc 0000000000003bb8  /system/bin/logcat
03-09 18:28:57.105  2540  2540 F DEBUG   : 
03-09 18:28:57.105  2540  2540 F DEBUG   : Tombstone written to: /data/tombstones/tombstone_07
03-09 18:28:57.106  2819  2865 I BootReceiver: Copying /data/tombstones/tombstone_07 to DropBox (SYSTEM_TOMBSTONE)
03-09 18:28:57.620   593   685 D RILMUXD : [gsm0710muxd] 2914:thread_serial_device_read(): Interrupt signal EINTR caught
03-09 18:28:58.243   593   685 D RILMUXD : [gsm0710muxd] 2914:thread_serial_device_read(): Interrupt signal EINTR caught
03-09 18:28:58.863   593   685 D RILMUXD : [gsm0710muxd] 2914:thread_serial_device_read(): Interrupt signal EINTR caught
03-09 18:28:59.482   593   685 D RILMUXD : [gsm0710muxd] 2914:thread_serial_device_read(): Interrupt signal EINTR caught
03-09 18:29:00.102   593   685 D RILMUXD : [gsm0710muxd] 2914:thread_serial_device_read(): Interrupt signal EINTR caught
03-09 18:29:00.822   593   685 D RILMUXD : [gsm0710muxd] 2914:thread_serial_device_read(): Interrupt signal EINTR caught
03-09 18:29:01.452   593   685 D RILMUXD : [gsm0710muxd] 2914:thread_serial_device_read(): Interrupt signal EINTR caught
03-09 18:29:02.071   593   685 D RILMUXD : [gsm0710muxd] 2914:thread_serial_device_read(): Interrupt signal EINTR caught
03-09 18:29:02.242  2540  2540 F DEBUG   : *** *** *** *** *** *** *** *** *** *** *** *** *** *** *** ***
03-09 18:29:02.243  2540  2540 F DEBUG   : LineageOS Version: '13.0-20170306-UNOFFICIAL-PowerFiveMax'
03-09 18:29:02.243  2540  2540 F DEBUG   : Build fingerprint: 'HighScreen/lineage_PowerFiveMax/PowerFiveMax:6.0.1/MOB31K/de916a5cf9:userdebug/test-keys'
03-09 18:29:02.243  2540  2540 F DEBUG   : Revision: '0'
03-09 18:29:02.243  2540  2540 F DEBUG   : ABI: 'arm64'
03-09 18:29:02.243  2540  2540 F DEBUG   : pid: 5170, tid: 5170, name: logcat  >>> /system/bin/logcat <<<
03-09 18:29:02.243  2540  2540 F DEBUG   : signal 11 (SIGSEGV), code 1 (SEGV_MAPERR), fault addr 0x18
03-09 18:29:02.244  2819  3083 W NativeCrashListener: Couldn't find ProcessRecord for pid 5170
03-09 18:29:02.247  2540  2540 F DEBUG   :     x0   0000000000000018  x1   0000007fa541a2e0  x2   0000007fa541a000  x3   0000007fa541b000
03-09 18:29:02.247  2540  2540 F DEBUG   :     x4   0000007fa541b3d0  x5   0000007fa541af48  x6   0000007fa541a000  x7   7f7f7f7f7f7f7f7f
03-09 18:29:02.247  2540  2540 F DEBUG   :     x8   0000000000000038  x9   0000007fc0c978e8  x10  0000000008655ec5  x11  0000007fc0c97968
03-09 18:29:02.247  2540  2540 F DEBUG   :     x12  0000000000000000  x13  0000007fc0c99bb0  x14  0000000000000000  x15  0000007fc0c97968
03-09 18:29:02.247  2540  2540 F DEBUG   :     x16  0000007fa5223af8  x17  0000007fa51b29b8  x18  000000000000001e  x19  0000000000000000
03-09 18:29:02.247  2540  2540 F DEBUG   :     x20  0000000000000018  x21  0000007fa542b000  x22  0000000000000010  x23  0000007fc0c98590
03-09 18:29:02.247  2540  2540 F DEBUG   :     x24  0000007fc0c99608  x25  0000007fa541a000  x26  0000000000000000  x27  0000000000000000
03-09 18:29:02.247  2540  2540 F DEBUG   :     x28  0000007fa541a260  x29  0000007fc0c97720  x30  0000007fa5169b48
03-09 18:29:02.247  2540  2540 F DEBUG   :     sp   0000007fc0c97720  pc   0000007fa51b29c0  pstate 0000000060000000
03-09 18:29:02.253  2540  2540 F DEBUG   : 
03-09 18:29:02.253  2540  2540 F DEBUG   : backtrace:
03-09 18:29:02.253  2540  2540 F DEBUG   :     #00 pc 00000000000679c0  /system/lib64/libc.so (pthread_mutex_lock+8)
03-09 18:29:02.253  2540  2540 F DEBUG   :     #01 pc 000000000001eb44  /system/lib64/libc.so (readdir+28)
03-09 18:29:02.253  2540  2540 F DEBUG   :     #02 pc 0000000000002e80  /system/bin/logcat (main+3264)
03-09 18:29:02.253  2540  2540 F DEBUG   :     #03 pc 000000000001bcd8  /system/lib64/libc.so (__libc_init+100)
03-09 18:29:02.253  2540  2540 F DEBUG   :     #04 pc 0000000000003bb8  /system/bin/logcat
03-09 18:29:02.691   593   685 D RILMUXD : [gsm0710muxd] 2914:thread_serial_device_read(): Interrupt signal EINTR caught
03-09 18:29:02.720  2540  2540 F DEBUG   : 
03-09 18:29:02.720  2540  2540 F DEBUG   : Tombstone written to: /data/tombstones/tombstone_08
03-09 18:29:02.720  2819  2865 I BootReceiver: Copying /data/tombstones/tombstone_08 to DropBox (SYSTEM_TOMBSTONE)
03-09 18:29:03.321   593   685 D RILMUXD : [gsm0710muxd] 2914:thread_serial_device_read(): Interrupt signal EINTR caught
03-09 18:29:03.323   699   725 I chatty  : uid=1001(radio) /system/bin/mtkrild expire 6 lines
03-09 18:29:03.323   699   717 I chatty  : uid=1001(radio) /system/bin/mtkrild expire 2 lines
03-09 18:29:03.323   699   719 I chatty  : uid=1001(radio) /system/bin/mtkrild expire 2 lines
03-09 18:29:03.323   699   713 I chatty  : uid=1001(radio) /system/bin/mtkrild expire 2 lines
03-09 18:29:03.324   699   723 I chatty  : uid=1001(radio) /system/bin/mtkrild expire 2 lines
03-09 18:29:03.324   699   714 I chatty  : uid=1001(radio) /system/bin/mtkrild expire 2 lines
03-09 18:29:03.324   699   720 I chatty  : uid=1001(radio) /system/bin/mtkrild expire 2 lines
03-09 18:29:03.324   699   716 I chatty  : uid=1001(radio) /system/bin/mtkrild expire 13 lines
03-09 18:29:03.324   699   715 I chatty  : uid=1001(radio) /system/bin/mtkrild expire 2 lines
03-09 18:29:03.324   699   722 I chatty  : uid=1001(radio) /system/bin/mtkrild expire 2 lines
03-09 18:29:03.324   699   718 I chatty  : uid=1001(radio) /system/bin/mtkrild expire 2 lines
03-09 18:29:03.324   699   721 I chatty  : uid=1001(radio) /system/bin/mtkrild expire 2 lines
03-09 18:29:03.324   699   724 I chatty  : uid=1001(radio) /system/bin/mtkrild expire 2 lines
03-09 18:29:03.950   593   685 D RILMUXD : [gsm0710muxd] 2914:thread_serial_device_read(): Interrupt signal EINTR caught
03-09 18:29:04.572   593   685 D RILMUXD : [gsm0710muxd] 2914:thread_serial_device_read(): Interrupt signal EINTR caught
03-09 18:29:05.193   593   685 D RILMUXD : [gsm0710muxd] 2914:thread_serial_device_read(): Interrupt signal EINTR caught
03-09 18:29:05.822   593   685 D RILMUXD : [gsm0710muxd] 2914:thread_serial_device_read(): Interrupt signal EINTR caught
03-09 18:29:06.462   593   685 D RILMUXD : [gsm0710muxd] 2914:thread_serial_device_read(): Interrupt signal EINTR caught
03-09 18:29:07.082   593   685 D RILMUXD : [gsm0710muxd] 2914:thread_serial_device_read(): Interrupt signal EINTR caught
03-09 18:29:07.155  2540  2540 F DEBUG   : *** *** *** *** *** *** *** *** *** *** *** *** *** *** *** ***
03-09 18:29:07.155  2540  2540 F DEBUG   : LineageOS Version: '13.0-20170306-UNOFFICIAL-PowerFiveMax'
03-09 18:29:07.155  2540  2540 F DEBUG   : Build fingerprint: 'HighScreen/lineage_PowerFiveMax/PowerFiveMax:6.0.1/MOB31K/de916a5cf9:userdebug/test-keys'
03-09 18:29:07.155  2540  2540 F DEBUG   : Revision: '0'
03-09 18:29:07.155  2540  2540 F DEBUG   : ABI: 'arm64'
03-09 18:29:07.155  2540  2540 F DEBUG   : pid: 5175, tid: 5175, name: logcat  >>> /system/bin/logcat <<<
03-09 18:29:07.155  2540  2540 F DEBUG   : signal 11 (SIGSEGV), code 1 (SEGV_MAPERR), fault addr 0x18
03-09 18:29:07.157  2540  2540 F DEBUG   :     x0   0000000000000018  x1   0000007f9f45e2e0  x2   0000007f9f45e000  x3   0000007f9f45f000
03-09 18:29:07.157  2540  2540 F DEBUG   :     x4   0000007f9f45f3d0  x5   0000007f9f45ef48  x6   0000007f9f45e000  x7   7f7f7f7f7f7f7f7f
03-09 18:29:07.157  2540  2540 F DEBUG   :     x8   0000000000000038  x9   0000007fe0280f48  x10  00000000062e9fa2  x11  0000007fe0280fc8
03-09 18:29:07.157  2540  2540 F DEBUG   :     x12  0000000000000000  x13  0000007fe0283bb0  x14  0000000000000000  x15  0000007fe0280fc8
03-09 18:29:07.157  2540  2540 F DEBUG   :     x16  0000007f9f267af8  x17  0000007f9f1f69b8  x18  000000000000001e  x19  0000000000000000
03-09 18:29:07.157  2540  2540 F DEBUG   :     x20  0000000000000018  x21  0000007f9f46f000  x22  0000000000000010  x23  0000007fe0281bf0
03-09 18:29:07.157  2540  2540 F DEBUG   :     x24  0000007fe0282c68  x25  0000007f9f45e000  x26  0000000000000000  x27  0000000000000000
03-09 18:29:07.157  2540  2540 F DEBUG   :     x28  0000007f9f45e260  x29  0000007fe0280d80  x30  0000007f9f1adb48
03-09 18:29:07.157  2540  2540 F DEBUG   :     sp   0000007fe0280d80  pc   0000007f9f1f69c0  pstate 0000000060000000
03-09 18:29:07.160  2540  2540 F DEBUG   : 
03-09 18:29:07.160  2540  2540 F DEBUG   : backtrace:
03-09 18:29:07.160  2540  2540 F DEBUG   :     #00 pc 00000000000679c0  /system/lib64/libc.so (pthread_mutex_lock+8)
03-09 18:29:07.160  2540  2540 F DEBUG   :     #01 pc 000000000001eb44  /system/lib64/libc.so (readdir+28)
03-09 18:29:07.160  2540  2540 F DEBUG   :     #02 pc 0000000000002e80  /system/bin/logcat (main+3264)
03-09 18:29:07.160  2540  2540 F DEBUG   :     #03 pc 000000000001bcd8  /system/lib64/libc.so (__libc_init+100)
03-09 18:29:07.160  2540  2540 F DEBUG   :     #04 pc 0000000000003bb8  /system/bin/logcat
03-09 18:29:07.164  2819  3083 W NativeCrashListener: Couldn't find ProcessRecord for pid 5175
03-09 18:29:07.209  2540  2540 F DEBUG   : 
03-09 18:29:07.209  2540  2540 F DEBUG   : Tombstone written to: /data/tombstones/tombstone_09
03-09 18:29:07.209  2819  2865 I BootReceiver: Copying /data/tombstones/tombstone_09 to DropBox (SYSTEM_TOMBSTONE)
03-09 18:29:07.702   593   685 D RILMUXD : [gsm0710muxd] 2914:thread_serial_device_read(): Interrupt signal EINTR caught
03-09 18:29:08.322   593   685 D RILMUXD : [gsm0710muxd] 2914:thread_serial_device_read(): Interrupt signal EINTR caught
03-09 18:29:08.940   593   685 D RILMUXD : [gsm0710muxd] 2914:thread_serial_device_read(): Interrupt signal EINTR caught
03-09 18:29:09.561   593   685 D RILMUXD : [gsm0710muxd] 2914:thread_serial_device_read(): Interrupt signal EINTR caught
03-09 18:29:10.181   593   685 D RILMUXD : [gsm0710muxd] 2914:thread_serial_device_read(): Interrupt signal EINTR caught
03-09 18:29:10.387   593   685 D RILMUXD : [gsm0710muxd] 2914:thread_serial_device_read(): Interrupt signal EINTR caught
03-09 18:29:11.012   593   685 D RILMUXD : [gsm0710muxd] 2914:thread_serial_device_read(): Interrupt signal EINTR caught
03-09 18:29:11.632   593   685 D RILMUXD : [gsm0710muxd] 2914:thread_serial_device_read(): Interrupt signal EINTR caught
03-09 18:29:11.704  2540  2540 F DEBUG   : *** *** *** *** *** *** *** *** *** *** *** *** *** *** *** ***
03-09 18:29:11.704  2540  2540 F DEBUG   : LineageOS Version: '13.0-20170306-UNOFFICIAL-PowerFiveMax'
03-09 18:29:11.704  2540  2540 F DEBUG   : Build fingerprint: 'HighScreen/lineage_PowerFiveMax/PowerFiveMax:6.0.1/MOB31K/de916a5cf9:userdebug/test-keys'
03-09 18:29:11.704  2540  2540 F DEBUG   : Revision: '0'
03-09 18:29:11.704  2540  2540 F DEBUG   : ABI: 'arm64'
03-09 18:29:11.704  2540  2540 F DEBUG   : pid: 5180, tid: 5180, name: logcat  >>> /system/bin/logcat <<<
03-09 18:29:11.704  2540  2540 F DEBUG   : signal 11 (SIGSEGV), code 1 (SEGV_MAPERR), fault addr 0x18
03-09 18:29:11.706  2540  2540 F DEBUG   :     x0   0000000000000018  x1   0000007fb37442e0  x2   0000007fb3744000  x3   0000007fb3745000
03-09 18:29:11.706  2540  2540 F DEBUG   :     x4   0000007fb37453d0  x5   0000007fb3744f48  x6   0000007fb3744000  x7   7f7f7f7f7f7f7f7f
03-09 18:29:11.706  2540  2540 F DEBUG   :     x8   0000000000000038  x9   0000007fd0448888  x10  0000000026e4ce80  x11  0000007fd0448908
03-09 18:29:11.706  2540  2540 F DEBUG   :     x12  0000000000000000  x13  0000007fd044abb0  x14  0000000000000000  x15  0000007fd0448908
03-09 18:29:11.706  2540  2540 F DEBUG   :     x16  0000007fb354daf8  x17  0000007fb34dc9b8  x18  000000000000001e  x19  0000000000000000
03-09 18:29:11.706  2540  2540 F DEBUG   :     x20  0000000000000018  x21  0000007fb3755000  x22  0000000000000010  x23  0000007fd0449530
03-09 18:29:11.706  2540  2540 F DEBUG   :     x24  0000007fd044a5a8  x25  0000007fb3744000  x26  0000000000000000  x27  0000000000000000
03-09 18:29:11.706  2540  2540 F DEBUG   :     x28  0000007fb3744260  x29  0000007fd04486c0  x30  0000007fb3493b48
03-09 18:29:11.706  2540  2540 F DEBUG   :     sp   0000007fd04486c0  pc   0000007fb34dc9c0  pstate 0000000060000000
03-09 18:29:11.709  2540  2540 F DEBUG   : 
03-09 18:29:11.709  2540  2540 F DEBUG   : backtrace:
03-09 18:29:11.709  2540  2540 F DEBUG   :     #00 pc 00000000000679c0  /system/lib64/libc.so (pthread_mutex_lock+8)
03-09 18:29:11.709  2540  2540 F DEBUG   :     #01 pc 000000000001eb44  /system/lib64/libc.so (readdir+28)
03-09 18:29:11.709  2540  2540 F DEBUG   :     #02 pc 0000000000002e80  /system/bin/logcat (main+3264)
03-09 18:29:11.709  2540  2540 F DEBUG   :     #03 pc 000000000001bcd8  /system/lib64/libc.so (__libc_init+100)
03-09 18:29:11.709  2540  2540 F DEBUG   :     #04 pc 0000000000003bb8  /system/bin/logcat
03-09 18:29:11.714  2819  3083 W NativeCrashListener: Couldn't find ProcessRecord for pid 5180
03-09 18:29:11.759  2540  2540 F DEBUG   : 
03-09 18:29:11.759  2540  2540 F DEBUG   : Tombstone written to: /data/tombstones/tombstone_00
03-09 18:29:11.760  2819  2865 I BootReceiver: Copying /data/tombstones/tombstone_00 to DropBox (SYSTEM_TOMBSTONE)
03-09 18:29:12.250   593   685 D RILMUXD : [gsm0710muxd] 2914:thread_serial_device_read(): Interrupt signal EINTR caught
03-09 18:29:12.467   593   685 D RILMUXD : [gsm0710muxd] 2914:thread_serial_device_read(): Interrupt signal EINTR caught
03-09 18:29:13.091   593   685 D RILMUXD : [gsm0710muxd] 2914:thread_serial_device_read(): Interrupt signal EINTR caught
03-09 18:29:13.710   593   685 D RILMUXD : [gsm0710muxd] 2914:thread_serial_device_read(): Interrupt signal EINTR caught
03-09 18:29:14.332   593   685 D RILMUXD : [gsm0710muxd] 2914:thread_serial_device_read(): Interrupt signal EINTR caught
03-09 18:29:14.952   593   685 D RILMUXD : [gsm0710muxd] 2914:thread_serial_device_read(): Interrupt signal EINTR caught
03-09 18:29:15.572   593   685 D RILMUXD : [gsm0710muxd] 2914:thread_serial_device_read(): Interrupt signal EINTR caught
03-09 18:29:16.190   593   685 D RILMUXD : [gsm0710muxd] 2914:thread_serial_device_read(): Interrupt signal EINTR caught
03-09 18:29:16.812   593   685 D RILMUXD : [gsm0710muxd] 2914:thread_serial_device_read(): Interrupt signal EINTR caught
03-09 18:29:16.884  2540  2540 F DEBUG   : *** *** *** *** *** *** *** *** *** *** *** *** *** *** *** ***
03-09 18:29:16.884  2540  2540 F DEBUG   : LineageOS Version: '13.0-20170306-UNOFFICIAL-PowerFiveMax'
03-09 18:29:16.884  2540  2540 F DEBUG   : Build fingerprint: 'HighScreen/lineage_PowerFiveMax/PowerFiveMax:6.0.1/MOB31K/de916a5cf9:userdebug/test-keys'
03-09 18:29:16.884  2540  2540 F DEBUG   : Revision: '0'
03-09 18:29:16.884  2540  2540 F DEBUG   : ABI: 'arm64'
03-09 18:29:16.884  2540  2540 F DEBUG   : pid: 5185, tid: 5185, name: logcat  >>> /system/bin/logcat <<<
03-09 18:29:16.885  2540  2540 F DEBUG   : signal 11 (SIGSEGV), code 1 (SEGV_MAPERR), fault addr 0x18
03-09 18:29:16.886  2540  2540 F DEBUG   :     x0   0000000000000018  x1   0000007fb1c282e0  x2   0000007fb1c28000  x3   0000007fb1c29000
03-09 18:29:16.886  2540  2540 F DEBUG   :     x4   0000007fb1c293d0  x5   0000007fb1c28f48  x6   0000007fb1c28000  x7   7f7f7f7f7f7f7f7f
03-09 18:29:16.886  2540  2540 F DEBUG   :     x8   0000000000000038  x9   0000007fe8274848  x10  0000000031a56429  x11  0000007fe82748c8
03-09 18:29:16.886  2540  2540 F DEBUG   :     x12  0000000000000000  x13  0000007fe8276bb0  x14  0000000000000000  x15  0000007fe82748c8
03-09 18:29:16.886  2540  2540 F DEBUG   :     x16  0000007fb1a31af8  x17  0000007fb19c09b8  x18  000000000000001e  x19  0000000000000000
03-09 18:29:16.886  2540  2540 F DEBUG   :     x20  0000000000000018  x21  0000007fb1c39000  x22  0000000000000010  x23  0000007fe82754f0
03-09 18:29:16.886  2540  2540 F DEBUG   :     x24  0000007fe8276568  x25  0000007fb1c28000  x26  0000000000000000  x27  0000000000000000
03-09 18:29:16.886  2540  2540 F DEBUG   :     x28  0000007fb1c28260  x29  0000007fe8274680  x30  0000007fb1977b48
03-09 18:29:16.886  2540  2540 F DEBUG   :     sp   0000007fe8274680  pc   0000007fb19c09c0  pstate 0000000060000000
03-09 18:29:16.889  2540  2540 F DEBUG   : 
03-09 18:29:16.889  2540  2540 F DEBUG   : backtrace:
03-09 18:29:16.889  2540  2540 F DEBUG   :     #00 pc 00000000000679c0  /system/lib64/libc.so (pthread_mutex_lock+8)
03-09 18:29:16.889  2540  2540 F DEBUG   :     #01 pc 000000000001eb44  /system/lib64/libc.so (readdir+28)
03-09 18:29:16.889  2540  2540 F DEBUG   :     #02 pc 0000000000002e80  /system/bin/logcat (main+3264)
03-09 18:29:16.889  2540  2540 F DEBUG   :     #03 pc 000000000001bcd8  /system/lib64/libc.so (__libc_init+100)
03-09 18:29:16.889  2540  2540 F DEBUG   :     #04 pc 0000000000003bb8  /system/bin/logcat
03-09 18:29:16.894  2819  3083 W NativeCrashListener: Couldn't find ProcessRecord for pid 5185
03-09 18:29:16.937  2540  2540 F DEBUG   : 
03-09 18:29:16.937  2540  2540 F DEBUG   : Tombstone written to: /data/tombstones/tombstone_01
03-09 18:29:16.938  2819  2865 I BootReceiver: Copying /data/tombstones/tombstone_01 to DropBox (SYSTEM_TOMBSTONE)
03-09 18:29:17.432   593   685 D RILMUXD : [gsm0710muxd] 2914:thread_serial_device_read(): Interrupt signal EINTR caught
03-09 18:29:18.063   593   685 D RILMUXD : [gsm0710muxd] 2914:thread_serial_device_read(): Interrupt signal EINTR caught
03-09 18:29:18.692   593   685 D RILMUXD : [gsm0710muxd] 2914:thread_serial_device_read(): Interrupt signal EINTR caught
03-09 18:29:19.314   593   685 D RILMUXD : [gsm0710muxd] 2914:thread_serial_device_read(): Interrupt signal EINTR caught
03-09 18:29:19.952   593   685 D RILMUXD : [gsm0710muxd] 2914:thread_serial_device_read(): Interrupt signal EINTR caught
03-09 18:29:20.583   593   685 D RILMUXD : [gsm0710muxd] 2914:thread_serial_device_read(): Interrupt signal EINTR caught
03-09 18:29:21.223   593   685 D RILMUXD : [gsm0710muxd] 2914:thread_serial_device_read(): Interrupt signal EINTR caught
03-09 18:29:21.841   593   685 D RILMUXD : [gsm0710muxd] 2914:thread_serial_device_read(): Interrupt signal EINTR caught
03-09 18:29:22.012   699   725 I chatty  : uid=1001(radio) /system/bin/mtkrild expire 6 lines
03-09 18:29:22.012   699   717 I chatty  : uid=1001(radio) /system/bin/mtkrild expire 2 lines
03-09 18:29:22.012   699   719 I chatty  : uid=1001(radio) /system/bin/mtkrild expire 2 lines
03-09 18:29:22.012   699   713 I chatty  : uid=1001(radio) /system/bin/mtkrild expire 2 lines
03-09 18:29:22.012   699   723 I chatty  : uid=1001(radio) /system/bin/mtkrild expire 2 lines
03-09 18:29:22.012   699   714 I chatty  : uid=1001(radio) /system/bin/mtkrild expire 2 lines
03-09 18:29:22.013   699   720 I chatty  : uid=1001(radio) /system/bin/mtkrild expire 2 lines
03-09 18:29:22.013   699   716 I chatty  : uid=1001(radio) /system/bin/mtkrild expire 13 lines
03-09 18:29:22.013   699   715 I chatty  : uid=1001(radio) /system/bin/mtkrild expire 2 lines
03-09 18:29:22.013   699   722 I chatty  : uid=1001(radio) /system/bin/mtkrild expire 2 lines
03-09 18:29:22.013   699   718 I chatty  : uid=1001(radio) /system/bin/mtkrild expire 2 lines
03-09 18:29:22.013   699   721 I chatty  : uid=1001(radio) /system/bin/mtkrild expire 2 lines
03-09 18:29:22.013   699   724 I chatty  : uid=1001(radio) /system/bin/mtkrild expire 2 lines
03-09 18:29:22.451  2540  2540 F DEBUG   : *** *** *** *** *** *** *** *** *** *** *** *** *** *** *** ***
03-09 18:29:22.451  2540  2540 F DEBUG   : LineageOS Version: '13.0-20170306-UNOFFICIAL-PowerFiveMax'
03-09 18:29:22.451  2540  2540 F DEBUG   : Build fingerprint: 'HighScreen/lineage_PowerFiveMax/PowerFiveMax:6.0.1/MOB31K/de916a5cf9:userdebug/test-keys'
03-09 18:29:22.451  2540  2540 F DEBUG   : Revision: '0'
03-09 18:29:22.451  2540  2540 F DEBUG   : ABI: 'arm64'
03-09 18:29:22.451   593   685 D RILMUXD : [gsm0710muxd] 2914:thread_serial_device_read(): Interrupt signal EINTR caught
03-09 18:29:22.451  2540  2540 F DEBUG   : pid: 5190, tid: 5190, name: logcat  >>> /system/bin/logcat <<<
03-09 18:29:22.451  2540  2540 F DEBUG   : signal 11 (SIGSEGV), code 1 (SEGV_MAPERR), fault addr 0x18
