03-06 20:44:57.678   426   426 D NVRAM   : [NVRAM]: info nvram_gpt_flag =1
03-06 20:44:57.678   426   426 D NVRAM   : [NVRAM]: info NVRAM Init Completed!
03-06 20:44:57.678   426   426 D NVRAM   : Total nvram Lid number is 74
03-06 20:44:57.678   426   426 D NVRAM   : Check if upgrade status
03-06 20:44:57.680   426   426 D NVRAM   : Check FILE_VER in first boot
03-06 20:44:57.681   426   426 D NVRAM   : Begin excute customer callback!!!
03-06 20:44:57.681   426   426 D NVRAM   : nvram daemon callback will run!!!
03-06 20:44:57.681   426   426 D NVRAM   : Callback return 0
03-06 20:44:57.681   426   426 D NVRAM   : enter encrypted state
03-06 20:44:57.681   426   426 D NVRAM   : state: trigger_restart_framework
03-06 20:44:57.681   426   426 D NVRAM   : Set Ready property success
03-06 20:44:57.683   426   538 D NVRAM   : NVRAM AP_CFG_RDCL_FILE_AUXADC_LID:2 
03-06 20:44:57.683   426   538 D NVRAM   : NVM_GetFileDesc ++
03-06 20:44:57.683   426   538 D NVRAM   : NVM_GetCfgFileTable : file_lid = 2
03-06 20:44:57.683   426   538 D NVRAM   : NVM_GetCfgFileTable done
03-06 20:44:57.683   426   538 D NVRAM   : Open /data/nvram/APCFG/APRDCL/AUXADC,LID:2
03-06 20:44:57.683   426   539 D NVRAM   : NVM_GetFileDesc ++
03-06 20:44:57.683   426   539 D NVRAM   : NVM_GetCfgFileTable : file_lid = 1
03-06 20:44:57.683   426   544 D NVRAM   : [NVRAM Daemon]product info lid 59 ++
03-06 20:44:57.683   426   539 D NVRAM   : NVM_GetCfgFileTable done
03-06 20:44:57.683   426   544 D NVRAM   : NVM_GetFileDesc ++
03-06 20:44:57.683   426   539 D NVRAM   : Open /data/nvram/APCFG/APRDEB/BT_Addr,LID:1
03-06 20:44:57.683   426   544 D NVRAM   : NVM_GetCfgFileTable : file_lid = 59
03-06 20:44:57.683   426   539 D NVRAM   : NVM_CmpFileVerNo 1  
03-06 20:44:57.683   426   544 D NVRAM   : NVM_GetCfgFileTable done
03-06 20:44:57.683   426   539 D NVRAM   : NVM_GetCfgFileTable : file_lid = 1
03-06 20:44:57.683   426   539 D NVRAM   : Check if FILE_VER exists before openning it!
03-06 20:44:57.683   426   539 D NVRAM   : NVM_CheckVerFile: 1
03-06 20:44:57.684   426   538 D NVRAM   : NVM_CmpFileVerNo 2  
03-06 20:44:57.684   426   538 D NVRAM   : NVM_GetCfgFileTable : file_lid = 2
03-06 20:44:57.684   426   538 D NVRAM   : Check if FILE_VER exists before openning it!
03-06 20:44:57.684   426   538 D NVRAM   : NVM_CheckVerFile: 1
03-06 20:44:57.684   426   544 D NVRAM   : 59 is in new nvram partition!!!
03-06 20:44:57.684   426   540 D NVRAM   : [NVRAM Daemon]wifi lid 53 ++
03-06 20:44:57.684   426   540 D NVRAM   : NVM_GetFileDesc ++
03-06 20:44:57.684   426   544 D NVRAM   : New NVRAM partition name is /dev/block/platform/mtk-msdc.0/11230000.msdc0/by-name/proinfo.
03-06 20:44:57.684   426   540 D NVRAM   : NVM_GetCfgFileTable : file_lid = 53
03-06 20:44:57.684   426   540 D NVRAM   : NVM_GetCfgFileTable done
03-06 20:44:57.684   426   540 D NVRAM   : Open /data/nvram/APCFG/APRDEB/WIFI,LID:53
03-06 20:44:57.684   426   544 D NVRAM   : [NVRAM Daemon] product info FID 7 rec_size 1024 rec_num 1
03-06 20:44:57.684   426   544 D NVRAM   : 59 is in new nvram partition!!!
03-06 20:44:57.684   426   540 D NVRAM   : NVM_CmpFileVerNo 53  
03-06 20:44:57.684   426   540 D NVRAM   : NVM_GetCfgFileTable : file_lid = 53
03-06 20:44:57.684   426   540 D NVRAM   : Check if FILE_VER exists before openning it!
03-06 20:44:57.684   426   540 D NVRAM   : NVM_CheckVerFile: 1
03-06 20:44:57.684   426   540 D NVRAM   : New version info file
03-06 20:44:57.684   426   539 D NVRAM   : New version info file
03-06 20:44:57.684   426   538 D NVRAM   : New version info file
03-06 20:44:57.684   426   540 D NVRAM   : Load File Version: 000, NvRam File Version: 000
03-06 20:44:57.684   426   539 D NVRAM   : Load File Version: 001, NvRam File Version: 001
03-06 20:44:57.684   426   538 D NVRAM   : Load File Version: 000, NvRam File Version: 000
03-06 20:44:57.684   426   540 D NVRAM   : no need to enc/dnc
03-06 20:44:57.684   426   538 D NVRAM   : no need to enc/dnc
03-06 20:44:57.684   426   539 D NVRAM   : no need to enc/dnc
03-06 20:44:57.684   426   540 D NVRAM   : NVM_CheckFileSize : 53 ++
03-06 20:44:57.684   426   538 D NVRAM   : NVM_CheckFileSize : 2 ++
03-06 20:44:57.684   426   539 D NVRAM   : NVM_CheckFileSize : 1 ++
03-06 20:44:57.684   426   540 D NVRAM   : iCustomBeginLID = 49
03-06 20:44:57.684   426   538 D NVRAM   : iCustomBeginLID = 49
03-06 20:44:57.684   426   539 D NVRAM   : iCustomBeginLID = 49
03-06 20:44:57.684   426   540 D NVRAM   : NVM_CheckVerFile: 1
03-06 20:44:57.684   426   538 D NVRAM   : NVM_CheckVerFile: 1
03-06 20:44:57.684   426   539 D NVRAM   : NVM_CheckVerFile: 1
03-06 20:44:57.684   426   540 D NVRAM   : NVM_GetCfgFileTable : file_lid = 53
03-06 20:44:57.684   426   539 D NVRAM   : NVM_GetCfgFileTable : file_lid = 1
03-06 20:44:57.684   426   538 D NVRAM   : NVM_GetCfgFileTable : file_lid = 2
03-06 20:44:57.684   426   540 D NVRAM   : NVM_CheckFileSize:stat_size:514,size in table:512
03-06 20:44:57.684   426   539 D NVRAM   : NVM_CheckFileSize:stat_size:66,size in table:64
03-06 20:44:57.684   426   540 D NVRAM   : NVM_ProtectUserData
03-06 20:44:57.684   426   538 D NVRAM   : NVM_CheckFileSize:stat_size:78,size in table:76
03-06 20:44:57.684   426   539 D NVRAM   : NVM_ProtectUserData
03-06 20:44:57.684   426   540 D NVRAM   : NVM_ProtectUserData:Check File
03-06 20:44:57.684   426   538 D NVRAM   : NVM_ProtectUserData
03-06 20:44:57.684   426   539 D NVRAM   : NVM_ProtectUserData:Check File
03-06 20:44:57.684   426   538 D NVRAM   : NVM_ProtectUserData:Check File
03-06 20:44:57.685   426   541 D NVRAM   : NVM_GetFileDesc ++
03-06 20:44:57.685   426   543 D NVRAM   : NVM_GetFileDesc ++
03-06 20:44:57.685   426   541 D NVRAM   : NVM_GetCfgFileTable : file_lid = 12
03-06 20:44:57.685   426   541 D NVRAM   : NVM_GetCfgFileTable done
03-06 20:44:57.685   426   541 D NVRAM   : Open /data/nvram/APCFG/APRDCL/HWMON_ACC,LID:12
03-06 20:44:57.685   426   538 D NVRAM   : NVM_CheckFile: File is correct!
03-06 20:44:57.685   426   542 D NVRAM   : NVM_GetFileDesc ++
03-06 20:44:57.685   426   539 D NVRAM   : NVM_CheckFile: File is correct!
03-06 20:44:57.685   426   538 D NVRAM   : NVM_ProtectUserData:Check Success
03-06 20:44:57.685   426   539 D NVRAM   : NVM_ProtectUserData:Check Success
03-06 20:44:57.685   426   538 D NVRAM   : NVM_GetFileDesc ProtectDataFile Check Success!!
03-06 20:44:57.685   426   539 D NVRAM   : NVM_GetFileDesc ProtectDataFile Check Success!!
03-06 20:44:57.685   426   542 D NVRAM   : NVM_GetCfgFileTable : file_lid = 13
03-06 20:44:57.685   426   538 D NVRAM   : NVM_GetFileDesc --
03-06 20:44:57.685   426   542 D NVRAM   : NVM_GetCfgFileTable done
03-06 20:44:57.685   426   539 D NVRAM   : NVM_GetFileDesc --
03-06 20:44:57.685   426   542 D NVRAM   : Open /data/nvram/APCFG/APRDCL/HWMON_GYRO,LID:13
03-06 20:44:57.686   426   541 D NVRAM   : NVM_CmpFileVerNo 12  
03-06 20:44:57.686   426   541 D NVRAM   : NVM_GetCfgFileTable : file_lid = 12
03-06 20:44:57.686   426   543 D NVRAM   : NVM_GetCfgFileTable : file_lid = 18
03-06 20:44:57.686   426   541 D NVRAM   : Check if FILE_VER exists before openning it!
03-06 20:44:57.686   426   543 D NVRAM   : NVM_GetCfgFileTable done
03-06 20:44:57.686   426   541 D NVRAM   : NVM_CheckVerFile: 1
03-06 20:44:57.686   426   543 D NVRAM   : Open /data/nvram/APCFG/APRDCL/HWMON_PS,LID:18
03-06 20:44:57.686   426   541 D NVRAM   : New version info file
03-06 20:44:57.686   426   541 D NVRAM   : Load File Version: 000, NvRam File Version: 000
03-06 20:44:57.686   426   543 D NVRAM   : NVM_CmpFileVerNo 18  
03-06 20:44:57.686   426   541 D NVRAM   : no need to enc/dnc
03-06 20:44:57.686   426   543 D NVRAM   : NVM_GetCfgFileTable : file_lid = 18
03-06 20:44:57.686   426   541 D NVRAM   : NVM_CheckFileSize : 12 ++
03-06 20:44:57.686   426   543 D NVRAM   : Check if FILE_VER exists before openning it!
03-06 20:44:57.686   426   541 D NVRAM   : iCustomBeginLID = 49
03-06 20:44:57.686   426   543 D NVRAM   : NVM_CheckVerFile: 1
03-06 20:44:57.686   426   541 D NVRAM   : NVM_CheckVerFile: 1
03-06 20:44:57.686   426   541 D NVRAM   : NVM_GetCfgFileTable : file_lid = 12
03-06 20:44:57.686   426   543 D NVRAM   : New version info file
03-06 20:44:57.686   426   541 D NVRAM   : NVM_CheckFileSize:stat_size:14,size in table:12
03-06 20:44:57.686   426   543 D NVRAM   : Load File Version: 000, NvRam File Version: 000
03-06 20:44:57.686   426   541 D NVRAM   : NVM_ProtectUserData
03-06 20:44:57.686   426   543 D NVRAM   : no need to enc/dnc
03-06 20:44:57.686   426   541 D NVRAM   : NVM_ProtectUserData:Check File
03-06 20:44:57.686   426   543 D NVRAM   : NVM_CheckFileSize : 18 ++
03-06 20:44:57.686   426   543 D NVRAM   : iCustomBeginLID = 49
03-06 20:44:57.686   426   543 D NVRAM   : NVM_CheckVerFile: 1
03-06 20:44:57.686   426   543 D NVRAM   : NVM_GetCfgFileTable : file_lid = 18
03-06 20:44:57.686   426   543 D NVRAM   : NVM_CheckFileSize:stat_size:14,size in table:12
03-06 20:44:57.686   426   543 D NVRAM   : NVM_ProtectUserData
03-06 20:44:57.686   426   543 D NVRAM   : NVM_ProtectUserData:Check File
03-06 20:44:57.686   426   542 D NVRAM   : NVM_CmpFileVerNo 13  
03-06 20:44:57.686   426   542 D NVRAM   : NVM_GetCfgFileTable : file_lid = 13
03-06 20:44:57.686   426   539 D NVRAM   : FD 7 rec_size 64 rec_num 1
03-06 20:44:57.686   431   431 D MsensorDaemon: do not USE_LIBC_SYSTEM_PROPERTIES
03-06 20:44:57.687   431   431 E MsensorDaemon: [93] ''
03-06 20:44:57.687   426   539 D NVRAM   : Read NVRAM: [BDAddr 76-5e-46-03-26-1f][Voice 60 00][Codec 23 10 00 00]               [Radio 07 80 00 06 05 07][Sleep 03 40 1f 40 1f 00 04][BtFTR 80 00]               [TxPWOffset ff ff ff][CoexAdjust 00 00 00 00 00 00]
03-06 20:44:57.687   426   543 D NVRAM   : NVM_CheckFile: File is correct!
03-06 20:44:57.687   426   540 D NVRAM   : NVM_CheckFile: File is correct!
03-06 20:44:57.687   426   543 D NVRAM   : NVM_ProtectUserData:Check Success
03-06 20:44:57.687   426   540 D NVRAM   : NVM_ProtectUserData:Check Success
03-06 20:44:57.687   426   543 D NVRAM   : NVM_GetFileDesc ProtectDataFile Check Success!!
03-06 20:44:57.687   426   540 D NVRAM   : NVM_GetFileDesc ProtectDataFile Check Success!!
03-06 20:44:57.687   426   543 D NVRAM   : NVM_GetFileDesc --
03-06 20:44:57.687   426   540 D NVRAM   : NVM_GetFileDesc --
03-06 20:44:57.688   426   542 D NVRAM   : Check if FILE_VER exists before openning it!
03-06 20:44:57.688   426   542 D NVRAM   : NVM_CheckVerFile: 1
03-06 20:44:57.688   426   542 D NVRAM   : New version info file
03-06 20:44:57.688   426   542 D NVRAM   : Load File Version: 000, NvRam File Version: 000
03-06 20:44:57.688   426   542 D NVRAM   : no need to enc/dnc
03-06 20:44:57.688   426   542 D NVRAM   : NVM_CheckFileSize : 13 ++
03-06 20:44:57.688   426   542 D NVRAM   : iCustomBeginLID = 49
03-06 20:44:57.688   426   542 D NVRAM   : NVM_CheckVerFile: 1
03-06 20:44:57.688   426   542 D NVRAM   : NVM_GetCfgFileTable : file_lid = 13
03-06 20:44:57.688   426   542 D NVRAM   : NVM_CheckFileSize:stat_size:14,size in table:12
03-06 20:44:57.688   426   542 D NVRAM   : NVM_ProtectUserData
03-06 20:44:57.688   426   542 D NVRAM   : NVM_ProtectUserData:Check File
03-06 20:44:57.689   426   540 D NVRAM   : [wifi] wifi FD 12 rec_size 512 rec_num 1, ucSupport5GBand 1 ucEnable5GBand 1, b_5Gsupport=1
03-06 20:44:57.689   426   543 D HWMLIB  : nvram read: 0, 0, 0 
03-06 20:44:57.689   426   541 D NVRAM   : NVM_CheckFile: File is correct!
03-06 20:44:57.689   426   541 D NVRAM   : NVM_ProtectUserData:Check Success
03-06 20:44:57.689   426   541 D NVRAM   : NVM_GetFileDesc ProtectDataFile Check Success!!
03-06 20:44:57.689   426   541 D NVRAM   : NVM_GetFileDesc --
03-06 20:44:57.689   426   541 D HWMLIB  : [RN]    0.0000    0.0000    0.0000 =>     0     0     0
03-06 20:44:57.689   426   542 D NVRAM   : NVM_CheckFile: File is correct!
03-06 20:44:57.689   426   542 D NVRAM   : NVM_ProtectUserData:Check Success
03-06 20:44:57.689   426   542 D NVRAM   : NVM_GetFileDesc ProtectDataFile Check Success!!
03-06 20:44:57.689   426   542 D NVRAM   : NVM_GetFileDesc --
03-06 20:44:57.689   426   542 D HWMLIB  : [RN]    0.0000    0.0000    0.0000 =>     0     0     0
03-06 20:44:57.694     1     1 E (0)[1:init]init: avc:  denied  { set } for property=ro.wlan.mtk.wifi.5g pid=426 uid=0 gid=1000 scontext=u:r:nvram_daemon:s0 tcontext=u:object_r:default_prop:s0 tclass=property_service permissive=1
03-06 20:44:57.706   536   536 I sysinit : Running /system/etc/init.d/90userinit
03-06 20:44:57.717   426   543 D NVRAM   : no need to enc/dnc
03-06 20:44:57.717   426   538 D NVRAM   : NVM_CheckFileSize : 2 ++
03-06 20:44:57.717   426   542 D NVRAM   : no need to enc/dnc
03-06 20:44:57.717   426   541 D NVRAM   : no need to enc/dnc
03-06 20:44:57.717   426   538 D NVRAM   : iCustomBeginLID = 49
03-06 20:44:57.717   426   541 D NVRAM   : NVM_CloseFileDesc: Open by Readonly, no need to check when close
03-06 20:44:57.717   426   543 D NVRAM   : NVM_CloseFileDesc: Open by Readonly, no need to check when close
03-06 20:44:57.717   426   542 D NVRAM   : NVM_CloseFileDesc: Open by Readonly, no need to check when close
03-06 20:44:57.717   426   538 D NVRAM   : NVM_CheckVerFile: 1
03-06 20:44:57.717   426   543 E HWMLIB  : alsps_set_cali: set_cali err: -1
03-06 20:44:57.717   426   538 D NVRAM   : NVM_GetCfgFileTable : file_lid = 2
03-06 20:44:57.717   426   540 D NVRAM   : no need to enc/dnc
03-06 20:44:57.717   426   543 D NVRAM   : set calibration fail: 25(Not a typewriter)
03-06 20:44:57.717   426   538 D NVRAM   : NVM_CheckFileSize:stat_size:78,size in table:76
03-06 20:44:57.717   426   540 D NVRAM   : NVM_CloseFileDesc: Open by Readonly, no need to check when close
03-06 20:44:57.717   426   538 D NVRAM   : NVM_ProtectUserData
03-06 20:44:57.717   426   538 D NVRAM   : NVM_ProtectUserData:Set Check Num
03-06 20:44:57.717   426   540 D NVRAM   : [NVRAM Daemon]wifi custom lid 54 ++
03-06 20:44:57.717   426   541 D HWMLIB  : [WD]    0.0000    0.0000    0.0000 =>     0     0     0
03-06 20:44:57.717   426   540 D NVRAM   : NVM_GetFileDesc ++
03-06 20:44:57.717   426   541 D NVRAM   : write calibration done
03-06 20:44:57.717   426   538 D NVRAM   : NVM_SetCheckNo: CheckNo:2b
03-06 20:44:57.717   426   538 D NVRAM   : NVM_SetCheckNo: CheckFlag:0
03-06 20:44:57.717   426   540 D NVRAM   : NVM_GetCfgFileTable : file_lid = 54
03-06 20:44:57.717   426   540 D NVRAM   : NVM_GetCfgFileTable done
03-06 20:44:57.717   426   540 D NVRAM   : Open /data/nvram/APCFG/APRDEB/WIFI_CUSTOM,LID:54
03-06 20:44:57.717   426   539 D NVRAM   : NVM_CheckFileSize : 1 ++
03-06 20:44:57.717   426   539 D NVRAM   : iCustomBeginLID = 49
03-06 20:44:57.717   426   539 D NVRAM   : NVM_CheckVerFile: 1
03-06 20:44:57.718   426   539 D NVRAM   : NVM_GetCfgFileTable : file_lid = 1
03-06 20:44:57.718   426   539 D NVRAM   : NVM_CheckFileSize:stat_size:66,size in table:64
03-06 20:44:57.718   426   540 D NVRAM   : NVM_CmpFileVerNo 54  
03-06 20:44:57.718   426   539 D NVRAM   : NVM_ProtectUserData
03-06 20:44:57.718   426   540 D NVRAM   : NVM_GetCfgFileTable : file_lid = 54
03-06 20:44:57.718   426   539 D NVRAM   : NVM_ProtectUserData:Set Check Num
03-06 20:44:57.718   426   540 D NVRAM   : Check if FILE_VER exists before openning it!
03-06 20:44:57.718   426   540 D NVRAM   : NVM_CheckVerFile: 1
03-06 20:44:57.718   426   540 D NVRAM   : New version info file
03-06 20:44:57.718   426   539 D NVRAM   : NVM_SetCheckNo: CheckNo:e8
03-06 20:44:57.718   426   540 D NVRAM   : Load File Version: 000, NvRam File Version: 000
03-06 20:44:57.718   426   539 D NVRAM   : NVM_SetCheckNo: CheckFlag:0
03-06 20:44:57.718   426   540 D NVRAM   : no need to enc/dnc
03-06 20:44:57.718   426   540 D NVRAM   : NVM_CheckFileSize : 54 ++
03-06 20:44:57.718   426   540 D NVRAM   : iCustomBeginLID = 49
03-06 20:44:57.718   426   540 D NVRAM   : NVM_CheckVerFile: 1
03-06 20:44:57.718   426   540 D NVRAM   : NVM_GetCfgFileTable : file_lid = 54
03-06 20:44:57.718   426   540 D NVRAM   : NVM_CheckFileSize:stat_size:6,size in table:4
03-06 20:44:57.718   426   540 D NVRAM   : NVM_ProtectUserData
03-06 20:44:57.718   426   540 D NVRAM   : NVM_ProtectUserData:Check File
03-06 20:44:57.718   426   542 D HWMLIB  : [WD]    0.0000    0.0000    0.0000 =>     0     0     0
03-06 20:44:57.718   426   542 D NVRAM   : write gyroscope calibration done
03-06 20:44:57.719   426   540 D NVRAM   : NVM_CheckFile: File is correct!
03-06 20:44:57.719   426   540 D NVRAM   : NVM_ProtectUserData:Check Success
03-06 20:44:57.719   426   540 D NVRAM   : NVM_GetFileDesc ProtectDataFile Check Success!!
03-06 20:44:57.719   426   540 D NVRAM   : NVM_GetFileDesc --
03-06 20:44:57.720   426   540 D NVRAM   : [wifi] wifi custom FD 7 rec_size 4 rec_num 1
03-06 20:44:57.722   426   540 D NVRAM   : no need to enc/dnc
03-06 20:44:57.722   426   540 D NVRAM   : NVM_CloseFileDesc: Open by Readonly, no need to check when close
03-06 20:44:57.723   541   541 I         : (3)[541:nvram_daemon][accel] LSM6DS3_acc_WriteCalibration
03-06 20:44:57.724   426   539 D NVRAM   : NVM_SetCheckNo: CheckNo generate successfully!
03-06 20:44:57.724   426   538 D NVRAM   : NVM_SetCheckNo: CheckNo generate successfully!
03-06 20:44:57.724   426   539 D NVRAM   : NVM_ProtectUserData:Set Check Num Success
03-06 20:44:57.724   426   538 D NVRAM   : NVM_ProtectUserData:Set Check Num Success
03-06 20:44:57.724   426   539 D NVRAM   : NVM_CloseFileDesc ProtectDataFile Success!!
03-06 20:44:57.724   426   538 D NVRAM   : NVM_CloseFileDesc ProtectDataFile Success!!
03-06 20:44:57.724   426   539 D NVRAM   : no need to enc/dnc
03-06 20:44:57.724   426   538 D NVRAM   : no need to enc/dnc
03-06 20:44:57.724   426   426 D NVRAM   : NVRAM daemon sleep !
03-06 20:44:57.737   430   430 D mnl_linux: mtk_gps_sys_init: nvram_init_val Ready
03-06 20:44:57.737   430   430 D mnl_linux: mtk_gps_sys_init: Get nvram restore ready retry cc=2
03-06 20:44:57.737   430   430 D NVRAM   : NVM_GetFileDesc ++
03-06 20:44:57.738   430   430 D NVRAM   : length of g_NVRAM_BACKUP_DEVICE=59
03-06 20:44:57.738   430   430 D NVRAM   : nvram_layout_callback will run!!!
03-06 20:44:57.738   430   430 D NVRAM   : nvram_platform_log_block: 2
03-06 20:44:57.738   430   430 D NVRAM   : nvram_platform_resv_block: 2
03-06 20:44:57.738   430   430 D NVRAM   : nvram_platform_DM_block: 1
03-06 20:44:57.738   430   430 D NVRAM   : nvram_platform_layout_version: 0
03-06 20:44:57.738   430   430 D NVRAM   : nvram_platform_header_offset: 0
03-06 20:44:57.738   430   430 D NVRAM   : g_i4CFG_File_Count: 49
03-06 20:44:57.739   430   430 D NVRAM   : NVM_Init Max Lid: 74
03-06 20:44:57.739   430   430 D NVRAM   : [NVRAM]: info nvram_gpt_flag =1
03-06 20:44:57.739   430   430 D NVRAM   : [NVRAM]: info NVRAM Init Completed!
03-06 20:44:57.739   430   430 D NVRAM   : NVM_GetCfgFileTable : file_lid = 50
03-06 20:44:57.739   430   430 D NVRAM   : NVM_GetCfgFileTable done
03-06 20:44:57.739   430   430 D NVRAM   : Open /data/nvram/APCFG/APRDEB/GPS,LID:50
03-06 20:44:57.739   430   430 D NVRAM   : NVM_CmpFileVerNo 50  
03-06 20:44:57.739   430   430 D NVRAM   : NVM_GetCfgFileTable : file_lid = 50
03-06 20:44:57.739   430   430 D NVRAM   : Check if FILE_VER exists before openning it!
03-06 20:44:57.739   430   430 D NVRAM   : NVM_CheckVerFile: 1
03-06 20:44:57.739   430   430 D NVRAM   : New version info file
03-06 20:44:57.739   430   430 D NVRAM   : Load File Version: 000, NvRam File Version: 000
03-06 20:44:57.739   430   430 D NVRAM   : no need to enc/dnc
03-06 20:44:57.739   430   430 D NVRAM   : NVM_CheckFileSize : 50 ++
03-06 20:44:57.739   430   430 D NVRAM   : iCustomBeginLID = 49
03-06 20:44:57.739   430   430 D NVRAM   : NVM_CheckVerFile: 1
03-06 20:44:57.739   430   430 D NVRAM   : NVM_GetCfgFileTable : file_lid = 50
03-06 20:44:57.739   430   430 D NVRAM   : NVM_CheckFileSize:stat_size:54,size in table:52
03-06 20:44:57.739   430   430 D NVRAM   : NVM_ProtectUserData
03-06 20:44:57.739   430   430 D NVRAM   : NVM_ProtectUserData:Check File
03-06 20:44:57.740   430   430 D NVRAM   : NVM_CheckFile: File is correct!
03-06 20:44:57.740   430   430 D NVRAM   : NVM_ProtectUserData:Check Success
03-06 20:44:57.740   430   430 D NVRAM   : NVM_GetFileDesc ProtectDataFile Check Success!!
03-06 20:44:57.740   430   430 D NVRAM   : NVM_GetFileDesc --
03-06 20:44:57.741   430   430 D NVRAM   : no need to enc/dnc
03-06 20:44:57.741   430   430 D NVRAM   : NVM_CloseFileDesc: Open by Readonly, no need to check when close
03-06 20:44:57.741   430   430 D mnl_linux: mtk_gps_sys_init: GPS NVRam (52 * 1) : 
03-06 20:44:57.741   430   430 D mnl_linux: mtk_gps_sys_init: dsp_dev(/dev/stpgps) : /dev/stpgps
03-06 20:44:57.741   430   430 D mnl_linux: mtk_gps_sys_init: gps_tcxo_hz : 26000000
03-06 20:44:57.741   430   430 D mnl_linux: mtk_gps_sys_init: gps_tcxo_ppb : 0
03-06 20:44:57.741   430   430 D mnl_linux: mtk_gps_sys_init: gps_tcxo_type : 255
03-06 20:44:57.741   430   430 D mnl_linux: mtk_gps_sys_init: gps_lna_mode : 0
03-06 20:44:57.741   430   430 E MNLD    : read_NVRAM: not 3332 UART port
03-06 20:44:57.742   430   430 D MNLD    : chip_detector: exit chip_detector
03-06 20:44:57.742   430   430 D MNLD    : main: main2
03-06 20:44:57.742   430   430 D MNLD    : main: main3
03-06 20:44:57.742   430   430 D MNLD    : epoll_init: Print:epoll_add success
03-06 20:44:57.742   430   430 D MNLD    : main: new connection
03-06 20:44:57.742   430   430 D MNLD    : process: epoll_wait() received 1 events
03-06 20:44:57.742   430   430 D MNLD    : process: mnl2agps_handler: ret = 0
03-06 20:44:57.742   430   430 D MNLD    : agps_reboot: agps_reboot
03-06 20:44:57.742   430   430 E MNLD    : main: process data error: 13 (Permission denied)
03-06 20:44:57.742   430   430 D MNLD    : process: epoll_wait() received 1 events
03-06 20:44:57.742   430   430 D MNLD    : process: mnl2agps_handler: ret = 0
03-06 20:44:57.742   430   430 E agps    : ERR: [MNL2AGPS] agps2mnl unknown type=252
03-06 20:44:57.742   430   430 E MNLD    : main: process data error: 13 (Permission denied)
03-06 20:44:57.751   106   106 I (3)[106:hps_main]MobiCore mcd: Cpu 3 is going to die
03-06 20:44:57.752   106   106 I (0)[106:hps_main]CPU3: shutdown
03-06 20:44:57.753   106   106 I (0)[106:hps_main]MobiCore mcd: Cpu 3 is dead
03-06 20:44:57.753   106   106 W (0)[106:hps_main][HPS] END: (0200)(4)(4) action end(585)(601)(0)(5) (4)(4)(1)(4) (0)(0)(0) (585)(19)(0) (0)(601)(19)(0)(601) (0)(3)(4)
03-06 20:44:57.773   434   434 D AndroidRuntime: >>>>>> START com.android.internal.os.ZygoteInit uid 0 <<<<<<
03-06 20:44:57.773   434   434 I boot_progress_start: 27616
03-06 20:44:57.787   431   431 D MsensorDaemon: do not USE_LIBC_SYSTEM_PROPERTIES
03-06 20:44:57.787   431   431 E MsensorDaemon: [92] ''
03-06 20:44:57.790   434   434 D AndroidRuntime: CheckJNI is OFF
03-06 20:44:57.791   434   434 E cutils-trace: Error opening trace file: No such file or directory (2)
03-06 20:44:57.792     1     1 I (6)[1:init]init: Service 'sysinit' (pid 421) exited with status 0
03-06 20:44:57.795   434   434 I art     : option[0]=-Xzygote
03-06 20:44:57.795   434   434 I art     : option[1]=-Xstacktracefile:/data/anr/traces.txt
03-06 20:44:57.795   434   434 I art     : option[2]=exit
03-06 20:44:57.795   434   434 I art     : option[3]=vfprintf
03-06 20:44:57.795   434   434 I art     : option[4]=sensitiveThread
03-06 20:44:57.795   434   434 I art     : option[5]=-verbose:gc
03-06 20:44:57.795   434   434 I art     : option[6]=-Xms8m
03-06 20:44:57.795   434   434 I art     : option[7]=-Xmx256m
03-06 20:44:57.795   434   434 I art     : option[8]=-XX:HeapGrowthLimit=96m
03-06 20:44:57.795   434   434 I art     : option[9]=-XX:HeapMinFree=2m
03-06 20:44:57.795   434   434 I art     : option[10]=-XX:HeapMaxFree=8m
03-06 20:44:57.795   434   434 I art     : option[11]=-XX:HeapTargetUtilization=0.75
03-06 20:44:57.795   434   434 I art     : option[12]=-Xusejit:true
03-06 20:44:57.795   434   434 I art     : option[13]=-Xjitsaveprofilinginfo
03-06 20:44:57.795   434   434 I art     : option[14]=-agentlib:jdwp=transport=dt_android_adb,suspend=n,server=y
03-06 20:44:57.795   434   434 I art     : option[15]=-Xlockprofthreshold:500
03-06 20:44:57.795   434   434 I art     : option[16]=-Ximage-compiler-option
03-06 20:44:57.795   434   434 I art     : option[17]=--runtime-arg
03-06 20:44:57.795   434   434 I art     : option[18]=-Ximage-compiler-option
03-06 20:44:57.796   434   434 I art     : option[19]=-Xms64m
03-06 20:44:57.796   434   434 I art     : option[20]=-Ximage-compiler-option
03-06 20:44:57.796   434   434 I art     : option[21]=--runtime-arg
03-06 20:44:57.796   434   434 I art     : option[22]=-Ximage-compiler-option
03-06 20:44:57.796   434   434 I art     : option[23]=-Xmx64m
03-06 20:44:57.796   434   434 I art     : option[24]=-Ximage-compiler-option
03-06 20:44:57.796   434   434 I art     : option[25]=--image-classes=/system/etc/preloaded-classes
03-06 20:44:57.796   434   434 I art     : option[26]=-Ximage-compiler-option
03-06 20:44:57.796   434   434 I art     : option[27]=--compiled-classes=/system/etc/compiled-classes
03-06 20:44:57.796   434   434 I art     : option[28]=-Xcompiler-option
03-06 20:44:57.796   434   434 I art     : option[29]=--runtime-arg
03-06 20:44:57.796   434   434 I art     : option[30]=-Xcompiler-option
03-06 20:44:57.796   434   434 I art     : option[31]=-Xms64m
03-06 20:44:57.796   434   434 I art     : option[32]=-Xcompiler-option
03-06 20:44:57.796   434   434 I art     : option[33]=--runtime-arg
03-06 20:44:57.796   434   434 I art     : option[34]=-Xcompiler-option
03-06 20:44:57.796   434   434 I art     : option[35]=-Xmx512m
03-06 20:44:57.796   434   434 I art     : option[36]=-Ximage-compiler-option
03-06 20:44:57.796   434   434 I art     : option[37]=--instruction-set-variant=cortex-a53
03-06 20:44:57.796   434   434 I art     : option[38]=-Xcompiler-option
03-06 20:44:57.796   434   434 I art     : option[39]=--instruction-set-variant=cortex-a53
03-06 20:44:57.796   434   434 I art     : option[40]=-Ximage-compiler-option
03-06 20:44:57.796   434   434 I art     : option[41]=--instruction-set-features=default
03-06 20:44:57.796   434   434 I art     : option[42]=-Xcompiler-option
03-06 20:44:57.796   434   434 I art     : option[43]=--instruction-set-features=default
03-06 20:44:57.796   434   434 I art     : option[44]=-Duser.locale=ru-RU
03-06 20:44:57.796   434   434 I art     : option[45]=--cpu-abilist=arm64-v8a
03-06 20:44:57.796   434   434 I art     : option[46]=-Xfingerprint:HighScreen/lineage_PowerFiveMax/PowerFiveMax:7.1.1/NOF26W/ff792308b5:userdebug/test-keys
03-06 20:44:57.814   310   310 D ccci_mdinit(1): service.nvram_init=Ready, 3
03-06 20:44:57.814   310   310 E ccci_mdinit(1): Gotten ret=0,nvram_init=Ready!
03-06 20:44:57.814   310   310 D ccci_mdinit(1): set md status:mtk.md1.status=init_done 
03-06 20:44:57.815   310   310 D ccci_mdinit(1): boot modem1
03-06 20:44:57.815   310   310 D ccci_mdinit(1): /dev/ccci_monitor is opend(0).
03-06 20:44:57.815   310   310 D ccci_mdinit(1): looking for /custom/etc/firmware/modem_1_2g_n.img...
03-06 20:44:57.815   310   310 D ccci_mdinit(1): looking for /etc/firmware/modem_1_2g_n.img...
03-06 20:44:57.815   310   310 D ccci_mdinit(1): err -1
03-06 20:44:57.815   310   310 D ccci_mdinit(1): looking for /custom/etc/firmware/modem_1_3g_n.img...
03-06 20:44:57.815   310   310 D ccci_mdinit(1): looking for /etc/firmware/modem_1_3g_n.img...
03-06 20:44:57.815   310   310 D ccci_mdinit(1): err -1
03-06 20:44:57.815   310   310 D ccci_mdinit(1): looking for /custom/etc/firmware/modem_1_wg_n.img...
03-06 20:44:57.815   310   310 D ccci_mdinit(1): looking for /etc/firmware/modem_1_wg_n.img...
03-06 20:44:57.815   310   310 D ccci_mdinit(1): err -1
03-06 20:44:57.815   310   310 D ccci_mdinit(1): looking for /custom/etc/firmware/modem_1_tg_n.img...
03-06 20:44:57.815   310   310 D ccci_mdinit(1): looking for /etc/firmware/modem_1_tg_n.img...
03-06 20:44:57.815   310   310 D ccci_mdinit(1): err -1
03-06 20:44:57.815   310   310 D ccci_mdinit(1): looking for /custom/etc/firmware/modem_1_lwg_n.img...
03-06 20:44:57.815   310   310 D ccci_mdinit(1): looking for /etc/firmware/modem_1_lwg_n.img...
03-06 20:44:57.815   310   310 D ccci_mdinit(1): err -1
03-06 20:44:57.815   310   310 D ccci_mdinit(1): looking for /custom/etc/firmware/modem_1_ltg_n.img...
03-06 20:44:57.815   310   310 D ccci_mdinit(1): looking for /etc/firmware/modem_1_ltg_n.img...
03-06 20:44:57.815   310   310 D ccci_mdinit(1): err -1
03-06 20:44:57.815   310   310 D ccci_mdinit(1): looking for /custom/etc/firmware/modem_1_sglte_n.img...
03-06 20:44:57.815   310   310 D ccci_mdinit(1): looking for /etc/firmware/modem_1_sglte_n.img...
03-06 20:44:57.815   310   310 D ccci_mdinit(1): err -1
03-06 20:44:57.815   310   310 D ccci_mdinit(1): looking for /custom/etc/firmware/modem_1_ultg_n.img...
03-06 20:44:57.816   310   310 D ccci_mdinit(1): looking for /etc/firmware/modem_1_ultg_n.img...
03-06 20:44:57.816   310   310 D ccci_mdinit(1): err -1
03-06 20:44:57.816   310   310 D ccci_mdinit(1): looking for /custom/etc/firmware/modem_1_ulwg_n.img...
03-06 20:44:57.816   310   310 D ccci_mdinit(1): looking for /etc/firmware/modem_1_ulwg_n.img...
03-06 20:44:57.816   310   310 D ccci_mdinit(1): err -1
03-06 20:44:57.816   310   310 D ccci_mdinit(1): looking for /custom/etc/firmware/modem_1_ulwtg_n.img...
03-06 20:44:57.816   310   310 D ccci_mdinit(1): looking for /etc/firmware/modem_1_ulwtg_n.img...
03-06 20:44:57.816   310   310 D ccci_mdinit(1): err -1
03-06 20:44:57.816   310   310 D ccci_mdinit(1): looking for /custom/etc/firmware/modem_1_ulwcg_n.img...
03-06 20:44:57.816   310   310 D ccci_mdinit(1): looking for /etc/firmware/modem_1_ulwcg_n.img...
03-06 20:44:57.816   310   310 D ccci_mdinit(1): err -1
03-06 20:44:57.816   310   310 D ccci_mdinit(1): looking for /custom/etc/firmware/modem_1_ulwctg_n.img...
03-06 20:44:57.816   310   310 D ccci_mdinit(1): looking for /etc/firmware/modem_1_ulwctg_n.img...
03-06 20:44:57.816   310   310 D ccci_mdinit(1): find modem_1_ulwctg_n.img
03-06 20:44:57.816   310   310 D ccci_mdinit(1): looking for /custom/etc/firmware/modem_1_ulttg_n.img...
03-06 20:44:57.816   310   310 D ccci_mdinit(1): looking for /etc/firmware/modem_1_ulttg_n.img...
03-06 20:44:57.816   310   310 D ccci_mdinit(1): err -1
03-06 20:44:57.816   310   310 D ccci_mdinit(1): looking for /custom/etc/firmware/modem_1_ulfwg_n.img...
03-06 20:44:57.816   310   310 D ccci_mdinit(1): looking for /etc/firmware/modem_1_ulfwg_n.img...
03-06 20:44:57.816   310   310 D ccci_mdinit(1): err -1
03-06 20:44:57.816   310   310 D ccci_mdinit(1): looking for /custom/etc/firmware/modem_1_ulfwcg_n.img...
03-06 20:44:57.816   310   310 D ccci_mdinit(1): looking for /etc/firmware/modem_1_ulfwcg_n.img...
03-06 20:44:57.816   310   310 D ccci_mdinit(1): err -1
03-06 20:44:57.816   310   310 D ccci_mdinit(1): looking for /custom/etc/firmware/modem_1_ulctg_n.img...
03-06 20:44:57.816   310   310 D ccci_mdinit(1): looking for /etc/firmware/modem_1_ulctg_n.img...
03-06 20:44:57.816   310   310 D ccci_mdinit(1): err -1
03-06 20:44:57.816   310   310 D ccci_mdinit(1): looking for /custom/etc/firmware/modem_1_ultctg_n.img...
03-06 20:44:57.816   310   310 D ccci_mdinit(1): looking for /etc/firmware/modem_1_ultctg_n.img...
03-06 20:44:57.816   310   310 D ccci_mdinit(1): err -1
03-06 20:44:57.816   310   310 D ccci_mdinit(1): md_img_exist 12 0 0 0
03-06 20:44:57.817   310   310 D ccci_mdinit(1): Begin to set md type!
03-06 20:44:57.817   310   310 D NVRAM   : NVM_GetFileDesc ++
03-06 20:44:57.817   310   310 D NVRAM   : length of g_NVRAM_BACKUP_DEVICE=59
03-06 20:44:57.817   310   310 D NVRAM   : nvram_layout_callback will run!!!
03-06 20:44:57.817   310   310 D NVRAM   : nvram_platform_log_block: 2
03-06 20:44:57.817   310   310 D NVRAM   : nvram_platform_resv_block: 2
03-06 20:44:57.817   310   310 D NVRAM   : nvram_platform_DM_block: 1
03-06 20:44:57.817   310   310 D NVRAM   : nvram_platform_layout_version: 0
03-06 20:44:57.817   310   310 D NVRAM   : nvram_platform_header_offset: 0
03-06 20:44:57.817   310   310 D NVRAM   : g_i4CFG_File_Count: 49
03-06 20:44:57.817   310   310 D NVRAM   : NVM_Init Max Lid: 74
03-06 20:44:57.817   310   310 D NVRAM   : [NVRAM]: info nvram_gpt_flag =1
03-06 20:44:57.817   310   310 D NVRAM   : [NVRAM]: info NVRAM Init Completed!
03-06 20:44:57.817   310   310 D NVRAM   : NVM_GetCfgFileTable : file_lid = 19
03-06 20:44:57.817   310   310 D NVRAM   : NVM_GetCfgFileTable done
03-06 20:44:57.817   310   310 D NVRAM   : Open /data/nvram/APCFG/APRDCL/MD_Type,LID:19
03-06 20:44:57.818   310   310 D NVRAM   : NVM_CmpFileVerNo 19  
03-06 20:44:57.818   310   310 D NVRAM   : NVM_GetCfgFileTable : file_lid = 19
03-06 20:44:57.818   310   310 D NVRAM   : Check if FILE_VER exists before openning it!
03-06 20:44:57.818   310   310 D NVRAM   : NVM_CheckVerFile: 1
03-06 20:44:57.818   310   310 D NVRAM   : New version info file
03-06 20:44:57.818   310   310 D NVRAM   : Load File Version: 000, NvRam File Version: 000
03-06 20:44:57.818   310   310 D NVRAM   : no need to enc/dnc
03-06 20:44:57.818   310   310 D NVRAM   : NVM_CheckFileSize : 19 ++
03-06 20:44:57.818   310   310 D NVRAM   : iCustomBeginLID = 49
03-06 20:44:57.818   310   310 D NVRAM   : NVM_CheckVerFile: 1
03-06 20:44:57.818   310   310 D NVRAM   : NVM_GetCfgFileTable : file_lid = 19
03-06 20:44:57.818   310   310 D NVRAM   : NVM_CheckFileSize:stat_size:6,size in table:4
03-06 20:44:57.818   310   310 D NVRAM   : NVM_ProtectUserData
03-06 20:44:57.818   310   310 D NVRAM   : NVM_ProtectUserData:Check File
03-06 20:44:57.825   310   310 D NVRAM   : NVM_CheckFile: File is correct!
03-06 20:44:57.826   310   310 D NVRAM   : NVM_ProtectUserData:Check Success
03-06 20:44:57.826   310   310 D NVRAM   : NVM_GetFileDesc ProtectDataFile Check Success!!
03-06 20:44:57.826   310   310 D NVRAM   : NVM_GetFileDesc --
03-06 20:44:57.826   310   310 D NVRAM   : NVM_CheckFileSize : 19 ++
03-06 20:44:57.826   310   310 D NVRAM   : iCustomBeginLID = 49
03-06 20:44:57.826   310   310 D NVRAM   : NVM_CheckVerFile: 1
03-06 20:44:57.826   310   310 D NVRAM   : NVM_GetCfgFileTable : file_lid = 19
03-06 20:44:57.827   310   310 D NVRAM   : NVM_CheckFileSize:stat_size:6,size in table:4
03-06 20:44:57.827   310   310 D NVRAM   : NVM_ProtectUserData
03-06 20:44:57.827   310   310 D NVRAM   : NVM_ProtectUserData:Set Check Num
03-06 20:44:57.827   310   310 D NVRAM   : NVM_SetCheckNo: CheckNo:0
03-06 20:44:57.827   310   310 D NVRAM   : NVM_SetCheckNo: CheckFlag:0
03-06 20:44:57.832   310   310 D NVRAM   : NVM_SetCheckNo: CheckNo generate successfully!
03-06 20:44:57.832   310   310 D NVRAM   : NVM_ProtectUserData:Set Check Num Success
03-06 20:44:57.832   310   310 D NVRAM   : NVM_CloseFileDesc ProtectDataFile Success!!
03-06 20:44:57.832   310   310 D NVRAM   : no need to enc/dnc
03-06 20:44:57.832   310   310 D ccci_mdinit(1): get md1 type in nvram(0)
03-06 20:44:57.832   310   310 D ccci_mdinit(1): md0 type(-1), ubin mode
03-06 20:44:57.832   310   310 D ccci_mdinit(1): Error: Fail to get modem type from nvram!
03-06 20:44:57.832   310   310 D ccci_mdinit(1): Current muxd: gsm0710muxd, rild:ril-daemon-mtk
03-06 20:44:57.832   310   310 D NVRAM   : NVM_GetLIDByName /data/nvram/APCFG/APRDCL/MD_SBP 
03-06 20:44:57.832   310   310 D NVRAM   : gFileNameArray =f66cf000
03-06 20:44:57.832   310   310 D NVRAM   : deal with cfgfile =/data/nvram/APCFG/APRDCL/FILE_VER,0
03-06 20:44:57.832   310   310 D NVRAM   : deal with cfgfile =/data/nvram/APCFG/APRDEB/BT_Addr,1
03-06 20:44:57.832   310   310 D NVRAM   : deal with cfgfile =/data/nvram/APCFG/APRDCL/AUXADC,2
03-06 20:44:57.832   310   310 D NVRAM   : deal with cfgfile =/data/nvram/media/CAMERA_Para,3
03-06 20:44:57.832   310   310 D NVRAM   : deal with cfgfile =/data/nvram/media/CAMERA_3A,4
03-06 20:44:57.832   310   310 D NVRAM   : deal with cfgfile =/data/nvram/media/CAMERA_SHADING,5
03-06 20:44:57.832   310   310 D NVRAM   : deal with cfgfile =/data/nvram/media/CAMERA_DEFECT,6
03-06 20:44:57.832   310   310 D NVRAM   : deal with cfgfile =/data/nvram/media/CAMERA_SENSOR,7
03-06 20:44:57.832   310   310 D NVRAM   : deal with cfgfile =/data/nvram/media/CAMERA_LENS,8
03-06 20:44:57.832   310   310 D NVRAM   : deal with cfgfile =/data/nvram/APCFG/APRDCL/UART,9
03-06 20:44:57.832   310   310 D NVRAM   : deal with cfgfile =/data/nvram/APCFG/APRDCL/FACTORY,10
03-06 20:44:57.832   310   310 D NVRAM   : deal with cfgfile =/data/nvram/APCFG/APRDCL/BWCS,11
03-06 20:44:57.832   310   310 D NVRAM   : deal with cfgfile =/data/nvram/APCFG/APRDCL/HWMON_ACC,12
03-06 20:44:57.833   310   310 D NVRAM   : deal with cfgfile =/data/nvram/APCFG/APRDCL/HWMON_GYRO,13
03-06 20:44:57.833   310   310 D NVRAM   : deal with cfgfile =/data/nvram/APCFG/APRDEB/OMADM_USB,14
03-06 20:44:57.833   310   310 D NVRAM   : deal with cfgfile =/data/nvram/media/Voice_Recognize_Param,15
03-06 20:44:57.833   310   310 D NVRAM   : deal with cfgfile =/data/nvram/media/Audio_AudEnh_Control_Opt,16
03-06 20:44:57.833   310   310 D NVRAM   : deal with cfgfile =/data/nvram/media/Audio_VOIP_Param,17
03-06 20:44:57.833   310   310 D NVRAM   : deal with cfgfile =/data/nvram/APCFG/APRDCL/HWMON_PS,18
03-06 20:44:57.833   310   310 D NVRAM   : deal with cfgfile =/data/nvram/APCFG/APRDCL/MD_Type,19
03-06 20:44:57.833   310   310 D NVRAM   : deal with cfgfile =/data/nvram/APCFG/APRDCL/EXT_MD_Type,20
03-06 20:44:57.833   310   310 D NVRAM   : deal with cfgfile =/data/nvram/APCFG/APRDCL/SDIO,21
03-06 20:44:57.833   310   310 D NVRAM   : deal with cfgfile =/data/nvram/media/CAMERA_VERSION,22
03-06 20:44:57.833   310   310 D NVRAM   : deal with cfgfile =/data/nvram/media/CAMERA_FEATURE,23
03-06 20:44:57.833   310   310 D NVRAM   : deal with cfgfile =/data/nvram/media/CAMERA_GEOMETRY,24
03-06 20:44:57.833   310   310 D NVRAM   : deal with cfgfile =/data/nvram/APCFG/APRDCL/MD_SBP,25
03-06 20:44:57.833   310   310 D NVRAM   : deal with cfgfile =/data/nvram/media/CAMERA_SHADING2,26
03-06 20:44:57.833   310   310 D NVRAM   : deal with cfgfile =/data/nvram/media/CAMERA_SHADING3,27
03-06 20:44:57.833   310   310 D NVRAM   : deal with cfgfile =/data/nvram/media/CAMERA_SHADING4,28
03-06 20:44:57.834   106   106 I (1)[106:hps_main]MobiCore mcd: Cpu 2 is going to die
03-06 20:44:57.834   310   310 D NVRAM   : deal with cfgfile =/data/nvram/media/CAMERA_SHADING5,29
03-06 20:44:57.834   310   310 D NVRAM   : deal with cfgfile =/data/nvram/media/CAMERA_SHADING6,30
03-06 20:44:57.834   310   310 D NVRAM   : deal with cfgfile =/data/nvram/media/CAMERA_SHADING7,31
03-06 20:44:57.834   310   310 D NVRAM   : deal with cfgfile =/data/nvram/media/CAMERA_SHADING8,32
03-06 20:44:57.834   310   310 D NVRAM   : deal with cfgfile =/data/nvram/media/CAMERA_SHADING9,33
03-06 20:44:57.834   310   310 D NVRAM   : deal with cfgfile =/data/nvram/media/CAMERA_SHADING10,34
03-06 20:44:57.834   310   310 D NVRAM   : deal with cfgfile =/data/nvram/media/CAMERA_SHADING11,35
03-06 20:44:57.834   310   310 D NVRAM   : deal with cfgfile =/data/nvram/media/CAMERA_SHADING12,36
03-06 20:44:57.834   310   310 D NVRAM   : deal with cfgfile =/data/nvram/media/CAMERA_PLINE,37
03-06 20:44:57.834   310   310 D NVRAM   : deal with cfgfile =/data/nvram/media/CAMERA_PLINE2,38
03-06 20:44:57.834   310   310 D NVRAM   : deal with cfgfile =/data/nvram/media/CAMERA_PLINE3,39
03-06 20:44:57.834   310   310 D NVRAM   : deal with cfgfile =/data/nvram/media/CAMERA_PLINE4,40
03-06 20:44:57.834   310   310 D NVRAM   : deal with cfgfile =/data/nvram/media/CAMERA_PLINE5,41
03-06 20:44:57.834   310   310 D NVRAM   : deal with cfgfile =/data/nvram/media/CAMERA_PLINE6,42
03-06 20:44:57.834   310   310 D NVRAM   : deal with cfgfile =/data/nvram/media/CAMERA_PLINE7,43
03-06 20:44:57.834   310   310 D NVRAM   : deal with cfgfile =/data/nvram/media/CAMERA_PLINE8,44
03-06 20:44:57.834   310   310 D NVRAM   : deal with cfgfile =/data/nvram/media/CAMERA_PLINE9,45
03-06 20:44:57.834   310   310 D NVRAM   : deal with cfgfile =/data/nvram/media/CAMERA_PLINE10,46
03-06 20:44:57.834   310   310 D NVRAM   : deal with cfgfile =/data/nvram/media/CAMERA_PLINE11,47
03-06 20:44:57.834   310   310 D NVRAM   : deal with cfgfile =/data/nvram/media/CAMERA_PLINE12,48
03-06 20:44:57.834   310   310 D NVRAM   : deal with cfgcustfile =/data/nvram/media/Audio_Sph,49
03-06 20:44:57.834   310   310 D NVRAM   : deal with cfgcustfile =/data/nvram/APCFG/APRDEB/GPS,50
03-06 20:44:57.834   310   310 D NVRAM   : deal with cfgcustfile =/data/nvram/media/Audio_CompFlt,51
03-06 20:44:57.834   310   310 D NVRAM   : deal with cfgcustfile =/data/nvram/media/Audio_Effect,52
03-06 20:44:57.834   310   310 D NVRAM   : deal with cfgcustfile =/data/nvram/APCFG/APRDEB/WIFI,53
03-06 20:44:57.834   310   310 D NVRAM   : deal with cfgcustfile =/data/nvram/APCFG/APRDEB/WIFI_CUSTOM,54
03-06 20:44:57.835   310   310 D NVRAM   : deal with cfgcustfile =/data/nvram/media/Audio_Sph_Med,55
03-06 20:44:57.835   106   106 I (1)[106:hps_main]CPU2: shutdown
03-06 20:44:57.835   310   310 D NVRAM   : deal with cfgcustfile =/data/nvram/media/Audio_Vol_custom,56
03-06 20:44:57.835   310   310 D NVRAM   : deal with cfgcustfile =/data/nvram/media/Sph_Dual_Mic,57
03-06 20:44:57.835   310   310 D NVRAM   : deal with cfgcustfile =/data/nvram/media/Audio_Wb_Sph,58
03-06 20:44:57.835   310   310 D NVRAM   : deal with cfgcustfile =/data/nvram/APCFG/APRDEB/PRODUCT_INFO,59
03-06 20:44:57.835   310   310 D NVRAM   : deal with cfgcustfile =/data/nvram/media/Headphone_CompFlt,60
03-06 20:44:57.835   310   310 D NVRAM   : deal with cfgcustfile =/data/nvram/media/Audio_gain_table,61
03-06 20:44:57.835   310   310 D NVRAM   : deal with cfgcustfile =/data/nvram/media/Audio_ver1_Vol_custom,62
03-06 20:44:57.835   310   310 D NVRAM   : deal with cfgcustfile =/data/nvram/media/Audio_Hd_Record_Param,63
03-06 20:44:57.835   310   310 D NVRAM   : deal with cfgcustfile =/data/nvram/media/Audio_Hd_Record_Scene_Table,64
03-06 20:44:57.835   310   310 D NVRAM   : deal with cfgcustfile =/data/nvram/media/Audio_Buffer_DC_Calibration_Param,65
03-06 20:44:57.835   310   310 D NVRAM   : deal with cfgcustfile =/data/nvram/media/VibSpk_CompFlt,66
03-06 20:44:57.835   310   310 D NVRAM   : deal with cfgcustfile =/data/nvram/media/MusicDRC_CompFlt,67
03-06 20:44:57.835   310   310 D NVRAM   : deal with cfgcustfile =/data/nvram/media/RingToneDRC_CompFlt,68
03-06 20:44:57.835   310   310 D NVRAM   : deal with cfgcustfile =/data/nvram/media/Audio_MAGI_CONFERENCE,69
03-06 20:44:57.835   310   310 D NVRAM   : deal with cfgcustfile =/data/nvram/media/Audio_HAC_Param,70
03-06 20:44:57.835   310   310 D NVRAM   : deal with cfgcustfile =/data/nvram/media/Audio_Sph_Lpbk,71
03-06 20:44:57.835   310   310 D NVRAM   : deal with cfgcustfile =/data/nvram/media/Audio_BT_Gain,72
03-06 20:44:57.835   310   310 D NVRAM   : deal with cfgcustfile =/data/nvram/media/AUDIO_FUNC_SWITCH_Param,73
03-06 20:44:57.835   310   310 D NVRAM   : NVRAM: NVM_GetLIDByName Lid =25 
03-06 20:44:57.835   310   310 D ccci_mdinit(1): get sbp lid:25
03-06 20:44:57.835   310   310 D ccci_mdinit(1): get_nvram_ef_data fid:25, size:24, pdata:0xf6694af8
03-06 20:44:57.835   310   310 D NVRAM   : NVM_GetFileDesc ++
03-06 20:44:57.835   310   310 D NVRAM   : NVM_GetCfgFileTable : file_lid = 25
03-06 20:44:57.835   310   310 D NVRAM   : NVM_GetCfgFileTable done
03-06 20:44:57.836   310   310 D NVRAM   : Open /data/nvram/APCFG/APRDCL/MD_SBP,LID:25
03-06 20:44:57.836   106   106 I (1)[106:hps_main]MobiCore mcd: Cpu 2 is dead
03-06 20:44:57.836   310   310 D NVRAM   : NVM_CmpFileVerNo 25  
03-06 20:44:57.836   310   310 D NVRAM   : NVM_GetCfgFileTable : file_lid = 25
03-06 20:44:57.836   106   106 W (1)[106:hps_main][HPS] END: (0200)(3)(4) action end(474)(425)(14)(3) (4)(4)(1)(4) (1022)(2)(2) (474)(2)(0) (0)(425)(2)(0)(425) (0)(2)(4)
03-06 20:44:57.836   310   310 D NVRAM   : Check if FILE_VER exists before openning it!
03-06 20:44:57.836   310   310 D NVRAM   : NVM_CheckVerFile: 1
03-06 20:44:57.837   310   310 D NVRAM   : New version info file
03-06 20:44:57.837   310   310 D NVRAM   : Load File Version: 001, NvRam File Version: 001
03-06 20:44:57.837   310   310 D NVRAM   : no need to enc/dnc
03-06 20:44:57.837   310   310 D NVRAM   : NVM_CheckFileSize : 25 ++
03-06 20:44:57.837   310   310 D NVRAM   : iCustomBeginLID = 49
03-06 20:44:57.837   310   310 D NVRAM   : NVM_CheckVerFile: 1
03-06 20:44:57.837   310   310 D NVRAM   : NVM_GetCfgFileTable : file_lid = 25
03-06 20:44:57.837   310   310 D NVRAM   : NVM_CheckFileSize:stat_size:26,size in table:24
03-06 20:44:57.837   310   310 D NVRAM   : NVM_ProtectUserData
03-06 20:44:57.838   310   310 D NVRAM   : NVM_ProtectUserData:Check File
03-06 20:44:57.847   310   310 D NVRAM   : NVM_CheckFile: File is correct!
03-06 20:44:57.847   310   310 D NVRAM   : NVM_ProtectUserData:Check Success
03-06 20:44:57.847   310   310 D NVRAM   : NVM_GetFileDesc ProtectDataFile Check Success!!
03-06 20:44:57.847   310   310 D NVRAM   : NVM_GetFileDesc --
03-06 20:44:57.849   310   310 D NVRAM   : NVM_CheckFileSize : 25 ++
03-06 20:44:57.849   310   310 D NVRAM   : iCustomBeginLID = 49
03-06 20:44:57.849   310   310 D NVRAM   : NVM_CheckVerFile: 1
03-06 20:44:57.849   310   310 D NVRAM   : NVM_GetCfgFileTable : file_lid = 25
03-06 20:44:57.849   310   310 D NVRAM   : NVM_CheckFileSize:stat_size:26,size in table:24
03-06 20:44:57.849   310   310 D NVRAM   : NVM_ProtectUserData
03-06 20:44:57.849   310   310 D NVRAM   : NVM_ProtectUserData:Set Check Num
03-06 20:44:57.849   310   310 D NVRAM   : NVM_SetCheckNo: CheckNo:3
03-06 20:44:57.850   310   310 D NVRAM   : NVM_SetCheckNo: CheckFlag:0
03-06 20:44:57.856   310   310 D NVRAM   : NVM_SetCheckNo: CheckNo generate successfully!
03-06 20:44:57.856   310   310 D NVRAM   : NVM_ProtectUserData:Set Check Num Success
03-06 20:44:57.856   310   310 D NVRAM   : NVM_CloseFileDesc ProtectDataFile Success!!
03-06 20:44:57.856   310   310 D NVRAM   : no need to enc/dnc
03-06 20:44:57.857   310   310 D ccci_mdinit(1): get_cip_sbp_setting, file /custom/etc/firmware/CIP_MD_SBP NOT exists!
03-06 20:44:57.857   310   310 D ccci_mdinit(1): get SBP Config Value from kernel:0l
03-06 20:44:57.857   310   310 D ccci_mdinit(1): Error!! sbp_code is 0 needn't send to modem!
03-06 20:44:57.858   310   310 D ccci_mdinit(1): ccci_setting_dump:Kernel ccci_cfg
03-06 20:44:57.858   310   310 D ccci_mdinit(1): SIM_mode:0x0
03-06 20:44:57.858   310   310 D ccci_mdinit(1): slot1_mode:0x0
03-06 20:44:57.858   310   310 D ccci_mdinit(1): slot2_mode:0x0
03-06 20:44:57.858   310   310 D ccci_mdinit(1): Begin to set sim mode!
03-06 20:44:57.858   310   310 D ccci_mdinit(1): Open mtk_ssw fail!
03-06 20:44:57.858   310   310 D ccci_mdinit(1): No need store mode(0x0) to kernel!
03-06 20:44:57.858   310   310 D ccci_mdinit(1): ccci_setting_dump:Update kernel ccci cfg
03-06 20:44:57.858   310   310 D ccci_mdinit(1): SIM_mode:0x0
03-06 20:44:57.858   310   310 D ccci_mdinit(1): slot1_mode:0x0
03-06 20:44:57.858   310   310 D ccci_mdinit(1): slot2_mode:0x0
03-06 20:44:57.858   310   310 D ccci_mdinit(0): time_srv_init++
03-06 20:44:57.858   310   310 D ccci_mdinit(0): load_timezone++
03-06 20:44:57.859   310   310 E ccci_mdinit(0): Open time zone setting fail(R):-1(2)
03-06 20:44:57.859   310   310 E ccci_mdinit(0): Open md_log_config file failed, errno=2!
03-06 20:44:57.859   310   549 D ccci_mdinit(0): monitor_time_update_thread++
03-06 20:44:57.859   310   310 E ccci_mdinit(0): set md boot data:2
03-06 20:44:57.859   310   549 D ccci_mdinit(0): load_timezone++
03-06 20:44:57.859   310   549 E ccci_mdinit(0): Open time zone setting fail(R):-1(2)
03-06 20:44:57.859   310   549 D ccci_mdinit(0): Umonitor_time_update_thread begin to run
03-06 20:44:57.872   310   310 D ccci_mdinit(1): deamon begin to run!
03-06 20:44:57.872   310   310 D ccci_mdinit(1): MD is release version
03-06 20:44:57.872   310   310 D ccci_mdinit(1): buff.data[0] = 0xFFFFFFFF, data[1] = 0xFAF50011, channel = F0000000, reserved = 0x00000000
03-06 20:44:57.872   310   310 D ccci_mdinit(1): CFG UPDATE: 0x0
03-06 20:44:57.872   310   310 D ccci_mdinit(1): ccci_setting_dump:Kernel ccci_cfg
03-06 20:44:57.872   310   310 D ccci_mdinit(1): SIM_mode:0x0
03-06 20:44:57.872   310   310 D ccci_mdinit(1): slot1_mode:0x0
03-06 20:44:57.872   310   310 D ccci_mdinit(1): slot2_mode:0x0
03-06 20:44:57.876   310   310 E         : (0)[310:ccci_mdinit][ccci1/err/mcd]modem E2 chip
03-06 20:44:57.877   310   310 W (7)[310:ccci_mdinit][Power/clkbuf]clk_buf_set_by_flightmode: g/is_flightmode_on=0->0, srcclkena_o1=0, pcm_reg13=0xc000104
03-06 20:44:57.887   431   431 D MsensorDaemon: do not USE_LIBC_SYSTEM_PROPERTIES
03-06 20:44:57.887   431   431 E MsensorDaemon: [91] ''
03-06 20:44:57.910   309   309 E ccci_fsd(1): can't catch SIGKILL
03-06 20:44:57.932    72    72 D         : (0)[72:cfinteractive][name:mt_cpufreq&][Power/cpufreq] @_cpufreq_set_locked(), MT_CPU_DVFS_LITTLE: (7, 0): freq = 494000 (494000), volt = 105000 (105000), cpus = 6, cur = 1144000
03-06 20:44:57.988   431   431 D MsensorDaemon: do not USE_LIBC_SYSTEM_PROPERTIES
03-06 20:44:57.988   431   431 E MsensorDaemon: [90] ''
03-06 20:44:58.088   431   431 D MsensorDaemon: do not USE_LIBC_SYSTEM_PROPERTIES
03-06 20:44:58.088   431   431 E MsensorDaemon: [89] ''
03-06 20:44:58.117   434   434 D ICU     : No timezone override file found: /data/misc/zoneinfo/current/icu/icu_tzdata.dat
03-06 20:44:58.188   431   431 D MsensorDaemon: do not USE_LIBC_SYSTEM_PROPERTIES
03-06 20:44:58.188   431   431 E MsensorDaemon: [88] ''
03-06 20:44:58.289   431   431 D MsensorDaemon: do not USE_LIBC_SYSTEM_PROPERTIES
03-06 20:44:58.289   431   431 E MsensorDaemon: [87] ''
03-06 20:44:58.338   310   310 D ccci_mdinit(1): buff.data[0] = 0xFFFFFFFF, data[1] = 0xFAF50002, channel = F0000000, reserved = 0x00000000
