03-09 18:24:55.210   593   685 D RILMUXD : [gsm0710muxd] 2914:thread_serial_device_read(): Interrupt signal EINTR caught
03-09 18:24:55.832   593   685 D RILMUXD : [gsm0710muxd] 2914:thread_serial_device_read(): Interrupt signal EINTR caught
03-09 18:24:55.833   699   725 I chatty  : uid=1001(radio) /system/bin/mtkrild expire 12 lines
03-09 18:24:55.833   699   716 I chatty  : uid=1001(radio) /system/bin/mtkrild expire 13 lines
03-09 18:24:55.914  2819  3083 W NativeCrashListener: Couldn't find ProcessRecord for pid 4923
03-09 18:24:55.957  2819  2865 I BootReceiver: Copying /data/tombstones/tombstone_09 to DropBox (SYSTEM_TOMBSTONE)
03-09 18:24:56.440   593   685 D RILMUXD : [gsm0710muxd] 2914:thread_serial_device_read(): Interrupt signal EINTR caught
03-09 18:24:57.060   593   685 D RILMUXD : [gsm0710muxd] 2914:thread_serial_device_read(): Interrupt signal EINTR caught
03-09 18:24:57.690   593   685 D RILMUXD : [gsm0710muxd] 2914:thread_serial_device_read(): Interrupt signal EINTR caught
03-09 18:24:57.782   593   593 I chatty  : uid=1001(radio) /system/bin/gsm0710muxd expire 7 lines
03-09 18:24:57.898   593   685 D RILMUXD : [gsm0710muxd] 2914:thread_serial_device_read(): Interrupt signal EINTR caught
03-09 18:24:58.521   593   685 D RILMUXD : [gsm0710muxd] 2914:thread_serial_device_read(): Interrupt signal EINTR caught
03-09 18:24:59.142   593   685 D RILMUXD : [gsm0710muxd] 2914:thread_serial_device_read(): Interrupt signal EINTR caught
03-09 18:24:59.762   593   685 D RILMUXD : [gsm0710muxd] 2914:thread_serial_device_read(): Interrupt signal EINTR caught
03-09 18:25:00.381   593   685 D RILMUXD : [gsm0710muxd] 2914:thread_serial_device_read(): Interrupt signal EINTR caught
03-09 18:25:01.012   593   685 D RILMUXD : [gsm0710muxd] 2914:thread_serial_device_read(): Interrupt signal EINTR caught
03-09 18:25:01.094  2819  3083 W NativeCrashListener: Couldn't find ProcessRecord for pid 4928
03-09 18:25:01.136  2819  2865 I BootReceiver: Copying /data/tombstones/tombstone_00 to DropBox (SYSTEM_TOMBSTONE)
03-09 18:25:01.622   593   685 D RILMUXD : [gsm0710muxd] 2914:thread_serial_device_read(): Interrupt signal EINTR caught
03-09 18:25:02.243   593   685 D RILMUXD : [gsm0710muxd] 2914:thread_serial_device_read(): Interrupt signal EINTR caught
03-09 18:25:02.731   593   685 D RILMUXD : [gsm0710muxd] 2914:thread_serial_device_read(): Interrupt signal EINTR caught
03-09 18:25:03.352   593   685 D RILMUXD : [gsm0710muxd] 2914:thread_serial_device_read(): Interrupt signal EINTR caught
03-09 18:25:03.972   593   685 D RILMUXD : [gsm0710muxd] 2914:thread_serial_device_read(): Interrupt signal EINTR caught
03-09 18:25:04.179   593   685 D RILMUXD : [gsm0710muxd] 2914:thread_serial_device_read(): Interrupt signal EINTR caught
03-09 18:25:04.800   593   685 D RILMUXD : [gsm0710muxd] 2914:thread_serial_device_read(): Interrupt signal EINTR caught
03-09 18:25:05.421   593   685 D RILMUXD : [gsm0710muxd] 2914:thread_serial_device_read(): Interrupt signal EINTR caught
03-09 18:25:05.494  2819  3083 W NativeCrashListener: Couldn't find ProcessRecord for pid 4933
03-09 18:25:05.544  2819  2865 I BootReceiver: Copying /data/tombstones/tombstone_01 to DropBox (SYSTEM_TOMBSTONE)
03-09 18:25:06.040   593   685 D RILMUXD : [gsm0710muxd] 2914:thread_serial_device_read(): Interrupt signal EINTR caught
03-09 18:25:06.660   593   685 D RILMUXD : [gsm0710muxd] 2914:thread_serial_device_read(): Interrupt signal EINTR caught
03-09 18:25:07.280   593   685 D RILMUXD : [gsm0710muxd] 2914:thread_serial_device_read(): Interrupt signal EINTR caught
03-09 18:25:07.902   593   685 D RILMUXD : [gsm0710muxd] 2914:thread_serial_device_read(): Interrupt signal EINTR caught
03-09 18:25:08.522   593   685 D RILMUXD : [gsm0710muxd] 2914:thread_serial_device_read(): Interrupt signal EINTR caught
03-09 18:25:09.142   593   685 D RILMUXD : [gsm0710muxd] 2914:thread_serial_device_read(): Interrupt signal EINTR caught
03-09 18:25:09.760   593   685 D RILMUXD : [gsm0710muxd] 2914:thread_serial_device_read(): Interrupt signal EINTR caught
03-09 18:25:10.393   593   685 D RILMUXD : [gsm0710muxd] 2914:thread_serial_device_read(): Interrupt signal EINTR caught
03-09 18:25:11.000   593   685 D RILMUXD : [gsm0710muxd] 2914:thread_serial_device_read(): Interrupt signal EINTR caught
03-09 18:25:11.064  2819  3083 W NativeCrashListener: Couldn't find ProcessRecord for pid 4938
03-09 18:25:11.094  2819  2865 I BootReceiver: Copying /data/tombstones/tombstone_02 to DropBox (SYSTEM_TOMBSTONE)
03-09 18:25:11.622   593   685 D RILMUXD : [gsm0710muxd] 2914:thread_serial_device_read(): Interrupt signal EINTR caught
03-09 18:25:12.244   593   685 D RILMUXD : [gsm0710muxd] 2914:thread_serial_device_read(): Interrupt signal EINTR caught
03-09 18:25:12.462   593   685 D RILMUXD : [gsm0710muxd] 2914:thread_serial_device_read(): Interrupt signal EINTR caught
03-09 18:25:13.091   593   685 D RILMUXD : [gsm0710muxd] 2914:thread_serial_device_read(): Interrupt signal EINTR caught
03-09 18:25:13.712   593   685 D RILMUXD : [gsm0710muxd] 2914:thread_serial_device_read(): Interrupt signal EINTR caught
03-09 18:25:14.331   593   685 D RILMUXD : [gsm0710muxd] 2914:thread_serial_device_read(): Interrupt signal EINTR caught
03-09 18:25:14.962   699   716 I chatty  : uid=1001(radio) /system/bin/mtkrild expire 13 lines
03-09 18:25:14.963   593   685 D RILMUXD : [gsm0710muxd] 2914:thread_serial_device_read(): Interrupt signal EINTR caught
03-09 18:25:15.582   593   685 D RILMUXD : [gsm0710muxd] 2914:thread_serial_device_read(): Interrupt signal EINTR caught
03-09 18:25:16.203   593   685 D RILMUXD : [gsm0710muxd] 2914:thread_serial_device_read(): Interrupt signal EINTR caught
03-09 18:25:16.284  2819  3083 W NativeCrashListener: Couldn't find ProcessRecord for pid 4943
03-09 18:25:16.326  2819  2865 I BootReceiver: Copying /data/tombstones/tombstone_03 to DropBox (SYSTEM_TOMBSTONE)
03-09 18:25:16.821   593   685 D RILMUXD : [gsm0710muxd] 2914:thread_serial_device_read(): Interrupt signal EINTR caught
03-09 18:25:17.451   593   685 D RILMUXD : [gsm0710muxd] 2914:thread_serial_device_read(): Interrupt signal EINTR caught
03-09 18:25:18.072   593   685 D RILMUXD : [gsm0710muxd] 2914:thread_serial_device_read(): Interrupt signal EINTR caught
03-09 18:25:18.692   593   685 D RILMUXD : [gsm0710muxd] 2914:thread_serial_device_read(): Interrupt signal EINTR caught
03-09 18:25:19.310   593   685 D RILMUXD : [gsm0710muxd] 2914:thread_serial_device_read(): Interrupt signal EINTR caught
03-09 18:25:19.932   593   685 D RILMUXD : [gsm0710muxd] 2914:thread_serial_device_read(): Interrupt signal EINTR caught
03-09 18:25:20.553   593   685 D RILMUXD : [gsm0710muxd] 2914:thread_serial_device_read(): Interrupt signal EINTR caught
03-09 18:25:21.190   593   685 D RILMUXD : [gsm0710muxd] 2914:thread_serial_device_read(): Interrupt signal EINTR caught
03-09 18:25:21.801   593   685 D RILMUXD : [gsm0710muxd] 2914:thread_serial_device_read(): Interrupt signal EINTR caught
03-09 18:25:21.864  2819  3083 W NativeCrashListener: Couldn't find ProcessRecord for pid 4948
03-09 18:25:21.893  2819  2865 I BootReceiver: Copying /data/tombstones/tombstone_04 to DropBox (SYSTEM_TOMBSTONE)
03-09 18:25:22.421   593   685 D RILMUXD : [gsm0710muxd] 2914:thread_serial_device_read(): Interrupt signal EINTR caught
03-09 18:25:23.041   593   685 D RILMUXD : [gsm0710muxd] 2914:thread_serial_device_read(): Interrupt signal EINTR caught
03-09 18:25:23.662   593   685 D RILMUXD : [gsm0710muxd] 2914:thread_serial_device_read(): Interrupt signal EINTR caught
03-09 18:25:24.281   593   685 D RILMUXD : [gsm0710muxd] 2914:thread_serial_device_read(): Interrupt signal EINTR caught
03-09 18:25:24.871   593   685 D RILMUXD : [gsm0710muxd] 2914:thread_serial_device_read(): Interrupt signal EINTR caught
03-09 18:25:27.111   593   685 D RILMUXD : [gsm0710muxd] 2914:thread_serial_device_read(): Interrupt signal EINTR caught
03-09 18:25:27.184  2819  3083 W NativeCrashListener: Couldn't find ProcessRecord for pid 4953
03-09 18:25:27.235  2819  2865 I BootReceiver: Copying /data/tombstones/tombstone_05 to DropBox (SYSTEM_TOMBSTONE)
03-09 18:25:27.730   593   685 D RILMUXD : [gsm0710muxd] 2914:thread_serial_device_read(): Interrupt signal EINTR caught
03-09 18:25:28.354   593   685 D RILMUXD : [gsm0710muxd] 2914:thread_serial_device_read(): Interrupt signal EINTR caught
03-09 18:25:28.981   593   685 D RILMUXD : [gsm0710muxd] 2914:thread_serial_device_read(): Interrupt signal EINTR caught
03-09 18:25:29.602   593   685 D RILMUXD : [gsm0710muxd] 2914:thread_serial_device_read(): Interrupt signal EINTR caught
03-09 18:25:30.221   593   685 D RILMUXD : [gsm0710muxd] 2914:thread_serial_device_read(): Interrupt signal EINTR caught
03-09 18:25:30.840   593   685 D RILMUXD : [gsm0710muxd] 2914:thread_serial_device_read(): Interrupt signal EINTR caught
03-09 18:25:31.462   593   685 D RILMUXD : [gsm0710muxd] 2914:thread_serial_device_read(): Interrupt signal EINTR caught
03-09 18:25:31.526   699   725 I chatty  : uid=1001(radio) /system/bin/mtkrild expire 6 lines
03-09 18:25:31.526   699   717 I chatty  : uid=1001(radio) /system/bin/mtkrild expire 2 lines
03-09 18:25:31.526   699   715 I chatty  : uid=1001(radio) /system/bin/mtkrild expire 1 line
03-09 18:25:31.526   699   719 I chatty  : uid=1001(radio) /system/bin/mtkrild expire 1 line
03-09 18:25:31.526   699   716 I chatty  : uid=1001(radio) /system/bin/mtkrild expire 2 lines
03-09 18:25:31.526   699   719 I chatty  : uid=1001(radio) /system/bin/mtkrild expire 1 line
03-09 18:25:31.526   699   713 I chatty  : uid=1001(radio) /system/bin/mtkrild expire 2 lines
03-09 18:25:31.526   699   716 I chatty  : uid=1001(radio) /system/bin/mtkrild expire 2 lines
03-09 18:25:31.526   699   723 I chatty  : uid=1001(radio) /system/bin/mtkrild expire 2 lines
03-09 18:25:31.526   699   716 I chatty  : uid=1001(radio) /system/bin/mtkrild expire 3 lines
03-09 18:25:31.527   699   714 I chatty  : uid=1001(radio) /system/bin/mtkrild expire 2 lines
03-09 18:25:31.527   699   720 I chatty  : uid=1001(radio) /system/bin/mtkrild expire 2 lines
03-09 18:25:31.527   699   716 I chatty  : uid=1001(radio) /system/bin/mtkrild expire 6 lines
03-09 18:25:31.527   699   718 I chatty  : uid=1001(radio) /system/bin/mtkrild expire 1 line
03-09 18:25:31.527   699   715 I chatty  : uid=1001(radio) /system/bin/mtkrild expire 1 line
03-09 18:25:31.527   699   722 I chatty  : uid=1001(radio) /system/bin/mtkrild expire 2 lines
03-09 18:25:31.527   699   724 I chatty  : uid=1001(radio) /system/bin/mtkrild expire 1 line
03-09 18:25:31.527   699   718 I chatty  : uid=1001(radio) /system/bin/mtkrild expire 1 line
03-09 18:25:31.527   699   721 I chatty  : uid=1001(radio) /system/bin/mtkrild expire 2 lines
03-09 18:25:31.527   699   724 I chatty  : uid=1001(radio) /system/bin/mtkrild expire 1 line
03-09 18:25:31.544  2819  3083 W NativeCrashListener: Couldn't find ProcessRecord for pid 4958
03-09 18:25:31.586  2819  2865 I BootReceiver: Copying /data/tombstones/tombstone_06 to DropBox (SYSTEM_TOMBSTONE)
03-09 18:25:32.071   593   685 D RILMUXD : [gsm0710muxd] 2914:thread_serial_device_read(): Interrupt signal EINTR caught
03-09 18:25:32.692   593   685 D RILMUXD : [gsm0710muxd] 2914:thread_serial_device_read(): Interrupt signal EINTR caught
03-09 18:25:33.310   593   685 D RILMUXD : [gsm0710muxd] 2914:thread_serial_device_read(): Interrupt signal EINTR caught
03-09 18:25:33.354   593   593 I chatty  : uid=1001(radio) /system/bin/gsm0710muxd expire 1 line
03-09 18:25:33.930   593   685 D RILMUXD : [gsm0710muxd] 2914:thread_serial_device_read(): Interrupt signal EINTR caught
03-09 18:25:34.552   593   685 D RILMUXD : [gsm0710muxd] 2914:thread_serial_device_read(): Interrupt signal EINTR caught
03-09 18:25:35.171   593   685 D RILMUXD : [gsm0710muxd] 2914:thread_serial_device_read(): Interrupt signal EINTR caught
03-09 18:25:35.792   593   685 D RILMUXD : [gsm0710muxd] 2914:thread_serial_device_read(): Interrupt signal EINTR caught
03-09 18:25:36.410   593   685 D RILMUXD : [gsm0710muxd] 2914:thread_serial_device_read(): Interrupt signal EINTR caught
03-09 18:25:37.030   593   685 D RILMUXD : [gsm0710muxd] 2914:thread_serial_device_read(): Interrupt signal EINTR caught
03-09 18:25:37.105  2819  3083 W NativeCrashListener: Couldn't find ProcessRecord for pid 4963
03-09 18:25:37.113  4568  4568 I chatty  : uid=1001(radio) com.android.phone expire 3 lines
03-09 18:25:37.155  2819  2865 I BootReceiver: Copying /data/tombstones/tombstone_07 to DropBox (SYSTEM_TOMBSTONE)
03-09 18:25:37.640   593   685 D RILMUXD : [gsm0710muxd] 2914:thread_serial_device_read(): Interrupt signal EINTR caught
03-09 18:25:38.262   593   685 D RILMUXD : [gsm0710muxd] 2914:thread_serial_device_read(): Interrupt signal EINTR caught
03-09 18:25:38.354   593   593 I chatty  : uid=1001(radio) /system/bin/gsm0710muxd expire 5 lines
03-09 18:25:38.882   593   685 D RILMUXD : [gsm0710muxd] 2914:thread_serial_device_read(): Interrupt signal EINTR caught
03-09 18:25:39.502   593   685 D RILMUXD : [gsm0710muxd] 2914:thread_serial_device_read(): Interrupt signal EINTR caught
03-09 18:25:39.709   593   685 D RILMUXD : [gsm0710muxd] 2914:thread_serial_device_read(): Interrupt signal EINTR caught
03-09 18:25:40.332   593   685 D RILMUXD : [gsm0710muxd] 2914:thread_serial_device_read(): Interrupt signal EINTR caught
03-09 18:25:40.952   593   685 D RILMUXD : [gsm0710muxd] 2914:thread_serial_device_read(): Interrupt signal EINTR caught
03-09 18:25:41.571   593   685 D RILMUXD : [gsm0710muxd] 2914:thread_serial_device_read(): Interrupt signal EINTR caught
03-09 18:25:41.644  2819  3083 W NativeCrashListener: Couldn't find ProcessRecord for pid 4968
03-09 18:25:41.695  2819  2865 I BootReceiver: Copying /data/tombstones/tombstone_08 to DropBox (SYSTEM_TOMBSTONE)
03-09 18:25:42.181   593   685 D RILMUXD : [gsm0710muxd] 2914:thread_serial_device_read(): Interrupt signal EINTR caught
03-09 18:25:42.752   593   685 D RILMUXD : [gsm0710muxd] 2914:thread_serial_device_read(): Interrupt signal EINTR caught
03-09 18:25:43.392   593   685 D RILMUXD : [gsm0710muxd] 2914:thread_serial_device_read(): Interrupt signal EINTR caught
03-09 18:25:44.010   593   685 D RILMUXD : [gsm0710muxd] 2914:thread_serial_device_read(): Interrupt signal EINTR caught
03-09 18:25:44.630   593   685 D RILMUXD : [gsm0710muxd] 2914:thread_serial_device_read(): Interrupt signal EINTR caught
03-09 18:25:45.250   593   685 D RILMUXD : [gsm0710muxd] 2914:thread_serial_device_read(): Interrupt signal EINTR caught
03-09 18:25:45.871   593   685 D RILMUXD : [gsm0710muxd] 2914:thread_serial_device_read(): Interrupt signal EINTR caught
03-09 18:25:46.491   593   685 D RILMUXD : [gsm0710muxd] 2914:thread_serial_device_read(): Interrupt signal EINTR caught
03-09 18:25:47.111   593   685 D RILMUXD : [gsm0710muxd] 2914:thread_serial_device_read(): Interrupt signal EINTR caught
03-09 18:25:47.194  2819  3083 W NativeCrashListener: Couldn't find ProcessRecord for pid 4973
03-09 18:25:47.235  2819  2865 I BootReceiver: Copying /data/tombstones/tombstone_09 to DropBox (SYSTEM_TOMBSTONE)
03-09 18:25:47.720   593   685 D RILMUXD : [gsm0710muxd] 2914:thread_serial_device_read(): Interrupt signal EINTR caught
03-09 18:25:48.341   593   685 D RILMUXD : [gsm0710muxd] 2914:thread_serial_device_read(): Interrupt signal EINTR caught
03-09 18:25:48.961   593   685 D RILMUXD : [gsm0710muxd] 2914:thread_serial_device_read(): Interrupt signal EINTR caught
03-09 18:25:49.580   593   685 D RILMUXD : [gsm0710muxd] 2914:thread_serial_device_read(): Interrupt signal EINTR caught
03-09 18:25:50.200   593   685 D RILMUXD : [gsm0710muxd] 2914:thread_serial_device_read(): Interrupt signal EINTR caught
03-09 18:25:50.820   593   685 D RILMUXD : [gsm0710muxd] 2914:thread_serial_device_read(): Interrupt signal EINTR caught
03-09 18:25:50.952   699   725 I chatty  : uid=1001(radio) /system/bin/mtkrild expire 6 lines
03-09 18:25:50.953   699   717 I chatty  : uid=1001(radio) /system/bin/mtkrild expire 2 lines
03-09 18:25:50.953   699   719 I chatty  : uid=1001(radio) /system/bin/mtkrild expire 2 lines
03-09 18:25:50.953   699   713 I chatty  : uid=1001(radio) /system/bin/mtkrild expire 2 lines
03-09 18:25:50.953   699   723 I chatty  : uid=1001(radio) /system/bin/mtkrild expire 2 lines
03-09 18:25:50.953   699   714 I chatty  : uid=1001(radio) /system/bin/mtkrild expire 2 lines
03-09 18:25:50.953   699   720 I chatty  : uid=1001(radio) /system/bin/mtkrild expire 2 lines
03-09 18:25:50.953   699   716 I chatty  : uid=1001(radio) /system/bin/mtkrild expire 13 lines
03-09 18:25:50.954   699   715 I chatty  : uid=1001(radio) /system/bin/mtkrild expire 2 lines
03-09 18:25:50.954   699   722 I chatty  : uid=1001(radio) /system/bin/mtkrild expire 2 lines
03-09 18:25:50.954   699   718 I chatty  : uid=1001(radio) /system/bin/mtkrild expire 2 lines
03-09 18:25:50.954   699   721 I chatty  : uid=1001(radio) /system/bin/mtkrild expire 2 lines
03-09 18:25:50.954   699   724 I chatty  : uid=1001(radio) /system/bin/mtkrild expire 2 lines
03-09 18:25:51.441   593   685 D RILMUXD : [gsm0710muxd] 2914:thread_serial_device_read(): Interrupt signal EINTR caught
03-09 18:25:51.514  2819  3083 W NativeCrashListener: Couldn't find ProcessRecord for pid 4978
03-09 18:25:51.565  2819  2865 I BootReceiver: Copying /data/tombstones/tombstone_00 to DropBox (SYSTEM_TOMBSTONE)
03-09 18:25:52.062   593   685 D RILMUXD : [gsm0710muxd] 2914:thread_serial_device_read(): Interrupt signal EINTR caught
03-09 18:25:52.681   593   685 D RILMUXD : [gsm0710muxd] 2914:thread_serial_device_read(): Interrupt signal EINTR caught
03-09 18:25:53.302   593   685 D RILMUXD : [gsm0710muxd] 2914:thread_serial_device_read(): Interrupt signal EINTR caught
03-09 18:25:53.922   593   685 D RILMUXD : [gsm0710muxd] 2914:thread_serial_device_read(): Interrupt signal EINTR caught
03-09 18:25:54.542   593   685 D RILMUXD : [gsm0710muxd] 2914:thread_serial_device_read(): Interrupt signal EINTR caught
03-09 18:25:54.749   593   685 D RILMUXD : [gsm0710muxd] 2914:thread_serial_device_read(): Interrupt signal EINTR caught
03-09 18:25:55.382   593   685 D RILMUXD : [gsm0710muxd] 2914:thread_serial_device_read(): Interrupt signal EINTR caught
03-09 18:25:56.000   593   685 D RILMUXD : [gsm0710muxd] 2914:thread_serial_device_read(): Interrupt signal EINTR caught
03-09 18:25:56.621   593   685 D RILMUXD : [gsm0710muxd] 2914:thread_serial_device_read(): Interrupt signal EINTR caught
03-09 18:25:56.694  2819  3083 W NativeCrashListener: Couldn't find ProcessRecord for pid 4983
03-09 18:25:56.745  2819  2865 I BootReceiver: Copying /data/tombstones/tombstone_01 to DropBox (SYSTEM_TOMBSTONE)
03-09 18:25:57.230   593   685 D RILMUXD : [gsm0710muxd] 2914:thread_serial_device_read(): Interrupt signal EINTR caught
03-09 18:25:57.852   593   685 D RILMUXD : [gsm0710muxd] 2914:thread_serial_device_read(): Interrupt signal EINTR caught
03-09 18:25:58.494   593   685 D RILMUXD : [gsm0710muxd] 2914:thread_serial_device_read(): Interrupt signal EINTR caught
03-09 18:25:59.122   593   685 D RILMUXD : [gsm0710muxd] 2914:thread_serial_device_read(): Interrupt signal EINTR caught
03-09 18:25:59.742   593   685 D RILMUXD : [gsm0710muxd] 2914:thread_serial_device_read(): Interrupt signal EINTR caught
03-09 18:26:00.362   593   685 D RILMUXD : [gsm0710muxd] 2914:thread_serial_device_read(): Interrupt signal EINTR caught
03-09 18:26:00.981   593   685 D RILMUXD : [gsm0710muxd] 2914:thread_serial_device_read(): Interrupt signal EINTR caught
03-09 18:26:01.601   593   685 D RILMUXD : [gsm0710muxd] 2914:thread_serial_device_read(): Interrupt signal EINTR caught
03-09 18:26:02.221   593   685 D RILMUXD : [gsm0710muxd] 2914:thread_serial_device_read(): Interrupt signal EINTR caught
03-09 18:26:02.274  2819  3083 W NativeCrashListener: Couldn't find ProcessRecord for pid 4988
03-09 18:26:02.312  2819  2865 I BootReceiver: Copying /data/tombstones/tombstone_02 to DropBox (SYSTEM_TOMBSTONE)
03-09 18:26:02.741   593   685 D RILMUXD : [gsm0710muxd] 2914:thread_serial_device_read(): Interrupt signal EINTR caught
03-09 18:26:03.372   593   685 D RILMUXD : [gsm0710muxd] 2914:thread_serial_device_read(): Interrupt signal EINTR caught
03-09 18:26:03.494   593   593 I chatty  : uid=1001(radio) /system/bin/gsm0710muxd expire 2 lines
03-09 18:26:03.992   593   685 D RILMUXD : [gsm0710muxd] 2914:thread_serial_device_read(): Interrupt signal EINTR caught
03-09 18:26:04.622   593   685 D RILMUXD : [gsm0710muxd] 2914:thread_serial_device_read(): Interrupt signal EINTR caught
03-09 18:26:04.841   593   685 D RILMUXD : [gsm0710muxd] 2914:thread_serial_device_read(): Interrupt signal EINTR caught
03-09 18:26:05.472   593   685 D RILMUXD : [gsm0710muxd] 2914:thread_serial_device_read(): Interrupt signal EINTR caught
03-09 18:26:06.091   593   685 D RILMUXD : [gsm0710muxd] 2914:thread_serial_device_read(): Interrupt signal EINTR caught
03-09 18:26:06.712   593   685 D RILMUXD : [gsm0710muxd] 2914:thread_serial_device_read(): Interrupt signal EINTR caught
03-09 18:26:06.794  2819  3083 W NativeCrashListener: Couldn't find ProcessRecord for pid 4993
03-09 18:26:06.837  2819  2865 I BootReceiver: Copying /data/tombstones/tombstone_03 to DropBox (SYSTEM_TOMBSTONE)
03-09 18:26:07.330   593   685 D RILMUXD : [gsm0710muxd] 2914:thread_serial_device_read(): Interrupt signal EINTR caught
03-09 18:26:07.331  4568  4568 I chatty  : uid=1001(radio) com.android.phone expire 1 line
03-09 18:26:07.952   593   685 D RILMUXD : [gsm0710muxd] 2914:thread_serial_device_read(): Interrupt signal EINTR caught
03-09 18:26:08.584   593   685 D RILMUXD : [gsm0710muxd] 2914:thread_serial_device_read(): Interrupt signal EINTR caught
03-09 18:26:09.212   593   685 D RILMUXD : [gsm0710muxd] 2914:thread_serial_device_read(): Interrupt signal EINTR caught
03-09 18:26:09.831   593   685 D RILMUXD : [gsm0710muxd] 2914:thread_serial_device_read(): Interrupt signal EINTR caught
03-09 18:26:09.964   699   725 I chatty  : uid=1001(radio) /system/bin/mtkrild expire 6 lines
03-09 18:26:09.965   699   717 I chatty  : uid=1001(radio) /system/bin/mtkrild expire 2 lines
03-09 18:26:09.965   699   719 I chatty  : uid=1001(radio) /system/bin/mtkrild expire 2 lines
03-09 18:26:09.965   699   713 I chatty  : uid=1001(radio) /system/bin/mtkrild expire 2 lines
03-09 18:26:09.965   699   723 I chatty  : uid=1001(radio) /system/bin/mtkrild expire 2 lines
03-09 18:26:09.965   699   714 I chatty  : uid=1001(radio) /system/bin/mtkrild expire 2 lines
03-09 18:26:09.965   699   720 I chatty  : uid=1001(radio) /system/bin/mtkrild expire 2 lines
03-09 18:26:09.965   699   716 I chatty  : uid=1001(radio) /system/bin/mtkrild expire 13 lines
03-09 18:26:09.966   699   715 I chatty  : uid=1001(radio) /system/bin/mtkrild expire 2 lines
03-09 18:26:09.966   699   722 I chatty  : uid=1001(radio) /system/bin/mtkrild expire 2 lines
03-09 18:26:09.966   699   718 I chatty  : uid=1001(radio) /system/bin/mtkrild expire 2 lines
03-09 18:26:09.966   699   721 I chatty  : uid=1001(radio) /system/bin/mtkrild expire 2 lines
03-09 18:26:09.966   699   724 I chatty  : uid=1001(radio) /system/bin/mtkrild expire 2 lines
03-09 18:26:10.452   593   685 D RILMUXD : [gsm0710muxd] 2914:thread_serial_device_read(): Interrupt signal EINTR caught
03-09 18:26:11.072   593   685 D RILMUXD : [gsm0710muxd] 2914:thread_serial_device_read(): Interrupt signal EINTR caught
03-09 18:26:11.691   593   685 D RILMUXD : [gsm0710muxd] 2914:thread_serial_device_read(): Interrupt signal EINTR caught
03-09 18:26:12.313   593   685 D RILMUXD : [gsm0710muxd] 2914:thread_serial_device_read(): Interrupt signal EINTR caught
03-09 18:26:12.364  2819  3083 W NativeCrashListener: Couldn't find ProcessRecord for pid 4998
03-09 18:26:12.403  2819  2865 I BootReceiver: Copying /data/tombstones/tombstone_04 to DropBox (SYSTEM_TOMBSTONE)
03-09 18:26:12.527   593   685 D RILMUXD : [gsm0710muxd] 2914:thread_serial_device_read(): Interrupt signal EINTR caught
03-09 18:26:13.152   593   685 D RILMUXD : [gsm0710muxd] 2914:thread_serial_device_read(): Interrupt signal EINTR caught
03-09 18:26:13.772   593   685 D RILMUXD : [gsm0710muxd] 2914:thread_serial_device_read(): Interrupt signal EINTR caught
03-09 18:26:13.772   593   593 I chatty  : uid=1001(radio) /system/bin/gsm0710muxd expire 2 lines
03-09 18:26:14.392   593   685 D RILMUXD : [gsm0710muxd] 2914:thread_serial_device_read(): Interrupt signal EINTR caught
03-09 18:26:15.012   593   685 D RILMUXD : [gsm0710muxd] 2914:thread_serial_device_read(): Interrupt signal EINTR caught
03-09 18:26:15.632   593   685 D RILMUXD : [gsm0710muxd] 2914:thread_serial_device_read(): Interrupt signal EINTR caught
03-09 18:26:16.262   593   685 D RILMUXD : [gsm0710muxd] 2914:thread_serial_device_read(): Interrupt signal EINTR caught
03-09 18:26:16.881   593   685 D RILMUXD : [gsm0710muxd] 2914:thread_serial_device_read(): Interrupt signal EINTR caught
03-09 18:26:16.934  2819  3083 W NativeCrashListener: Couldn't find ProcessRecord for pid 5003
03-09 18:26:16.973  2819  2865 I BootReceiver: Copying /data/tombstones/tombstone_05 to DropBox (SYSTEM_TOMBSTONE)
03-09 18:26:17.501  4568  4568 I chatty  : uid=1001(radio) com.android.phone expire 2 lines
03-09 18:26:17.501   593   685 D RILMUXD : [gsm0710muxd] 2914:thread_serial_device_read(): Interrupt signal EINTR caught
03-09 18:26:18.122   593   685 D RILMUXD : [gsm0710muxd] 2914:thread_serial_device_read(): Interrupt signal EINTR caught
03-09 18:26:18.753   593   685 D RILMUXD : [gsm0710muxd] 2914:thread_serial_device_read(): Interrupt signal EINTR caught
03-09 18:26:19.392   593   685 D RILMUXD : [gsm0710muxd] 2914:thread_serial_device_read(): Interrupt signal EINTR caught
03-09 18:26:20.012   593   685 D RILMUXD : [gsm0710muxd] 2914:thread_serial_device_read(): Interrupt signal EINTR caught
03-09 18:26:20.632   593   685 D RILMUXD : [gsm0710muxd] 2914:thread_serial_device_read(): Interrupt signal EINTR caught
03-09 18:26:21.251   593   685 D RILMUXD : [gsm0710muxd] 2914:thread_serial_device_read(): Interrupt signal EINTR caught
03-09 18:26:21.871   593   685 D RILMUXD : [gsm0710muxd] 2914:thread_serial_device_read(): Interrupt signal EINTR caught
03-09 18:26:22.482   593   685 D RILMUXD : [gsm0710muxd] 2914:thread_serial_device_read(): Interrupt signal EINTR caught
03-09 18:26:22.544  2819  3083 W NativeCrashListener: Couldn't find ProcessRecord for pid 5008
03-09 18:26:22.575  2819  2865 I BootReceiver: Copying /data/tombstones/tombstone_06 to DropBox (SYSTEM_TOMBSTONE)
03-09 18:26:23.100   593   685 D RILMUXD : [gsm0710muxd] 2914:thread_serial_device_read(): Interrupt signal EINTR caught
03-09 18:26:23.721   593   685 D RILMUXD : [gsm0710muxd] 2914:thread_serial_device_read(): Interrupt signal EINTR caught
03-09 18:26:23.773   593   593 I chatty  : uid=1001(radio) /system/bin/gsm0710muxd expire 2 lines
03-09 18:26:24.342   593   685 D RILMUXD : [gsm0710muxd] 2914:thread_serial_device_read(): Interrupt signal EINTR caught
03-09 18:26:24.962   593   685 D RILMUXD : [gsm0710muxd] 2914:thread_serial_device_read(): Interrupt signal EINTR caught
03-09 18:26:25.582   593   685 D RILMUXD : [gsm0710muxd] 2914:thread_serial_device_read(): Interrupt signal EINTR caught
03-09 18:26:26.201   593   685 D RILMUXD : [gsm0710muxd] 2914:thread_serial_device_read(): Interrupt signal EINTR caught
03-09 18:26:26.822   593   685 D RILMUXD : [gsm0710muxd] 2914:thread_serial_device_read(): Interrupt signal EINTR caught
03-09 18:26:26.894  2819  3083 W NativeCrashListener: Couldn't find ProcessRecord for pid 5013
03-09 18:26:26.945  2819  2865 I BootReceiver: Copying /data/tombstones/tombstone_07 to DropBox (SYSTEM_TOMBSTONE)
03-09 18:26:27.430   593   685 D RILMUXD : [gsm0710muxd] 2914:thread_serial_device_read(): Interrupt signal EINTR caught
03-09 18:26:28.050   593   685 D RILMUXD : [gsm0710muxd] 2914:thread_serial_device_read(): Interrupt signal EINTR caught
03-09 18:26:28.670   593   685 D RILMUXD : [gsm0710muxd] 2914:thread_serial_device_read(): Interrupt signal EINTR caught
03-09 18:26:29.322   593   685 D RILMUXD : [gsm0710muxd] 2914:thread_serial_device_read(): Interrupt signal EINTR caught
03-09 18:26:29.472   699   725 I chatty  : uid=1001(radio) /system/bin/mtkrild expire 6 lines
03-09 18:26:29.472   699   717 I chatty  : uid=1001(radio) /system/bin/mtkrild expire 2 lines
03-09 18:26:29.472   699   719 I chatty  : uid=1001(radio) /system/bin/mtkrild expire 2 lines
03-09 18:26:29.472   699   713 I chatty  : uid=1001(radio) /system/bin/mtkrild expire 2 lines
03-09 18:26:29.473   699   723 I chatty  : uid=1001(radio) /system/bin/mtkrild expire 2 lines
03-09 18:26:29.473   699   714 I chatty  : uid=1001(radio) /system/bin/mtkrild expire 2 lines
03-09 18:26:29.473   699   720 I chatty  : uid=1001(radio) /system/bin/mtkrild expire 2 lines
03-09 18:26:29.473   699   716 I chatty  : uid=1001(radio) /system/bin/mtkrild expire 13 lines
03-09 18:26:29.473   699   715 I chatty  : uid=1001(radio) /system/bin/mtkrild expire 2 lines
03-09 18:26:29.474   699   722 I chatty  : uid=1001(radio) /system/bin/mtkrild expire 2 lines
03-09 18:26:29.474   699   718 I chatty  : uid=1001(radio) /system/bin/mtkrild expire 2 lines
03-09 18:26:29.474   699   721 I chatty  : uid=1001(radio) /system/bin/mtkrild expire 2 lines
03-09 18:26:29.474   699   724 I chatty  : uid=1001(radio) /system/bin/mtkrild expire 2 lines
03-09 18:26:29.942   593   685 D RILMUXD : [gsm0710muxd] 2914:thread_serial_device_read(): Interrupt signal EINTR caught
03-09 18:26:30.560   593   685 D RILMUXD : [gsm0710muxd] 2914:thread_serial_device_read(): Interrupt signal EINTR caught
03-09 18:26:31.181   593   685 D RILMUXD : [gsm0710muxd] 2914:thread_serial_device_read(): Interrupt signal EINTR caught
03-09 18:26:31.800   593   685 D RILMUXD : [gsm0710muxd] 2914:thread_serial_device_read(): Interrupt signal EINTR caught
03-09 18:26:32.422   593   685 D RILMUXD : [gsm0710muxd] 2914:thread_serial_device_read(): Interrupt signal EINTR caught
03-09 18:26:32.474  2819  3083 W NativeCrashListener: Couldn't find ProcessRecord for pid 5018
03-09 18:26:32.512  2819  2865 I BootReceiver: Copying /data/tombstones/tombstone_08 to DropBox (SYSTEM_TOMBSTONE)
03-09 18:26:33.040   593   685 D RILMUXD : [gsm0710muxd] 2914:thread_serial_device_read(): Interrupt signal EINTR caught
03-09 18:26:33.662   593   685 D RILMUXD : [gsm0710muxd] 2914:thread_serial_device_read(): Interrupt signal EINTR caught
03-09 18:26:33.773   593   593 I chatty  : uid=1001(radio) /system/bin/gsm0710muxd expire 1 line
03-09 18:26:34.280   593   685 D RILMUXD : [gsm0710muxd] 2914:thread_serial_device_read(): Interrupt signal EINTR caught
03-09 18:26:34.910   593   685 D RILMUXD : [gsm0710muxd] 2914:thread_serial_device_read(): Interrupt signal EINTR caught
03-09 18:26:35.119   593   685 D RILMUXD : [gsm0710muxd] 2914:thread_serial_device_read(): Interrupt signal EINTR caught
03-09 18:26:35.741   593   685 D RILMUXD : [gsm0710muxd] 2914:thread_serial_device_read(): Interrupt signal EINTR caught
03-09 18:26:36.362   593   685 D RILMUXD : [gsm0710muxd] 2914:thread_serial_device_read(): Interrupt signal EINTR caught
03-09 18:26:36.982   593   685 D RILMUXD : [gsm0710muxd] 2914:thread_serial_device_read(): Interrupt signal EINTR caught
03-09 18:26:37.034  2819  3083 W NativeCrashListener: Couldn't find ProcessRecord for pid 5023
03-09 18:26:37.073  2819  2865 I BootReceiver: Copying /data/tombstones/tombstone_09 to DropBox (SYSTEM_TOMBSTONE)
03-09 18:26:37.602  4568  4568 I chatty  : uid=1001(radio) com.android.phone expire 5 lines
03-09 18:26:37.604   593   685 D RILMUXD : [gsm0710muxd] 2914:thread_serial_device_read(): Interrupt signal EINTR caught
03-09 18:26:38.231   593   685 D RILMUXD : [gsm0710muxd] 2914:thread_serial_device_read(): Interrupt signal EINTR caught
03-09 18:26:38.850   593   593 I chatty  : uid=1001(radio) /system/bin/gsm0710muxd expire 9 lines
03-09 18:26:38.852   593   685 D RILMUXD : [gsm0710muxd] 2914:thread_serial_device_read(): Interrupt signal EINTR caught
03-09 18:26:39.483   593   685 D RILMUXD : [gsm0710muxd] 2914:thread_serial_device_read(): Interrupt signal EINTR caught
03-09 18:26:40.101   593   685 D RILMUXD : [gsm0710muxd] 2914:thread_serial_device_read(): Interrupt signal EINTR caught
03-09 18:26:40.720   593   685 D RILMUXD : [gsm0710muxd] 2914:thread_serial_device_read(): Interrupt signal EINTR caught
03-09 18:26:41.341   593   685 D RILMUXD : [gsm0710muxd] 2914:thread_serial_device_read(): Interrupt signal EINTR caught
03-09 18:26:41.961   593   685 D RILMUXD : [gsm0710muxd] 2914:thread_serial_device_read(): Interrupt signal EINTR caught
03-09 18:26:42.572   593   685 D RILMUXD : [gsm0710muxd] 2914:thread_serial_device_read(): Interrupt signal EINTR caught
03-09 18:26:42.624  2819  3083 W NativeCrashListener: Couldn't find ProcessRecord for pid 5028
03-09 18:26:42.663  2819  2865 I BootReceiver: Copying /data/tombstones/tombstone_00 to DropBox (SYSTEM_TOMBSTONE)
03-09 18:26:43.181   593   685 D RILMUXD : [gsm0710muxd] 2914:thread_serial_device_read(): Interrupt signal EINTR caught
03-09 18:26:43.803   593   685 D RILMUXD : [gsm0710muxd] 2914:thread_serial_device_read(): Interrupt signal EINTR caught
03-09 18:26:44.420   593   685 D RILMUXD : [gsm0710muxd] 2914:thread_serial_device_read(): Interrupt signal EINTR caught
03-09 18:26:45.040   593   685 D RILMUXD : [gsm0710muxd] 2914:thread_serial_device_read(): Interrupt signal EINTR caught
03-09 18:26:45.662   593   685 D RILMUXD : [gsm0710muxd] 2914:thread_serial_device_read(): Interrupt signal EINTR caught
03-09 18:26:46.280   593   685 D RILMUXD : [gsm0710muxd] 2914:thread_serial_device_read(): Interrupt signal EINTR caught
03-09 18:26:46.902   593   685 D RILMUXD : [gsm0710muxd] 2914:thread_serial_device_read(): Interrupt signal EINTR caught
03-09 18:26:46.984  2819  3083 W NativeCrashListener: Couldn't find ProcessRecord for pid 5033
03-09 18:26:47.029  2819  2865 I BootReceiver: Copying /data/tombstones/tombstone_01 to DropBox (SYSTEM_TOMBSTONE)
03-09 18:26:47.521   593   685 D RILMUXD : [gsm0710muxd] 2914:thread_serial_device_read(): Interrupt signal EINTR caught
03-09 18:26:48.142   593   685 D RILMUXD : [gsm0710muxd] 2914:thread_serial_device_read(): Interrupt signal EINTR caught
03-09 18:26:48.761   593   685 D RILMUXD : [gsm0710muxd] 2914:thread_serial_device_read(): Interrupt signal EINTR caught
03-09 18:26:48.947   699   725 I chatty  : uid=1001(radio) /system/bin/mtkrild expire 12 lines
03-09 18:26:48.947   699   717 I chatty  : uid=1001(radio) /system/bin/mtkrild expire 4 lines
03-09 18:26:48.948   699   719 I chatty  : uid=1001(radio) /system/bin/mtkrild expire 4 lines
03-09 18:26:48.948   699   713 I chatty  : uid=1001(radio) /system/bin/mtkrild expire 4 lines
03-09 18:26:48.948   699   723 I chatty  : uid=1001(radio) /system/bin/mtkrild expire 4 lines
03-09 18:26:48.948   699   714 I chatty  : uid=1001(radio) /system/bin/mtkrild expire 4 lines
03-09 18:26:48.948   699   720 I chatty  : uid=1001(radio) /system/bin/mtkrild expire 4 lines
03-09 18:26:48.948   699   716 I chatty  : uid=1001(radio) /system/bin/mtkrild expire 13 lines
03-09 18:26:48.948   699   715 I chatty  : uid=1001(radio) /system/bin/mtkrild expire 4 lines
03-09 18:26:48.948   699   722 I chatty  : uid=1001(radio) /system/bin/mtkrild expire 4 lines
03-09 18:26:48.948   699   718 I chatty  : uid=1001(radio) /system/bin/mtkrild expire 4 lines
03-09 18:26:48.949   699   721 I chatty  : uid=1001(radio) /system/bin/mtkrild expire 4 lines
03-09 18:26:48.949   699   724 I chatty  : uid=1001(radio) /system/bin/mtkrild expire 4 lines
03-09 18:26:48.967   593   685 D RILMUXD : [gsm0710muxd] 2914:thread_serial_device_read(): Interrupt signal EINTR caught
03-09 18:26:49.600   593   685 D RILMUXD : [gsm0710muxd] 2914:thread_serial_device_read(): Interrupt signal EINTR caught
03-09 18:26:50.221   593   685 D RILMUXD : [gsm0710muxd] 2914:thread_serial_device_read(): Interrupt signal EINTR caught
03-09 18:26:50.860   593   685 D RILMUXD : [gsm0710muxd] 2914:thread_serial_device_read(): Interrupt signal EINTR caught
03-09 18:26:51.482   593   685 D RILMUXD : [gsm0710muxd] 2914:thread_serial_device_read(): Interrupt signal EINTR caught
03-09 18:26:52.092   593   685 D RILMUXD : [gsm0710muxd] 2914:thread_serial_device_read(): Interrupt signal EINTR caught
03-09 18:26:52.144  2819  3083 W NativeCrashListener: Couldn't find ProcessRecord for pid 5038
03-09 18:26:52.184  2819  2865 I BootReceiver: Copying /data/tombstones/tombstone_02 to DropBox (SYSTEM_TOMBSTONE)
03-09 18:26:52.711   593   685 D RILMUXD : [gsm0710muxd] 2914:thread_serial_device_read(): Interrupt signal EINTR caught
03-09 18:26:53.342   593   685 D RILMUXD : [gsm0710muxd] 2914:thread_serial_device_read(): Interrupt signal EINTR caught
03-09 18:26:53.962   593   685 D RILMUXD : [gsm0710muxd] 2914:thread_serial_device_read(): Interrupt signal EINTR caught
03-09 18:26:54.592   593   685 D RILMUXD : [gsm0710muxd] 2914:thread_serial_device_read(): Interrupt signal EINTR caught
03-09 18:26:55.211   593   685 D RILMUXD : [gsm0710muxd] 2914:thread_serial_device_read(): Interrupt signal EINTR caught
03-09 18:26:55.419   593   685 D RILMUXD : [gsm0710muxd] 2914:thread_serial_device_read(): Interrupt signal EINTR caught
03-09 18:26:55.669   593   685 D RILMUXD : [gsm0710muxd] 2914:thread_serial_device_read(): Interrupt signal EINTR caught
03-09 18:26:56.019   593   685 D RILMUXD : [gsm0710muxd] 2914:thread_serial_device_read(): Interrupt signal EINTR caught
03-09 18:26:56.345  2819  3083 W NativeCrashListener: Couldn't find ProcessRecord for pid 5043
03-09 18:26:56.781   593   685 D RILMUXD : [gsm0710muxd] 2914:thread_serial_device_read(): Interrupt signal EINTR caught
03-09 18:26:56.807  2819  2865 I BootReceiver: Copying /data/tombstones/tombstone_03 to DropBox (SYSTEM_TOMBSTONE)
03-09 18:26:57.402   593   685 D RILMUXD : [gsm0710muxd] 2914:thread_serial_device_read(): Interrupt signal EINTR caught
03-09 18:26:58.022   593   685 D RILMUXD : [gsm0710muxd] 2914:thread_serial_device_read(): Interrupt signal EINTR caught
03-09 18:26:58.644   593   685 D RILMUXD : [gsm0710muxd] 2914:thread_serial_device_read(): Interrupt signal EINTR caught
03-09 18:26:58.661  2819  2819 I notification_enqueue: [1000,2819,android,17303121,NULL,-1,Notification(pri=0 contentView=null vibrate=null sound=null tick defaults=0x0 flags=0x10 color=0xff607d8b actions=1 vis=PRIVATE),0]
03-09 18:26:59.293   593   685 D RILMUXD : [gsm0710muxd] 2914:thread_serial_device_read(): Interrupt signal EINTR caught
03-09 18:26:59.912   593   685 D RILMUXD : [gsm0710muxd] 2914:thread_serial_device_read(): Interrupt signal EINTR caught
03-09 18:27:00.542   593   685 D RILMUXD : [gsm0710muxd] 2914:thread_serial_device_read(): Interrupt signal EINTR caught
03-09 18:27:01.162   593   685 D RILMUXD : [gsm0710muxd] 2914:thread_serial_device_read(): Interrupt signal EINTR caught
03-09 18:27:01.781   593   685 D RILMUXD : [gsm0710muxd] 2914:thread_serial_device_read(): Interrupt signal EINTR caught
03-09 18:27:01.944  2819  3083 W NativeCrashListener: Couldn't find ProcessRecord for pid 5049
03-09 18:27:02.401   593   685 D RILMUXD : [gsm0710muxd] 2914:thread_serial_device_read(): Interrupt signal EINTR caught
03-09 18:27:02.425  2819  2865 I BootReceiver: Copying /data/tombstones/tombstone_04 to DropBox (SYSTEM_TOMBSTONE)
03-09 18:27:03.022   593   685 D RILMUXD : [gsm0710muxd] 2914:thread_serial_device_read(): Interrupt signal EINTR caught
03-09 18:27:03.642   593   685 D RILMUXD : [gsm0710muxd] 2914:thread_serial_device_read(): Interrupt signal EINTR caught
03-09 18:27:04.260   593   685 D RILMUXD : [gsm0710muxd] 2914:thread_serial_device_read(): Interrupt signal EINTR caught
03-09 18:27:04.882   593   685 D RILMUXD : [gsm0710muxd] 2914:thread_serial_device_read(): Interrupt signal EINTR caught
03-09 18:27:05.502   593   685 D RILMUXD : [gsm0710muxd] 2914:thread_serial_device_read(): Interrupt signal EINTR caught
03-09 18:27:06.122   593   685 D RILMUXD : [gsm0710muxd] 2914:thread_serial_device_read(): Interrupt signal EINTR caught
03-09 18:27:06.741   593   685 D RILMUXD : [gsm0710muxd] 2914:thread_serial_device_read(): Interrupt signal EINTR caught
03-09 18:27:06.824  2819  3083 W NativeCrashListener: Couldn't find ProcessRecord for pid 5054
03-09 18:27:06.841   699   716 I chatty  : uid=1001(radio) /system/bin/mtkrild expire 13 lines
03-09 18:27:06.870  2819  2865 I BootReceiver: Copying /data/tombstones/tombstone_05 to DropBox (SYSTEM_TOMBSTONE)
03-09 18:27:07.362   593   685 D RILMUXD : [gsm0710muxd] 2914:thread_serial_device_read(): Interrupt signal EINTR caught
03-09 18:27:07.980   593   685 D RILMUXD : [gsm0710muxd] 2914:thread_serial_device_read(): Interrupt signal EINTR caught
03-09 18:27:08.602   593   685 D RILMUXD : [gsm0710muxd] 2914:thread_serial_device_read(): Interrupt signal EINTR caught
03-09 18:27:09.234   593   685 D RILMUXD : [gsm0710muxd] 2914:thread_serial_device_read(): Interrupt signal EINTR caught
03-09 18:27:09.862   593   685 D RILMUXD : [gsm0710muxd] 2914:thread_serial_device_read(): Interrupt signal EINTR caught
03-09 18:27:10.480   593   685 D RILMUXD : [gsm0710muxd] 2914:thread_serial_device_read(): Interrupt signal EINTR caught
03-09 18:27:11.101   593   685 D RILMUXD : [gsm0710muxd] 2914:thread_serial_device_read(): Interrupt signal EINTR caught
03-09 18:27:11.722   593   685 D RILMUXD : [gsm0710muxd] 2914:thread_serial_device_read(): Interrupt signal EINTR caught
03-09 18:27:12.343   593   685 D RILMUXD : [gsm0710muxd] 2914:thread_serial_device_read(): Interrupt signal EINTR caught
03-09 18:27:12.394  2819  3083 W NativeCrashListener: Couldn't find ProcessRecord for pid 5060
03-09 18:27:12.434  2819  2865 I BootReceiver: Copying /data/tombstones/tombstone_06 to DropBox (SYSTEM_TOMBSTONE)
03-09 18:27:12.557   593   685 D RILMUXD : [gsm0710muxd] 2914:thread_serial_device_read(): Interrupt signal EINTR caught
03-09 18:27:13.190   593   685 D RILMUXD : [gsm0710muxd] 2914:thread_serial_device_read(): Interrupt signal EINTR caught
03-09 18:27:13.811   593   685 D RILMUXD : [gsm0710muxd] 2914:thread_serial_device_read(): Interrupt signal EINTR caught
03-09 18:27:14.432   593   685 D RILMUXD : [gsm0710muxd] 2914:thread_serial_device_read(): Interrupt signal EINTR caught
03-09 18:27:15.050   593   685 D RILMUXD : [gsm0710muxd] 2914:thread_serial_device_read(): Interrupt signal EINTR caught
03-09 18:27:15.672   593   685 D RILMUXD : [gsm0710muxd] 2914:thread_serial_device_read(): Interrupt signal EINTR caught
03-09 18:27:16.301   593   685 D RILMUXD : [gsm0710muxd] 2914:thread_serial_device_read(): Interrupt signal EINTR caught
03-09 18:27:16.911   593   685 D RILMUXD : [gsm0710muxd] 2914:thread_serial_device_read(): Interrupt signal EINTR caught
03-09 18:27:16.964  2819  3083 W NativeCrashListener: Couldn't find ProcessRecord for pid 5065
03-09 18:27:17.004  2819  2865 I BootReceiver: Copying /data/tombstones/tombstone_07 to DropBox (SYSTEM_TOMBSTONE)
03-09 18:27:17.532   593   685 D RILMUXD : [gsm0710muxd] 2914:thread_serial_device_read(): Interrupt signal EINTR caught
03-09 18:27:18.153   593   685 D RILMUXD : [gsm0710muxd] 2914:thread_serial_device_read(): Interrupt signal EINTR caught
03-09 18:27:18.772   593   685 D RILMUXD : [gsm0710muxd] 2914:thread_serial_device_read(): Interrupt signal EINTR caught
03-09 18:27:19.394   593   685 D RILMUXD : [gsm0710muxd] 2914:thread_serial_device_read(): Interrupt signal EINTR caught
03-09 18:27:20.022   593   685 D RILMUXD : [gsm0710muxd] 2914:thread_serial_device_read(): Interrupt signal EINTR caught
03-09 18:27:20.642   593   685 D RILMUXD : [gsm0710muxd] 2914:thread_serial_device_read(): Interrupt signal EINTR caught
03-09 18:27:21.260   593   685 D RILMUXD : [gsm0710muxd] 2914:thread_serial_device_read(): Interrupt signal EINTR caught
03-09 18:27:21.881   593   685 D RILMUXD : [gsm0710muxd] 2914:thread_serial_device_read(): Interrupt signal EINTR caught
03-09 18:27:22.491   593   685 D RILMUXD : [gsm0710muxd] 2914:thread_serial_device_read(): Interrupt signal EINTR caught
03-09 18:27:22.554  2819  3083 W NativeCrashListener: Couldn't find ProcessRecord for pid 5070
03-09 18:27:22.585  2819  2865 I BootReceiver: Copying /data/tombstones/tombstone_08 to DropBox (SYSTEM_TOMBSTONE)
03-09 18:27:23.112   593   685 D RILMUXD : [gsm0710muxd] 2914:thread_serial_device_read(): Interrupt signal EINTR caught
03-09 18:27:23.730   593   685 D RILMUXD : [gsm0710muxd] 2914:thread_serial_device_read(): Interrupt signal EINTR caught
03-09 18:27:24.353   593   685 D RILMUXD : [gsm0710muxd] 2914:thread_serial_device_read(): Interrupt signal EINTR caught
03-09 18:27:24.432   593   593 I chatty  : uid=1001(radio) /system/bin/gsm0710muxd expire 1 line
03-09 18:27:24.982   593   685 D RILMUXD : [gsm0710muxd] 2914:thread_serial_device_read(): Interrupt signal EINTR caught
03-09 18:27:25.602   593   685 D RILMUXD : [gsm0710muxd] 2914:thread_serial_device_read(): Interrupt signal EINTR caught
03-09 18:27:26.222   593   685 D RILMUXD : [gsm0710muxd] 2914:thread_serial_device_read(): Interrupt signal EINTR caught
03-09 18:27:26.332   699   725 I chatty  : uid=1001(radio) /system/bin/mtkrild expire 6 lines
03-09 18:27:26.332   699   717 I chatty  : uid=1001(radio) /system/bin/mtkrild expire 2 lines
03-09 18:27:26.332   699   719 I chatty  : uid=1001(radio) /system/bin/mtkrild expire 2 lines
03-09 18:27:26.332   699   713 I chatty  : uid=1001(radio) /system/bin/mtkrild expire 2 lines
03-09 18:27:26.332   699   723 I chatty  : uid=1001(radio) /system/bin/mtkrild expire 2 lines
03-09 18:27:26.332   699   714 I chatty  : uid=1001(radio) /system/bin/mtkrild expire 2 lines
03-09 18:27:26.332   699   720 I chatty  : uid=1001(radio) /system/bin/mtkrild expire 2 lines
03-09 18:27:26.332   699   716 I chatty  : uid=1001(radio) /system/bin/mtkrild expire 13 lines
03-09 18:27:26.333   699   715 I chatty  : uid=1001(radio) /system/bin/mtkrild expire 2 lines
03-09 18:27:26.333   699   722 I chatty  : uid=1001(radio) /system/bin/mtkrild expire 2 lines
03-09 18:27:26.333   699   718 I chatty  : uid=1001(radio) /system/bin/mtkrild expire 2 lines
03-09 18:27:26.333   699   721 I chatty  : uid=1001(radio) /system/bin/mtkrild expire 2 lines
03-09 18:27:26.333   699   724 I chatty  : uid=1001(radio) /system/bin/mtkrild expire 2 lines
03-09 18:27:26.841   593   685 D RILMUXD : [gsm0710muxd] 2914:thread_serial_device_read(): Interrupt signal EINTR caught
03-09 18:27:26.924  2819  3083 W NativeCrashListener: Couldn't find ProcessRecord for pid 5075
03-09 18:27:26.968  2819  2865 I BootReceiver: Copying /data/tombstones/tombstone_09 to DropBox (SYSTEM_TOMBSTONE)
03-09 18:27:27.462   593   685 D RILMUXD : [gsm0710muxd] 2914:thread_serial_device_read(): Interrupt signal EINTR caught
03-09 18:27:28.080   593   685 D RILMUXD : [gsm0710muxd] 2914:thread_serial_device_read(): Interrupt signal EINTR caught
03-09 18:27:28.152  4568  4568 I chatty  : uid=1001(radio) com.android.phone expire 1 line
03-09 18:27:28.700   593   685 D RILMUXD : [gsm0710muxd] 2914:thread_serial_device_read(): Interrupt signal EINTR caught
03-09 18:27:29.322   593   685 D RILMUXD : [gsm0710muxd] 2914:thread_serial_device_read(): Interrupt signal EINTR caught
03-09 18:27:29.433   593   593 I chatty  : uid=1001(radio) /system/bin/gsm0710muxd expire 3 lines
03-09 18:27:29.950   593   685 D RILMUXD : [gsm0710muxd] 2914:thread_serial_device_read(): Interrupt signal EINTR caught
03-09 18:27:30.570   593   685 D RILMUXD : [gsm0710muxd] 2914:thread_serial_device_read(): Interrupt signal EINTR caught
03-09 18:27:30.779   593   685 D RILMUXD : [gsm0710muxd] 2914:thread_serial_device_read(): Interrupt signal EINTR caught
03-09 18:27:31.411   593   685 D RILMUXD : [gsm0710muxd] 2914:thread_serial_device_read(): Interrupt signal EINTR caught
03-09 18:27:32.042   593   685 D RILMUXD : [gsm0710muxd] 2914:thread_serial_device_read(): Interrupt signal EINTR caught
03-09 18:27:32.124  2819  3083 W NativeCrashListener: Couldn't find ProcessRecord for pid 5080
03-09 18:27:32.168  2819  2865 I BootReceiver: Copying /data/tombstones/tombstone_00 to DropBox (SYSTEM_TOMBSTONE)
03-09 18:27:32.661   593   685 D RILMUXD : [gsm0710muxd] 2914:thread_serial_device_read(): Interrupt signal EINTR caught
03-09 18:27:33.282   593   685 D RILMUXD : [gsm0710muxd] 2914:thread_serial_device_read(): Interrupt signal EINTR caught
03-09 18:27:33.902   593   685 D RILMUXD : [gsm0710muxd] 2914:thread_serial_device_read(): Interrupt signal EINTR caught
03-09 18:27:34.521   593   685 D RILMUXD : [gsm0710muxd] 2914:thread_serial_device_read(): Interrupt signal EINTR caught
03-09 18:27:35.142   593   685 D RILMUXD : [gsm0710muxd] 2914:thread_serial_device_read(): Interrupt signal EINTR caught
03-09 18:27:35.760   593   685 D RILMUXD : [gsm0710muxd] 2914:thread_serial_device_read(): Interrupt signal EINTR caught
03-09 18:27:36.383   593   685 D RILMUXD : [gsm0710muxd] 2914:thread_serial_device_read(): Interrupt signal EINTR caught
03-09 18:27:36.464  2819  3083 W NativeCrashListener: Couldn't find ProcessRecord for pid 5085
03-09 18:27:36.508  2819  2865 I BootReceiver: Copying /data/tombstones/tombstone_01 to DropBox (SYSTEM_TOMBSTONE)
03-09 18:27:37.002   593   685 D RILMUXD : [gsm0710muxd] 2914:thread_serial_device_read(): Interrupt signal EINTR caught
03-09 18:27:37.622   593   685 D RILMUXD : [gsm0710muxd] 2914:thread_serial_device_read(): Interrupt signal EINTR caught
03-09 18:27:38.242  4568  4568 I chatty  : uid=1001(radio) com.android.phone expire 1 line
03-09 18:27:38.244   593   685 D RILMUXD : [gsm0710muxd] 2914:thread_serial_device_read(): Interrupt signal EINTR caught
03-09 18:27:38.872   593   685 D RILMUXD : [gsm0710muxd] 2914:thread_serial_device_read(): Interrupt signal EINTR caught
03-09 18:27:39.490   593   685 D RILMUXD : [gsm0710muxd] 2914:thread_serial_device_read(): Interrupt signal EINTR caught
