03-06 20:44:59.521   437   437 W MtkCam/HalSensorList: [impConstructStaticMetadata_by_SymbolName] constructCustStaticMetadata_DEVICE_CAMERA_SENSOR_DRVNAME_OV8856_MIPI_RAW not found
03-06 20:44:59.522   437   437 W MtkCam/HalSensorList: [impConstructStaticMetadata_by_SymbolName] constructCustStaticMetadata_DEVICE_CAMERA_COMMON not found
03-06 20:44:59.522   437   437 W MtkCam/HalSensorList: [impConstructStaticMetadata_by_SymbolName] constructCustStaticMetadata_DEVICE_REQUEST_SENSOR_DRVNAME_OV8856_MIPI_RAW not found
03-06 20:44:59.523   437   437 W MtkCam/HalSensorList: [impConstructStaticMetadata_by_SymbolName] constructCustStaticMetadata_DEVICE_REQUEST_COMMON not found
03-06 20:44:59.523   437   437 W MtkCam/HalSensorList: [impConstructStaticMetadata_by_SymbolName] constructCustStaticMetadata_PROJECT_LENS_SENSOR_DRVNAME_OV8856_MIPI_RAW not found
03-06 20:44:59.524   437   437 W MtkCam/HalSensorList: [impConstructStaticMetadata_by_SymbolName] constructCustStaticMetadata_PROJECT_LENS_COMMON not found
03-06 20:44:59.524   437   437 W MtkCam/HalSensorList: [impConstructStaticMetadata_by_SymbolName] constructCustStaticMetadata_PROJECT_SENSOR_SENSOR_DRVNAME_OV8856_MIPI_RAW not found
03-06 20:44:59.525   437   437 W MtkCam/HalSensorList: [impConstructStaticMetadata_by_SymbolName] constructCustStaticMetadata_PROJECT_SENSOR_COMMON not found
03-06 20:44:59.525   437   437 W MtkCam/HalSensorList: [impConstructStaticMetadata_by_SymbolName] constructCustStaticMetadata_PROJECT_TUNING_3A_SENSOR_DRVNAME_OV8856_MIPI_RAW not found
03-06 20:44:59.526   437   437 W MtkCam/HalSensorList: [impConstructStaticMetadata_by_SymbolName] constructCustStaticMetadata_PROJECT_TUNING_3A_COMMON not found
03-06 20:44:59.527   437   437 W MtkCam/HalSensorList: [impConstructStaticMetadata_by_SymbolName] constructCustStaticMetadata_PROJECT_FLASHLIGHT_SENSOR_DRVNAME_OV8856_MIPI_RAW not found
03-06 20:44:59.527   437   437 W MtkCam/HalSensorList: [impConstructStaticMetadata_by_SymbolName] constructCustStaticMetadata_PROJECT_FLASHLIGHT_COMMON not found
03-06 20:44:59.528   437   437 W MtkCam/HalSensorList: [impConstructStaticMetadata_by_SymbolName] constructCustStaticMetadata_PROJECT_SCALER_SENSOR_DRVNAME_OV8856_MIPI_RAW not found
03-06 20:44:59.529   437   437 W MtkCam/HalSensorList: [impConstructStaticMetadata_by_SymbolName] constructCustStaticMetadata_PROJECT_SCALER_COMMON not found
03-06 20:44:59.529   437   437 W MtkCam/HalSensorList: [impConstructStaticMetadata_by_SymbolName] constructCustStaticMetadata_PROJECT_FEATURE_SENSOR_DRVNAME_OV8856_MIPI_RAW not found
03-06 20:44:59.530   437   437 W MtkCam/HalSensorList: [impConstructStaticMetadata_by_SymbolName] constructCustStaticMetadata_PROJECT_FEATURE_COMMON not found
03-06 20:44:59.530   437   437 W MtkCam/HalSensorList: [impConstructStaticMetadata_by_SymbolName] constructCustStaticMetadata_PROJECT_CAMERA_SENSOR_DRVNAME_OV8856_MIPI_RAW not found
03-06 20:44:59.531   437   437 W MtkCam/HalSensorList: [impConstructStaticMetadata_by_SymbolName] constructCustStaticMetadata_PROJECT_CAMERA_COMMON not found
03-06 20:44:59.531   437   437 W MtkCam/HalSensorList: [impConstructStaticMetadata_by_SymbolName] constructCustStaticMetadata_PROJECT_REQUEST_SENSOR_DRVNAME_OV8856_MIPI_RAW not found
03-06 20:44:59.532   437   437 W MtkCam/HalSensorList: [impConstructStaticMetadata_by_SymbolName] constructCustStaticMetadata_PROJECT_REQUEST_COMMON not found
03-06 20:44:59.532   437   437 D SeninfDrvImp: [setMclk1][setTg1PhaseCounter] pcEn(0) clkPol(0) mMclk1User(0)
03-06 20:44:59.532   437   437 D SeninfDrvImp: [setMclk2][setTg2PhaseCounter] pcEn(0) clkPol(0)  mMclk2User(0)
03-06 20:44:59.533   437   437 D SeninfDrvImp: [uninit][uninit]: 1 
03-06 20:44:59.533   437   437 D SeninfDrvImp: [uninit][uninit]: 0, mfd(7) 
03-06 20:44:59.533   437   437 I IspDrv  : {IspDrv} [isp_fd_close]  - E. isp fd(7).
03-06 20:44:59.533   437   437 I IspDrv  : {IspDrv} [isp_fd_close] close isp mFd(7).
03-06 20:44:59.533   437   437 I IspDrv  : {IspDrv} [isp_fd_close] mIonFd(6),at(0/1).
03-06 20:44:59.533   437   437 I IspDrv  : {IspDrv} [isp_fd_close] close ion id(6).
03-06 20:44:59.533   437   437 D MtkCam/devicemgr: pHalSensorList:0xf6005270 searchSensors:2 queryNumberOfSensors:2
03-06 20:44:59.533   437   437 D MtkCam/MetadataProvider.Custom: [showCustInfo] MY_CUST_VERSION="2016 11 12  18:47:08 CST rev:0.3.0"
03-06 20:44:59.534   437   437 D MtkCam/MetadataProvider.constructStatic: [constructStaticMetadata] construct static metadata
03-06 20:44:59.534   437   437 W MtkCam/MetadataProvider.constructStatic: [impConstructStaticMetadata_by_SymbolName] constructCustStaticMetadata_DEVICE_LENS_SENSOR_DRVNAME_IMX258_MIPI_RAW not found
03-06 20:44:59.535   437   437 W MtkCam/MetadataProvider.constructStatic: [impConstructStaticMetadata_by_SymbolName] constructCustStaticMetadata_DEVICE_LENS_COMMON not found
03-06 20:44:59.535   437   437 W MtkCam/MetadataProvider.constructStatic: [impConstructStaticMetadata_by_SymbolName] constructCustStaticMetadata_DEVICE_SENSOR_SENSOR_DRVNAME_IMX258_MIPI_RAW not found
03-06 20:44:59.535   437   437 W MtkCam/MetadataProvider.constructStatic: [impConstructStaticMetadata_by_SymbolName] constructCustStaticMetadata_DEVICE_SENSOR_COMMON not found
03-06 20:44:59.536   437   437 W MtkCam/MetadataProvider.constructStatic: [impConstructStaticMetadata_by_SymbolName] constructCustStaticMetadata_DEVICE_TUNING_3A_SENSOR_DRVNAME_IMX258_MIPI_RAW not found
03-06 20:44:59.536   437   437 W MtkCam/MetadataProvider.constructStatic: [impConstructStaticMetadata_by_SymbolName] constructCustStaticMetadata_DEVICE_TUNING_3A_COMMON not found
03-06 20:44:59.536   437   437 W MtkCam/MetadataProvider.constructStatic: [impConstructStaticMetadata_by_SymbolName] constructCustStaticMetadata_DEVICE_FLASHLIGHT_SENSOR_DRVNAME_IMX258_MIPI_RAW not found
03-06 20:44:59.537   437   437 W MtkCam/MetadataProvider.constructStatic: [impConstructStaticMetadata_by_SymbolName] constructCustStaticMetadata_DEVICE_FLASHLIGHT_COMMON not found
03-06 20:44:59.537   437   437 W MtkCam/MetadataProvider.constructStatic: [impConstructStaticMetadata_by_SymbolName] constructCustStaticMetadata_DEVICE_SCALER_SENSOR_DRVNAME_IMX258_MIPI_RAW not found
03-06 20:44:59.537   437   437 W MtkCam/MetadataProvider.constructStatic: [impConstructStaticMetadata_by_SymbolName] constructCustStaticMetadata_DEVICE_SCALER_COMMON not found
03-06 20:44:59.538   437   437 W MtkCam/MetadataProvider.constructStatic: [impConstructStaticMetadata_by_SymbolName] constructCustStaticMetadata_DEVICE_FEATURE_SENSOR_DRVNAME_IMX258_MIPI_RAW not found
03-06 20:44:59.538   437   437 W MtkCam/MetadataProvider.constructStatic: [impConstructStaticMetadata_by_SymbolName] constructCustStaticMetadata_DEVICE_FEATURE_COMMON not found
03-06 20:44:59.538   437   437 W MtkCam/MetadataProvider.constructStatic: [impConstructStaticMetadata_by_SymbolName] constructCustStaticMetadata_DEVICE_CAMERA_SENSOR_DRVNAME_IMX258_MIPI_RAW not found
03-06 20:44:59.539   437   437 W MtkCam/MetadataProvider.constructStatic: [impConstructStaticMetadata_by_SymbolName] constructCustStaticMetadata_DEVICE_REQUEST_SENSOR_DRVNAME_IMX258_MIPI_RAW not found
03-06 20:44:59.539   437   437 W MtkCam/MetadataProvider.constructStatic: [impConstructStaticMetadata_by_SymbolName] constructCustStaticMetadata_DEVICE_REQUEST_COMMON not found
03-06 20:44:59.539   437   437 W MtkCam/MetadataProvider.constructStatic: [impConstructStaticMetadata_by_SymbolName] constructCustStaticMetadata_PROJECT_LENS_SENSOR_DRVNAME_IMX258_MIPI_RAW not found
03-06 20:44:59.539   437   437 W MtkCam/MetadataProvider.constructStatic: [impConstructStaticMetadata_by_SymbolName] constructCustStaticMetadata_PROJECT_LENS_COMMON not found
03-06 20:44:59.540   437   437 W MtkCam/MetadataProvider.constructStatic: [impConstructStaticMetadata_by_SymbolName] constructCustStaticMetadata_PROJECT_SENSOR_SENSOR_DRVNAME_IMX258_MIPI_RAW not found
03-06 20:44:59.540   437   437 W MtkCam/MetadataProvider.constructStatic: [impConstructStaticMetadata_by_SymbolName] constructCustStaticMetadata_PROJECT_SENSOR_COMMON not found
03-06 20:44:59.540   437   437 W MtkCam/MetadataProvider.constructStatic: [impConstructStaticMetadata_by_SymbolName] constructCustStaticMetadata_PROJECT_TUNING_3A_SENSOR_DRVNAME_IMX258_MIPI_RAW not found
03-06 20:44:59.540   437   437 W MtkCam/MetadataProvider.constructStatic: [impConstructStaticMetadata_by_SymbolName] constructCustStaticMetadata_PROJECT_TUNING_3A_COMMON not found
03-06 20:44:59.541   437   437 W MtkCam/MetadataProvider.constructStatic: [impConstructStaticMetadata_by_SymbolName] constructCustStaticMetadata_PROJECT_FLASHLIGHT_SENSOR_DRVNAME_IMX258_MIPI_RAW not found
03-06 20:44:59.541   437   437 W MtkCam/MetadataProvider.constructStatic: [impConstructStaticMetadata_by_SymbolName] constructCustStaticMetadata_PROJECT_FLASHLIGHT_COMMON not found
03-06 20:44:59.541   437   437 W MtkCam/MetadataProvider.constructStatic: [impConstructStaticMetadata_by_SymbolName] constructCustStaticMetadata_PROJECT_SCALER_SENSOR_DRVNAME_IMX258_MIPI_RAW not found
03-06 20:44:59.541   437   437 W MtkCam/MetadataProvider.constructStatic: [impConstructStaticMetadata_by_SymbolName] constructCustStaticMetadata_PROJECT_SCALER_COMMON not found
03-06 20:44:59.542   437   437 W MtkCam/MetadataProvider.constructStatic: [impConstructStaticMetadata_by_SymbolName] constructCustStaticMetadata_PROJECT_FEATURE_SENSOR_DRVNAME_IMX258_MIPI_RAW not found
03-06 20:44:59.542   437   437 W MtkCam/MetadataProvider.constructStatic: [impConstructStaticMetadata_by_SymbolName] constructCustStaticMetadata_PROJECT_FEATURE_COMMON not found
03-06 20:44:59.542   437   437 W MtkCam/MetadataProvider.constructStatic: [impConstructStaticMetadata_by_SymbolName] constructCustStaticMetadata_PROJECT_CAMERA_SENSOR_DRVNAME_IMX258_MIPI_RAW not found
03-06 20:44:59.542   437   437 W MtkCam/MetadataProvider.constructStatic: [impConstructStaticMetadata_by_SymbolName] constructCustStaticMetadata_PROJECT_CAMERA_COMMON not found
03-06 20:44:59.543   437   437 W MtkCam/MetadataProvider.constructStatic: [impConstructStaticMetadata_by_SymbolName] constructCustStaticMetadata_PROJECT_REQUEST_SENSOR_DRVNAME_IMX258_MIPI_RAW not found
03-06 20:44:59.543   437   437 W MtkCam/MetadataProvider.constructStatic: [impConstructStaticMetadata_by_SymbolName] constructCustStaticMetadata_PROJECT_REQUEST_COMMON not found
03-06 20:44:59.543   437   437 D MtkCam/MetadataProvider.constructStatic: [constructStaticMetadata] Allocating 7 entries from customization
03-06 20:44:59.543   437   437 D MtkCam/MetadataProvider.constructStatic: [constructStaticMetadata] Allocating 0 entries from sensor HAL
03-06 20:44:59.543   437   437 D nvbuf_util.cpp: nvbuf_util.cpp getBufAndReadNoLock+ ln=685 ramId=0 sensorDev=1
03-06 20:44:59.543   437   437 D NvramDrv: NvramDrv [readNoDefault] id=1 dev=9
03-06 20:44:59.543   437   437 D NvramDrv: NvramDrv [readNvramData]+ a_eSensorType=1 a_eNvramDataType=9
03-06 20:44:59.543   437   437 D NvramDrv: NvramDrv check nvram demon
03-06 20:44:59.543   437   437 D NVRAM   : NVM_GetFileDesc ++
03-06 20:44:59.544   437   437 D NVRAM   : length of g_NVRAM_BACKUP_DEVICE=59
03-06 20:44:59.544   437   437 D NVRAM   : nvram_layout_callback will run!!!
03-06 20:44:59.544   437   437 D NVRAM   : nvram_platform_log_block: 2
03-06 20:44:59.544   437   437 D NVRAM   : nvram_platform_resv_block: 2
03-06 20:44:59.544   437   437 D NVRAM   : nvram_platform_DM_block: 1
03-06 20:44:59.544   437   437 D NVRAM   : nvram_platform_layout_version: 0
03-06 20:44:59.544   437   437 D NVRAM   : nvram_platform_header_offset: 0
03-06 20:44:59.544   437   437 D NVRAM   : g_i4CFG_File_Count: 49
03-06 20:44:59.544   437   437 D NVRAM   : NVM_Init Max Lid: 74
03-06 20:44:59.544   437   437 D NVRAM   : [NVRAM]: info nvram_gpt_flag =1
03-06 20:44:59.544   437   437 D NVRAM   : [NVRAM]: info NVRAM Init Completed!
03-06 20:44:59.544   437   437 D NVRAM   : NVM_GetCfgFileTable : file_lid = 22
03-06 20:44:59.544   437   437 D NVRAM   : NVM_GetCfgFileTable done
03-06 20:44:59.544   437   437 D NVRAM   : Open /data/nvram/media/CAMERA_VERSION,LID:22
03-06 20:44:59.545   437   437 D NVRAM   : NVM_CmpFileVerNo 22  
03-06 20:44:59.545   437   437 D NVRAM   : NVM_GetCfgFileTable : file_lid = 22
03-06 20:44:59.545   437   437 D NVRAM   : Check if FILE_VER exists before openning it!
03-06 20:44:59.545   437   437 D NVRAM   : NVM_CheckVerFile: 1
03-06 20:44:59.545   437   437 D NVRAM   : New version info file
03-06 20:44:59.545   437   437 D NVRAM   : Load File Version: 000, NvRam File Version: 000
03-06 20:44:59.545   437   437 D NVRAM   : no need to enc/dnc
03-06 20:44:59.545   437   437 D NVRAM   : NVM_CheckFileSize : 22 ++
03-06 20:44:59.546   437   437 D NVRAM   : iCustomBeginLID = 49
03-06 20:44:59.546   437   437 D NVRAM   : NVM_CheckVerFile: 1
03-06 20:44:59.546   437   437 D NVRAM   : NVM_GetCfgFileTable : file_lid = 22
03-06 20:44:59.546   437   437 D NVRAM   : NVM_CheckFileSize:stat_size:82,size in table:80
03-06 20:44:59.546   437   437 D NVRAM   : NVM_ProtectUserData
03-06 20:44:59.546   437   437 D NVRAM   : NVM_ProtectUserData:Check File
03-06 20:44:59.546   437   437 D NVRAM   : NVM_CheckFile: File is correct!
03-06 20:44:59.546   437   437 D NVRAM   : NVM_ProtectUserData:Check Success
03-06 20:44:59.546   437   437 D NVRAM   : NVM_GetFileDesc ProtectDataFile Check Success!!
03-06 20:44:59.546   437   437 D NVRAM   : NVM_GetFileDesc --
03-06 20:44:59.548   437   437 D NVRAM   : no need to enc/dnc
03-06 20:44:59.548   437   437 D NVRAM   : NVM_CloseFileDesc: Open by Readonly, no need to check when close
03-06 20:44:59.548   437   437 D NvramDrv: NvramDrv [readNvramData]- 0 0 0 0 0 0 0 0 0 0
03-06 20:44:59.548   437   437 D nvbuf_util.cpp: nvbuf_util.cpp readRamVersion nvRamId=0 ver : isp=0,3a=0,sh=0,lens=1,pl=0,stb=0,tsf=0,geo=0,feature=0
03-06 20:44:59.548   437   437 D nvbuf_util.cpp: nvbuf_util.cpp readRamVersion ln=707 ver=0 err=0
03-06 20:44:59.548   437   437 D nvbuf_util.cpp: nvbuf_util.cpp ln=400 1
03-06 20:44:59.548   437   437 D nvbuf_util.cpp: nvbuf_util.cpp ln=418 600
03-06 20:44:59.548   437   437 D NvramDrv: NvramDrv [readNvrameEx] sensor type = 1; NVRAM data type = 0
03-06 20:44:59.548   437   437 D NvramDrv: NvramDrv checkDataVersionNew
03-06 20:44:59.548   437   437 D NvramDrv: NvramDrv checkDataVersionNew v=0 vTar=1
03-06 20:44:59.548   437   437 D NvramDrv: NvramDrv [readDefaultData] sensor ID = 600; NVRAM data type = 0
03-06 20:44:59.550   437   437 D nvbuf_util.cpp: nvbuf_util.cpp getBufAndRead- ln=778
03-06 20:44:59.550   437   437 D dngInfo : [DngInfoImp] S0(0.000004,0.000336) O0(0.000000,-0.000234) S1(0.000004,0.000336) O1(0.000000,-0.000234) S2(0.000004,0.000336) O2(0.000000,-0.000234) S3(0.000004,0.000336) O3(0.000000,-0.000234)
03-06 20:44:59.550   437   437 D dngInfo : [convertColorTransform] Support two color trasform for DNG, NVRAM CCM idx1(0), idx2(3)
03-06 20:44:59.550   437   437 E dngInfo : [convertColorTransform()] Err:   286:, CCM1 row sum check fail, it will lead to dng validate fail! RowSum1(512, 524, 512), CCM1: [1056, -548, 4][-80, 800, -196][36, -330, 806]
03-06 20:44:59.550   437   437 D dngInfo : CCM1: [2.062500, -1.070312, 0.007812][-0.156250, 1.562500, -0.382812][0.070312, -0.644531, 1.574219]
03-06 20:44:59.550   437   437 D dngInfo : CM1: [0.578773, -0.034457, -0.063771][-0.552643, 1.291644, 0.198427][-0.185883, 0.301399, 0.568256]
03-06 20:44:59.550   437   437 D dngInfo : FM1: [0.849298, 0.042708, 0.081239][0.351165, 0.842904, -0.177267][0.063778, -0.323493, 1.087201]
03-06 20:44:59.550   437   437 D dngInfo : CCM2: [1.808594, -0.542969, -0.265625][-0.394531, 1.687500, -0.292969][-0.125000, -1.320312, 2.445312]
03-06 20:44:59.550   437   437 D dngInfo : CM2: [1.430971, -0.370282, -0.156694][-0.161691, 1.089682, 0.058779][0.009505, 0.185064, 0.174497]
03-06 20:44:59.550   437   437 D dngInfo : FM2: [0.618877, 0.224111, 0.121232][0.112012, 1.008886, -0.120898][-0.102385, -0.786633, 1.714227]
03-06 20:44:59.550   437   437 D dngInfo : [DngInfoImp] Correctly converted color transform
03-06 20:44:59.550   437   437 D MtkCam/MetadataProvider.constructStatic: [constructStaticMetadata] Allocating 10 entries from Dng Info
03-06 20:44:59.550   437   437 D MtkCam/MetadataProvider.constructStatic: [constructStaticMetadata] Allocating 17 entries from customization + sensor HAL + Dng Info
03-06 20:44:59.551   437   437 D MtkCam/MetadataConvert: get_data_count: Tag 0xf0012 not found in Android Metadata
03-06 20:44:59.551   437   437 D MtkCam/MetadataConvert: get_data_count: Tag 0x1a0000 not found in Android Metadata
03-06 20:44:59.551   437   437 D MtkCam/MetadataConvert: [get_data_count] Allocating 15 entries, 448 extra bytes from HAL modules
03-06 20:44:59.551   437   437 D MtkCam/MetadataConvert: [convert] Allocating 15 entries, 448 extra bytes from HAL modules
03-06 20:44:59.551   437   437 D MtkCam/MetadataConvert: convert: Tag 0xf0012 not found in Android Metadata
03-06 20:44:59.551   437   437 D MtkCam/MetadataConvert: convert: Tag 0x1a0000 not found in Android Metadata
03-06 20:44:59.551   437   437 D MtkCam/Metadata: [add] [0] deviceId:0 -> 0xf659cb30
03-06 20:44:59.551   437   437 D MtkCam/devicemgr: [enumDeviceLocked] [0x00] IMetadataProvider:0xf659cb30 sensor:SENSOR_DRVNAME_IMX258_MIPI_RAW
03-06 20:44:59.551   437   437 D MtkCam/MetadataProvider.Custom: [showCustInfo] MY_CUST_VERSION="2016 11 12  18:47:08 CST rev:0.3.0"
03-06 20:44:59.552   437   437 D MtkCam/MetadataProvider.constructStatic: [constructStaticMetadata] construct static metadata
03-06 20:44:59.553   437   437 W MtkCam/MetadataProvider.constructStatic: [impConstructStaticMetadata_by_SymbolName] constructCustStaticMetadata_DEVICE_LENS_SENSOR_DRVNAME_OV8856_MIPI_RAW not found
03-06 20:44:59.553   437   437 W MtkCam/MetadataProvider.constructStatic: [impConstructStaticMetadata_by_SymbolName] constructCustStaticMetadata_DEVICE_LENS_COMMON not found
03-06 20:44:59.553   437   437 W MtkCam/MetadataProvider.constructStatic: [impConstructStaticMetadata_by_SymbolName] constructCustStaticMetadata_DEVICE_SENSOR_SENSOR_DRVNAME_OV8856_MIPI_RAW not found
03-06 20:44:59.554   437   437 W MtkCam/MetadataProvider.constructStatic: [impConstructStaticMetadata_by_SymbolName] constructCustStaticMetadata_DEVICE_SENSOR_COMMON not found
03-06 20:44:59.554   437   437 W MtkCam/MetadataProvider.constructStatic: [impConstructStaticMetadata_by_SymbolName] constructCustStaticMetadata_DEVICE_TUNING_3A_SENSOR_DRVNAME_OV8856_MIPI_RAW not found
03-06 20:44:59.554   437   437 W MtkCam/MetadataProvider.constructStatic: [impConstructStaticMetadata_by_SymbolName] constructCustStaticMetadata_DEVICE_TUNING_3A_COMMON not found
03-06 20:44:59.554   437   437 W MtkCam/MetadataProvider.constructStatic: [impConstructStaticMetadata_by_SymbolName] constructCustStaticMetadata_DEVICE_FLASHLIGHT_SENSOR_DRVNAME_OV8856_MIPI_RAW not found
03-06 20:44:59.554   437   437 W MtkCam/MetadataProvider.constructStatic: [impConstructStaticMetadata_by_SymbolName] constructCustStaticMetadata_DEVICE_FLASHLIGHT_COMMON not found
03-06 20:44:59.555   437   437 W MtkCam/MetadataProvider.constructStatic: [impConstructStaticMetadata_by_SymbolName] constructCustStaticMetadata_DEVICE_SCALER_SENSOR_DRVNAME_OV8856_MIPI_RAW not found
03-06 20:44:59.555   437   437 W MtkCam/MetadataProvider.constructStatic: [impConstructStaticMetadata_by_SymbolName] constructCustStaticMetadata_DEVICE_SCALER_COMMON not found
03-06 20:44:59.555   437   437 W MtkCam/MetadataProvider.constructStatic: [impConstructStaticMetadata_by_SymbolName] constructCustStaticMetadata_DEVICE_FEATURE_SENSOR_DRVNAME_OV8856_MIPI_RAW not found
03-06 20:44:59.555   437   437 W MtkCam/MetadataProvider.constructStatic: [impConstructStaticMetadata_by_SymbolName] constructCustStaticMetadata_DEVICE_FEATURE_COMMON not found
03-06 20:44:59.555   437   437 W MtkCam/MetadataProvider.constructStatic: [impConstructStaticMetadata_by_SymbolName] constructCustStaticMetadata_DEVICE_CAMERA_SENSOR_DRVNAME_OV8856_MIPI_RAW not found
03-06 20:44:59.556   437   437 W MtkCam/MetadataProvider.constructStatic: [impConstructStaticMetadata_by_SymbolName] constructCustStaticMetadata_DEVICE_REQUEST_SENSOR_DRVNAME_OV8856_MIPI_RAW not found
03-06 20:44:59.556   437   437 W MtkCam/MetadataProvider.constructStatic: [impConstructStaticMetadata_by_SymbolName] constructCustStaticMetadata_DEVICE_REQUEST_COMMON not found
03-06 20:44:59.556   437   437 W MtkCam/MetadataProvider.constructStatic: [impConstructStaticMetadata_by_SymbolName] constructCustStaticMetadata_PROJECT_LENS_SENSOR_DRVNAME_OV8856_MIPI_RAW not found
03-06 20:44:59.556   437   437 W MtkCam/MetadataProvider.constructStatic: [impConstructStaticMetadata_by_SymbolName] constructCustStaticMetadata_PROJECT_LENS_COMMON not found
03-06 20:44:59.556   437   437 W MtkCam/MetadataProvider.constructStatic: [impConstructStaticMetadata_by_SymbolName] constructCustStaticMetadata_PROJECT_SENSOR_SENSOR_DRVNAME_OV8856_MIPI_RAW not found
03-06 20:44:59.557   437   437 W MtkCam/MetadataProvider.constructStatic: [impConstructStaticMetadata_by_SymbolName] constructCustStaticMetadata_PROJECT_SENSOR_COMMON not found
03-06 20:44:59.557   437   437 W MtkCam/MetadataProvider.constructStatic: [impConstructStaticMetadata_by_SymbolName] constructCustStaticMetadata_PROJECT_TUNING_3A_SENSOR_DRVNAME_OV8856_MIPI_RAW not found
03-06 20:44:59.557   437   437 W MtkCam/MetadataProvider.constructStatic: [impConstructStaticMetadata_by_SymbolName] constructCustStaticMetadata_PROJECT_TUNING_3A_COMMON not found
03-06 20:44:59.557   437   437 W MtkCam/MetadataProvider.constructStatic: [impConstructStaticMetadata_by_SymbolName] constructCustStaticMetadata_PROJECT_FLASHLIGHT_SENSOR_DRVNAME_OV8856_MIPI_RAW not found
03-06 20:44:59.557   437   437 W MtkCam/MetadataProvider.constructStatic: [impConstructStaticMetadata_by_SymbolName] constructCustStaticMetadata_PROJECT_FLASHLIGHT_COMMON not found
03-06 20:44:59.558   437   437 W MtkCam/MetadataProvider.constructStatic: [impConstructStaticMetadata_by_SymbolName] constructCustStaticMetadata_PROJECT_SCALER_SENSOR_DRVNAME_OV8856_MIPI_RAW not found
03-06 20:44:59.558   437   437 W MtkCam/MetadataProvider.constructStatic: [impConstructStaticMetadata_by_SymbolName] constructCustStaticMetadata_PROJECT_SCALER_COMMON not found
03-06 20:44:59.558   437   437 W MtkCam/MetadataProvider.constructStatic: [impConstructStaticMetadata_by_SymbolName] constructCustStaticMetadata_PROJECT_FEATURE_SENSOR_DRVNAME_OV8856_MIPI_RAW not found
03-06 20:44:59.558   437   437 W MtkCam/MetadataProvider.constructStatic: [impConstructStaticMetadata_by_SymbolName] constructCustStaticMetadata_PROJECT_FEATURE_COMMON not found
03-06 20:44:59.559   437   437 W MtkCam/MetadataProvider.constructStatic: [impConstructStaticMetadata_by_SymbolName] constructCustStaticMetadata_PROJECT_CAMERA_SENSOR_DRVNAME_OV8856_MIPI_RAW not found
03-06 20:44:59.559   437   437 W MtkCam/MetadataProvider.constructStatic: [impConstructStaticMetadata_by_SymbolName] constructCustStaticMetadata_PROJECT_CAMERA_COMMON not found
03-06 20:44:59.559   437   437 W MtkCam/MetadataProvider.constructStatic: [impConstructStaticMetadata_by_SymbolName] constructCustStaticMetadata_PROJECT_REQUEST_SENSOR_DRVNAME_OV8856_MIPI_RAW not found
03-06 20:44:59.559   437   437 W MtkCam/MetadataProvider.constructStatic: [impConstructStaticMetadata_by_SymbolName] constructCustStaticMetadata_PROJECT_REQUEST_COMMON not found
03-06 20:44:59.559   437   437 D MtkCam/MetadataProvider.constructStatic: [constructStaticMetadata] Allocating 6 entries from customization
03-06 20:44:59.559   437   437 D MtkCam/MetadataProvider.constructStatic: [constructStaticMetadata] Allocating 0 entries from sensor HAL
03-06 20:44:59.559   437   437 D nvbuf_util.cpp: nvbuf_util.cpp getBufAndReadNoLock+ ln=685 ramId=0 sensorDev=2
03-06 20:44:59.559   437   437 D nvbuf_util.cpp: nvbuf_util.cpp readRamVersion nvRamId=0 ver : isp=0,3a=0,sh=0,lens=0,pl=0,stb=0,tsf=0,geo=0,feature=0
03-06 20:44:59.559   437   437 D nvbuf_util.cpp: nvbuf_util.cpp readRamVersion ln=707 ver=0 err=0
03-06 20:44:59.559   437   437 D nvbuf_util.cpp: nvbuf_util.cpp ln=405 2
03-06 20:44:59.559   437   437 D nvbuf_util.cpp: nvbuf_util.cpp ln=418 34906
03-06 20:44:59.559   437   437 D NvramDrv: NvramDrv [readNvrameEx] sensor type = 2; NVRAM data type = 0
03-06 20:44:59.559   437   437 D NvramDrv: NvramDrv checkDataVersionNew
03-06 20:44:59.559   437   437 D NvramDrv: NvramDrv checkDataVersionNew v=0 vTar=1
03-06 20:44:59.559   437   437 D NvramDrv: NvramDrv [readDefaultData] sensor ID = 34906; NVRAM data type = 0
03-06 20:44:59.561   437   437 D nvbuf_util.cpp: nvbuf_util.cpp getBufAndRead- ln=778
03-06 20:44:59.561   437   437 D dngInfo : [DngInfoImp] S0(0.000004,0.000336) O0(0.000000,-0.000234) S1(0.000004,0.000336) O1(0.000000,-0.000234) S2(0.000004,0.000336) O2(0.000000,-0.000234) S3(0.000004,0.000336) O3(0.000000,-0.000234)
03-06 20:44:59.561   437   437 D dngInfo : [convertColorTransform] Support two color trasform for DNG, NVRAM CCM idx1(0), idx2(3)
03-06 20:44:59.561   437   437 D dngInfo : CCM1: [2.142578, -0.880859, -0.261719][-0.162109, 1.857422, -0.695312][-0.035156, -0.451172, 1.486328]
03-06 20:44:59.561   437   437 D dngInfo : CM1: [0.592040, -0.117194, 0.000076][-0.428826, 1.052993, 0.325665][-0.042648, 0.122535, 0.563589]
03-06 20:44:59.561   437   437 D dngInfo : FM1: [0.866871, 0.266554, -0.169205][0.358389, 1.108202, -0.466592][-0.010998, -0.154123, 0.990332]
03-06 20:44:59.562   437   437 D dngInfo : CCM2: [2.007812, -0.865234, -0.142578][-0.548828, 1.964844, -0.416016][-0.212891, -0.769531, 1.982422]
03-06 20:44:59.562   437   437 D dngInfo : CM2: [1.310947, -0.293053, -0.137024][0.005776, 0.896553, 0.089965][0.076618, 0.076800, 0.205067]
03-06 20:44:59.562   437   437 D dngInfo : FM2: [0.633761, 0.269181, 0.061278][0.040399, 1.169389, -0.209789][-0.177361, -0.370838, 1.373409]
03-06 20:44:59.562   437   437 D dngInfo : [DngInfoImp] Correctly converted color transform
03-06 20:44:59.562   437   437 D MtkCam/MetadataProvider.constructStatic: [constructStaticMetadata] Allocating 10 entries from Dng Info
03-06 20:44:59.562   437   437 D MtkCam/MetadataProvider.constructStatic: [constructStaticMetadata] Allocating 16 entries from customization + sensor HAL + Dng Info
03-06 20:44:59.562   437   437 D MtkCam/MetadataConvert: get_data_count: Tag 0xf0012 not found in Android Metadata
03-06 20:44:59.562   437   437 D MtkCam/MetadataConvert: get_data_count: Tag 0x1a0000 not found in Android Metadata
03-06 20:44:59.562   437   437 D MtkCam/MetadataConvert: [get_data_count] Allocating 14 entries, 448 extra bytes from HAL modules
03-06 20:44:59.562   437   437 D MtkCam/MetadataConvert: [convert] Allocating 14 entries, 448 extra bytes from HAL modules
03-06 20:44:59.562   437   437 D MtkCam/MetadataConvert: convert: Tag 0xf0012 not found in Android Metadata
03-06 20:44:59.562   437   437 D MtkCam/MetadataConvert: convert: Tag 0x1a0000 not found in Android Metadata
03-06 20:44:59.563   437   437 D MtkCam/Metadata: [add] [1] deviceId:1 -> 0xf659d760
03-06 20:44:59.563   437   437 D MtkCam/devicemgr: [enumDeviceLocked] [0x01] IMetadataProvider:0xf659d760 sensor:SENSOR_DRVNAME_OV8856_MIPI_RAW
03-06 20:44:59.563   437   437 D MtkCam/Utils/Property: [set] pid/tid=437/437 (MTK_SENSOR_DEV_MAIN)=(0)
03-06 20:44:59.563   437   437 D MtkCam/Utils/Property: [set] pid/tid=437/437 (MTK_SENSOR_DEV_SUB)=(1)
03-06 20:44:59.563   437   437 D MtkCam/devicemgr: [enumDeviceLocked] i4DeviceNum=2 iSensorsList=0x00000003
03-06 20:44:59.563   437   437 I MtkCam/devicemgr: [enumDeviceLocked] [0x00] DeviceVersion:0x100 metadata:0xf65c0600 facing:0 orientation(wanted/setup)=(90/90)
03-06 20:44:59.563   437   437 I MtkCam/devicemgr: [enumDeviceLocked] [0x01] DeviceVersion:0x100 metadata:0xf65c0900 facing:1 orientation(wanted/setup)=(270/270)
03-06 20:44:59.563   437   437 I MtkCam/devicemgr: [enumDeviceLocked] [0xff] DeviceVersion:0x100 metadata:0x000000 facing:0 orientation(wanted/setup)=(0/0)
03-06 20:44:59.563   437   437 I MtkCam/Utils/Profile: {CamProfile}[CamDeviceManagerBase::getNumberOfDevices] : (0-th) ===> [start-->now: 2101 ms]
03-06 20:44:59.563   437   437 I CameraService: Loaded "MediaTek Camera Module" camera module
03-06 20:44:59.563   437   437 D MtkCam/devicemgr: [getNumberOfDevices] #devices:2
03-06 20:44:59.563   437   437 D MtkCam/devicemgr: [getVendorTagOps] ops:0xff924f88
03-06 20:44:59.563   437   437 D MtkCam/devicemgr: [getNumberOfDevices] #devices:2
03-06 20:44:59.563   437   437 D MtkCam/devicemgr: [getDeviceInfo] deviceId:0 device_version:0x100 facing:0 orientation:90
03-06 20:44:59.563   437   437 D MtkCam/devicemgr: [getDeviceInfo] deviceId:1 device_version:0x100 facing:1 orientation:270
03-06 20:44:59.563   437   437 D MtkCam/devicemgr: [getDeviceInfo] deviceId:0 device_version:0x100 facing:0 orientation:90
03-06 20:44:59.563   437   437 D MtkCam/devicemgr: [getDeviceInfo] deviceId:1 device_version:0x100 facing:1 orientation:270
03-06 20:44:59.564   437   437 I ServiceManager: Waiting for service media.camera.proxy...
03-06 20:44:59.591   431   431 D MsensorDaemon: do not USE_LIBC_SYSTEM_PROPERTIES
03-06 20:44:59.592   431   431 E MsensorDaemon: [74] ''
03-06 20:44:59.604   428   523 D agps    : [agps] WARNING: [CP] cp2_fd_1_req_sim_num_timeout
03-06 20:44:59.604   428   496 D agps    : [agps][n][CP] [MD_1] write  sim_info_req
03-06 20:44:59.607   428   496 D agps    : [agps][n][CP] [MD_1] read  sim_info_rsp  sim_number=2 md_type=0 (0=fdd, 1=tdd) ecid=1 otdoa=1 band_num=0
03-06 20:44:59.607   428   496 E agps    : [agps] ERR: [CP] band_num is not ready  retry=0
03-06 20:44:59.623   428   532 D agps    : [agps] WARNING: [AGPS] agps2_gnss_ack_timeout
03-06 20:44:59.623   428   532 D agps    : [agps][n][AGPS] [MNL] write  agps_settings_sync  sib8_16=[1], gps=[1] glonass=[1] beidou=[1] galileo=[1]
03-06 20:44:59.623   430   430 D MNLD    : process: epoll_wait() received 1 events
03-06 20:44:59.623   430   430 D MNLD    : process: mnl2agps_handler: ret = 0
03-06 20:44:59.623   430   430 E agps    : ERR: [MNL2AGPS] agps2mnl unknown type=252
03-06 20:44:59.623   430   430 E MNLD    : main: process data error: 13 (Permission denied)
03-06 20:44:59.632   435   435 I Zygote  : Preloading classes...
03-06 20:44:59.634   435   435 W Zygote  : Class not found for preloading: [Landroid.view.Display$ColorTransform;
03-06 20:44:59.660   434   434 I art     : Thread[1,tid=434,Native,Thread*=0x7f7a459a00,peer=0x12c070d0,"main"] recursive attempt to load library "/system/lib64/libmedia_jni.so"
03-06 20:44:59.662   434   434 D MtpDeviceJNI: register_android_mtp_MtpDevice
03-06 20:44:59.663   434   434 I art     : Thread[1,tid=434,Native,Thread*=0x7f7a459a00,peer=0x12c070d0,"main"] recursive attempt to load library "/system/lib64/libmedia_jni.so"
03-06 20:44:59.663   434   434 I art     : Thread[1,tid=434,Native,Thread*=0x7f7a459a00,peer=0x12c070d0,"main"] recursive attempt to load library "/system/lib64/libmedia_jni.so"
03-06 20:44:59.692   431   431 D MsensorDaemon: do not USE_LIBC_SYSTEM_PROPERTIES
03-06 20:44:59.692   431   431 E MsensorDaemon: [73] ''
03-06 20:44:59.758   434   434 E FFMPEGSoftCodec: Failed to load FFMPEG plugin: (null)
03-06 20:44:59.792   431   431 D MsensorDaemon: do not USE_LIBC_SYSTEM_PROPERTIES
03-06 20:44:59.792   431   431 E MsensorDaemon: [72] ''
03-06 20:44:59.817   435   435 E Typeface: Error mapping font file /system/fonts/DroidSansFallback.ttf
03-06 20:44:59.892   431   431 D MsensorDaemon: do not USE_LIBC_SYSTEM_PROPERTIES
03-06 20:44:59.892   431   431 E MsensorDaemon: [71] ''
03-06 20:44:59.956   434   434 D TelephonyManager: No /proc/cmdline exception=java.io.FileNotFoundException: /proc/cmdline (Permission denied)
03-06 20:44:59.956   434   434 D TelephonyManager: /proc/cmdline=
03-06 20:44:59.963   434   434 W Zygote  : Class not found for preloading: android.view.Display$ColorTransform
03-06 20:44:59.963   434   434 W Zygote  : Class not found for preloading: android.view.Display$ColorTransform$1
03-06 20:44:59.992   431   431 D MsensorDaemon: do not USE_LIBC_SYSTEM_PROPERTIES
03-06 20:44:59.993   431   431 E MsensorDaemon: [70] ''
03-06 20:45:00.069   434   434 W System  : ClassLoader referenced unknown path: /system/framework/tcmclient.jar
03-06 20:45:00.093   431   431 D MsensorDaemon: do not USE_LIBC_SYSTEM_PROPERTIES
03-06 20:45:00.093   431   431 E MsensorDaemon: [69] ''
03-06 20:45:00.101   435   435 I art     : Thread[1,tid=435,Native,Thread*=0xf4105400,peer=0x12c070d0,"main"] recursive attempt to load library "/system/lib/libmedia_jni.so"
03-06 20:45:00.103   435   435 D MtpDeviceJNI: register_android_mtp_MtpDevice
03-06 20:45:00.103   435   435 I art     : Thread[1,tid=435,Native,Thread*=0xf4105400,peer=0x12c070d0,"main"] recursive attempt to load library "/system/lib/libmedia_jni.so"
03-06 20:45:00.104   435   435 I art     : Thread[1,tid=435,Native,Thread*=0xf4105400,peer=0x12c070d0,"main"] recursive attempt to load library "/system/lib/libmedia_jni.so"
03-06 20:45:00.179   435   435 E FFMPEGSoftCodec: Failed to load FFMPEG plugin: (null)
03-06 20:45:00.193   431   431 D MsensorDaemon: do not USE_LIBC_SYSTEM_PROPERTIES
03-06 20:45:00.193   431   431 E MsensorDaemon: [68] ''
03-06 20:45:00.194   434   434 I System  : Loaded time zone names for "" in 54ms (52ms in ICU)
03-06 20:45:00.214   434   434 I System  : Loaded time zone names for "en_US" in 20ms (17ms in ICU)
03-06 20:45:00.241   434   434 I System  : Loaded time zone names for "ru_RU" in 26ms (23ms in ICU)
03-06 20:45:00.282   435   435 D TelephonyManager: No /proc/cmdline exception=java.io.FileNotFoundException: /proc/cmdline (Permission denied)
03-06 20:45:00.282   435   435 D TelephonyManager: /proc/cmdline=
03-06 20:45:00.288   435   435 W Zygote  : Class not found for preloading: android.view.Display$ColorTransform
03-06 20:45:00.288   435   435 W Zygote  : Class not found for preloading: android.view.Display$ColorTransform$1
03-06 20:45:00.293   431   431 D MsensorDaemon: do not USE_LIBC_SYSTEM_PROPERTIES
03-06 20:45:00.293   431   431 E MsensorDaemon: [67] ''
03-06 20:45:00.309   434   434 I Zygote  : ...preloaded 4158 classes in 1467ms.
03-06 20:45:00.309   434   434 I art     : VMRuntime.preloadDexCaches starting
03-06 20:45:00.382   435   435 W System  : ClassLoader referenced unknown path: /system/framework/tcmclient.jar
03-06 20:45:00.394   431   431 D MsensorDaemon: do not USE_LIBC_SYSTEM_PROPERTIES
03-06 20:45:00.394   431   431 E MsensorDaemon: [66] ''
03-06 20:45:00.455   434   434 I art     : VMRuntime.preloadDexCaches strings total=287703 before=37094 after=37094
03-06 20:45:00.455   434   434 I art     : VMRuntime.preloadDexCaches types total=23735 before=7905 after=7935
03-06 20:45:00.455   434   434 I art     : VMRuntime.preloadDexCaches fields total=113651 before=41329 after=41557
03-06 20:45:00.455   434   434 I art     : VMRuntime.preloadDexCaches methods total=199306 before=82774 after=83363
03-06 20:45:00.455   434   434 I art     : VMRuntime.preloadDexCaches finished
03-06 20:45:00.455   434   434 I Zygote  : Preloading resources...
03-06 20:45:00.459    71    71 F         : (6)[71:dlpt_notify_thr][PBM] [ma_to_mw] 4347(mV) * 5500(mA) = 23908(mW)
03-06 20:45:00.459    71    71 E         : (6)[71:dlpt_notify_thr][DLPT_final] 5500,0,100,100,1,5500
03-06 20:45:00.490   435   435 I System  : Loaded time zone names for "" in 47ms (43ms in ICU)
03-06 20:45:00.494   431   431 D MsensorDaemon: do not USE_LIBC_SYSTEM_PROPERTIES
03-06 20:45:00.494   431   431 E MsensorDaemon: [65] ''
03-06 20:45:00.513   435   435 I System  : Loaded time zone names for "en_US" in 23ms (21ms in ICU)
03-06 20:45:00.529   434   434 W Resources: Preloaded drawable resource #0x108025c (android:drawable/dialog_background_material) that varies with configuration!!
03-06 20:45:00.531   434   434 W Resources: Preloaded drawable resource #0x1080298 (android:drawable/editbox_dropdown_background_dark) that varies with configuration!!
03-06 20:45:00.539   434   434 W Resources: Preloaded color resource #0x10600e2 (android:color/material_grey_800) that varies with configuration!!
03-06 20:45:00.539   434   434 W Resources: Preloaded drawable resource #0x10802c9 (android:drawable/floating_popup_background_dark) that varies with configuration!!
03-06 20:45:00.543   435   435 I System  : Loaded time zone names for "ru_RU" in 29ms (26ms in ICU)
03-06 20:45:00.564   437   437 I ServiceManager: Waiting for service media.camera.proxy...
03-06 20:45:00.572   434   434 W Resources: Preloaded drawable resource #0x108030b (android:drawable/ic_clear_disabled) that varies with configuration!!
03-06 20:45:00.573   434   434 W Resources: Preloaded drawable resource #0x1080310 (android:drawable/ic_clear_normal) that varies with configuration!!
03-06 20:45:00.582   434   434 W Resources: Preloaded drawable resource #0x1080359 (android:drawable/ic_go) that varies with configuration!!
03-06 20:45:00.586   435   435 I Zygote  : ...preloaded 4158 classes in 954ms.
03-06 20:45:00.586   435   435 I art     : VMRuntime.preloadDexCaches starting
03-06 20:45:00.594   431   431 D MsensorDaemon: do not USE_LIBC_SYSTEM_PROPERTIES
03-06 20:45:00.594   431   431 E MsensorDaemon: [64] ''
03-06 20:45:00.595   434   434 W Resources: Preloaded drawable resource #0x1080038 (android:drawable/ic_menu_close_clear_cancel) that varies with configuration!!
03-06 20:45:00.603   434   434 W Resources: Preloaded drawable resource #0x1080045 (android:drawable/ic_menu_more) that varies with configuration!!
03-06 20:45:00.628   434   434 W Resources: Preloaded drawable resource #0x10804eb (android:drawable/menu_background_fill_parent_width) that varies with configuration!!
03-06 20:45:00.695   431   431 D MsensorDaemon: do not USE_LIBC_SYSTEM_PROPERTIES
03-06 20:45:00.695   431   431 E MsensorDaemon: [63] ''
03-06 20:45:00.708   434   434 W Resources: Preloaded drawable resource #0x1080784 (android:drawable/text_edit_paste_window) that varies with configuration!!
03-06 20:45:00.714   435   435 I art     : VMRuntime.preloadDexCaches strings total=287703 before=37094 after=37094
03-06 20:45:00.714   435   435 I art     : VMRuntime.preloadDexCaches types total=23735 before=7905 after=7935
03-06 20:45:00.714   435   435 I art     : VMRuntime.preloadDexCaches fields total=113651 before=41329 after=41557
03-06 20:45:00.714   435   435 I art     : VMRuntime.preloadDexCaches methods total=199306 before=82774 after=83363
03-06 20:45:00.714   435   435 I art     : VMRuntime.preloadDexCaches finished
03-06 20:45:00.714   435   435 I Zygote  : Preloading resources...
03-06 20:45:00.715   434   434 W Resources: Preloaded drawable resource #0x1080096 (android:drawable/toast_frame) that varies with configuration!!
03-06 20:45:00.715   434   434 I Zygote  : ...preloaded 114 resources in 260ms.
03-06 20:45:00.723   434   434 W Resources: Preloaded color resource #0x106010b (android:color/background_cache_hint_selector_material_dark) that varies with configuration!!
03-06 20:45:00.724   434   434 W Resources: Preloaded color resource #0x1060110 (android:color/btn_default_material_dark) that varies with configuration!!
03-06 20:45:00.725   434   434 I Zygote  : ...preloaded 41 resources in 10ms.
03-06 20:45:00.762   434   434 D MALI    : osup_constructor:144: osup_constructor
03-06 20:45:00.764   435   435 W Resources: Preloaded drawable resource #0x108025c (android:drawable/dialog_background_material) that varies with configuration!!
03-06 20:45:00.764   434   434 D libEGL  : loaded /system/lib64/egl/libGLES_mali.so
03-06 20:45:00.765   435   435 W Resources: Preloaded drawable resource #0x1080298 (android:drawable/editbox_dropdown_background_dark) that varies with configuration!!
03-06 20:45:00.771   435   435 W Resources: Preloaded color resource #0x10600e2 (android:color/material_grey_800) that varies with configuration!!
03-06 20:45:00.771   435   435 W Resources: Preloaded drawable resource #0x10802c9 (android:drawable/floating_popup_background_dark) that varies with configuration!!
03-06 20:45:00.795   431   431 D MsensorDaemon: do not USE_LIBC_SYSTEM_PROPERTIES
03-06 20:45:00.795   431   431 E MsensorDaemon: [62] ''
03-06 20:45:00.801   435   435 W Resources: Preloaded drawable resource #0x108030b (android:drawable/ic_clear_disabled) that varies with configuration!!
03-06 20:45:00.802   435   435 W Resources: Preloaded drawable resource #0x1080310 (android:drawable/ic_clear_normal) that varies with configuration!!
03-06 20:45:00.802   167   167 E         : (4)[167:hang_detect][Hang_Detect] hang_detect disabled.
03-06 20:45:00.804   434   434 I Zygote  : Preloading shared libraries...
03-06 20:45:00.807   435   435 W Resources: Preloaded drawable resource #0x1080359 (android:drawable/ic_go) that varies with configuration!!
03-06 20:45:00.816   435   435 W Resources: Preloaded drawable resource #0x1080038 (android:drawable/ic_menu_close_clear_cancel) that varies with configuration!!
03-06 20:45:00.820   435   435 W Resources: Preloaded drawable resource #0x1080045 (android:drawable/ic_menu_more) that varies with configuration!!
03-06 20:45:00.834   434   434 I Zygote  : Uninstalled ICU cache reference pinning...
03-06 20:45:00.835   435   435 W Resources: Preloaded drawable resource #0x10804eb (android:drawable/menu_background_fill_parent_width) that varies with configuration!!
03-06 20:45:00.842   434   434 I Zygote  : Installed AndroidKeyStoreProvider in 8ms.
03-06 20:45:00.855   434   434 I Zygote  : Warmed up JCA providers in 13ms.
03-06 20:45:00.855   434   434 D Zygote  : end preload
03-06 20:45:00.855   434   434 I boot_progress_preload_end: 30699
03-06 20:45:00.856   434   434 I art     : Starting a blocking GC Explicit
03-06 20:45:00.869   434   434 I art     : Explicit concurrent mark sweep GC freed 7321(404KB) AllocSpace objects, 1(16KB) LOS objects, 39% free, 6MB/10MB, paused 199us total 12.815ms
03-06 20:45:00.870   434   434 I art     : Starting a blocking GC Explicit
03-06 20:45:00.881   434   434 I art     : Explicit concurrent mark sweep GC freed 1031(33KB) AllocSpace objects, 2(116KB) LOS objects, 40% free, 6MB/10MB, paused 228us total 11.223ms
03-06 20:45:00.895   431   431 D MsensorDaemon: do not USE_LIBC_SYSTEM_PROPERTIES
03-06 20:45:00.895   431   431 E MsensorDaemon: [61] ''
03-06 20:45:00.910   435   435 W Resources: Preloaded drawable resource #0x1080784 (android:drawable/text_edit_paste_window) that varies with configuration!!
03-06 20:45:00.911   308   308 E 6620_launcher: get property(persist.mtk.wcn.fwlog.status) failed ret:0
03-06 20:45:00.911   308   308 I 6620_launcher: get property(persist.mtk.wcn.dynamic.dump) failed ret:0
03-06 20:45:00.916   435   435 W Resources: Preloaded drawable resource #0x1080096 (android:drawable/toast_frame) that varies with configuration!!
03-06 20:45:00.916   435   435 I Zygote  : ...preloaded 114 resources in 201ms.
03-06 20:45:00.920   435   435 W Resources: Preloaded color resource #0x106010b (android:color/background_cache_hint_selector_material_dark) that varies with configuration!!
03-06 20:45:00.921   435   435 W Resources: Preloaded color resource #0x1060110 (android:color/btn_default_material_dark) that varies with configuration!!
03-06 20:45:00.922   435   435 I Zygote  : ...preloaded 41 resources in 6ms.
03-06 20:45:00.974   435   435 D MALI    : osup_constructor:144: osup_constructor
03-06 20:45:00.987   434   561 I art     : Starting a blocking GC HeapTrim
03-06 20:45:00.989   434   434 I art     : Starting a blocking GC Background
03-06 20:45:00.995   431   431 D MsensorDaemon: do not USE_LIBC_SYSTEM_PROPERTIES
03-06 20:45:00.995   431   431 E MsensorDaemon: [60] ''
03-06 20:45:01.007   435   435 D libEGL  : loaded /system/lib/egl/libGLES_mali.so
03-06 20:45:01.029   434   434 I Zygote  : System server process 615 has been created
03-06 20:45:01.030   434   434 I Zygote  : Accepting command socket connections
03-06 20:45:01.087   435   435 I Zygote  : Preloading shared libraries...
03-06 20:45:01.095   431   431 D MsensorDaemon: do not USE_LIBC_SYSTEM_PROPERTIES
03-06 20:45:01.096   431   431 E MsensorDaemon: [59] ''
03-06 20:45:01.121   435   435 I Zygote  : Uninstalled ICU cache reference pinning...
03-06 20:45:01.126   435   435 I Zygote  : Installed AndroidKeyStoreProvider in 5ms.
03-06 20:45:01.138   435   435 I Zygote  : Warmed up JCA providers in 12ms.
03-06 20:45:01.138   435   435 D Zygote  : end preload
03-06 20:45:01.138   435   435 I boot_progress_preload_end: 30981
03-06 20:45:01.138   435   435 I art     : Starting a blocking GC Explicit
03-06 20:45:01.151   435   435 I art     : Explicit concurrent mark sweep GC freed 7331(406KB) AllocSpace objects, 0(0B) LOS objects, 39% free, 6MB/10MB, paused 215us total 12.897ms
03-06 20:45:01.152   435   435 I art     : Starting a blocking GC Explicit
03-06 20:45:01.164   435   435 I art     : Explicit concurrent mark sweep GC freed 1050(33KB) AllocSpace objects, 2(116KB) LOS objects, 39% free, 6MB/10MB, paused 227us total 11.703ms
03-06 20:45:01.196   431   431 D MsensorDaemon: do not USE_LIBC_SYSTEM_PROPERTIES
03-06 20:45:01.196   431   431 E MsensorDaemon: [58] ''
03-06 20:45:01.213   106   106 I (5)[106:hps_main]MobiCore mcd: Cpu 7 is going to die
03-06 20:45:01.214   106   106 I (5)[106:hps_main]CPU7: shutdown
03-06 20:45:01.215   106   106 I (5)[106:hps_main]MobiCore mcd: Cpu 7 is dead
03-06 20:45:01.215   106   106 W (5)[106:hps_main][HPS] END: (0400)(0)(4) action end(177)(166)(6)(1) (0)(4)(0)(1) (730)(59)(2) (177)(59)(0) (0)(166)(59)(0)(166) (4)(0)(3)
03-06 20:45:01.255   157   157 W (5)[157:ccci_rpc_k][Power/clkbuf]clk_buf_get_swctrl_status: is_flightmode_on=0, swctrl:clkbuf3=1/1, clkbuf4=0/1
03-06 20:45:01.255   157   157 W (5)[157:ccci_rpc_k][Power/clkbuf]clk_buf_get_rf_drv_curr: rf_drv_curr_vals=2 2 2 2
03-06 20:45:01.267   435   435 I Zygote  : Accepting command socket connections
03-06 20:45:01.269     1     1 I (4)[1:init]init: Starting service 'logcatd'...
03-06 20:45:01.270     1     1 I (4)[1:init]init: Starting service 'ril-daemon'...
03-06 20:45:01.286   615   615 I Zygote  : Process: zygote socket opened, supported ABIS: armeabi-v7a,armeabi
03-06 20:45:01.288   615   615 I InstallerConnection: connecting...
03-06 20:45:01.289   439   439 I         : new connection
03-06 20:45:01.296   431   431 D MsensorDaemon: do not USE_LIBC_SYSTEM_PROPERTIES
03-06 20:45:01.296   431   431 E MsensorDaemon: [57] ''
03-06 20:45:01.305   577   577 D RILMUXD : [gsm0710muxd] 1855:poll_modem_ready(): serial device buff: 
03-06 20:45:01.305   577   577 D RILMUXD : +EIND: 64
03-06 20:45:01.305   577   577 D RILMUXD : 
03-06 20:45:01.305   577   577 D RILMUXD : +EIND: 128
03-06 20:45:01.305   577   577 D RILMUXD : [gsm0710muxd] 1858:poll_modem_ready(): Received +EIND: 128
03-06 20:45:01.307   577   577 D RILMUXD : [gsm0710muxd] 1960:chat(): Selected 1
03-06 20:45:01.307   577   577 D RILMUXD : [gsm0710muxd] 1968:chat(): serial device buff: A
03-06 20:45:01.307   577   577 D RILMUXD : [gsm0710muxd] 1960:chat(): Selected 1
03-06 20:45:01.307   577   577 D RILMUXD : [gsm0710muxd] 1968:chat(): serial device buff: AT
03-06 20:45:01.309   577   577 D RILMUXD : [gsm0710muxd] 1960:chat(): Selected 1
03-06 20:45:01.309   577   577 D RILMUXD : [gsm0710muxd] 1968:chat(): serial device buff: AT
03-06 20:45:01.309   577   577 D RILMUXD : OK
03-06 20:45:01.309   577   577 D RILMUXD : [gsm0710muxd] 1971:chat(): Received OK
03-06 20:45:01.311   577   577 D RILMUXD : [gsm0710muxd] 1960:chat(): Selected 1
03-06 20:45:01.311   577   577 D RILMUXD : [gsm0710muxd] 1968:chat(): serial device buff: A
03-06 20:45:01.311   577   577 D RILMUXD : [gsm0710muxd] 1960:chat(): Selected 1
03-06 20:45:01.311   577   577 D RILMUXD : [gsm0710muxd] 1968:chat(): serial device buff: AT
03-06 20:45:01.313   577   577 D RILMUXD : [gsm0710muxd] 1960:chat(): Selected 1
03-06 20:45:01.313   577   577 D RILMUXD : [gsm0710muxd] 1968:chat(): serial device buff: ATZ
03-06 20:45:01.313   577   577 D RILMUXD : OK
03-06 20:45:01.313   577   577 D RILMUXD : [gsm0710muxd] 1971:chat(): Received OK
03-06 20:45:01.315   577   577 D RILMUXD : [gsm0710muxd] 1960:chat(): Selected 1
03-06 20:45:01.315   577   577 D RILMUXD : [gsm0710muxd] 1968:chat(): serial device buff: A
03-06 20:45:01.315   577   577 D RILMUXD : [gsm0710muxd] 1960:chat(): Selected 1
03-06 20:45:01.315   577   577 D RILMUXD : [gsm0710muxd] 1968:chat(): serial device buff: AT
03-06 20:45:01.317   615   615 I InstallerConnection: disconnecting...
03-06 20:45:01.317   577   577 D RILMUXD : [gsm0710muxd] 1960:chat(): Selected 1
03-06 20:45:01.317   577   577 D RILMUXD : [gsm0710muxd] 1968:chat(): serial device buff: ATE0
03-06 20:45:01.317   577   577 D RILMUXD : OK
03-06 20:45:01.317   577   577 D RILMUXD : [gsm0710muxd] 1971:chat(): Received OK
03-06 20:45:01.317   577   577 D RILMUXD : [gsm0710muxd] 3203:start_muxer(): Starting mux mode
03-06 20:45:01.317   577   577 D RILMUXD : [gsm0710muxd] 2006:chatCmux(): Enter
03-06 20:45:01.317   577   577 D RILMUXD : [gsm0710muxd] 2045:chatCmux(): Wrote 18 bytes
03-06 20:45:01.318   439   439 E         : eof
03-06 20:45:01.318   439   439 E         : failed to read size
03-06 20:45:01.318   439   439 I         : closing connection
03-06 20:45:01.319   577   577 D RILMUXD : [gsm0710muxd] 2069:chatCmux(): select sel:1, checkMuxFlag:0
03-06 20:45:01.319   577   577 D RILMUXD : [gsm0710muxd] 2081:chatCmux(): Selected 1
03-06 20:45:01.319   577   577 D RILMUXD : [gsm0710muxd] 2086:chatCmux(): Read 12 bytes from serial device
03-06 20:45:01.319   577   577 D RILMUXD : [gsm0710muxd] 2089:chatCmux(): serial device buff: +CMUX: READY
03-06 20:45:01.319   577   577 D RILMUXD : [gsm0710muxd] 2101:chatCmux(): Received CMUX: READY, it is new modem, start to init control channel
03-06 20:45:01.319   577   577 D RILMUXD : [gsm0710muxd] 2069:chatCmux(): select sel:1, checkMuxFlag:1
