03-06 20:44:33.210     1     1 I (5)[1:init]init: Service 'exec 16 (/system/bin/chmod)' (pid 267) exited with status 0
03-06 20:44:33.210     1     1 I (5)[1:init]init: Starting service 'exec 17 (/system/bin/chown)'...
03-06 20:44:33.261     1     1 I (5)[1:init]init: Service 'exec 17 (/system/bin/chown)' (pid 268) exited with status 0
03-06 20:44:33.261     1     1 I (5)[1:init]init: Starting service 'exec 18 (/system/bin/chmod)'...
03-06 20:44:33.312     1     1 I (5)[1:init]init: Service 'exec 18 (/system/bin/chmod)' (pid 269) exited with status 0
03-06 20:44:33.312     1     1 I (5)[1:init]init: Starting service 'exec 19 (/system/bin/chown)'...
03-06 20:44:33.350   271   271 I auditd  : type=1400 audit(0.0:5): avc: denied { transition } for comm="init" path="/system/bin/mcDriverDaemon" dev="mmcblk0p26" ino=192481 scontext=u:r:init:s0 tcontext=u:object_r:mobicore_exec:s0 tclass=process permissive=1
03-06 20:44:33.350   271   271 I init    : type=1400 audit(0.0:5): avc: denied { transition } for path="/system/bin/mcDriverDaemon" dev="mmcblk0p26" ino=192481 scontext=u:r:init:s0 tcontext=u:object_r:mobicore_exec:s0 tclass=process permissive=1
03-06 20:44:33.350   271   271 I auditd  : type=1400 audit(0.0:6): avc: denied { entrypoint } for comm="init" path="/system/bin/mcDriverDaemon" dev="mmcblk0p26" ino=192481 scontext=u:object_r:mobicore_exec:s0 tcontext=u:object_r:system_file:s0 tclass=file permissive=1
03-06 20:44:33.350   271   271 I init    : type=1400 audit(0.0:6): avc: denied { entrypoint } for path="/system/bin/mcDriverDaemon" dev="mmcblk0p26" ino=192481 scontext=u:object_r:mobicore_exec:s0 tcontext=u:object_r:system_file:s0 tclass=file permissive=1
03-06 20:44:33.350   271   271 I auditd  : type=1400 audit(0.0:7): avc: denied { use } for comm="mcDriverDaemon" path="/dev/null" dev="tmpfs" ino=3137 scontext=u:object_r:mobicore_exec:s0 tcontext=u:r:init:s0 tclass=fd permissive=1
03-06 20:44:33.350   271   271 I mcDriverDaemon: type=1400 audit(0.0:7): avc: denied { use } for path="/dev/null" dev="tmpfs" ino=3137 scontext=u:object_r:mobicore_exec:s0 tcontext=u:r:init:s0 tclass=fd permissive=1
03-06 20:44:33.350   271   271 I auditd  : type=1400 audit(0.0:8): avc: denied { read write } for comm="mcDriverDaemon" path="/dev/null" dev="tmpfs" ino=3137 scontext=u:object_r:mobicore_exec:s0 tcontext=u:object_r:null_device:s0 tclass=chr_file permissive=1
03-06 20:44:33.350   271   271 I mcDriverDaemon: type=1400 audit(0.0:8): avc: denied { read write } for path="/dev/null" dev="tmpfs" ino=3137 scontext=u:object_r:mobicore_exec:s0 tcontext=u:object_r:null_device:s0 tclass=chr_file permissive=1
03-06 20:44:33.350   271   271 I auditd  : type=1400 audit(0.0:9): avc: denied { rlimitinh } for comm="mcDriverDaemon" scontext=u:r:init:s0 tcontext=u:object_r:mobicore_exec:s0 tclass=process permissive=1
03-06 20:44:33.350   271   271 I mcDriverDaemon: type=1400 audit(0.0:9): avc: denied { rlimitinh } for scontext=u:r:init:s0 tcontext=u:object_r:mobicore_exec:s0 tclass=process permissive=1
03-06 20:44:33.350   271   271 I auditd  : type=1400 audit(0.0:10): avc: denied { siginh } for comm="mcDriverDaemon" scontext=u:r:init:s0 tcontext=u:object_r:mobicore_exec:s0 tclass=process permissive=1
03-06 20:44:33.350   271   271 I mcDriverDaemon: type=1400 audit(0.0:10): avc: denied { siginh } for scontext=u:r:init:s0 tcontext=u:object_r:mobicore_exec:s0 tclass=process permissive=1
03-06 20:44:33.363     1     1 I (5)[1:init]init: Service 'exec 19 (/system/bin/chown)' (pid 270) exited with status 0
03-06 20:44:33.363     1     1 E (5)[1:init]BOOTPROF: 3206.701084:INIT:Mount_END
03-06 20:44:33.364     1     1 D (5)[1:init]SELinux: initialized (dev functionfs, type functionfs), uses genfs_contexts
03-06 20:44:33.364     1     1 E (5)[1:init]BOOTPROF: 3207.603699:start mobicore (on fs)
03-06 20:44:33.364     1     1 I (5)[1:init]init: Starting service 'mobicore'...
03-06 20:44:33.365     1     1 E (5)[1:init]BOOTPROF: 3208.376469:start mobicore end (on fs)
03-06 20:44:33.365     1     1 I (5)[1:init]init: write_file: Unable to open '/sys/kernel/debug/tracing/tracing_on': No such file or directory
03-06 20:44:33.366     1     1 I (5)[1:init]init: Starting service 'logd'...
03-06 20:44:33.366     0   271 I McDaemon: Socket interface version is 0.2
03-06 20:44:33.366     0   271 I McDaemon: t-base-Mediatek-Armv8-Android-302C-V009-20160503_140233_47
03-06 20:44:33.366     0   271 I McDaemon: Build timestamp is Nov 12 2016 19:10:40
03-06 20:44:33.367     0   271 I McDaemon: Checking version of <t-base
03-06 20:44:33.367     0   271 I McDaemon: Product ID is t-base-Mediatek-Armv8-Android-302C-V010-20160701_120946_48
03-06 20:44:33.367     0   271 I McDaemon: (null)
03-06 20:44:33.367     0   271 I McDaemon: (null)
03-06 20:44:33.367     0   271 I McDaemon: (null)
03-06 20:44:33.367     0   271 I McDaemon: (null)
03-06 20:44:33.370     1     1 E (5)[1:init]BOOTPROF: 3213.551776:INIT:post-fs
03-06 20:44:33.372     1     1 E (6)[1:init]init: property_set("ro.hardware", "mt6755") failed
03-06 20:44:33.372     1     1 E (6)[1:init]init: property_set("ro.sf.lcd_density", "480") failed
03-06 20:44:33.372     1     1 W (6)[1:init]__sched_setscheduler 273: mc_log dl, rt sched_priority=1
03-06 20:44:33.372     1     1 I (6)[1:init]init: (Loading properties from /system/build.prop took 0.00s.)
03-06 20:44:33.372     1     1 I (6)[1:init]init: (Loading properties from /vendor/build.prop took 0.00s.)
03-06 20:44:33.372     1     1 I (6)[1:init]init: (Loading properties from /factory/factory.prop took 0.00s.)
03-06 20:44:33.373     1     1 E (6)[1:init]fs_mgr: Warning: unknown flag resize
03-06 20:44:33.374     1     1 I (6)[1:init]init: Starting service 'debuggerd'...
03-06 20:44:33.375     1     1 I (6)[1:init]init: Starting service 'debuggerd64'...
03-06 20:44:33.376     1     1 I (6)[1:init]init: Starting service 'vold'...
03-06 20:44:33.376     1     1 I (6)[1:init]init: Not bootcharting.
03-06 20:44:33.443     0     0 W -(7)[0:swapper/7]CPU7: Booted secondary processor
03-06 20:44:33.443     0     0 I         : -(7)[0:swapper/7]Detected VIPT I-cache on CPU7
03-06 20:44:33.443     0     0 I -(7)[0:swapper/7]CPU7: update cpu_capacity 1024
03-06 20:44:33.443   106   106 W (4)[106:hps_main][HPS] END: (0040)(0)(3) action end(298)(441)(0)(4) (0)(4)(0)(1) (658)(22)(1) (260)(22)(0) (1)(441)(23)(0)(441) (4)(0)(4)
03-06 20:44:33.447     0   284 E McDaemon:   *****************************
03-06 20:44:33.447     0   284 E McDaemon:   *** ERROR: FSD: failed creating storage folder
03-06 20:44:33.447     0   284 E McDaemon:   *** Detected in run/87()
03-06 20:44:33.447     0   284 E McDaemon:   *****************************
03-06 20:44:33.449     0   278 I         : debuggerd: starting
03-06 20:44:33.450   290   290 I auditd  : type=1400 audit(0.0:65): avc: denied { search } for comm="logd.writer" name="271" dev="proc" ino=3559 scontext=u:r:logd:s0 tcontext=u:object_r:mobicore_exec:s0 tclass=dir permissive=1
03-06 20:44:33.450   290   290 I logd.writer: type=1400 audit(0.0:65): avc: denied { search } for name="271" dev="proc" ino=3559 scontext=u:r:logd:s0 tcontext=u:object_r:mobicore_exec:s0 tclass=dir permissive=1
03-06 20:44:33.450   290   290 I auditd  : type=1400 audit(0.0:66): avc: denied { read } for comm="logd.writer" name="comm" dev="proc" ino=3612 scontext=u:r:logd:s0 tcontext=u:object_r:mobicore_exec:s0 tclass=file permissive=1
03-06 20:44:33.450   290   290 I logd.writer: type=1400 audit(0.0:66): avc: denied { read } for name="comm" dev="proc" ino=3612 scontext=u:r:logd:s0 tcontext=u:object_r:mobicore_exec:s0 tclass=file permissive=1
03-06 20:44:33.450   290   290 I auditd  : type=1400 audit(0.0:67): avc: denied { open } for comm="logd.writer" path="/proc/271/comm" dev="proc" ino=3612 scontext=u:r:logd:s0 tcontext=u:object_r:mobicore_exec:s0 tclass=file permissive=1
03-06 20:44:33.450   290   290 I logd.writer: type=1400 audit(0.0:67): avc: denied { open } for path="/proc/271/comm" dev="proc" ino=3612 scontext=u:r:logd:s0 tcontext=u:object_r:mobicore_exec:s0 tclass=file permissive=1
03-06 20:44:33.451     0   283 E McDaemon:   *****************************
03-06 20:44:33.451     0   283 E McDaemon:   *** ERROR: Cannot open /data/app/mcRegistry/07050500000000000000000000000000.tlbin
03-06 20:44:33.451     0   283 E McDaemon:   *** Detected in mcRegistryFileGetServiceBlob/1407()
03-06 20:44:33.451     0   283 E McDaemon:   *****************************
03-06 20:44:33.467   272   272 I (6)[272:logd]logd.auditd: start
03-06 20:44:33.500   272   272 I auditd  : type=1400 audit(0.0:68): avc: denied { getattr } for comm="logd" path="/proc/271/status" dev="proc" ino=8975 scontext=u:r:logd:s0 tcontext=u:object_r:mobicore_exec:s0 tclass=file permissive=1
03-06 20:44:33.500   272   272 I logd    : type=1400 audit(0.0:68): avc: denied { getattr } for path="/proc/271/status" dev="proc" ino=8975 scontext=u:r:logd:s0 tcontext=u:object_r:mobicore_exec:s0 tclass=file permissive=1
--------- beginning of system
03-06 20:44:33.501   279   279 I vold    : Vold 3.0 (the awakening) firing up
03-06 20:44:33.501   279   279 V vold    : Detected support for: exfat ext4 ntfs vfat
03-06 20:44:33.506   279   279 W Vold    : Tearing down stale mount /storage/usbotg
03-06 20:44:33.506   279   279 W Vold    : Tearing down stale mount /mnt/media_rw
03-06 20:44:33.509     0     0 E         : (4)[211:mtk charger_hv_][check_battery_exist] baton_count = 0
03-06 20:44:33.511     0     0 E         : (4)[211:mtk charger_hv_][gn_update_BatteryPresentCurrent] BAT_ChargerVoltage = (4730), PresentCurrent = (0)
03-06 20:44:33.514   277   277 I         : debuggerd: starting
03-06 20:44:33.520   281   281 I auditd  : type=1400 audit(0.0:69): avc: denied { write } for comm="NetlinkServer" scontext=u:object_r:mobicore_exec:s0 tcontext=u:object_r:mobicore_exec:s0 tclass=netlink_socket permissive=1
03-06 20:44:33.520   281   281 I NetlinkServer: type=1400 audit(0.0:69): avc: denied { write } for scontext=u:object_r:mobicore_exec:s0 tcontext=u:object_r:mobicore_exec:s0 tclass=netlink_socket permissive=1
03-06 20:44:33.537   213   213 E         : (4)[213:rpmb_open][emmcrpmb] emmc_rpmb_open_session end, mc_ret = 0
03-06 20:44:33.550   279   279 E (5)[279:vold]fs_mgr: Warning: unknown flag resize
03-06 20:44:33.563   106   106 I (5)[106:hps_main]MobiCore mcd: Cpu 7 is going to die
03-06 20:44:33.564   106   106 I (5)[106:hps_main]CPU7: shutdown
03-06 20:44:33.565   106   106 I (5)[106:hps_main]MobiCore mcd: Cpu 7 is dead
03-06 20:44:33.565   106   106 I (5)[106:hps_main]MobiCore mcd: Cpu 6 is going to die
03-06 20:44:33.565   106   106 I (4)[106:hps_main]CPU6: shutdown
03-06 20:44:33.566   106   106 I (4)[106:hps_main]MobiCore mcd: Cpu 6 is dead
03-06 20:44:33.566   106   106 I (4)[106:hps_main]MobiCore mcd: Cpu 5 is going to die
03-06 20:44:33.566   106   106 I (4)[106:hps_main]CPU5: shutdown
03-06 20:44:33.567   106   106 I (4)[106:hps_main]MobiCore mcd: Cpu 5 is dead
03-06 20:44:33.567   106   106 W (4)[106:hps_main][HPS] END: (0400)(0)(4) action end(82)(97)(0)(0) (0)(4)(0)(1) (695)(3)(0) (82)(3)(0) (0)(97)(3)(0)(97) (4)(0)(1)
03-06 20:44:33.662    72    72 D         : (4)[72:cfinteractive][name:mt_cpufreq&][Power/cpufreq] @_cpufreq_set_locked(), MT_CPU_DVFS_BIG: (5, 0): freq = 871000 (871000), volt = 85000 (85000), cpus = 1, cur = 1950000
03-06 20:44:33.807   106   106 D (4)[106:hps_main][name:mt_ppm_main&][Power/PPM] (0x200)(-1)(0)[L_ONLY]->[LL_ONLY]: (7)(0)(1)(4) (5)(0)(0)(0)
03-06 20:44:33.808     0     0 W -(0)[0:swapper/0]CPU0: Booted secondary processor
03-06 20:44:33.808     0     0 I         : -(0)[0:swapper/0]Detected VIPT I-cache on CPU0
03-06 20:44:33.808     0     0 I -(0)[0:swapper/0]CPU0: update cpu_capacity 600
03-06 20:44:33.809   106   106 W         : (4)[106:hps_main][Power/cpufreq] MT_CPU_DVFS_LITTLE freq = 156000
03-06 20:44:33.809   106   106 E         : (4)[106:hps_main][CPUHVFS] [00014d93] cluster0 on, pause = 0x0, RSV4: 0x5270a770
03-06 20:44:33.810   106   106 I (4)[106:hps_main]MobiCore mcd: Cpu 4 is going to die
03-06 20:44:33.810   106   106 E         : (0)[106:hps_main][CPUHVFS] [00014dae] cluster1 off, pause = 0x0, RSV4: 0x5270d270
03-06 20:44:33.812   106   106 I (0)[106:hps_main]CPU4: shutdown
03-06 20:44:33.813   106   106 I (0)[106:hps_main]MobiCore mcd: Cpu 4 is dead
03-06 20:44:33.814   106   106 W (0)[106:hps_main][HPS] END: (0000)(0)(1) action end(17)(44)(0)(0) (4)(0)(1)(0) (19)(6)(0) (0)(0)(0) (0)(44)(6)(0)(44) (0)(1)(0)
03-06 20:44:33.843   279   297 V vold    : /system/bin/sgdisk
03-06 20:44:33.843   279   297 V vold    :     --android-dump
03-06 20:44:33.843   279   297 V vold    :     /dev/block/vold/disk:179_128
03-06 20:44:33.850     1     1 I auditd  : type=1400 audit(0.0:70): avc: denied { sigchld } for comm="init" scontext=u:object_r:mobicore_exec:s0 tcontext=u:r:init:s0 tclass=process permissive=1
03-06 20:44:33.850     1     1 I init    : type=1400 audit(0.0:70): avc: denied { sigchld } for scontext=u:object_r:mobicore_exec:s0 tcontext=u:r:init:s0 tclass=process permissive=1
03-06 20:44:33.852   279   300 D vold    : e4crypt_init_user0
03-06 20:44:33.852   279   300 D vold    : e4crypt_prepare_user_storage for volume null, user 0, serial 0, flags 1
03-06 20:44:33.852   279   300 D vold    : Preparing: /data/system/users/0
03-06 20:44:33.852   279   300 D vold    : Preparing: /data/misc/profiles/cur/0
03-06 20:44:33.853   279   300 D vold    : Preparing: /data/misc/profiles/cur/0/foreign-dex
03-06 20:44:33.853   279   300 D vold    : Preparing: /data/system_de/0
03-06 20:44:33.853   279   300 D vold    : Preparing: /data/misc_de/0
03-06 20:44:33.853   279   300 D vold    : Preparing: /data/user_de/0
03-06 20:44:33.853   279   300 D vold    : e4crypt_unlock_user_key 0 serial=0 token_present=0
03-06 20:44:33.853   279   300 E vold    : Failed to chmod /data/system_ce/0: No such file or directory
03-06 20:44:33.853   279   300 E vold    : Failed to chmod /data/misc_ce/0: No such file or directory
03-06 20:44:33.853   279   300 E vold    : Failed to chmod /data/media/0: No such file or directory
03-06 20:44:33.854     0     0 W -(1)[0:swapper/1]CPU1: Booted secondary processor
03-06 20:44:33.854     0     0 I         : -(1)[0:swapper/1]Detected VIPT I-cache on CPU1
03-06 20:44:33.854     0     0 I -(1)[0:swapper/1]CPU1: update cpu_capacity 600
03-06 20:44:33.855     1     1 I vdc     : 200 280 Command succeeded
03-06 20:44:33.855     0     0 W -(2)[0:swapper/2]CPU2: Booted secondary processor
03-06 20:44:33.855     0     0 I         : -(2)[0:swapper/2]Detected VIPT I-cache on CPU2
03-06 20:44:33.856     0     0 I -(2)[0:swapper/2]CPU2: update cpu_capacity 600
03-06 20:44:33.857     0     0 W -(3)[0:swapper/3]CPU3: Booted secondary processor
03-06 20:44:33.857     0     0 I         : -(3)[0:swapper/3]Detected VIPT I-cache on CPU3
03-06 20:44:33.857     0     0 I -(3)[0:swapper/3]CPU3: update cpu_capacity 600
03-06 20:44:33.858   106   106 W (2)[106:hps_main][HPS] END: (0020)(1)(0) action end(105)(428)(0)(0) (4)(0)(1)(0) (0)(0)(0) (0)(0)(0) (1)(428)(1)(0)(428) (0)(4)(0)
03-06 20:44:33.862     1     1 E (0)[1:init]init: avc:  denied  { set } for property=debug.atrace.tags.enableflags pid=271 uid=1000 gid=1000 scontext=u:object_r:mobicore_exec:s0 tcontext=u:object_r:debug_prop:s0 tclass=property_service permissive=1
03-06 20:44:33.880     1     1 I (0)[1:init]init: Starting service 'exec 20 (/system/bin/tzdatacheck)'...
03-06 20:44:33.924   224   224 I (1)[224:ueventd]ueventd: Linking partition 'Microsoft basic data' as 'Microsoft_basic_data'
03-06 20:44:33.932    72    72 D         : (0)[72:cfinteractive][name:mt_cpufreq&][Power/cpufreq] @_cpufreq_set_locked(), MT_CPU_DVFS_LITTLE: (7, 0): freq = 1144000 (1144000), volt = 104375 (104375), cpus = 4, cur = 1014000
03-06 20:44:33.966   302   302 I /system/bin/tzdatacheck: tzdata file /data/misc/zoneinfo/current/tzdata does not exist. No action required.
03-06 20:44:33.974     1     1 I (0)[1:init]init: Service 'exec 20 (/system/bin/tzdatacheck)' (pid 302) exited with status 0
03-06 20:44:33.975     1     1 E (0)[1:init]BOOTPROF: 3818.509778:INIT:post-fs-data
03-06 20:44:33.979     1     1 I (1)[1:init]init: write_file: Unable to open '/sys/class/misc/md32/md32_boot': No such file or directory
03-06 20:44:34.003     1     1 I (1)[1:init]init: Starting service 'exec 21 (/system/bin/rm)'...
03-06 20:44:34.018   106   106 I (0)[106:hps_main]MobiCore mcd: Cpu 3 is going to die
03-06 20:44:34.019   106   106 I (0)[106:hps_main]CPU3: shutdown
03-06 20:44:34.020   106   106 I (0)[106:hps_main]MobiCore mcd: Cpu 3 is dead
03-06 20:44:34.020   106   106 W (0)[106:hps_main][HPS] END: (0200)(4)(0) action end(240)(259)(0)(3) (4)(0)(1)(0) (900)(4)(1) (240)(4)(0) (0)(259)(4)(0)(259) (0)(3)(0)
03-06 20:44:34.042   279   297 V vold    : DISK gpt CBC83FD9-4235-4453-8D69-6B98D2518C8B
03-06 20:44:34.042   279   297 V vold    : 
03-06 20:44:34.042   279   297 V vold    : PART 1 EBD0A0A2-B9E5-4433-87C0-68B6B72699C7 6364D990-56C9-45B7-991C-554740580B3D Microsoft basic data
03-06 20:44:34.042   279   297 V vold    : 
03-06 20:44:34.087     1     1 I (1)[1:init]init: Service 'exec 21 (/system/bin/rm)' (pid 303) exited with status 0
03-06 20:44:34.093     1     1 I (1)[1:init]init: Starting service 'sysinit'...
03-06 20:44:34.094     1     1 I (1)[1:init]init: (Loading properties from /data/local.prop took 0.00s.)
03-06 20:44:34.094     1     1 I (1)[1:init]init: Starting service 'logd-reinit'...
03-06 20:44:34.098     1     1 I (1)[1:init]init: Starting service 'healthd'...
03-06 20:44:34.099     1     1 E (1)[1:init]init: cannot find '/system/bin/boot_logo_updater' (No such file or directory), disabling 'bootlogoupdater'
03-06 20:44:34.099     1     1 E (1)[1:init]init: cannot find '/system/bin/autokd' (No such file or directory), disabling 'autokd'
03-06 20:44:34.099     1     1 E (1)[1:init]init: cannot find '/system/bin/sbchk' (No such file or directory), disabling 'sbchk'
03-06 20:44:34.099     1     1 I (1)[1:init]init: Starting service 'wmtLoader'...
03-06 20:44:34.100     1     1 I (1)[1:init]init: Starting service 'conn_launcher'...
03-06 20:44:34.101     1     1 E (1)[1:init]init: cannot find '/system/bin/spm_loader' (No such file or directory), disabling 'spm_script'
03-06 20:44:34.101     1     1 I (1)[1:init]init: Starting service 'ccci_fsd'...
03-06 20:44:34.102     1     1 I (1)[1:init]init: Starting service 'ccci_mdinit'...
03-06 20:44:34.103     1     1 E (1)[1:init]init: cannot find '/system/bin/ccci_rpcd' (No such file or directory), disabling 'ccci_rpcd'
03-06 20:44:34.103     1     1 I (1)[1:init]init: Starting service 'terservice'...
03-06 20:44:34.104     1     1 I (1)[1:init]init: Starting service 'lmkd'...
03-06 20:44:34.105     1     1 I (1)[1:init]init: Starting service 'servicemanager'...
03-06 20:44:34.106     1     1 I (1)[1:init]init: Starting service 'surfaceflinger'...
03-06 20:44:34.107     1     1 E (1)[1:init]init: do_start: Service xlogboot not found
03-06 20:44:34.121   306   306 I (2)[306:healthd]binder: 306:306 binder_context_mgr_node is NULL
03-06 20:44:34.121   306   306 I (2)[306:healthd]binder: 306:306 transaction failed 29189, size 0-0
03-06 20:44:34.121   306   306 E (2)[306:healthd]binder: read put err 29189 to user 0000007f994a8008, thread error 29189:29185
03-06 20:44:34.137     1     1 E (1)[1:init]init: SELinux: Could not get canonical path for /sys/block/sda/queue/scheduler restorecon: No such file or directory.
03-06 20:44:34.138     1     1 E (1)[1:init]init: SELinux: Could not get canonical path for /sys/block/sde/queue/scheduler restorecon: No such file or directory.
03-06 20:44:34.138     1     1 E (1)[1:init]init: SELinux: Could not get canonical path for /sys/block/dm-0/queue/scheduler restorecon: No such file or directory.
03-06 20:44:34.139     1     1 I (1)[1:init]init: Starting service 'console'...
03-06 20:44:34.140     1     1 E (1)[1:init]init: Service emsvr_user does not have a SELinux domain defined.
03-06 20:44:34.140     1     1 E (1)[1:init]init: cannot find '/system/bin/boot_init' (No such file or directory), disabling 'boot_init'
03-06 20:44:34.140     1     1 I (1)[1:init][g_android][USB]enable_store: device_attr->attr.name: enable
03-06 20:44:34.140     1     1 E (1)[1:init][g_android]android_usb: already disabled
03-06 20:44:34.140   216   216 I (1)[216:kworker/1:1][g_android][USB]enable_store: enable 0->0 case - no usb cable
03-06 20:44:34.140   216   216 I (1)[216:kworker/1:1][g_android][USB]android_work: is_hwconnected=0, did not send uevent (0 0           (null))
03-06 20:44:34.140   216   216 I (1)[216:kworker/1:1][g_android][USB]android_work: sent uevent USB_STATE=HWDISCONNECTED
03-06 20:44:34.141     0     0 W -(3)[0:swapper/3]CPU3: Booted secondary processor
03-06 20:44:34.141     0     0 I         : -(3)[0:swapper/3]Detected VIPT I-cache on CPU3
03-06 20:44:34.141     0     0 I -(3)[0:swapper/3]CPU3: update cpu_capacity 600
03-06 20:44:34.141   106   106 W (0)[106:hps_main][HPS] END: (0020)(3)(0) action end(300)(1175)(0)(11) (4)(0)(1)(0) (479)(2)(2) (200)(2)(0) (1)(1175)(3)(0)(1175) (0)(4)(0)
03-06 20:44:34.163     1     1 I (1)[1:init][g_android][USB]functions_store: name = mtp
03-06 20:44:34.163     1     1 I (1)[1:init][g_android][USB]functions_store: name = adb
03-06 20:44:34.163     1     1 I (1)[1:init][g_android][USB]enable_store: device_attr->attr.name: enable
03-06 20:44:34.163     1     1 I (1)[1:init][g_android][USB]enable_store: enable 0->1 case, device_desc.idVendor = 0x271d, device_desc.idProduct = 0x3c02
03-06 20:44:34.163     1     1 I (1)[1:init]init: Starting service 'adbd'...
03-06 20:44:34.164     1     1 E (1)[1:init]BOOTPROF: 4007.152547:start mobicore (on property:ro.crypto.state=encrypted)
03-06 20:44:34.164     1     1 E (1)[1:init]BOOTPROF: 4007.836317:start mobicore (on property:ro.crypto.state=encrypted)
03-06 20:44:34.165     1     1 I (1)[1:init]init: Starting service 'exec 22 (/system/bin/vdc)'...
03-06 20:44:34.175   317   317 F (3)[317:vdc]load_elf_binary 969: rand_tries 1 vmstack_start 7fc0079000 vmstack_end 7fc0879000 org_brk 7fb22ac000 current->mm->brk 7fc0428000
03-06 20:44:34.212     0     0 I         : (0)[318:usb ffs open][g_android][USB]bind_config function 'mtp'/ffffffc00109a4e0
03-06 20:44:34.212     0     0 I         : (0)[318:usb ffs open]mtp_bind_config
03-06 20:44:34.212     0     0 W (0)[318:usb ffs open]mtp_function_bind dev: ffffffc0b7ce4c00
03-06 20:44:34.212     0     0 I         : (0)[318:usb ffs open][g_android][USB]bind_config function 'ffs'/ffffffc001099350
03-06 20:44:34.213     0     0 I (0)[318:usb ffs open]android_usb gadget: cfg 1/ffffffc001099270 speeds: super high full
03-06 20:44:34.213     0     0 E         : (0)[318:usb ffs open][BATTERY] wake_up_bat.
03-06 20:44:34.222   106   106 D (0)[106:hps_main][name:mt_ppm_main&][Power/PPM] (0x200)(-1)(1)[LL_ONLY]->[L_ONLY]: (7)(0)(0)(0) (5)(0)(1)(4)
03-06 20:44:34.222     0     0 W -(4)[0:swapper/4]CPU4: Booted secondary processor
03-06 20:44:34.222     0     0 I         : -(4)[0:swapper/4]Detected VIPT I-cache on CPU4
03-06 20:44:34.223     0     0 I -(4)[0:swapper/4]CPU4: update cpu_capacity 1024
03-06 20:44:34.223   106   106 W         : (0)[106:hps_main][Power/cpufreq] MT_CPU_DVFS_BIG freq = 286000
03-06 20:44:34.223   106   106 E         : (0)[106:hps_main][CPUHVFS] [00018297] cluster1 on, pause = 0x0, RSV4: 0x2270d770
03-06 20:44:34.225     0     0 W -(5)[0:swapper/5]CPU5: Booted secondary processor
03-06 20:44:34.225     0     0 I         : -(5)[0:swapper/5]Detected VIPT I-cache on CPU5
03-06 20:44:34.225     0     0 I -(5)[0:swapper/5]CPU5: update cpu_capacity 1024
03-06 20:44:34.226     0     0 W -(6)[0:swapper/6]CPU6: Booted secondary processor
03-06 20:44:34.226     0     0 I         : -(6)[0:swapper/6]Detected VIPT I-cache on CPU6
03-06 20:44:34.226     0     0 I -(6)[0:swapper/6]CPU6: update cpu_capacity 1024
03-06 20:44:34.227     0     0 W -(7)[0:swapper/7]CPU7: Booted secondary processor
03-06 20:44:34.227     0     0 I         : -(7)[0:swapper/7]Detected VIPT I-cache on CPU7
03-06 20:44:34.227     0     0 I -(7)[0:swapper/7]CPU7: update cpu_capacity 1024
03-06 20:44:34.228   106   106 I (6)[106:hps_main]MobiCore mcd: Cpu 3 is going to die
03-06 20:44:34.229   106   106 I (0)[106:hps_main]CPU3: shutdown
03-06 20:44:34.230   106   106 I (0)[106:hps_main]MobiCore mcd: Cpu 3 is dead
03-06 20:44:34.230   106   106 I (0)[106:hps_main]MobiCore mcd: Cpu 2 is going to die
03-06 20:44:34.231   106   106 I (0)[106:hps_main]CPU2: shutdown
03-06 20:44:34.231   106   106 I (0)[106:hps_main]MobiCore mcd: Cpu 2 is dead
03-06 20:44:34.232   106   106 I (0)[106:hps_main]MobiCore mcd: Cpu 1 is going to die
03-06 20:44:34.232   106   106 I (0)[106:hps_main]CPU1: shutdown
03-06 20:44:34.233   106   106 I (0)[106:hps_main]MobiCore mcd: Cpu 1 is dead
03-06 20:44:34.233   106   106 I (0)[106:hps_main]MobiCore mcd: Cpu 0 is going to die
03-06 20:44:34.233   106   106 E         : (0)[106:hps_main][CPUHVFS] [000183e1] cluster0 off, pause = 0x0, RSV4: 0x5770d770
03-06 20:44:34.236   106   106 I (4)[106:hps_main]CPU0: shutdown
03-06 20:44:34.237   106   106 I (4)[106:hps_main]MobiCore mcd: Cpu 0 is dead
03-06 20:44:34.237   106   106 W (4)[106:hps_main][HPS] END: (0040)(4)(0) action end(400)(1461)(0)(13) (0)(4)(0)(1) (0)(0)(0) (0)(0)(0) (1)(1461)(1)(0)(1461) (4)(0)(4)
03-06 20:44:34.268   314   314 E DispSync: Couldn't set SCHED_FIFO for DispSyncThread
03-06 20:44:34.268   314   314 I SurfaceFlinger: SurfaceFlinger is starting
03-06 20:44:34.268   314   314 I SurfaceFlinger: SurfaceFlinger's main thread ready to run. Initializing graphics H/W...
03-06 20:44:34.272   210   210 E         : (4)[210:bat_thread_kthr]CDP, free
03-06 20:44:34.273     1     1 W (5)[1:init]__sched_setscheduler 322: surfaceflinger policy=1 0 0
03-06 20:44:34.300     1     1 I auditd  : type=1400 audit(0.0:71): avc: denied { sigchld } for comm="init" scontext=u:object_r:mobicore_exec:s0 tcontext=u:r:init:s0 tclass=process permissive=1
03-06 20:44:34.300     1     1 I init    : type=1400 audit(0.0:71): avc: denied { sigchld } for scontext=u:object_r:mobicore_exec:s0 tcontext=u:r:init:s0 tclass=process permissive=1
--------- beginning of radio
03-06 20:44:34.305   311   311 I         : [terserver] service not enabled. exit.
03-06 20:44:34.314     1     1 I (5)[1:init]init: Service 'terservice' (pid 311) exited with status 0
03-06 20:44:34.315   288   288 I (7)[288:logd.daemon]logd.daemon: reinit
03-06 20:44:34.316     1     1 I (5)[1:init]init: Service 'logd-reinit' (pid 305) exited with status 0
03-06 20:44:34.318   309   309 E ccci_fsd(0): md_fsd Ver:v2.02, CCCI Ver:3
03-06 20:44:34.348   314   314 D MALI    : osup_constructor:144: osup_constructor
03-06 20:44:34.377   314   314 D libEGL  : loaded /system/lib64/egl/libGLES_mali.so
03-06 20:44:34.398   106   106 D (4)[106:hps_main][name:mt_ppm_main&][Power/PPM] (0x200)(-1)(1)[L_ONLY]->[4L_LL]: (7)(0)(1)(4) (7)(0)(4)(4)
03-06 20:44:34.398     0     0 W -(0)[0:swapper/0]CPU0: Booted secondary processor
03-06 20:44:34.398     0     0 I         : -(0)[0:swapper/0]Detected VIPT I-cache on CPU0
03-06 20:44:34.399     0     0 I -(0)[0:swapper/0]CPU0: update cpu_capacity 600
03-06 20:44:34.399   106   106 W         : (4)[106:hps_main][Power/cpufreq] MT_CPU_DVFS_LITTLE freq = 156000
03-06 20:44:34.399   106   106 E         : (4)[106:hps_main][CPUHVFS] [0001991e] cluster0 on, pause = 0x0, RSV4: 0x5770a770
03-06 20:44:34.400     0     0 W -(1)[0:swapper/1]CPU1: Booted secondary processor
03-06 20:44:34.400     0     0 I         : -(1)[0:swapper/1]Detected VIPT I-cache on CPU1
03-06 20:44:34.400     0     0 I -(1)[0:swapper/1]CPU1: update cpu_capacity 600
03-06 20:44:34.401   307   307 I wmt_loader: external combo chip power on failed
03-06 20:44:34.401   307   307 I wmt_loader: no external combo chip detected, get current soc chipid
03-06 20:44:34.401   307   307 I wmt_loader: soc chipid (0x6755) detected
03-06 20:44:34.401     0     0 W -(2)[0:swapper/2]CPU2: Booted secondary processor
03-06 20:44:34.401     0     0 I         : -(2)[0:swapper/2]Detected VIPT I-cache on CPU2
03-06 20:44:34.401     0     0 I -(2)[0:swapper/2]CPU2: update cpu_capacity 600
03-06 20:44:34.402   312   312 I lowmemorykiller: Using in-kernel low memory killer interface
03-06 20:44:34.403     0     0 W -(3)[0:swapper/3]CPU3: Booted secondary processor
03-06 20:44:34.403     0     0 I         : -(3)[0:swapper/3]Detected VIPT I-cache on CPU3
03-06 20:44:34.403     0     0 I -(3)[0:swapper/3]CPU3: update cpu_capacity 600
03-06 20:44:34.403   307   307 I wmt_loader: set property(persist.mtk.wcn.combo.chipid) to 0x6755 succeed.
03-06 20:44:34.403   307   307 I wmt_loader: external combo chip power off succeed
03-06 20:44:34.403   106   106 W (6)[106:hps_main][HPS] END: (0020)(0)(4) action end(400)(957)(70)(9) (4)(4)(1)(4) (1263)(3)(0) (400)(3)(0) (4)(957)(4)(0)(957) (0)(4)(4)
03-06 20:44:34.405   308   308 I 6620_launcher: get property(service.wcn.driver.ready) failed i_ret:0
03-06 20:44:34.406   307   307 E (4)[307:wmt_loader][WMT-DETECT][I]wmt_detect_open: open major 154 minor 0 (pid 307)
03-06 20:44:34.406   307   307 E (4)[307:wmt_loader][WMT-DETECT][I]wmt_detect_unlocked_ioctl: cmd (-2147191034),arg(16)
03-06 20:44:34.406   307   307 E (4)[307:wmt_loader][WMT-DETECT][I]wmt_detect_ext_chip_pwr_on: combo chip is not supported
03-06 20:44:34.407   307   307 E (4)[307:wmt_loader][WMT-DETECT][I]wmt_detect_unlocked_ioctl: cmd (-2147191037),arg(0)
03-06 20:44:34.408   279   300 D VoldCryptCmdListener: cryptfs mountdefaultencrypted
03-06 20:44:34.408   307   307 E (3)[307:wmt_loader][WMT-DETECT][I]wmt_detect_unlocked_ioctl: cmd (-2147191033),arg(5)
03-06 20:44:34.408   307   307 E (3)[307:wmt_loader][WMT-DETECT][I]wmt_detect_ext_chip_pwr_off: combo chip is not supported
03-06 20:44:34.409   307   307 E (3)[307:wmt_loader][WMT-DETECT][I]wmt_detect_unlocked_ioctl: cmd (1074034433),arg(26453)
03-06 20:44:34.409   307   307 W         : (3)[307:wmt_loader]set current consys chipid (0x6755)
03-06 20:44:34.409   307   307 E (3)[307:wmt_loader][WMT-DETECT][I]wmt_detect_unlocked_ioctl: cmd (-2147191035),arg(26453)
03-06 20:44:34.409   307   307 E (3)[307:wmt_loader][SDIO-DETECT][I]sdio_detect_exit: sdio_unregister_driver
03-06 20:44:34.409   307   307 E (3)[307:wmt_loader][WMT-DETECT][I]wmt_detect_unlocked_ioctl: cmd (-2147191036),arg(26453)
03-06 20:44:34.409   307   307 E (3)[307:wmt_loader][WMT-MOD-INIT][I]do_common_drv_init: start to do common driver init, chipid:0x00006755
03-06 20:44:34.409   279   330 I Cryptfs : cryptfs_check_passwd
03-06 20:44:34.410   279   330 D Cryptfs : crypt_ftr->fs_size = 110526431
03-06 20:44:34.410   279   330 I Cryptfs : Using scrypt with keymaster for cryptfs KDF
03-06 20:44:34.414   307   307 W (2)[307:wmt_loader][WMT-CONSYS-HW][W]mtk_wcn_consys_co_clock_type: pmic_register_val = 0x21f, co_clock_type = 0,TCXO mode
03-06 20:44:34.416     1     1 I (5)[1:init]init: Service 'exec 22 (/system/bin/vdc)' (pid 317) exited with status 0
03-06 20:44:34.419   314   314 E SurfaceFlinger: Couldn't set SCHED_FIFO for SFEventThread
03-06 20:44:34.420     1     1 E (5)[1:init]init: Service emsvr_user does not have a SELinux domain defined.
03-06 20:44:34.422   325   325 I sysinit : Running /system/etc/init.d/00banner
03-06 20:44:34.425     1     1 W (5)[1:init]__sched_setscheduler 346: EventThread policy=1 0 0
03-06 20:44:34.434   310   310 E ccci_mdinit(0): md_init ver:1.20
03-06 20:44:34.434   310   310 E ccci_mdinit(0): This platform support ft query(1)
03-06 20:44:34.434   310   310 I ccci_mdinit(1): LK Load MD:[Enabled](0x00000001)
03-06 20:44:34.434   310   310 I ccci_mdinit(1): LK load MD success!
03-06 20:44:34.434   310   310 I ccci_mdinit(1): nfig_prop:s0
03-06 20:44:34.434   310   310 I ccci_mdinit(1): dalvik.                 u:object_r:dalvik_prop:s0
03-06 20:44:34.434   310   310 I ccci_mdinit(1): ro.dalvik.              u:object_r:dalvik_prop:s0
03-06 20:44:34.434   310   310 I ccci_mdinit(1): #line 1 "/home/decker/lineage_os_14.1_new/out/target/product/PowerFiveMax/obj/ETC/sectxfile_nl_intermediates/sectxfile_nl"
03-06 20:44:34.434   310   310 I ccci_mdinit(1): 
03-06 20:44:34.434   310   310 I ccci_mdinit(1): #line 1 "device/HighScreen/PowerFiveMax/sepolicy/property_contexts"
03-06 20:44:34.434   310   310 I ccci_mdinit(1): service.wcn         u:object_r:wmt_prop:s0
03-06 20:44:34.434   310   310 I ccci_mdinit(1): persist.mtk.wcn     u:object_r:wmt_prop:s0
03-06 20:44:34.434   310   310 I ccci_mdinit(1): wlan.mtk.wifi.5g    u:object_r:wmt_prop:s0
03-06 20:44:34.434   310   310 I ccci_mdinit(1): mtk.md              u:object_r:mtk_md_prop:s0
03-06 20:44:34.434   310   310 I ccci_mdinit(1): gps.clock.type      u:object_r:mnld_prop:s0
03-06 20:44:34.434   310   310 I ccci_mdinit(1): gps.gps.version     u:object_r:mnld_prop:s0
03-06 20:44:34.434   310   310 I ccci_mdinit(1): ctl.af7133d         u:object_r:ctl_af7133d_prop:s0
03-06 20:44:34.434   310   310 I ccci_mdinit(1): ctl.ccci_fsd        u:object_r:ctl_ccci_fsd_prop:s0
03-06 20:44:34.434   310   310 I ccci_mdinit(1): ctl.gsm0710muxd     u:object_r:ctl_gsm0710muxd_prop:s0
03-06 20:44:34.434   310   310 I ccci_mdinit(1): ctl.gsm0710muxd-s   u:object_r:ctl_gsm0710muxd_prop:s0
03-06 20:44:34.434   310   310 I ccci_mdinit(1): ctl.gsm0710muxd-d   u:object_r:ctl_gsm0710muxd_prop:s0
03-06 20:44:34.434   310   310 I ccci_mdinit(1): ctl.gsm0710muxdmd2  u:object_r:ctl_gsm0710muxdmd2_prop:s0
03-06 20:44:34.434   310   310 I ccci_mdinit(1): ctl.mdlogger        u:object_r:ctl_mdlogger_prop:s0
03-06 20:44:34.434   310   310 I ccci_mdinit(1): ctl.emdlogger1      u:ob
03-06 20:44:34.435   310   310 D ccci_mdinit(1): set md status:mtk.md1.status=init 
03-06 20:44:34.437     1     1 E (5)[1:init]init: cannot find '/system/bin/boot_init' (No such file or directory), disabling 'boot_init'
03-06 20:44:34.438   310   310 D ccci_lib: read info:[modem num]:1
03-06 20:44:34.438   310   310 D ccci_lib: [modem en]:1-0-0-0-0
03-06 20:44:34.438   310   310 D ccci_lib: [EVDO_DT_SUPPORT]:0
03-06 20:44:34.438   310   310 D ccci_lib: [MTK_LTE_DC_SUPPORT]:0
03-06 20:44:34.438   310   310 D ccci_lib: total:78
03-06 20:44:34.438   310   310 D ccci_lib:    u:object_r:dalvik_prop:s0
03-06 20:44:34.438   310   310 D ccci_lib: ro.dalvik.              u:object_r:dalvik_prop:s0
03-06 20:44:34.438   310   310 D ccci_lib: #line 1 "/home/decker/lineage_os_14.1_new/out/target/product/PowerFiveMax/obj/ETC/sectxfile_nl_intermediates/sectxfile_nl"
03-06 20:44:34.438   310   310 D ccci_lib: 
03-06 20:44:34.438   310   310 D ccci_lib: #line 1 "device/HighScreen/PowerFiveMax/sepolicy/property_contexts"
03-06 20:44:34.438   310   310 D ccci_lib: service.wcn         u:object_r:wmt_prop:s0
03-06 20:44:34.438   310   310 D ccci_lib: persist.mtk.wcn     u:object_r:wmt_prop:s0
03-06 20:44:34.438   310   310 D ccci_lib: wlan.mtk.wifi.5g    u:object_r:wmt_prop:s0
03-06 20:44:34.438   310   310 D ccci_lib: mtk.md              u:object_r:mtk_md_prop:s0
03-06 20:44:34.438   310   310 D ccci_lib: gps.clock.type      u:object_r:mnld_prop:s0
03-06 20:44:34.438   310   310 D ccci_lib: gps.gps.version     u:object_r:mnld_prop:s0
03-06 20:44:34.438   310   310 D ccci_lib: ctl.af7133d         u:object_r:ctl_af7133d_prop:s0
03-06 20:44:34.438   310   310 D ccci_lib: ctl.ccci_fsd        u:object_r:ctl_ccci_fsd_prop:s0
03-06 20:44:34.438   310   310 D ccci_lib: ctl.gsm0710muxd     u:object_r:ctl_gsm0710muxd_prop:s0
03-06 20:44:34.438   310   310 D ccci_lib: ctl.gsm0710muxd-s   u:object_r:ctl_gsm0710muxd_prop:s0
03-06 20:44:34.438   310   310 D ccci_lib: ctl.gsm0710muxd-d   u:object_r:ctl_gsm0710muxd_prop:s0
03-06 20:44:34.438   310   310 D ccci_lib: ctl.gsm0710muxdmd2  u:object_r:ctl_gsm0710muxdmd2_prop:s0
03-06 20:44:34.438   310   310 D ccci_lib: ctl.mdlogger        u:object_r:ctl_mdlogger_prop:s0
03-06 20:44:34.438   310   310 D ccci_lib: ctl.emdlogger1
03-06 20:44:34.438   310   310 D ccci_lib: parse_info name:EVDO_DT_SUPPORT
03-06 20:44:34.438   310   310 E ccci_mdinit(0): [ft_evdo_dt_support]:0
03-06 20:44:34.438   310   310 D ccci_lib: read info:[modem num]:1
03-06 20:44:34.438   310   310 D ccci_lib: [modem en]:1-0-0-0-0
03-06 20:44:34.438   310   310 D ccci_lib: [EVDO_DT_SUPPORT]:0
03-06 20:44:34.438   310   310 D ccci_lib: [MTK_LTE_DC_SUPPORT]:0
03-06 20:44:34.438   310   310 D ccci_lib: total:78
03-06 20:44:34.438   310   310 D ccci_lib:    u:object_r:dalvik_prop:s0
03-06 20:44:34.438   310   310 D ccci_lib: ro.dalvik.              u:object_r:dalvik_prop:s0
03-06 20:44:34.438   310   310 D ccci_lib: #line 1 "/home/decker/lineage_os_14.1_new/out/target/product/PowerFiveMax/obj/ETC/sectxfile_nl_intermediates/sectxfile_nl"
03-06 20:44:34.438   310   310 D ccci_lib: 
03-06 20:44:34.438   310   310 D ccci_lib: #line 1 "device/HighScreen/PowerFiveMax/sepolicy/property_contexts"
03-06 20:44:34.438   310   310 D ccci_lib: service.wcn         u:object_r:wmt_prop:s0
03-06 20:44:34.438   310   310 D ccci_lib: persist.mtk.wcn     u:object_r:wmt_prop:s0
03-06 20:44:34.438   310   310 D ccci_lib: wlan.mtk.wifi.5g    u:object_r:wmt_prop:s0
03-06 20:44:34.438   310   310 D ccci_lib: mtk.md              u:object_r:mtk_md_prop:s0
03-06 20:44:34.438   310   310 D ccci_lib: gps.clock.type      u:object_r:mnld_prop:s0
03-06 20:44:34.438   310   310 D ccci_lib: gps.gps.version     u:object_r:mnld_prop:s0
03-06 20:44:34.438   310   310 D ccci_lib: ctl.af7133d         u:object_r:ctl_af7133d_prop:s0
03-06 20:44:34.438   310   310 D ccci_lib: ctl.ccci_fsd        u:object_r:ctl_ccci_fsd_prop:s0
03-06 20:44:34.438   310   310 D ccci_lib: ctl.gsm0710muxd     u:object_r:ctl_gsm0710muxd_prop:s0
03-06 20:44:34.438   310   310 D ccci_lib: ctl.gsm0710muxd-s   u:object_r:ctl_gsm0710muxd_prop:s0
03-06 20:44:34.438   310   310 D ccci_lib: ctl.gsm0710muxd-d   u:object_r:ctl_gsm0710muxd_prop:s0
03-06 20:44:34.438   310   310 D ccci_lib: ctl.gsm0710muxdmd2  u:object_r:ctl_gsm0710muxdmd2_prop:s0
03-06 20:44:34.438   310   310 D ccci_lib: ctl.mdlogger        u:object_r:ctl_mdlogger_prop:s0
03-06 20:44:34.438   310   310 D ccci_lib: ctl.emdlogger1
03-06 20:44:34.438   310   310 D ccci_lib: parse_info name:MTK_LTE_DC_SUPPORT
03-06 20:44:34.438   310   310 E ccci_mdinit(0): [ft_lte_dc_support]:0
03-06 20:44:34.438   310   310 I ccci_mdinit(1): muxd_name,gsm0710muxd, muxd_service_status,init.svc.gsm0710muxd
03-06 20:44:34.438   310   310 I ccci_mdinit(1): rild_name,ril-daemon-mtk rild_service_status,init.svc.ril-daemon-mtk
03-06 20:44:34.438   310   310 I ccci_mdinit(1): mdlogger_name,emdlogger1 mdlogger_service_status,init.svc.emdlogger1
03-06 20:44:34.438   310   310 I ccci_mdinit(1): fsd_name,ccci_fsd fsd_service_status,init.svc.ccci_fsd
03-06 20:44:34.438   310   310 I ccci_mdinit(1): md1 img_max_cnt=17
03-06 20:44:34.438   310   310 D ccci_mdinit(1): ro.crypto.state=encrypted
03-06 20:44:34.438   310   310 E ccci_mdinit(1): vold.decrypt: 
03-06 20:44:34.438   307   307 I wmt_loader: do kernel module init succeed: 0
03-06 20:44:34.439   307   307 I wmt_loader: chown wmt_tm fail:No such file or directory
03-06 20:44:34.439   307   307 I wmt_loader: get property(service.wcn.driver.ready) failed iRet:0 or property is 
03-06 20:44:34.440   307   307 E (6)[307:wmt_loader][CONN-MD-DFT][W]conn_md_add_user: uid (0x80000003) is added to user list successfully
03-06 20:44:34.440   307   307 E (6)[307:wmt_loader][WMT-MOD-INIT][I]do_common_drv_init: finish common driver init
03-06 20:44:34.440   307   307 E (6)[307:wmt_loader][BT-MOD-INIT][I]do_bluetooth_drv_init: start to do bluetooth driver init
03-06 20:44:34.440   307   307 W (6)[307:wmt_loader][MTK-BT] BT_init: mtk_stp_BT_chrdev driver(major 192) installed
03-06 20:44:34.440   307   307 E (6)[307:wmt_loader][BT-MOD-INIT][I]do_bluetooth_drv_init: finish bluetooth driver init, i_ret:0
03-06 20:44:34.440   307   307 E (6)[307:wmt_loader][GPS-MOD-INIT][I]do_gps_drv_init: start to do gps driver init
03-06 20:44:34.440   307   307 W         : (6)[307:wmt_loader]mtk_stp_GPS_chrdev driver(major 191) installed.
03-06 20:44:34.440   307   307 E (6)[307:wmt_loader][GPS-MOD-INIT][I]do_gps_drv_init: finish gps driver init, i_ret:0
03-06 20:44:34.440   307   307 E (6)[307:wmt_loader][FM-MOD-INIT][I]do_fm_drv_init: start to do fm module init
03-06 20:44:34.440   307   307 E         : (6)[307:wmt_loader][FM_NTC | MAIN]fm_env_setup
03-06 20:44:34.440   307   307 E         : (6)[307:wmt_loader][FM_NTC | MAIN]1. fm callback registered
03-06 20:44:34.440   307   307 E         : (6)[307:wmt_loader][FM_NTC | MAIN]2. fm low ops registered
03-06 20:44:34.440   307   307 E         : (6)[307:wmt_loader][FM_NTC | MAIN]3. fm rds ops registered
03-06 20:44:34.440   307   307 E         : (6)[307:wmt_loader][FM_NTC | MAIN]4. fm locks created
03-06 20:44:34.440   307   307 E         : (6)[307:wmt_loader][FM_NTC | MAIN]5. fm timer created
03-06 20:44:34.440   307   307 E         : (6)[307:wmt_loader][FM_NTC | LINK]fm link setup
03-06 20:44:34.440   307   307 E         : (6)[307:wmt_loader][FM_NTC | LINK]cmd_fifo created
03-06 20:44:34.440   307   307 E         : (6)[307:wmt_loader][FM_NTC | LINK]evt_fifo created
03-06 20:44:34.441   307   307 E         : (6)[307:wmt_loader][FM_NTC | MAIN]mt_fm_probe
03-06 20:44:34.441   307   307 E         : (0)[307:wmt_loader][FM_NTC | MAIN]MT6627 FM default config
03-06 20:44:34.441   307   307 E (0)[307:wmt_loader][FM_NTC | MAIN]MT6627 rssi_l: -296
03-06 20:44:34.441   307   307 E (0)[307:wmt_loader][FM_NTC | MAIN]MT6627 rssi_s: -296
03-06 20:44:34.441   307   307 E (0)[307:wmt_loader][FM_NTC | MAIN]MT6627 pamd_th: -12
03-06 20:44:34.441   307   307 E (0)[307:wmt_loader][FM_NTC | MAIN]MT6627 mr_th: -67
03-06 20:44:34.441   307   307 E (0)[307:wmt_loader][FM_NTC | MAIN]MT6627 atdc_th: 3496
03-06 20:44:34.441   307   307 E (0)[307:wmt_loader][FM_NTC | MAIN]MT6627 prx_th: 64
03-06 20:44:34.441   307   307 E (0)[307:wmt_loader][FM_NTC | MAIN]MT6627 atdev_th: 0
03-06 20:44:34.441   307   307 E (0)[307:wmt_loader][FM_NTC | MAIN]MT6627 smg_th: 16421
03-06 20:44:34.441   307   307 E (0)[307:wmt_loader][FM_NTC | MAIN]de_emphasis: 0
03-06 20:44:34.441   307   307 E (0)[307:wmt_loader][FM_NTC | MAIN]osc_freq: 0
03-06 20:44:34.441   307   307 E         : (0)[307:wmt_loader][FM_NTC | MAIN]aud path[1]I2S state[1]mode[0]rate[0]
03-06 20:44:34.442   307   307 E         : (0)[307:wmt_loader][FM_NTC | MAIN]MT6627 FM cust config
03-06 20:44:34.442   307   307 E (0)[307:wmt_loader][FM_NTC | MAIN]MT6627 rssi_l: -296
03-06 20:44:34.442   307   307 E (0)[307:wmt_loader][FM_NTC | MAIN]MT6627 rssi_s: -296
03-06 20:44:34.442   307   307 E (0)[307:wmt_loader][FM_NTC | MAIN]MT6627 pamd_th: -12
03-06 20:44:34.442   307   307 E (0)[307:wmt_loader][FM_NTC | MAIN]MT6627 mr_th: -67
03-06 20:44:34.442   307   307 E (0)[307:wmt_loader][FM_NTC | MAIN]MT6627 atdc_th: 3496
03-06 20:44:34.442   307   307 E (0)[307:wmt_loader][FM_NTC | MAIN]MT6627 prx_th: 64
03-06 20:44:34.442   307   307 E (0)[307:wmt_loader][FM_NTC | MAIN]MT6627 atdev_th: 0
03-06 20:44:34.442   307   307 E (0)[307:wmt_loader][FM_NTC | MAIN]MT6627 smg_th: 16421
03-06 20:44:34.442   307   307 E (0)[307:wmt_loader][FM_NTC | MAIN]de_emphasis: 0
03-06 20:44:34.442   307   307 E (0)[307:wmt_loader][FM_NTC | MAIN]osc_freq: 0
03-06 20:44:34.442   307   307 E         : (0)[307:wmt_loader][FM_NTC | MAIN]aud path[1]I2S state[1]mode[0]rate[0]
03-06 20:44:34.442   307   307 E (0)[307:wmt_loader][FM_NTC | MAIN]alloc fm: 225:0
03-06 20:44:34.442   307   307 E         : (0)[307:wmt_loader][FM_NTC | MAIN]create_proc_entry success
03-06 20:44:34.442   307   307 E         : (0)[307:wmt_loader][FM_NTC | MAIN]6. fm platform driver registered
03-06 20:44:34.442   307   307 E (0)[307:wmt_loader][FM-MOD-INIT][I]do_fm_drv_init: finish fm module init
03-06 20:44:34.442   307   307 E (0)[307:wmt_loader][WLAN-MOD-INIT][I]do_wlan_drv_init: start to do wlan module init 0x6755
03-06 20:44:34.442   307   307 W (0)[307:wmt_loader][MTK-WIFI] WIFI_init: mtk_wmt_WIFI_chrdev driver(major 153) installed.
03-06 20:44:34.442   307   307 E (0)[307:wmt_loader][WLAN-MOD-INIT][I]do_wlan_drv_init: WMT-WIFI char dev init, ret:0
03-06 20:44:34.443   307   307 I wmt_loader: set property(service.wcn.driver.ready) to yes succeed
03-06 20:44:34.443     1     1 I (5)[1:init]init: Starting service 'logcatd'...
03-06 20:44:34.444   307   307 E (0)[307:wmt_loader][WLAN-MOD-INIT][I]do_wlan_drv_init: WLAN-GEN2 driver init, ret:0
03-06 20:44:34.444   307   307 E (0)[307:wmt_loader][WLAN-MOD-INIT][I]do_wlan_drv_init: finish wlan module init
03-06 20:44:34.444   307   307 E (0)[307:wmt_loader][WMT-DETECT][I]wmt_detect_close: close major 154 minor 0 (pid 307)
03-06 20:44:34.448     1     1 I (5)[1:init][g_android][USB]enable_store: device_attr->attr.name: enable
03-06 20:44:34.448     1     1 I (5)[1:init][g_android][USB]enable_store: enable 1->0 case, device_desc.idVendor = 0x271d, device_desc.idProduct = 0x3c02
03-06 20:44:34.448     1     1 I (5)[1:init]android_usb gadget: unbind function 'mtp'/ffffffc0b7ce4c00
03-06 20:44:34.449     1     1 W         : (5)[1:init]mtp_function_unbind, line 2121:
03-06 20:44:34.449     1     1 I (5)[1:init]android_usb gadget: unbind function 'Function FS Gadget'/ffffffc0b7757b38
03-06 20:44:34.449     1     1 I (5)[1:init]android_usb gadget: unbind config 'android'/ffffffc001099270
03-06 20:44:34.449     1     1 I (5)[1:init][g_android][USB]functions_store: name = mtp
03-06 20:44:34.449     1     1 I (5)[1:init][g_android][USB]functions_store: name = adb
03-06 20:44:34.449     1     1 I (5)[1:init][g_android][USB]enable_store: device_attr->attr.name: enable
03-06 20:44:34.449     1     1 I         : (5)[1:init][g_android][USB]bind_config function 'mtp'/ffffffc00109a4e0
03-06 20:44:34.449     1     1 I         : (5)[1:init]mtp_bind_config
03-06 20:44:34.449     1     1 W (5)[1:init]mtp_function_bind dev: ffffffc0b7ce4c00
03-06 20:44:34.449     1     1 I         : (5)[1:init][g_android][USB]bind_config function 'ffs'/ffffffc001099350
03-06 20:44:34.449     1     1 I (5)[1:init]android_usb gadget: cfg 1/ffffffc001099270 speeds: super high full
03-06 20:44:34.449     1     1 I (5)[1:init][g_android][USB]enable_store: enable 0->1 case, device_desc.idVendor = 0x271d, device_desc.idProduct = 0x3c02
03-06 20:44:34.450   314   314 W hwcomposer: [EVENT] Start to listen uevent, addr.nl_pid(314)
03-06 20:44:34.452     1     1 I (5)[1:init]init: Service 'wmtLoader' (pid 307) exited with status 0
03-06 20:44:34.452   314   314 E MDP     : DpBlitStream: unrecognizable user 0
03-06 20:44:34.453   314   314 W GuiExt  : Cannot find GuiExtService
03-06 20:44:34.453   314   314 W GuiExt  : Cannot find GuiExtService
03-06 20:44:34.453   314   314 W GuiExt  : Cannot find GuiExtService
03-06 20:44:34.453   314   314 E GuiExt  : [GuiExtC] [status_t android::GuiExtClientConsumer::configDisplay(uint32_t, bool, uint32_t, uint32_t, uint32_t)] assertStateLocked fail
03-06 20:44:34.453   314   314 I hwcomposer: [DPY] Display Information:
03-06 20:44:34.453   314   314 I hwcomposer: [DPY] # fo current devices : 1
03-06 20:44:34.453   314   314 I hwcomposer: [DPY] ------------------------------------
03-06 20:44:34.453   314   314 I hwcomposer: [DPY] Device id   : 0
03-06 20:44:34.453   314   314 I hwcomposer: [DPY] Width       : 1080
03-06 20:44:34.454   314   314 I hwcomposer: [DPY] Height      : 1920
03-06 20:44:34.454   314   314 I hwcomposer: [DPY] xdpi        : 403.411774
03-06 20:44:34.454   314   314 I hwcomposer: [DPY] ydpi        : 399.737701
03-06 20:44:34.454   314   314 I hwcomposer: [DPY] vsync       : 1
03-06 20:44:34.454   314   314 I hwcomposer: [DPY] refresh     : 16750418
03-06 20:44:34.454   314   314 I hwcomposer: [DPY] connected   : 1
03-06 20:44:34.454   314   314 I hwcomposer: [DPY] hwrotation  : 0
03-06 20:44:34.454   314   314 I hwcomposer: [DPY] subtype     : 0
03-06 20:44:34.454   314   314 I hwcomposer: [DPY] aspect      : 0.562, 1.778
03-06 20:44:34.454   314   314 I hwcomposer: [DPY] protrait    : [   0,   0,1080,1920]
03-06 20:44:34.454   314   314 I hwcomposer: [DPY] landscape   : [   0,   0,1080,1920]
03-06 20:44:34.454   314   314 I hwcomposer: [DPY] trigger_by_vsync: 0
03-06 20:44:34.454   314   314 I hwcomposer: [DPY] supportS3D  : 0
03-06 20:44:34.454   314   314 I SurfaceFlinger: Using composer version 1.5
03-06 20:44:34.454   314   314 I hwcomposer: [HWC] getConfigs Display(0)
03-06 20:44:34.454   314   314 I hwcomposer: [HWC] getAttributes Display(0)
03-06 20:44:34.454   314   314 I hwcomposer: [HWC] getConfigs Display(1)
03-06 20:44:34.454   314   314 I hwcomposer: [HWC] getAttributes Display(1)
03-06 20:44:34.454   314   314 W hwcomposer: [HWC] Failed to get display attributes (dpy=1 is not connected)
03-06 20:44:34.454   314   314 I hwcomposer: [HWC] getAttributes Display(1)
03-06 20:44:34.454   314   314 W hwcomposer: [HWC] Failed to get display attributes (dpy=1 is not connected)
03-06 20:44:34.455   314   314 I SurfaceFlinger: EGL information:
03-06 20:44:34.455   314   314 I SurfaceFlinger: vendor    : Android
03-06 20:44:34.455   314   314 I SurfaceFlinger: version   : 1.4 Android META-EGL
03-06 20:44:34.455   314   314 I SurfaceFlinger: extensions: EGL_KHR_get_all_proc_addresses EGL_ANDROID_presentation_time EGL_KHR_swap_buffers_with_damage EGL_ANDROID_create_native_client_buffer EGL_ANDROID_front_buffer_auto_refresh EGL_KHR_image EGL_KHR_image_base EGL_KHR_gl_texture_2D_image EGL_KHR_gl_texture_cubemap_image EGL_KHR_gl_renderbuffer_image EGL_KHR_fence_sync EGL_KHR_create_context EGL_KHR_config_attribs EGL_KHR_surfaceless_context EGL_EXT_create_context_robustness EGL_ANDROID_image_native_buffer EGL_KHR_wait_sync EGL_ANDROID_recordable EGL_KHR_partial_update 
03-06 20:44:34.455   314   314 I SurfaceFlinger: Client API: OpenGL_ES
03-06 20:44:34.455   314   314 I SurfaceFlinger: EGLSurface: 8-8-8-8, config=0x7f86a24238
