03-07 13:50:05.532  1254  1286 D AT      : RIL_URC_READER Enter processLine:+ECSQ: 26,36,1,-380,-25,1,1,6,32767,-1
03-07 13:50:05.532  1254  1286 D RIL     : Nw URC:+ECSQ: 26,36,1,-380,-25,1,1,6,32767,-1
03-07 13:50:05.532  1254  1286 D RIL     : convert3GRssiValue baseband=0 ,isFdd3G=1,isTdd3G=0 ,RSCP_in_qdbm=-380 ,EcN0_in_qdbm=-25
03-07 13:50:05.532  1254  1286 D RILC    : callForRilVersion new vendor RIL, version: 11
03-07 13:50:05.532  1254  1286 I RILC    : RIL_SOCKET_1 UNSOLICITED: UNSOL_SIGNAL_STRENGTH length:68
03-07 13:50:05.532  1254  1286 E RILC    : Send Response to RIL_SOCKET_1
03-07 13:50:05.532  1254  1286 I AT      : AT read start
03-07 13:50:05.533  1767  1767 D GsmSST  : [GsmSST0] handle EVENT_SIGNAL_STRENGTH_UPDATE
03-07 13:50:05.533  1767  1767 D GsmSST  : [GsmSST0] onSignalStrengthResult():  LastSignalStrength=SignalStrength: 11 37 -120 -160 -6 0 -1 99 2147483647 2147483647 2147483647 2147483647 gsm|lte 1 -380 -23
03-07 13:50:05.533  1767  1767 D GsmSST  : [GsmSST0] onSignalStrengthResult():new mSignalStrength=SignalStrength: 11 36 -120 -160 -6 0 -1 99 2147483647 2147483647 2147483647 2147483647 gsm|lte 1 -380 -25
03-07 13:50:05.535  1767  1767 D TelephonyManager: getTelephonyProperty prop value= 25020
03-07 13:50:05.535  1767  1767 W SignalStrength: mapGsmSignalDbm() mGsmRscpQdbm=-380 asu=11
03-07 13:50:05.535  1767  1767 D GsmSST  : [GsmSST0] notifySignalStrength: mSignalStrength.getLevel=3
03-07 13:50:05.535  1767  1767 D DefaultPhoneNotifier: notifySignalStrength: mRegistry=com.android.internal.telephony.ITelephonyRegistry$Stub$Proxy@6f1b75d ss=SignalStrength: 11 36 -120 -160 -6 0 -1 99 2147483647 2147483647 2147483647 2147483647 gsm|lte 1 -380 -25 sender=Handler (com.android.internal.telephony.gsm.GSMPhone) {3ff5f82}
03-07 13:50:05.536  1304  1324 D TelephonyRegistry: notifySignalStrengthForSubscriber: subId=1 signalStrength=SignalStrength: 11 36 -120 -160 -6 0 -1 99 2147483647 2147483647 2147483647 2147483647 gsm|lte 1 -380 -25
03-07 13:50:05.536  1304  1324 D TelephonyRegistry: notifySignalStrengthForSubscriber: logSSC.length=5 next=1
03-07 13:50:05.536  1304  1324 D TelephonyRegistry: notifyServiceStateForSubscriber Time 20170307T134725Europe/Moscow(2,65,10800,0,1488883645) mSubId -3 mPhoneId 1  mState 3 3 voice home data home null null null null null null  Unknown Unknown CSS not supported -1 -1 RoamInd=-1 DefRoamInd=-1 EmergOnly=false Ril Voice Regist state: 0 Ril Data Regist state: 0 mProprietaryDataRadioTechnology: 0 VoiceRejectCause: -1 DataRejectCause: -1 IsDataRoamingFromRegistration=false
03-07 13:50:05.536  1304  1324 D TelephonyRegistry: notifyServiceStateForSubscriber Time 20170307T134726Europe/Moscow(2,65,10800,0,1488883646) mSubId 1 mPhoneId 0  mState 1 1 voice home data home null null null null null null  Unknown Unknown CSS not supported 0 0 RoamInd=-1 DefRoamInd=-1 EmergOnly=false Ril Voice Regist state: 2 Ril Data Regist state: 2 mProprietaryDataRadioTechnology: 0 VoiceRejectCause: -1 DataRejectCause: -1 IsDataRoamingFromRegistration=false
03-07 13:50:05.536  1304  1324 D TelephonyRegistry: notifyServiceStateForSubscriber Time 20170307T124728Europe/Kaliningrad(2,65,7200,0,1488883648) mSubId 1 mPhoneId 0  mState 0 0 voice home data home Tele2 Tele2 25020 Tele2 Tele2 25020  HSPA HSPA CSS not supported -1 -1 RoamInd=-1 DefRoamInd=-1 EmergOnly=false Ril Voice Regist state: 1 Ril Data Regist state: 1 mProprietaryDataRadioTechnology: 0 VoiceRejectCause: 0 DataRejectCause: -1 IsDataRoamingFromRegistration=false
03-07 13:50:05.537  1304  1324 D TelephonyRegistry: notifyServiceStateForSubscriber Time 20170307T134732Europe/Moscow(2,65,10800,0,1488883652) mSubId 1 mPhoneId 0  mState 0 0 voice home data home ROSTELECOM Tele2 25020 ROSTELECOM Tele2 25020  HSPA HSPA CSS not supported 0 0 RoamInd=-1 DefRoamInd=-1 EmergOnly=false Ril Voice Regist state: 1 Ril Data Regist state: 1 mProprietaryDataRadioTechnology: 0 VoiceRejectCause: 0 DataRejectCause: -1 IsDataRoamingFromRegistration=false
03-07 13:50:05.537  1304  1324 D TelephonyRegistry: notifyServiceStateForSubscriber Time 20170307T134918Europe/Moscow(2,65,10800,0,1488883758) mSubId 1 mPhoneId 0  mState 0 0 voice home data home ROSTELECOM Tele2 25020 ROSTELECOM Tele2 25020  HSPA HSPA CSS not supported -1 -1 RoamInd=-1 DefRoamInd=-1 EmergOnly=false Ril Voice Regist state: 1 Ril Data Regist state: 1 mProprietaryDataRadioTechnology: 0 VoiceRejectCause: 0 DataRejectCause: -1 IsDataRoamingFromRegistration=false
03-07 13:50:05.537  1304  1324 D TelephonyRegistry: notifySignalStrengthForSubscriber: ----------------
03-07 13:50:05.540  1304  1324 D TelephonyRegistry: validatePhoneId: true
03-07 13:50:05.540  1304  1324 D TelephonyRegistry: notifySignalStrengthForSubscriber: valid phoneId=0
03-07 13:50:05.540  1304  1324 D TelephonyRegistry: idMatch: rlt=true
03-07 13:50:05.540  1304  1324 D TelephonyRegistry: notifySignalStrengthForSubscriber: callback.onSsS r={callingPackage=android binder=android.telephony.PhoneStateListener$1@12c2ac5 callback=android.telephony.PhoneStateListener$1@12c2ac5 onSubscriptionsChangedListenererCallback=null callerUserId=0 subId=2147483647 phoneId=-1 events=1c1 canReadPhoneState=true} subId=1 phoneId=0 ss=SignalStrength: 11 36 -120 -160 -6 0 -1 99 2147483647 2147483647 2147483647 2147483647 gsm|lte 1 -380 -25
03-07 13:50:05.540  1304  1324 D TelephonyRegistry: idMatch: rlt=true
03-07 13:50:05.540  1304  1324 D TelephonyRegistry: notifySignalStrengthForSubscriber: callback.onSsS r={callingPackage=com.android.systemui binder=android.os.BinderProxy@c7a53af callback=com.android.internal.telephony.IPhoneStateListener$Stub$Proxy@def23bc onSubscriptionsChangedListenererCallback=null callerUserId=0 subId=1 phoneId=0 events=101e1 canReadPhoneState=true} subId=1 phoneId=0 ss=SignalStrength: 11 36 -120 -160 -6 0 -1 99 2147483647 2147483647 2147483647 2147483647 gsm|lte 1 -380 -25
03-07 13:50:05.541  1304  1324 D TelephonyRegistry: handleRemoveListLocked: mRemoveList.size()=0
03-07 13:50:05.544  1304  1324 D TelephonyManager: getTelephonyProperty prop value= 25020
03-07 13:50:05.544  1304  1324 W SignalStrength: mapGsmSignalDbm() mGsmRscpQdbm=-380 asu=11
03-07 13:50:05.547  1446  1651 D TelephonyManager: getTelephonyProperty prop value= 25020
03-07 13:50:05.547  1446  1651 W SignalStrength: mapGsmSignalDbm() mGsmRscpQdbm=-380 asu=11
03-07 13:50:05.547  1767  1767 D GsmSST  : [GsmSST0] handleMessage msg done
03-07 13:50:05.551  1446  1651 D TelephonyManager: getTelephonyProperty prop value= 25020
03-07 13:50:05.551  1446  1651 W SignalStrength: mapGsmSignalDbm() mGsmRscpQdbm=-380 asu=11
03-07 13:50:05.657  1304  1344 I am_activity_launch_time: [0,105473065,com.android.settings/.SubSettings,260,260]
03-07 13:50:05.977   308   308 I sf_frame_dur: [com.android.settings/com.android.settings.SubSettings,246,1,0,0,1,0,0]
03-07 13:50:07.073  1304  1983 I am_kill : [0,4970,com.android.providers.calendar,15,empty #13]
03-07 13:50:07.142  1304  1997 I am_proc_died: [0,4970,com.android.providers.calendar]
03-07 13:50:07.170  1304  1338 I am_pss  : [5051,10010,com.google.android.gms:car,15207424,10149888]
03-07 13:50:09.075  1767  1767 E SmsApplication: com.mediatek.datatransfer does not have system signature
03-07 13:50:09.076  1767  1767 E SmsApplication: com.mediatek.apst.target does not have system signature
03-07 13:50:09.077  1767  1767 E SmsApplication: com.mediatek.ppl does not have system signature
03-07 13:50:09.083  1767  1767 E SmsApplication: com.mediatek.backuprestore does not have system signature
03-07 13:50:09.083  1767  1767 E SmsApplication: com.mediatek.rcs.messageservice does not have system signature
03-07 13:50:09.084  1767  1767 E SmsApplication: com.mediatek.esntrack does not have system signature
03-07 13:50:09.084  1767  1767 E SmsApplication: gn.com.android.salestrack does not have system signature
03-07 13:50:09.089  1767  1767 E SmsApplication: gn.com.android.salestrackgi does not have system signature
03-07 13:50:09.334  1767  1767 D FdManager: [GDCT][phoneId0]onReceive: action=android.intent.action.BATTERY_CHANGED
03-07 13:50:09.335  1304  1304 I notification_cancel: [10022,1446,com.android.systemui,2131755032,low_battery,-1,0,64,8,NULL]
03-07 13:50:09.335  1767  1767 D FdManager: [GDCT][phoneId1]onReceive: action=android.intent.action.BATTERY_CHANGED
03-07 13:50:09.382  1304  1339 I am_proc_start: [0,5363,10063,com.mediatek.mtklogger,broadcast,com.mediatek.mtklogger/.framework.LogReceiver]
03-07 13:50:09.451  1767  1767 D FdManager: [GDCT][phoneId0]onReceive: action=android.intent.action.BATTERY_CHANGED
03-07 13:50:09.451  1767  1767 D FdManager: [GDCT][phoneId1]onReceive: action=android.intent.action.BATTERY_CHANGED
03-07 13:50:09.451  1304  1304 I notification_cancel: [10022,1446,com.android.systemui,2131755032,low_battery,-1,0,64,8,NULL]
03-07 13:50:09.562  1304  1984 I am_proc_bound: [0,5363,com.mediatek.mtklogger]
03-07 13:50:09.578  1767  1767 D FdManager: [GDCT][phoneId0]onReceive: action=android.intent.action.BATTERY_CHANGED
03-07 13:50:09.578  1767  1767 D FdManager: [GDCT][phoneId1]onReceive: action=android.intent.action.BATTERY_CHANGED
03-07 13:50:09.578  1304  1304 I notification_cancel: [10022,1446,com.android.systemui,2131755032,low_battery,-1,0,64,8,NULL]
03-07 13:50:09.601  1304  1891 I am_kill : [0,4253,com.google.android.gms.unstable,15,empty #13]
03-07 13:50:09.638   308   308 I sf_frame_dur: [  USB?,4,2,0,1,0,1,0]
03-07 13:50:09.754  1304  1890 I am_proc_died: [0,4253,com.google.android.gms.unstable]
03-07 13:50:09.770  1304  1984 I am_proc_start: [0,5378,1001,com.mediatek.engineermode,broadcast,com.mediatek.engineermode/.mbim.UsbStateReceiver]
03-07 13:50:09.773  1304  1984 I am_kill : [0,5051,com.google.android.gms:car,15,empty #13]
03-07 13:50:09.841  1304  1810 I am_proc_died: [0,5051,com.google.android.gms:car]
03-07 13:50:09.871  1304  1809 I am_finish_activity: [0,105473065,40,com.android.settings/.SubSettings,app-request]
03-07 13:50:09.871  1304  1809 I am_home_stack_moved: [0,0,1,1,finishActivity adjustFocus setFocusedActivity]
03-07 13:50:09.871  1304  1809 I wm_task_moved: [40,1,0]
03-07 13:50:09.873  1304  1809 I am_focused_activity: [0,com.android.settings/.SubSettings]
03-07 13:50:09.873  1304  1809 I am_pause_activity: [0,105473065,com.android.settings/.SubSettings]
03-07 13:50:09.876  5102  5102 I sysui_view_visibility: [39,0]
03-07 13:50:09.878  5102  5102 I am_on_paused_called: [0,com.android.settings.SubSettings]
03-07 13:50:09.879  1304  1324 I am_resume_activity: [0,93646061,40,com.android.settings/.SubSettings]
03-07 13:50:09.889  5102  5102 I sysui_view_visibility: [239,100]
03-07 13:50:09.891  5102  5102 I am_on_resume_called: [0,com.android.settings.SubSettings]
03-07 13:50:09.963  1304  1304 I notification_enqueue: [10017,4139,com.android.vending,-1050172287,NULL,0,Notification(pri=-1 contentView=null vibrate=null sound=null tick defaults=0x0 flags=0x110 color=0xff689f38 category=progress vis=PRIVATE),0]
03-07 13:50:09.977  1304  1809 I am_proc_bound: [0,5378,com.mediatek.engineermode]
03-07 13:50:10.137   856   856 D RILMUXD : [gsm0710muxd] 3913:main(): Frames received/dropped: 812/0
03-07 13:50:10.242  1304  1339 I am_destroy_activity: [0,105473065,40,com.android.settings/.SubSettings,finish-imm]
03-07 13:50:10.258   308   308 I sf_frame_dur: [com.android.settings/com.android.settings.SubSettings,172,6,0,0,3,0,0]
03-07 13:50:10.507  1767  2040 D GSMPhone: [GSMPhone] getDeviceId: 354147042120783
03-07 13:50:10.514  1767  2039 D GSMPhone: [GSMPhone] getDeviceId: 354147042120783
03-07 13:50:10.515  1767  2040 D GSMPhone: [GSMPhone] getDeviceId: 354147042120783
03-07 13:50:10.519  1304  1341 I am_home_stack_moved: [0,0,1,1,startingNewTask]
03-07 13:50:10.519  1304  1341 I wm_task_moved: [40,1,0]
03-07 13:50:10.521  1304  1341 I am_create_task: [0,41]
03-07 13:50:10.521  1304  1341 I am_create_activity: [0,35619869,41,com.android.systemui/.usb.UsbDebuggingActivity,NULL,NULL,NULL,276824064]
03-07 13:50:10.521  1304  1341 I wm_task_created: [41,1]
03-07 13:50:10.521  1304  1341 I wm_task_moved: [41,1,1]
03-07 13:50:10.544  1304  1341 I am_pause_activity: [0,93646061,com.android.settings/.SubSettings]
03-07 13:50:10.546  1304  1341 I am_home_stack_moved: [0,0,1,1,startedActivity setFocusedActivity]
03-07 13:50:10.546  1304  1341 I wm_task_moved: [41,1,1]
03-07 13:50:10.549  1304  1341 I am_focused_activity: [0,com.android.systemui/.usb.UsbDebuggingActivity]
03-07 13:50:10.559  5102  5102 I sysui_view_visibility: [239,0]
03-07 13:50:10.561  5102  5102 I am_on_paused_called: [0,com.android.settings.SubSettings]
03-07 13:50:10.564  1304  1337 I am_restart_activity: [0,35619869,41,com.android.systemui/.usb.UsbDebuggingActivity]
03-07 13:50:10.604  1767  1844 D GSMPhone: [GSMPhone] getDeviceId: 354147042120783
03-07 13:50:10.620  1446  1446 I am_on_resume_called: [0,com.android.systemui.usb.UsbDebuggingActivity]
03-07 13:50:10.651   856  1239 D RILMUXD : [gsm0710muxd] 1649:gsm0710_base_buffer_get_frame(): Get a complete frame. ch:2, ctrl:239, len:42
03-07 13:50:10.651   856  1239 D RILMUXD : [gsm0710muxd] 2394:extract_frames(): Writing 42 byte frame received on channel 2 to /dev/pts/2
03-07 13:50:10.651   856  1239 D RILMUXD : [gsm0710muxd] 2414:extract_frames(): write() returned. Written 42/42 bytes of frame to /dev/pts/2
03-07 13:50:10.651   856  1239 D RILMUXD : [gsm0710muxd] 2419:extract_frames(): fsync() failed (-1, 22 - Invalid argument)
03-07 13:50:10.651  1254  1286 I AT      : AT read end: 42
03-07 13:50:10.651  1254  1286 D AT      : AT< +ECSQ: 26,36,1,-378,-25,1,1,6,32767,-1
03-07 13:50:10.651  1254  1286 D AT      : RIL_URC_READER Enter processLine:+ECSQ: 26,36,1,-378,-25,1,1,6,32767,-1
03-07 13:50:10.651  1254  1286 D RIL     : Nw URC:+ECSQ: 26,36,1,-378,-25,1,1,6,32767,-1
03-07 13:50:10.651  1254  1286 D RIL     : convert3GRssiValue baseband=0 ,isFdd3G=1,isTdd3G=0 ,RSCP_in_qdbm=-378 ,EcN0_in_qdbm=-25
03-07 13:50:10.651  1254  1286 D RILC    : callForRilVersion new vendor RIL, version: 11
03-07 13:50:10.652  1254  1286 I RILC    : RIL_SOCKET_1 UNSOLICITED: UNSOL_SIGNAL_STRENGTH length:68
03-07 13:50:10.652  1254  1286 E RILC    : Send Response to RIL_SOCKET_1
03-07 13:50:10.652  1254  1286 I AT      : AT read start
03-07 13:50:10.652  1767  1767 D GsmSST  : [GsmSST0] handle EVENT_SIGNAL_STRENGTH_UPDATE
03-07 13:50:10.652  1767  1767 D GsmSST  : [GsmSST0] onSignalStrengthResult():  LastSignalStrength=SignalStrength: 11 36 -120 -160 -6 0 -1 99 2147483647 2147483647 2147483647 2147483647 gsm|lte 1 -380 -25
03-07 13:50:10.652  1767  1767 D GsmSST  : [GsmSST0] onSignalStrengthResult():new mSignalStrength=SignalStrength: 11 36 -120 -160 -6 0 -1 99 2147483647 2147483647 2147483647 2147483647 gsm|lte 1 -380 -25
03-07 13:50:10.652  1767  1767 D GsmSST  : [GsmSST0] handleMessage msg done
03-07 13:50:10.699  1304  1344 I am_activity_launch_time: [0,35619869,com.android.systemui/.usb.UsbDebuggingActivity,136,136]
03-07 13:50:10.728  1254  1282 I RILC    : NUMBER:1
03-07 13:50:10.729  1254  1282 I RILC    : arg len:14
03-07 13:50:10.729  1254  1282 I RILC    : ARGS[0]:THERMAL,0,-1
03-07 13:50:10.729  1254  1282 D RILC    : C[locl]> QUERY_MODEM_THERMAL
03-07 13:50:10.729  1254  1282 I RILC-MTK: set request 2502 to protocal 1, proxyId=3
03-07 13:50:10.729  1254  1282 D RILC-MTK: QUERY_MODEM_THERMAL pRI=0x7f7e649810 p=0x7f7e66c8c0 dispatched to RIL_CMD_PROXY_1
03-07 13:50:10.729  1254  1272 I RILC-MTK: RIL_CMD_PROXY_2 wakeup
03-07 13:50:10.729  1254  1272 I RILC-MTK: RIL_CMD_PROXY_2 sleep
03-07 13:50:10.729  1254  1270 I RILC-MTK: RIL_URC_PROXY wakeup
03-07 13:50:10.729  1254  1270 I RILC-MTK: RIL_URC_PROXY sleep
03-07 13:50:10.729  1254  1280 I RILC-MTK: RIL_CMD2_PROXY_4 wakeup
03-07 13:50:10.729  1254  1275 I RILC-MTK: RIL_ATCI_PROXY wakeup
03-07 13:50:10.729  1254  1280 I RILC-MTK: RIL_CMD2_PROXY_4 sleep
03-07 13:50:10.729  1254  1275 I RILC-MTK: RIL_ATCI_PROXY sleep
03-07 13:50:10.729  1254  1281 I RILC-MTK: RIL_ATCI2_PROXY wakeup
03-07 13:50:10.729  1254  1281 I RILC-MTK: RIL_ATCI2_PROXY sleep
03-07 13:50:10.729  1254  1277 I RILC-MTK: RIL_CMD2_PROXY_3 wakeup
03-07 13:50:10.729  1254  1278 I RILC-MTK: RIL_CMD2_PROXY_2 wakeup
03-07 13:50:10.729  1254  1277 I RILC-MTK: RIL_CMD2_PROXY_3 sleep
03-07 13:50:10.729  1254  1278 I RILC-MTK: RIL_CMD2_PROXY_2 sleep
03-07 13:50:10.729  1254  1274 I RILC-MTK: RIL_CMD_PROXY_4 wakeup
03-07 13:50:10.729  1254  1274 I RILC-MTK: RIL_CMD_PROXY_4 sleep
03-07 13:50:10.729  1254  1271 I RILC-MTK: RIL_CMD_PROXY_3 wakeup
03-07 13:50:10.729  1254  1276 I RILC-MTK: RIL_URC2_PROXY wakeup
03-07 13:50:10.729  1254  1271 I RILC-MTK: RIL_CMD_PROXY_3 sleep
03-07 13:50:10.729  1254  1276 I RILC-MTK: RIL_URC2_PROXY sleep
03-07 13:50:10.729  1254  1279 I RILC-MTK: RIL_CMD2_PROXY_1 wakeup
03-07 13:50:10.729  1254  1279 I RILC-MTK: RIL_CMD2_PROXY_1 sleep
03-07 13:50:10.730  1254  1273 I RILC-MTK: RIL_CMD_PROXY_1 wakeup
03-07 13:50:10.730  1254  1273 D RILC-MTK: proxy id:3, proxyName: RIL_CMD_PROXY_1
03-07 13:50:10.730  1254  1273 D RILC-MTK: QUERY_MODEM_THERMAL pRI=0x7f7e649810 p=0x7f7e66c8c0 execute on RIL_CMD_PROXY_1 using channel 3
03-07 13:50:10.730  1254  1273 D RILC    : callOnRequest for new vendor ril
03-07 13:50:10.730  1254  1273 D RIL     : onRequest: QUERY_MODEM_THERMAL, datalen = 8
03-07 13:50:10.730  1254  1273 D RIL     : radioState:10
03-07 13:50:10.730  1254  1273 D RIL     : requestQueryThermal Enter,-1
03-07 13:50:10.730  1254  1273 D AT      : getRILChannelCtx subsystem:1, rid:0 channelOffset:0
03-07 13:50:10.730  1254  1273 D AT      : AT send on RIL_CMD_READER_3, tid:547607036992
03-07 13:50:10.730  1254  1273 D AT      : AT> AT+ETHERMAL
03-07 13:50:10.730  1254  1273 I AT      : AT write start
03-07 13:50:10.730  1254  1273 I AT      : AT write end, errno = 2, length = 12
03-07 13:50:10.730   856  1245 D RILMUXD : [gsm0710muxd] 3630:poll_thread(): poll_thread select found
03-07 13:50:10.731   856  1245 D RILMUXD : [gsm0710muxd] 1050:pseudo_device_read(): Enter, LackofAtciChannel=0
03-07 13:50:10.731   856  1245 D RILMUXD : [gsm0710muxd] 657:write_frame(): Sending frame to channel 5
03-07 13:50:10.731   856  1245 D RILMUXD : [gsm0710muxd] 772:write_frame(): Write a frame on channel 5 with length 12
03-07 13:50:10.735   856  1239 D RILMUXD : [gsm0710muxd] 1649:gsm0710_base_buffer_get_frame(): Get a complete frame. ch:5, ctrl:239, len:42
03-07 13:50:10.735   856  1239 D RILMUXD : [gsm0710muxd] 2394:extract_frames(): Writing 42 byte frame received on channel 5 to /dev/pts/5
03-07 13:50:10.735   856  1239 D RILMUXD : [gsm0710muxd] 2414:extract_frames(): write() returned. Written 42/42 bytes of frame to /dev/pts/5
03-07 13:50:10.735   856  1239 D RILMUXD : [gsm0710muxd] 2419:extract_frames(): fsync() failed (-1, 22 - Invalid argument)
03-07 13:50:10.735  1254  1289 I AT      : AT read end: 42
03-07 13:50:10.735  1254  1289 D AT      : AT< +ETHERMAL: 2, 32767, -127, 0, 32767, 1
03-07 13:50:10.735  1254  1289 D AT      : RIL_CMD_READER_3 Enter processLine:+ETHERMAL: 2, 32767, -127, 0, 32767, 1
03-07 13:50:10.735  1254  1289 I AT      : AT read start
03-07 13:50:10.736   856  1239 D RILMUXD : [gsm0710muxd] 1649:gsm0710_base_buffer_get_frame(): Get a complete frame. ch:5, ctrl:239, len:6
03-07 13:50:10.736   856  1239 D RILMUXD : [gsm0710muxd] 2394:extract_frames(): Writing 6 byte frame received on channel 5 to /dev/pts/5
03-07 13:50:10.736   856  1239 D RILMUXD : [gsm0710muxd] 2414:extract_frames(): write() returned. Written 6/6 bytes of frame to /dev/pts/5
03-07 13:50:10.736   856  1239 D RILMUXD : [gsm0710muxd] 2419:extract_frames(): fsync() failed (-1, 22 - Invalid argument)
03-07 13:50:10.736  1254  1289 I AT      : AT read end: 6
03-07 13:50:10.736  1254  1289 D AT      : AT< OK
03-07 13:50:10.736  1254  1289 D AT      : RIL_CMD_READER_3 Enter processLine:OK
03-07 13:50:10.736  1254  1289 I AT      : AT read start
03-07 13:50:10.736  1254  1273 D AT      : response received on RIL_CMD_READER_3, tid:547607036992
03-07 13:50:10.736  1254  1273 D RIL     : requestQueryThermal success
03-07 13:50:10.736  1254  1273 D RILC    : RequestComplete, RIL_SOCKET_1
03-07 13:50:10.736  1254  1273 D RILC    : [THERMAL] local request for THERMAL returned 
03-07 13:50:10.736  1254  1273 D RILC    : [THERMAL] s_THERMAL_fd is valid strResult is  2, 32767, -127, 0, 32767, 1
03-07 13:50:10.736  1254  1273 D RILC-MTK: proxyLoop free  pRI=0x7f7e649810 p=0x7f7e66c8c0 
03-07 13:50:10.736  1254  1273 D RILC-MTK: proxyLoop free  pRequest=0x7f7e5e20c0
03-07 13:50:10.736  1254  1273 I RILC-MTK: RIL_CMD_PROXY_1 sleep
03-07 13:50:13.571  1304  1984 I am_finish_activity: [0,35619869,41,com.android.systemui/.usb.UsbDebuggingActivity,app-request]
03-07 13:50:13.571  1304  1984 I am_home_stack_moved: [0,0,1,1,finishActivity adjustFocus setFocusedActivity]
03-07 13:50:13.571  1304  1984 I wm_task_moved: [41,1,1]
03-07 13:50:13.574  1304  1984 I am_focused_activity: [0,com.android.settings/.SubSettings]
03-07 13:50:13.598  1304  1984 I am_pause_activity: [0,35619869,com.android.systemui/.usb.UsbDebuggingActivity]
03-07 13:50:13.603  1446  1446 I am_on_paused_called: [0,com.android.systemui.usb.UsbDebuggingActivity]
03-07 13:50:13.605  1304  1996 I am_resume_activity: [0,93646061,40,com.android.settings/.SubSettings]
03-07 13:50:13.622  5102  5102 I sysui_view_visibility: [239,100]
03-07 13:50:13.626  5102  5102 I am_on_resume_called: [0,com.android.settings.SubSettings]
03-07 13:50:13.642  1304  1891 I am_destroy_activity: [0,35619869,41,com.android.systemui/.usb.UsbDebuggingActivity,finish-imm]
03-07 13:50:13.807  1304  1344 I wm_task_removed: [41,removeAppToken: last token]
03-07 13:50:13.807  1304  1344 I wm_task_removed: [41,removeTask]
03-07 13:50:13.820   308   308 I sf_frame_dur: [com.android.systemui/com.android.systemui.usb.UsbDebuggingActivity,56,3,0,1,1,0,0]
03-07 13:50:15.137   856   856 D RILMUXD : [gsm0710muxd] 3913:main(): Frames received/dropped: 815/0
03-07 13:50:15.564  1304  1304 I free_storage_changed: 45988552704
03-07 13:50:15.772   856  1239 D RILMUXD : [gsm0710muxd] 1649:gsm0710_base_buffer_get_frame(): Get a complete frame. ch:2, ctrl:239, len:42
03-07 13:50:15.773   856  1239 D RILMUXD : [gsm0710muxd] 2394:extract_frames(): Writing 42 byte frame received on channel 2 to /dev/pts/2
03-07 13:50:15.773   856  1239 D RILMUXD : [gsm0710muxd] 2414:extract_frames(): write() returned. Written 42/42 bytes of frame to /dev/pts/2
03-07 13:50:15.773   856  1239 D RILMUXD : [gsm0710muxd] 2419:extract_frames(): fsync() failed (-1, 22 - Invalid argument)
03-07 13:50:15.773  1254  1286 I AT      : AT read end: 42
03-07 13:50:15.773  1254  1286 D AT      : AT< +ECSQ: 24,36,1,-386,-25,1,1,6,32767,-1
03-07 13:50:15.773  1254  1286 D AT      : RIL_URC_READER Enter processLine:+ECSQ: 24,36,1,-386,-25,1,1,6,32767,-1
03-07 13:50:15.773  1254  1286 D RIL     : Nw URC:+ECSQ: 24,36,1,-386,-25,1,1,6,32767,-1
03-07 13:50:15.773  1254  1286 D RIL     : convert3GRssiValue baseband=0 ,isFdd3G=1,isTdd3G=0 ,RSCP_in_qdbm=-386 ,EcN0_in_qdbm=-25
03-07 13:50:15.773  1254  1286 D RILC    : callForRilVersion new vendor RIL, version: 11
03-07 13:50:15.773  1254  1286 I RILC    : RIL_SOCKET_1 UNSOLICITED: UNSOL_SIGNAL_STRENGTH length:68
03-07 13:50:15.773  1254  1286 E RILC    : Send Response to RIL_SOCKET_1
03-07 13:50:15.773  1254  1286 I AT      : AT read start
03-07 13:50:15.773  1767  1767 D GsmSST  : [GsmSST0] handle EVENT_SIGNAL_STRENGTH_UPDATE
03-07 13:50:15.773  1767  1767 D GsmSST  : [GsmSST0] onSignalStrengthResult():  LastSignalStrength=SignalStrength: 11 36 -120 -160 -6 0 -1 99 2147483647 2147483647 2147483647 2147483647 gsm|lte 1 -380 -25
03-07 13:50:15.773  1767  1767 D GsmSST  : [GsmSST0] onSignalStrengthResult():new mSignalStrength=SignalStrength: 11 36 -120 -160 -6 0 -1 99 2147483647 2147483647 2147483647 2147483647 gsm|lte 1 -388 -25
03-07 13:50:15.776  1767  1767 D TelephonyManager: getTelephonyProperty prop value= 25020
03-07 13:50:15.776  1767  1767 W SignalStrength: mapGsmSignalDbm() mGsmRscpQdbm=-388 asu=11
03-07 13:50:15.776  1767  1767 D GsmSST  : [GsmSST0] notifySignalStrength: mSignalStrength.getLevel=3
03-07 13:50:15.776  1767  1767 D DefaultPhoneNotifier: notifySignalStrength: mRegistry=com.android.internal.telephony.ITelephonyRegistry$Stub$Proxy@6f1b75d ss=SignalStrength: 11 36 -120 -160 -6 0 -1 99 2147483647 2147483647 2147483647 2147483647 gsm|lte 1 -388 -25 sender=Handler (com.android.internal.telephony.gsm.GSMPhone) {3ff5f82}
03-07 13:50:15.777  1304  1337 D TelephonyRegistry: notifySignalStrengthForSubscriber: subId=1 signalStrength=SignalStrength: 11 36 -120 -160 -6 0 -1 99 2147483647 2147483647 2147483647 2147483647 gsm|lte 1 -388 -25
03-07 13:50:15.777  1304  1337 D TelephonyRegistry: notifySignalStrengthForSubscriber: logSSC.length=5 next=1
03-07 13:50:15.778  1304  1337 D TelephonyRegistry: notifyServiceStateForSubscriber Time 20170307T134725Europe/Moscow(2,65,10800,0,1488883645) mSubId -3 mPhoneId 1  mState 3 3 voice home data home null null null null null null  Unknown Unknown CSS not supported -1 -1 RoamInd=-1 DefRoamInd=-1 EmergOnly=false Ril Voice Regist state: 0 Ril Data Regist state: 0 mProprietaryDataRadioTechnology: 0 VoiceRejectCause: -1 DataRejectCause: -1 IsDataRoamingFromRegistration=false
03-07 13:50:15.778  1304  1337 D TelephonyRegistry: notifyServiceStateForSubscriber Time 20170307T134726Europe/Moscow(2,65,10800,0,1488883646) mSubId 1 mPhoneId 0  mState 1 1 voice home data home null null null null null null  Unknown Unknown CSS not supported 0 0 RoamInd=-1 DefRoamInd=-1 EmergOnly=false Ril Voice Regist state: 2 Ril Data Regist state: 2 mProprietaryDataRadioTechnology: 0 VoiceRejectCause: -1 DataRejectCause: -1 IsDataRoamingFromRegistration=false
03-07 13:50:15.779  1304  1337 D TelephonyRegistry: notifyServiceStateForSubscriber Time 20170307T124728Europe/Kaliningrad(2,65,7200,0,1488883648) mSubId 1 mPhoneId 0  mState 0 0 voice home data home Tele2 Tele2 25020 Tele2 Tele2 25020  HSPA HSPA CSS not supported -1 -1 RoamInd=-1 DefRoamInd=-1 EmergOnly=false Ril Voice Regist state: 1 Ril Data Regist state: 1 mProprietaryDataRadioTechnology: 0 VoiceRejectCause: 0 DataRejectCause: -1 IsDataRoamingFromRegistration=false
03-07 13:50:15.779  1304  1337 D TelephonyRegistry: notifyServiceStateForSubscriber Time 20170307T134732Europe/Moscow(2,65,10800,0,1488883652) mSubId 1 mPhoneId 0  mState 0 0 voice home data home ROSTELECOM Tele2 25020 ROSTELECOM Tele2 25020  HSPA HSPA CSS not supported 0 0 RoamInd=-1 DefRoamInd=-1 EmergOnly=false Ril Voice Regist state: 1 Ril Data Regist state: 1 mProprietaryDataRadioTechnology: 0 VoiceRejectCause: 0 DataRejectCause: -1 IsDataRoamingFromRegistration=false
03-07 13:50:15.779  1304  1337 D TelephonyRegistry: notifyServiceStateForSubscriber Time 20170307T134918Europe/Moscow(2,65,10800,0,1488883758) mSubId 1 mPhoneId 0  mState 0 0 voice home data home ROSTELECOM Tele2 25020 ROSTELECOM Tele2 25020  HSPA HSPA CSS not supported -1 -1 RoamInd=-1 DefRoamInd=-1 EmergOnly=false Ril Voice Regist state: 1 Ril Data Regist state: 1 mProprietaryDataRadioTechnology: 0 VoiceRejectCause: 0 DataRejectCause: -1 IsDataRoamingFromRegistration=false
03-07 13:50:15.779  1304  1337 D TelephonyRegistry: notifySignalStrengthForSubscriber: ----------------
03-07 13:50:15.781  1304  1337 D TelephonyRegistry: validatePhoneId: true
03-07 13:50:15.781  1304  1337 D TelephonyRegistry: notifySignalStrengthForSubscriber: valid phoneId=0
03-07 13:50:15.781  1304  1337 D TelephonyRegistry: idMatch: rlt=true
03-07 13:50:15.781  1304  1337 D TelephonyRegistry: notifySignalStrengthForSubscriber: callback.onSsS r={callingPackage=android binder=android.telephony.PhoneStateListener$1@12c2ac5 callback=android.telephony.PhoneStateListener$1@12c2ac5 onSubscriptionsChangedListenererCallback=null callerUserId=0 subId=2147483647 phoneId=-1 events=1c1 canReadPhoneState=true} subId=1 phoneId=0 ss=SignalStrength: 11 36 -120 -160 -6 0 -1 99 2147483647 2147483647 2147483647 2147483647 gsm|lte 1 -388 -25
03-07 13:50:15.781  1304  1337 D TelephonyRegistry: idMatch: rlt=true
03-07 13:50:15.781  1304  1337 D TelephonyRegistry: notifySignalStrengthForSubscriber: callback.onSsS r={callingPackage=com.android.systemui binder=android.os.BinderProxy@c7a53af callback=com.android.internal.telephony.IPhoneStateListener$Stub$Proxy@def23bc onSubscriptionsChangedListenererCallback=null callerUserId=0 subId=1 phoneId=0 events=101e1 canReadPhoneState=true} subId=1 phoneId=0 ss=SignalStrength: 11 36 -120 -160 -6 0 -1 99 2147483647 2147483647 2147483647 2147483647 gsm|lte 1 -388 -25
03-07 13:50:15.781  1304  1337 D TelephonyRegistry: handleRemoveListLocked: mRemoveList.size()=0
03-07 13:50:15.783  1304  1337 D TelephonyManager: getTelephonyProperty prop value= 25020
03-07 13:50:15.784  1304  1337 W SignalStrength: mapGsmSignalDbm() mGsmRscpQdbm=-388 asu=11
03-07 13:50:15.787  1767  1767 D GsmSST  : [GsmSST0] handleMessage msg done
03-07 13:50:15.816  1446  1651 D TelephonyManager: getTelephonyProperty prop value= 25020
03-07 13:50:15.816  1446  1651 W SignalStrength: mapGsmSignalDbm() mGsmRscpQdbm=-388 asu=11
03-07 13:50:15.824  1446  1651 D TelephonyManager: getTelephonyProperty prop value= 25020
03-07 13:50:15.824  1446  1651 W SignalStrength: mapGsmSignalDbm() mGsmRscpQdbm=-388 asu=11
03-07 13:50:16.225  1949  2286 D TelephonyManager: getTelephonyProperty prop value= 25020
03-07 13:50:16.825  4139  4186 D TelephonyManager: getNetworkOperatorName phoneId= 0
03-07 13:50:16.828  4139  4186 D TelephonyManager: getTelephonyProperty prop value= ROSTELECOM
03-07 13:50:16.830  4139  4186 D TelephonyManager: getTelephonyProperty prop value= 25020
03-07 13:50:16.833  4139  4186 D TelephonyManager: getTelephonyProperty prop value= 25020
03-07 13:50:16.877  1304  1338 I am_pss  : [1804,1000,com.android.launcher3,69643264,61895680]
03-07 13:50:16.962  1304  1304 I notification_cancel: [1000,1304,android,2,NULL,0,0,0,8,NULL]
03-07 13:50:18.921  1304  1995 I am_kill : [0,5194,com.android.keychain,15,empty #13]
03-07 13:50:18.921  1304  1352 I unknown_sources_enabled: 0
03-07 13:50:18.973  1304  1809 I am_proc_died: [0,5194,com.android.keychain]
03-07 13:50:19.015  1804  1804 I force_gc: bg
03-07 13:50:19.017  1788  1788 I force_gc: bg
03-07 13:50:19.021  1304  1304 I notification_cancel_all: [1000,1304,com.google.android.calendar,0,0,0,5,NULL]
03-07 13:50:19.070  1767  1767 E SmsApplication: com.mediatek.datatransfer does not have system signature
03-07 13:50:19.070  1767  1767 E SmsApplication: com.mediatek.apst.target does not have system signature
03-07 13:50:19.070  1767  1767 E SmsApplication: com.mediatek.ppl does not have system signature
03-07 13:50:19.070  1767  1767 E SmsApplication: com.mediatek.backuprestore does not have system signature
03-07 13:50:19.070  1767  1767 E SmsApplication: com.mediatek.rcs.messageservice does not have system signature
03-07 13:50:19.071  1767  1767 E SmsApplication: com.mediatek.esntrack does not have system signature
03-07 13:50:19.071  1767  1767 E SmsApplication: gn.com.android.salestrack does not have system signature
03-07 13:50:19.071  1767  1767 E SmsApplication: gn.com.android.salestrackgi does not have system signature
03-07 13:50:19.102  1767  1767 E SmsApplication: com.mediatek.datatransfer does not have system signature
03-07 13:50:19.102  1767  1767 E SmsApplication: com.mediatek.apst.target does not have system signature
03-07 13:50:19.102  1767  1767 E SmsApplication: com.mediatek.ppl does not have system signature
03-07 13:50:19.103  1767  1767 E SmsApplication: com.mediatek.backuprestore does not have system signature
03-07 13:50:19.103  1767  1767 E SmsApplication: com.mediatek.rcs.messageservice does not have system signature
03-07 13:50:19.104  1767  1767 E SmsApplication: com.mediatek.esntrack does not have system signature
03-07 13:50:19.104  1304  1983 I am_proc_start: [0,5406,1000,com.android.keychain,broadcast,com.android.keychain/.KeyChainBroadcastReceiver]
03-07 13:50:19.104  1767  1767 E SmsApplication: gn.com.android.salestrack does not have system signature
03-07 13:50:19.105  1767  1767 E SmsApplication: gn.com.android.salestrackgi does not have system signature
03-07 13:50:19.126  1767  1767 E SmsApplication: com.mediatek.datatransfer does not have system signature
03-07 13:50:19.127  1767  1767 E SmsApplication: com.mediatek.apst.target does not have system signature
03-07 13:50:19.127  1767  1767 E SmsApplication: com.mediatek.ppl does not have system signature
03-07 13:50:19.127  1767  1767 E SmsApplication: com.mediatek.backuprestore does not have system signature
03-07 13:50:19.128  1767  1767 E SmsApplication: com.mediatek.rcs.messageservice does not have system signature
03-07 13:50:19.128  1767  1767 E SmsApplication: com.mediatek.esntrack does not have system signature
03-07 13:50:19.129  1767  1767 E SmsApplication: gn.com.android.salestrack does not have system signature
03-07 13:50:19.129  1767  1767 E SmsApplication: gn.com.android.salestrackgi does not have system signature
03-07 13:50:19.145  1304  1304 I notification_cancel_all: [1000,1304,com.google.android.calendar,0,0,0,5,NULL]
03-07 13:50:19.198  1304  1304 I notification_cancel: [10017,4139,com.android.vending,-1050172287,NULL,0,0,64,8,NULL]
03-07 13:50:19.198  1304  1304 I notification_canceled: [0|com.android.vending|-1050172287|null|10017,8,9235,9235,0]
03-07 13:50:19.198  1304  1304 I notification_cancel: [10017,4139,com.android.vending,-1050172287,NULL,0,0,64,8,NULL]
03-07 13:50:19.198  1304  1304 I notification_cancel: [10017,4139,com.android.vending,578428293,NULL,0,0,64,8,NULL]
03-07 13:50:19.198  1304  1304 I notification_enqueue: [10017,4139,com.android.vending,874755343,NULL,0,Notification(pri=-1 contentView=null vibrate=null sound=null tick defaults=0x0 flags=0x110 color=0xff689f38 category=status vis=PRIVATE),1]
03-07 13:50:19.210  1304  1304 I notification_cancel: [1000,1304,android,2,NULL,0,0,0,8,NULL]
03-07 13:50:19.234  1304  1304 I notification_cancel: [1000,1304,android,2,NULL,0,0,0,8,NULL]
03-07 13:50:19.258  1304  1997 I am_proc_bound: [0,5406,com.android.keychain]
03-07 13:50:19.279  1304  1304 I notification_cancel: [10017,4139,com.android.vending,-1050172287,NULL,0,0,64,8,NULL]
03-07 13:50:19.346  1304  1304 I notification_cancel: [10017,4139,com.android.vending,-162940693,NULL,0,0,64,8,NULL]
03-07 13:50:19.365  1304  1323 I am_kill : [0,5269,com.google.android.apps.photos,15,empty #13]
03-07 13:50:19.452  1304  1536 I am_proc_died: [0,5269,com.google.android.apps.photos]
03-07 13:50:19.526  1304  1996 I am_proc_start: [0,5440,10075,com.google.android.apps.photos,broadcast,com.google.android.apps.photos/.backgroundsignin.BackgroundSignInBroadcastReceiver]
03-07 13:50:19.597  1304  1304 I notification_cancel: [10022,1446,com.android.systemui,2131755032,low_battery,-1,0,64,8,NULL]
03-07 13:50:19.597  1767  1767 D FdManager: [GDCT][phoneId0]onReceive: action=android.intent.action.BATTERY_CHANGED
03-07 13:50:19.597  1767  1767 D FdManager: [GDCT][phoneId1]onReceive: action=android.intent.action.BATTERY_CHANGED
03-07 13:50:19.638  1304  1809 I am_proc_died: [0,5363,com.mediatek.mtklogger]
03-07 13:50:19.677  1304  1984 I am_proc_bound: [0,5440,com.google.android.apps.photos]
03-07 13:50:19.821   295   295 I auditd  : type=1400 audit(0.0:91): avc: granted { read write } for comm="vold" name="mmcblk0p8" dev="tmpfs" ino=1473 scontext=u:r:vold:s0 tcontext=u:object_r:block_device:s0 tclass=blk_file
03-07 13:50:19.821   295   295 I auditd  : type=1400 audit(0.0:92): avc: granted { read write open } for comm="vold" path="/dev/block/mmcblk0p8" dev="tmpfs" ino=1473 scontext=u:r:vold:s0 tcontext=u:object_r:block_device:s0 tclass=blk_file
03-07 13:50:19.821   295   295 I auditd  : type=1400 audit(0.0:93): avc: granted { getattr } for comm="vold" path="/dev/block/mmcblk0p8" dev="tmpfs" ino=1473 scontext=u:r:vold:s0 tcontext=u:object_r:block_device:s0 tclass=blk_file
03-07 13:50:19.821   295   295 I auditd  : type=1400 audit(0.0:94): avc: granted { read write } for comm="vold" name="mmcblk0p8" dev="tmpfs" ino=1473 scontext=u:r:vold:s0 tcontext=u:object_r:block_device:s0 tclass=blk_file
03-07 13:50:19.821   295   295 I auditd  : type=1400 audit(0.0:95): avc: granted { read write open } for comm="vold" path="/dev/block/mmcblk0p8" dev="tmpfs" ino=1473 scontext=u:r:vold:s0 tcontext=u:object_r:block_device:s0 tclass=blk_file
03-07 13:50:19.821   295   295 I auditd  : type=1400 audit(0.0:96): avc: granted { getattr } for comm="vold" path="/dev/block/mmcblk0p8" dev="tmpfs" ino=1473 scontext=u:r:vold:s0 tcontext=u:object_r:block_device:s0 tclass=blk_file
03-07 13:50:19.880  1304  1993 I am_proc_start: [0,5461,10039,com.google.android.calendar,broadcast,com.google.android.calendar/.alerts.AlertReceiver]
03-07 13:50:19.894  1304  1304 I notification_cancel: [10075,5440,com.google.android.apps.photos,10436,NULL,0,0,64,8,NULL]
03-07 13:50:20.038  1304  1994 I am_proc_bound: [0,5461,com.google.android.calendar]
03-07 13:50:20.101  1304  1984 I am_proc_start: [0,5478,10002,com.android.providers.calendar,content provider,com.android.providers.calendar/.CalendarProvider2]
03-07 13:50:20.138   856   856 D RILMUXD : [gsm0710muxd] 3913:main(): Frames received/dropped: 816/0
03-07 13:50:20.220  1949  2286 D TelephonyManager: getTelephonyProperty prop value= 25020
03-07 13:50:20.228  1304  1304 I notification_cancel: [10039,5461,com.google.android.calendar,10436,NULL,0,0,64,8,NULL]
03-07 13:50:20.234  1304  1890 I notification_cancel_all: [10000,1522,com.android.providers.downloads,0,0,64,9,NULL]
03-07 13:50:20.251  1304  1996 I am_proc_bound: [0,5478,com.android.providers.calendar]
03-07 13:50:20.327  1304  1304 I notification_cancel: [10039,5461,com.google.android.calendar,0,NULL,0,0,64,8,NULL]
03-07 13:50:20.327  1304  1304 I notification_cancel: [10039,5461,com.google.android.calendar,1,NULL,0,0,64,8,NULL]
03-07 13:50:20.328  1304  1304 I notification_cancel: [10039,5461,com.google.android.calendar,2,NULL,0,0,64,8,NULL]
03-07 13:50:20.328  1304  1304 I notification_cancel: [10039,5461,com.google.android.calendar,3,NULL,0,0,64,8,NULL]
03-07 13:50:20.329  1304  1304 I notification_cancel: [10039,5461,com.google.android.calendar,4,NULL,0,0,64,8,NULL]
03-07 13:50:20.329  1304  1304 I notification_cancel: [10039,5461,com.google.android.calendar,5,NULL,0,0,64,8,NULL]
03-07 13:50:20.331  1304  1304 I notification_cancel: [10039,5461,com.google.android.calendar,6,NULL,0,0,64,8,NULL]
03-07 13:50:20.331  1304  1304 I notification_cancel: [10039,5461,com.google.android.calendar,7,NULL,0,0,64,8,NULL]
03-07 13:50:20.331  1304  1304 I notification_cancel: [10039,5461,com.google.android.calendar,8,NULL,0,0,64,8,NULL]
03-07 13:50:20.332  1304  1304 I notification_cancel: [10039,5461,com.google.android.calendar,9,NULL,0,0,64,8,NULL]
03-07 13:50:20.332  1304  1304 I notification_cancel: [10039,5461,com.google.android.calendar,10,NULL,0,0,64,8,NULL]
03-07 13:50:20.332  1304  1304 I notification_cancel: [10039,5461,com.google.android.calendar,11,NULL,0,0,64,8,NULL]
03-07 13:50:20.332  1304  1304 I notification_cancel: [10039,5461,com.google.android.calendar,12,NULL,0,0,64,8,NULL]
03-07 13:50:20.333  1304  1304 I notification_cancel: [10039,5461,com.google.android.calendar,13,NULL,0,0,64,8,NULL]
03-07 13:50:20.333  1304  1304 I notification_cancel: [10039,5461,com.google.android.calendar,14,NULL,0,0,64,8,NULL]
03-07 13:50:20.333  1304  1304 I notification_cancel: [10039,5461,com.google.android.calendar,15,NULL,0,0,64,8,NULL]
03-07 13:50:20.333  1304  1304 I notification_cancel: [10039,5461,com.google.android.calendar,16,NULL,0,0,64,8,NULL]
03-07 13:50:20.333  1304  1304 I notification_cancel: [10039,5461,com.google.android.calendar,17,NULL,0,0,64,8,NULL]
03-07 13:50:20.333  1304  1304 I notification_cancel: [10039,5461,com.google.android.calendar,18,NULL,0,0,64,8,NULL]
03-07 13:50:20.333  1304  1304 I notification_cancel: [10039,5461,com.google.android.calendar,19,NULL,0,0,64,8,NULL]
03-07 13:50:20.334  1304  1304 I notification_cancel: [10039,5461,com.google.android.calendar,20,NULL,0,0,64,8,NULL]
03-07 13:50:20.347  1304  1994 I am_kill : [0,5274,com.google.android.music:main,15,empty #13]
03-07 13:50:20.399  1304  1810 I am_proc_died: [0,5274,com.google.android.music:main]
03-07 13:50:20.668  1304  1369 I netstats_mobile_sample: [0,0,0,0,0,0,0,0,0,0,0,0,-1]
03-07 13:50:20.668  1304  1369 I netstats_wifi_sample: [15082897,10978,619523,6324,14924353,10910,550451,5943,14891898,10845,549204,5926,-1]
03-07 13:50:20.671  1767  1838 D SubscriptionController: getSimStateForSlotIdx:  simState=READY ordinal=5
03-07 13:50:20.671  1304  1370 D SubscriptionManager: getSimStateForSubscriber: simState=5 slotIdx=0
03-07 13:50:20.674  1767  2040 D SubscriptionController: getSimStateForSlotIdx:  simState=READY ordinal=5
03-07 13:50:20.674  1304  1370 D SubscriptionManager: getSimStateForSubscriber: simState=5 slotIdx=0
03-07 13:50:20.680  1767  1767 D DCT     : [0]handleMessage msg={ when=0 what=270368 arg1=1 target=com.android.internal.telephony.dataconnection.DcTracker }
03-07 13:50:20.680  1767  1767 D DCT     : [0]getDataEnabledBySub: subId = 1
03-07 13:50:20.681  1767  1767 D DCT     : [0]getDataEnabledBySub: getInt retVal=false
03-07 13:50:20.681  1767  1767 D DCT     : [0]getAnyDataEnabled1 return false. mInternalDataEnabled = true, mUserDataEnabled = false, mPolicyDataEnabled = true
03-07 13:50:20.683  1767  2039 D SubscriptionController: getSimStateForSlotIdx:  simState=READY ordinal=5
03-07 13:50:20.684  1304  1370 D SubscriptionManager: getSimStateForSubscriber: simState=5 slotIdx=0
03-07 13:50:20.687  1767  2376 D SubscriptionController: getSimStateForSlotIdx:  simState=READY ordinal=5
03-07 13:50:20.688  1304  1370 D SubscriptionManager: getSimStateForSubscriber: simState=5 slotIdx=0
03-07 13:50:20.738  1254  1282 I RILC    : NUMBER:1
03-07 13:50:20.738  1254  1282 I RILC    : arg len:14
03-07 13:50:20.738  1254  1282 I RILC    : ARGS[0]:THERMAL,0,-1
03-07 13:50:20.738  1254  1282 D RILC    : C[locl]> QUERY_MODEM_THERMAL
03-07 13:50:20.738  1254  1282 I RILC-MTK: set request 2502 to protocal 1, proxyId=3
03-07 13:50:20.738  1254  1282 D RILC-MTK: QUERY_MODEM_THERMAL pRI=0x7f7e649210 p=0x7f7e66c930 dispatched to RIL_CMD_PROXY_1
03-07 13:50:20.738  1254  1279 I RILC-MTK: RIL_CMD2_PROXY_1 wakeup
03-07 13:50:20.738  1254  1272 I RILC-MTK: RIL_CMD_PROXY_2 wakeup
03-07 13:50:20.738  1254  1279 I RILC-MTK: RIL_CMD2_PROXY_1 sleep
03-07 13:50:20.738  1254  1273 I RILC-MTK: RIL_CMD_PROXY_1 wakeup
03-07 13:50:20.739  1254  1280 I RILC-MTK: RIL_CMD2_PROXY_4 wakeup
03-07 13:50:20.739  1254  1270 I RILC-MTK: RIL_URC_PROXY wakeup
03-07 13:50:20.739  1254  1280 I RILC-MTK: RIL_CMD2_PROXY_4 sleep
03-07 13:50:20.739  1254  1277 I RILC-MTK: RIL_CMD2_PROXY_3 wakeup
03-07 13:50:20.739  1254  1273 D RILC-MTK: proxy id:3, proxyName: RIL_CMD_PROXY_1
03-07 13:50:20.739  1254  1277 I RILC-MTK: RIL_CMD2_PROXY_3 sleep
03-07 13:50:20.739  1254  1273 D RILC-MTK: QUERY_MODEM_THERMAL pRI=0x7f7e649210 p=0x7f7e66c930 execute on RIL_CMD_PROXY_1 using channel 3
03-07 13:50:20.739  1254  1281 I RILC-MTK: RIL_ATCI2_PROXY wakeup
03-07 13:50:20.739  1254  1273 D RILC    : callOnRequest for new vendor ril
03-07 13:50:20.739  1254  1276 I RILC-MTK: RIL_URC2_PROXY wakeup
03-07 13:50:20.739  1254  1281 I RILC-MTK: RIL_ATCI2_PROXY sleep
03-07 13:50:20.739  1254  1273 D RIL     : onRequest: QUERY_MODEM_THERMAL, datalen = 8
03-07 13:50:20.739  1254  1270 I RILC-MTK: RIL_URC_PROXY sleep
03-07 13:50:20.739  1254  1273 D RIL     : radioState:10
03-07 13:50:20.739  1254  1273 D RIL     : requestQueryThermal Enter,-1
03-07 13:50:20.739  1254  1275 I RILC-MTK: RIL_ATCI_PROXY wakeup
03-07 13:50:20.739  1254  1275 I RILC-MTK: RIL_ATCI_PROXY sleep
03-07 13:50:20.739  1254  1273 D AT      : getRILChannelCtx subsystem:1, rid:0 channelOffset:0
03-07 13:50:20.739  1254  1273 D AT      : AT send on RIL_CMD_READER_3, tid:547607036992
03-07 13:50:20.739  1254  1278 I RILC-MTK: RIL_CMD2_PROXY_2 wakeup
03-07 13:50:20.739  1254  1276 I RILC-MTK: RIL_URC2_PROXY sleep
03-07 13:50:20.739  1254  1273 D AT      : AT> AT+ETHERMAL
03-07 13:50:20.739  1254  1273 I AT      : AT write start
03-07 13:50:20.739  1254  1271 I RILC-MTK: RIL_CMD_PROXY_3 wakeup
03-07 13:50:20.739  1254  1271 I RILC-MTK: RIL_CMD_PROXY_3 sleep
03-07 13:50:20.739  1254  1274 I RILC-MTK: RIL_CMD_PROXY_4 wakeup
03-07 13:50:20.739  1254  1273 I AT      : AT write end, errno = 2, length = 12
03-07 13:50:20.739  1254  1272 I RILC-MTK: RIL_CMD_PROXY_2 sleep
03-07 13:50:20.739  1254  1278 I RILC-MTK: RIL_CMD2_PROXY_2 sleep
03-07 13:50:20.739  1254  1274 I RILC-MTK: RIL_CMD_PROXY_4 sleep
03-07 13:50:20.739   856  1245 D RILMUXD : [gsm0710muxd] 3630:poll_thread(): poll_thread select found
03-07 13:50:20.739   856  1245 D RILMUXD : [gsm0710muxd] 1050:pseudo_device_read(): Enter, LackofAtciChannel=0
03-07 13:50:20.739   856  1245 D RILMUXD : [gsm0710muxd] 657:write_frame(): Sending frame to channel 5
03-07 13:50:20.739   856  1245 D RILMUXD : [gsm0710muxd] 772:write_frame(): Write a frame on channel 5 with length 12
03-07 13:50:20.743   856  1239 D RILMUXD : [gsm0710muxd] 1649:gsm0710_base_buffer_get_frame(): Get a complete frame. ch:5, ctrl:239, len:42
03-07 13:50:20.743   856  1239 D RILMUXD : [gsm0710muxd] 2394:extract_frames(): Writing 42 byte frame received on channel 5 to /dev/pts/5
03-07 13:50:20.743   856  1239 D RILMUXD : [gsm0710muxd] 2414:extract_frames(): write() returned. Written 42/42 bytes of frame to /dev/pts/5
03-07 13:50:20.743   856  1239 D RILMUXD : [gsm0710muxd] 2419:extract_frames(): fsync() failed (-1, 22 - Invalid argument)
03-07 13:50:20.743  1254  1289 I AT      : AT read end: 42
03-07 13:50:20.743  1254  1289 D AT      : AT< +ETHERMAL: 2, 32767, -127, 0, 32767, 1
03-07 13:50:20.743  1254  1289 D AT      : RIL_CMD_READER_3 Enter processLine:+ETHERMAL: 2, 32767, -127, 0, 32767, 1
03-07 13:50:20.743  1254  1289 I AT      : AT read start
03-07 13:50:20.744   856  1239 D RILMUXD : [gsm0710muxd] 1649:gsm0710_base_buffer_get_frame(): Get a complete frame. ch:5, ctrl:239, len:6
03-07 13:50:20.744   856  1239 D RILMUXD : [gsm0710muxd] 2394:extract_frames(): Writing 6 byte frame received on channel 5 to /dev/pts/5
03-07 13:50:20.744   856  1239 D RILMUXD : [gsm0710muxd] 2414:extract_frames(): write() returned. Written 6/6 bytes of frame to /dev/pts/5
03-07 13:50:20.744   856  1239 D RILMUXD : [gsm0710muxd] 2419:extract_frames(): fsync() failed (-1, 22 - Invalid argument)
03-07 13:50:20.744  1254  1289 I AT      : AT read end: 6
03-07 13:50:20.744  1254  1289 D AT      : AT< OK
03-07 13:50:20.744  1254  1289 D AT      : RIL_CMD_READER_3 Enter processLine:OK
03-07 13:50:20.744  1254  1289 I AT      : AT read start
03-07 13:50:20.744  1254  1273 D AT      : response received on RIL_CMD_READER_3, tid:547607036992
03-07 13:50:20.744  1254  1273 D RIL     : requestQueryThermal success
03-07 13:50:20.744  1254  1273 D RILC    : RequestComplete, RIL_SOCKET_1
03-07 13:50:20.744  1254  1273 D RILC    : [THERMAL] local request for THERMAL returned 
03-07 13:50:20.744  1254  1273 D RILC    : [THERMAL] s_THERMAL_fd is valid strResult is  2, 32767, -127, 0, 32767, 1
03-07 13:50:20.745  1254  1273 D RILC-MTK: proxyLoop free  pRI=0x7f7e649210 p=0x7f7e66c930 
03-07 13:50:20.745  1254  1273 D RILC-MTK: proxyLoop free  pRequest=0x7f7e5e2320
03-07 13:50:20.745  1254  1273 I RILC-MTK: RIL_CMD_PROXY_1 sleep
03-07 13:50:20.894   856  1239 D RILMUXD : [gsm0710muxd] 1649:gsm0710_base_buffer_get_frame(): Get a complete frame. ch:2, ctrl:239, len:42
03-07 13:50:20.894   856  1239 D RILMUXD : [gsm0710muxd] 2394:extract_frames(): Writing 42 byte frame received on channel 2 to /dev/pts/2
03-07 13:50:20.894   856  1239 D RILMUXD : [gsm0710muxd] 2414:extract_frames(): write() returned. Written 42/42 bytes of frame to /dev/pts/2
03-07 13:50:20.894   856  1239 D RILMUXD : [gsm0710muxd] 2419:extract_frames(): fsync() failed (-1, 22 - Invalid argument)
03-07 13:50:20.894  1254  1286 I AT      : AT read end: 42
03-07 13:50:20.894  1254  1286 D AT      : AT< +ECSQ: 21,35,1,-399,-28,1,1,6,32767,-1
03-07 13:50:20.894  1254  1286 D AT      : RIL_URC_READER Enter processLine:+ECSQ: 21,35,1,-399,-28,1,1,6,32767,-1
03-07 13:50:20.894  1254  1286 D RIL     : Nw URC:+ECSQ: 21,35,1,-399,-28,1,1,6,32767,-1
03-07 13:50:20.894  1254  1286 D RIL     : convert3GRssiValue baseband=0 ,isFdd3G=1,isTdd3G=0 ,RSCP_in_qdbm=-399 ,EcN0_in_qdbm=-28
03-07 13:50:20.894  1254  1286 D RILC    : callForRilVersion new vendor RIL, version: 11
03-07 13:50:20.894  1254  1286 I RILC    : RIL_SOCKET_1 UNSOLICITED: UNSOL_SIGNAL_STRENGTH length:68
03-07 13:50:20.894  1254  1286 E RILC    : Send Response to RIL_SOCKET_1
03-07 13:50:20.894  1254  1286 I AT      : AT read start
03-07 13:50:20.894  1767  1767 D GsmSST  : [GsmSST0] handle EVENT_SIGNAL_STRENGTH_UPDATE
03-07 13:50:20.894  1767  1767 D GsmSST  : [GsmSST0] onSignalStrengthResult():  LastSignalStrength=SignalStrength: 11 36 -120 -160 -6 0 -1 99 2147483647 2147483647 2147483647 2147483647 gsm|lte 1 -388 -25
03-07 13:50:20.894  1767  1767 D GsmSST  : [GsmSST0] onSignalStrengthResult():new mSignalStrength=SignalStrength: 11 35 -120 -160 -6 0 -1 99 2147483647 2147483647 2147483647 2147483647 gsm|lte 1 -400 -28
03-07 13:50:20.895  1767  1767 D TelephonyManager: getTelephonyProperty prop value= 25020
03-07 13:50:20.895  1767  1767 W SignalStrength: mapGsmSignalDbm() mGsmRscpQdbm=-400 asu=11
03-07 13:50:20.895  1767  1767 D GsmSST  : [GsmSST0] notifySignalStrength: mSignalStrength.getLevel=2
03-07 13:50:20.895  1767  1767 D DefaultPhoneNotifier: notifySignalStrength: mRegistry=com.android.internal.telephony.ITelephonyRegistry$Stub$Proxy@6f1b75d ss=SignalStrength: 11 35 -120 -160 -6 0 -1 99 2147483647 2147483647 2147483647 2147483647 gsm|lte 1 -400 -28 sender=Handler (com.android.internal.telephony.gsm.GSMPhone) {3ff5f82}
