03-09 18:30:17.497  2819  2853 I am_pss  : [3518,10027,org.cyanogenmod.weatherservice,3366912,2351104]
03-09 18:30:17.511  2819  2853 I am_pss  : [3523,10002,org.cyanogenmod.cmaudio.service,3396608,2400256]
03-09 18:30:17.525  2819  2853 I am_pss  : [3511,10011,org.cyanogenmod.livelockscreen.service,3278848,2306048]
03-09 18:30:17.540  2819  2853 I am_pss  : [4568,1001,com.android.phone,8511488,7081984]
03-09 18:30:17.555  2819  2853 I am_pss  : [3554,10000,org.cyanogenmod.audiofx,5774336,4591616]
03-09 18:30:17.569  2819  2853 I am_pss  : [3078,10020,org.cyanogenmod.themeservice,4175872,3076096]
03-09 18:30:17.593  2819  2853 I am_pss  : [3070,10028,com.android.systemui,78282752,72138752]
03-09 18:30:17.599  2552  2552 I auditd  : type=1400 audit(0.0:197): avc: denied { connectto } for comm="thermal" path="/dev/socket/rild-oem" scontext=u:r:init:s0 tcontext=u:r:ril-daemon-mtk:s0 tclass=unix_stream_socket permissive=1
03-09 18:30:17.610   699   716 I chatty  : uid=1001(radio) /system/bin/mtkrild expire 21 lines
03-09 18:30:17.640  2819  2853 I am_pss  : [2819,1000,system,78404608,71593984]
03-09 18:30:17.651  2540  2540 F DEBUG   : *** *** *** *** *** *** *** *** *** *** *** *** *** *** *** ***
03-09 18:30:17.651  2540  2540 F DEBUG   : LineageOS Version: '13.0-20170306-UNOFFICIAL-PowerFiveMax'
03-09 18:30:17.651  2540  2540 F DEBUG   : Build fingerprint: 'HighScreen/lineage_PowerFiveMax/PowerFiveMax:6.0.1/MOB31K/de916a5cf9:userdebug/test-keys'
03-09 18:30:17.651  2540  2540 F DEBUG   : Revision: '0'
03-09 18:30:17.651  2819  3083 W NativeCrashListener: Couldn't find ProcessRecord for pid 5270
03-09 18:30:17.651  2540  2540 F DEBUG   : ABI: 'arm64'
03-09 18:30:17.651  2540  2540 F DEBUG   : pid: 5270, tid: 5270, name: logcat  >>> /system/bin/logcat <<<
03-09 18:30:17.651  2540  2540 F DEBUG   : signal 11 (SIGSEGV), code 1 (SEGV_MAPERR), fault addr 0x18
03-09 18:30:17.652  2540  2540 F DEBUG   :     x0   0000000000000018  x1   0000007f781722e0  x2   0000007f78172000  x3   0000007f78173000
03-09 18:30:17.652  2540  2540 F DEBUG   :     x4   0000007f781733d0  x5   0000007f78172f48  x6   0000007f78172000  x7   7f7f7f7f7f7f7f7f
03-09 18:30:17.652  2540  2540 F DEBUG   :     x8   0000000000000038  x9   0000007fc546db38  x10  0000000020c129c5  x11  0000007fc546dbb8
03-09 18:30:17.652  2540  2540 F DEBUG   :     x12  0000000000000000  x13  0000007fc546fbb0  x14  0000000000000000  x15  0000007fc546dbb8
03-09 18:30:17.652  2540  2540 F DEBUG   :     x16  0000007f77f7baf8  x17  0000007f77f0a9b8  x18  000000000000001e  x19  0000000000000000
03-09 18:30:17.652  2540  2540 F DEBUG   :     x20  0000000000000018  x21  0000007f78183000  x22  0000000000000010  x23  0000007fc546e7e0
03-09 18:30:17.652  2540  2540 F DEBUG   :     x24  0000007fc546f858  x25  0000007f78172000  x26  0000000000000000  x27  0000000000000000
03-09 18:30:17.652  2540  2540 F DEBUG   :     x28  0000007f78172260  x29  0000007fc546d970  x30  0000007f77ec1b48
03-09 18:30:17.652  2540  2540 F DEBUG   :     sp   0000007fc546d970  pc   0000007f77f0a9c0  pstate 0000000060000000
03-09 18:30:17.654  2540  2540 F DEBUG   : 
03-09 18:30:17.654  2540  2540 F DEBUG   : backtrace:
03-09 18:30:17.655  2540  2540 F DEBUG   :     #00 pc 00000000000679c0  /system/lib64/libc.so (pthread_mutex_lock+8)
03-09 18:30:17.655  2540  2540 F DEBUG   :     #01 pc 000000000001eb44  /system/lib64/libc.so (readdir+28)
03-09 18:30:17.655  2540  2540 F DEBUG   :     #02 pc 0000000000002e80  /system/bin/logcat (main+3264)
03-09 18:30:17.655  2540  2540 F DEBUG   :     #03 pc 000000000001bcd8  /system/lib64/libc.so (__libc_init+100)
03-09 18:30:17.655  2540  2540 F DEBUG   :     #04 pc 0000000000003bb8  /system/bin/logcat
03-09 18:30:17.681  2540  2540 F DEBUG   : 
03-09 18:30:17.681  2540  2540 F DEBUG   : Tombstone written to: /data/tombstones/tombstone_03
03-09 18:30:17.682  2819  2865 I BootReceiver: Copying /data/tombstones/tombstone_03 to DropBox (SYSTEM_TOMBSTONE)
03-09 18:30:17.959  2819  3130 W InputMethodManagerService: Window already focused, ignoring focus gain of: com.android.internal.view.IInputMethodClient$Stub$Proxy@2d58d4e attribute=android.view.inputmethod.EditorInfo@e4f1e6f, token = android.os.BinderProxy@f85cf35
03-09 18:30:18.143   300   300 I sf_frame_dur: [com.android.dialer/com.android.dialer.DialtactsActivity,17,1,0,0,1,3,3]
03-09 18:30:18.660  2819  2981 I ActivityManager: START u0 {act=android.intent.action.MAIN cat=[android.intent.category.HOME] flg=0x10200000 cmp=com.cyanogenmod.trebuchet/com.android.launcher3.Launcher (has extras)} from uid 1000 on display 0
03-09 18:30:18.660  2819  2981 I am_home_stack_moved: [0,1,0,0,bringingFoundTaskToFront setFocusedActivity]
03-09 18:30:18.661  2819  2981 I wm_task_moved: [6,1,0]
03-09 18:30:18.665  2819  2981 I am_focused_activity: [0,com.cyanogenmod.trebuchet/com.android.launcher3.Launcher]
03-09 18:30:18.690  2819  2981 I am_pause_activity: [0,156911298,com.android.dialer/.DialtactsActivity]
03-09 18:30:18.691  4135  4135 I am_on_paused_called: [0,com.android.dialer.DialtactsActivity]
03-09 18:30:18.694  2819  2981 I am_resume_activity: [0,145847691,6,com.cyanogenmod.trebuchet/com.android.launcher3.Launcher]
03-09 18:30:18.696  2819  2981 I am_task_to_front: [0,6]
03-09 18:30:18.696  2819  2981 I am_new_intent: [0,198178684,6,com.cyanogenmod.trebuchet/com.android.launcher3.Launcher,android.intent.action.MAIN,NULL,NULL,283115520]
03-09 18:30:18.714  3568  3568 I am_on_resume_called: [0,com.android.launcher3.Launcher]
03-09 18:30:19.249   300   300 I sf_frame_dur: [com.android.dialer/com.android.dialer.DialtactsActivity,193,5,2,3,0,0,3]
03-09 18:30:20.875  2819  4027 I ActivityManager: START u0 {act=android.intent.action.MAIN cat=[android.intent.category.LAUNCHER] flg=0x10200000 cmp=com.android.settings/.Settings (has extras)} from uid 10029 on display 0
03-09 18:30:20.896  2819  4027 I am_home_stack_moved: [0,0,1,1,startingNewTask]
03-09 18:30:20.896  2819  4027 I wm_task_moved: [7,1,0]
03-09 18:30:20.902  2819  4027 I am_create_task: [0,8]
03-09 18:30:20.902  2819  4027 I am_create_activity: [0,93174292,8,com.android.settings/.Settings,android.intent.action.MAIN,NULL,NULL,270532608]
03-09 18:30:20.903  2819  4027 I wm_task_created: [8,1]
03-09 18:30:20.903  2819  4027 I wm_task_moved: [8,1,1]
03-09 18:30:20.903  2819  4027 I am_pause_activity: [0,145847691,com.cyanogenmod.trebuchet/com.android.launcher3.Launcher]
03-09 18:30:20.913  2819  4027 I am_home_stack_moved: [0,0,1,1,startedActivity setFocusedActivity]
03-09 18:30:20.914  2819  4027 I wm_task_moved: [8,1,1]
03-09 18:30:20.916  2819  4027 I am_focused_activity: [0,com.android.settings/.Settings]
03-09 18:30:20.932  3568  3568 I am_on_paused_called: [0,com.android.launcher3.Launcher]
03-09 18:30:20.936  2819  2843 I am_restart_activity: [0,93174292,8,com.android.settings/.Settings]
03-09 18:30:21.073  2819  3130 I am_proc_start: [0,5285,10006,com.android.cellbroadcastreceiver,content provider,com.android.cellbroadcastreceiver/.CellBroadcastSearchIndexableProvider]
03-09 18:30:21.073  2819  3130 I ActivityManager: Start proc 5285:com.android.cellbroadcastreceiver/u0a6 for content provider com.android.cellbroadcastreceiver/.CellBroadcastSearchIndexableProvider
03-09 18:30:21.244  2819  2844 I am_proc_bound: [0,5285,com.android.cellbroadcastreceiver]
03-09 18:30:21.334  3499  3499 I sysui_view_visibility: [1,100]
03-09 18:30:21.346  3499  3499 I sysui_view_visibility: [35,100]
03-09 18:30:21.347  3499  3499 I am_on_resume_called: [0,com.android.settings.Settings]
03-09 18:30:21.407   300   300 I sf_frame_dur: [com.cyanogenmod.trebuchet/com.android.launcher3.Launcher,23,2,0,6,0,2,0]
03-09 18:30:21.422  2819  2843 D CryptdConnector: SND -> {4 cryptfs cryptocomplete}
03-09 18:30:21.422   283   314 I Ext4Crypt: ext4 crypto complete called on /data
03-09 18:30:21.423   283   314 I Ext4Crypt: No master key, so not ext4enc
03-09 18:30:21.424  2819  2986 D CryptdConnector: RCV <- {200 4 0}
03-09 18:30:21.424  2819  2843 D CryptdConnector: SND -> {5 cryptfs getpwtype}
03-09 18:30:21.425   283   314 D VoldCryptCmdListener: cryptfs getpwtype
03-09 18:30:21.425   283   314 I Ext4Crypt: ext4 crypto complete called on /data
03-09 18:30:21.425   283   314 I Ext4Crypt: No master key, so not ext4enc
03-09 18:30:21.426  2819  2986 D CryptdConnector: RCV <- {213 5 pin}
03-09 18:30:21.475  2819  2843 E ConnectivityService: Carrier Provisioning Urls file not found
03-09 18:30:21.476  2819  2843 D ConnectivityService: getMobileProvisioningUrl: mobile_provisioining_url from resource =
03-09 18:30:21.817  2819  2867 I am_activity_launch_time: [0,93174292,com.android.settings/.Settings,885,885]
03-09 18:30:22.026   300   300 I sf_frame_dur: [Starting com.android.settings,0,1,0,0,0,0,0]
03-09 18:30:22.790  2540  2540 F DEBUG   : *** *** *** *** *** *** *** *** *** *** *** *** *** *** *** ***
03-09 18:30:22.790  2540  2540 F DEBUG   : LineageOS Version: '13.0-20170306-UNOFFICIAL-PowerFiveMax'
03-09 18:30:22.790  2540  2540 F DEBUG   : Build fingerprint: 'HighScreen/lineage_PowerFiveMax/PowerFiveMax:6.0.1/MOB31K/de916a5cf9:userdebug/test-keys'
03-09 18:30:22.790  2540  2540 F DEBUG   : Revision: '0'
03-09 18:30:22.790  2540  2540 F DEBUG   : ABI: 'arm64'
03-09 18:30:22.790  2540  2540 F DEBUG   : pid: 5327, tid: 5327, name: logcat  >>> /system/bin/logcat <<<
03-09 18:30:22.790  2540  2540 F DEBUG   : signal 11 (SIGSEGV), code 1 (SEGV_MAPERR), fault addr 0x18
03-09 18:30:22.791  2819  3083 W NativeCrashListener: Couldn't find ProcessRecord for pid 5327
03-09 18:30:22.809  2540  2540 F DEBUG   :     x0   0000000000000018  x1   0000007faf3732e0  x2   0000007faf373000  x3   0000007faf374000
03-09 18:30:22.809  2540  2540 F DEBUG   :     x4   0000007faf3743d0  x5   0000007faf373f48  x6   0000007faf373000  x7   7f7f7f7f7f7f7f7f
03-09 18:30:22.809  2540  2540 F DEBUG   :     x8   0000000000000038  x9   0000007ff8933908  x10  000000002badd496  x11  0000007ff8933988
03-09 18:30:22.809  2540  2540 F DEBUG   :     x12  0000000000000000  x13  0000007ff8935bb0  x14  0000000000000000  x15  0000007ff8933988
03-09 18:30:22.809  2540  2540 F DEBUG   :     x16  0000007faf17caf8  x17  0000007faf10b9b8  x18  000000000000001e  x19  0000000000000000
03-09 18:30:22.809  2540  2540 F DEBUG   :     x20  0000000000000018  x21  0000007faf384000  x22  0000000000000010  x23  0000007ff89345b0
03-09 18:30:22.809  2540  2540 F DEBUG   :     x24  0000007ff8935628  x25  0000007faf373000  x26  0000000000000000  x27  0000000000000000
03-09 18:30:22.809  2540  2540 F DEBUG   :     x28  0000007faf373260  x29  0000007ff8933740  x30  0000007faf0c2b48
03-09 18:30:22.810  2540  2540 F DEBUG   :     sp   0000007ff8933740  pc   0000007faf10b9c0  pstate 0000000060000000
03-09 18:30:22.824  2540  2540 F DEBUG   : 
03-09 18:30:22.824  2540  2540 F DEBUG   : backtrace:
03-09 18:30:22.824  2540  2540 F DEBUG   :     #00 pc 00000000000679c0  /system/lib64/libc.so (pthread_mutex_lock+8)
03-09 18:30:22.824  2540  2540 F DEBUG   :     #01 pc 000000000001eb44  /system/lib64/libc.so (readdir+28)
03-09 18:30:22.824  2540  2540 F DEBUG   :     #02 pc 0000000000002e80  /system/bin/logcat (main+3264)
03-09 18:30:22.824  2540  2540 F DEBUG   :     #03 pc 000000000001bcd8  /system/lib64/libc.so (__libc_init+100)
03-09 18:30:22.824  2540  2540 F DEBUG   :     #04 pc 0000000000003bb8  /system/bin/logcat
03-09 18:30:22.870  2540  2540 F DEBUG   : 
03-09 18:30:22.870  2540  2540 F DEBUG   : Tombstone written to: /data/tombstones/tombstone_04
03-09 18:30:22.870  2819  2865 I BootReceiver: Copying /data/tombstones/tombstone_04 to DropBox (SYSTEM_TOMBSTONE)
03-09 18:30:24.698  2819  4027 I ActivityManager: START u0 {act=android.intent.action.MAIN cmp=com.android.settings/.SubSettings$SecuritySubSettings (has extras)} from uid 1000 on display 0
03-09 18:30:24.699  2819  4027 I am_home_stack_moved: [0,0,1,1,sourceStackToFront]
03-09 18:30:24.699  2819  4027 I wm_task_moved: [8,1,1]
03-09 18:30:24.714  2819  4027 I am_create_activity: [0,100926929,8,com.android.settings/.SubSettings$SecuritySubSettings,android.intent.action.MAIN,NULL,NULL,0]
03-09 18:30:24.715  2819  4027 I am_pause_activity: [0,93174292,com.android.settings/.Settings]
03-09 18:30:24.716  2819  4027 I am_home_stack_moved: [0,0,1,1,startedActivity setFocusedActivity]
03-09 18:30:24.716  2819  4027 I wm_task_moved: [8,1,1]
03-09 18:30:24.723  2819  4027 I am_focused_activity: [0,com.android.settings/.SubSettings$SecuritySubSettings]
03-09 18:30:24.727  3499  3499 I sysui_view_visibility: [35,0]
03-09 18:30:24.728  3499  3499 I sysui_view_visibility: [1,0]
03-09 18:30:24.730  3499  3499 I am_on_paused_called: [0,com.android.settings.Settings]
03-09 18:30:24.731  2819  3621 I am_restart_activity: [0,100926929,8,com.android.settings/.SubSettings$SecuritySubSettings]
03-09 18:30:24.823  3499  3499 I sysui_view_visibility: [87,100]
03-09 18:30:24.832  3499  3499 W CarrierConfigManager: Error getting config for subId -1 ICarrierConfigLoader is null
03-09 18:30:24.836  3499  3499 E AndroidRuntime: FATAL EXCEPTION: main
03-09 18:30:24.836  3499  3499 E AndroidRuntime: Process: com.android.settings, PID: 3499
03-09 18:30:24.836  3499  3499 E AndroidRuntime: Theme: themes:{}
03-09 18:30:24.836  3499  3499 E AndroidRuntime: java.lang.RuntimeException: Unable to resume activity {com.android.settings/com.android.settings.SubSettings$SecuritySubSettings}: java.lang.NullPointerException: Attempt to invoke virtual method 'boolean android.os.PersistableBundle.getBoolean(java.lang.String)' on a null object reference
03-09 18:30:24.836  3499  3499 E AndroidRuntime: 	at android.app.ActivityThread.performResumeActivity(ActivityThread.java:3137)
03-09 18:30:24.836  3499  3499 E AndroidRuntime: 	at android.app.ActivityThread.handleResumeActivity(ActivityThread.java:3168)
03-09 18:30:24.836  3499  3499 E AndroidRuntime: 	at android.app.ActivityThread.handleLaunchActivity(ActivityThread.java:2515)
03-09 18:30:24.836  3499  3499 E AndroidRuntime: 	at android.app.ActivityThread.-wrap11(ActivityThread.java)
03-09 18:30:24.836  3499  3499 E AndroidRuntime: 	at android.app.ActivityThread$H.handleMessage(ActivityThread.java:1363)
03-09 18:30:24.836  3499  3499 E AndroidRuntime: 	at android.os.Handler.dispatchMessage(Handler.java:102)
03-09 18:30:24.836  3499  3499 E AndroidRuntime: 	at android.os.Looper.loop(Looper.java:148)
03-09 18:30:24.836  3499  3499 E AndroidRuntime: 	at android.app.ActivityThread.main(ActivityThread.java:5461)
03-09 18:30:24.836  3499  3499 E AndroidRuntime: 	at java.lang.reflect.Method.invoke(Native Method)
03-09 18:30:24.836  3499  3499 E AndroidRuntime: 	at com.android.internal.os.ZygoteInit$MethodAndArgsCaller.run(ZygoteInit.java:726)
03-09 18:30:24.836  3499  3499 E AndroidRuntime: 	at com.android.internal.os.ZygoteInit.main(ZygoteInit.java:616)
03-09 18:30:24.836  3499  3499 E AndroidRuntime: Caused by: java.lang.NullPointerException: Attempt to invoke virtual method 'boolean android.os.PersistableBundle.getBoolean(java.lang.String)' on a null object reference
03-09 18:30:24.836  3499  3499 E AndroidRuntime: 	at com.android.settings.SecuritySettings.createPreferenceHierarchy(SecuritySettings.java:386)
03-09 18:30:24.836  3499  3499 E AndroidRuntime: 	at com.android.settings.SecuritySettings.onResume(SecuritySettings.java:752)
03-09 18:30:24.836  3499  3499 E AndroidRuntime: 	at android.app.Fragment.performResume(Fragment.java:2263)
03-09 18:30:24.836  3499  3499 E AndroidRuntime: 	at android.app.FragmentManagerImpl.moveToState(FragmentManager.java:1008)
03-09 18:30:24.836  3499  3499 E AndroidRuntime: 	at android.app.FragmentManagerImpl.moveToState(FragmentManager.java:1148)
03-09 18:30:24.836  3499  3499 E AndroidRuntime: 	at android.app.FragmentManagerImpl.moveToState(FragmentManager.java:1130)
03-09 18:30:24.836  3499  3499 E AndroidRuntime: 	at android.app.FragmentManagerImpl.dispatchResume(FragmentManager.java:1963)
03-09 18:30:24.836  3499  3499 E AndroidRuntime: 	at android.app.FragmentController.dispatchResume(FragmentController.java:174)
03-09 18:30:24.836  3499  3499 E AndroidRuntime: 	at android.app.Activity.performResume(Activity.java:6348)
03-09 18:30:24.836  3499  3499 E AndroidRuntime: 	at android.app.ActivityThread.performResumeActivity(ActivityThread.java:3126)
03-09 18:30:24.836  3499  3499 E AndroidRuntime: 	... 10 more
03-09 18:30:24.837  2819  4028 I am_crash: [3499,0,com.android.settings,952647237,java.lang.NullPointerException,Attempt to invoke virtual method 'boolean android.os.PersistableBundle.getBoolean(java.lang.String)' on a null object reference,SecuritySettings.java,386]
03-09 18:30:24.839  2819  4028 W ActivityManager:   Force finishing activity com.android.settings/.SubSettings$SecuritySubSettings
03-09 18:30:24.839  2819  4028 I am_finish_activity: [0,100926929,8,com.android.settings/.SubSettings$SecuritySubSettings,force-crash]
03-09 18:30:24.840  2819  4028 I am_home_stack_moved: [0,0,1,1,finishActivity adjustFocus setFocusedActivity]
03-09 18:30:24.840  2819  4028 I wm_task_moved: [8,1,1]
03-09 18:30:24.841  2819  4028 I am_focused_activity: [0,com.android.settings/.Settings]
03-09 18:30:24.841  2819  4028 I am_pause_activity: [0,100926929,com.android.settings/.SubSettings$SecuritySubSettings]
03-09 18:30:24.842  2819  4028 W ActivityManager:   Force finishing activity com.android.settings/.Settings
03-09 18:30:24.842  2819  4028 I am_finish_activity: [0,93174292,8,com.android.settings/.Settings,force-crash]
03-09 18:30:24.842  2819  4028 I am_home_stack_moved: [0,1,0,0,finishActivity adjustFocus setFocusedActivity]
03-09 18:30:24.842  2819  4028 I wm_task_moved: [6,1,0]
03-09 18:30:24.843  2819  4028 I am_focused_activity: [0,com.cyanogenmod.trebuchet/com.android.launcher3.Launcher]
03-09 18:30:24.844  2819  4028 I am_destroy_activity: [0,93174292,8,com.android.settings/.Settings,finish-imm]
03-09 18:30:25.342  2819  2855 W ActivityManager: Activity pause timeout for ActivityRecord{60405d1 u0 com.android.settings/.SubSettings$SecuritySubSettings t8 f}
03-09 18:30:25.349  2819  2855 I am_resume_activity: [0,145847691,6,com.cyanogenmod.trebuchet/com.android.launcher3.Launcher]
03-09 18:30:25.372  3568  3568 I am_on_resume_called: [0,com.android.launcher3.Launcher]
03-09 18:30:25.455  2819  3130 I am_destroy_activity: [0,100926929,8,com.android.settings/.SubSettings$SecuritySubSettings,finish-idle]
03-09 18:30:27.307  2819  4028 I WindowState: WIN DEATH: Window{eb7d274 u0 com.android.settings/com.android.settings.Settings}
03-09 18:30:27.309  2819  2992 D WifiService: Client connection lost with reason: 4
03-09 18:30:27.319   300   300 I sf_frame_dur: [com.android.settings/com.android.settings.Settings,93,2,0,2,1,1,0]
03-09 18:30:27.330  2819  2843 I ActivityManager: Process com.android.settings (pid 3499) has died
03-09 18:30:27.330  2819  2843 I am_proc_died: [0,3499,com.android.settings]
03-09 18:30:27.330  2819  2843 D ActivityManager: cleanUpApplicationRecord -- 3499
03-09 18:30:27.331  2819  2843 I wm_task_removed: [8,removeAppToken: last token]
03-09 18:30:27.331  2819  2843 I wm_task_removed: [8,removeTask]
03-09 18:30:27.332  2819  2867 I dvm_lock_sample: [system_server,1,android.display,22,ActivityRecord.java,361,ActivityManagerService.java,1358,4]
03-09 18:30:27.387  2819  2867 W AppOps  : Finishing op nesting under-run: uid 1000 pkg android code 24 time=0 duration=0 nesting=0
03-09 18:30:27.399   300   300 I sf_frame_dur: [Application Error: com.android.settings,18,2,1,0,1,2,0]
03-09 18:30:27.609  2552  2552 I auditd  : type=1400 audit(0.0:198): avc: denied { write } for comm="thermal" name="rild-oem" dev="tmpfs" ino=14688 scontext=u:r:init:s0 tcontext=u:object_r:rild_socket:s0 tclass=sock_file permissive=1
03-09 18:30:27.616   699   725 I chatty  : uid=1001(radio) /system/bin/mtkrild expire 6 lines
03-09 18:30:27.617   699   716 I chatty  : uid=1001(radio) /system/bin/mtkrild expire 5 lines
03-09 18:30:27.618   699   720 I chatty  : uid=1001(radio) /system/bin/mtkrild expire 2 lines
03-09 18:30:27.769  2962  2962 I auditd  : type=1400 audit(0.0:199): avc: denied { search } for comm="mediaserver" name="default" dev="tmpfs" ino=10951 scontext=u:r:mediaserver:s0 tcontext=u:object_r:storage_file:s0 tclass=dir permissive=1
03-09 18:30:28.016  2540  2540 F DEBUG   : *** *** *** *** *** *** *** *** *** *** *** *** *** *** *** ***
03-09 18:30:28.017  2819  3083 W NativeCrashListener: Couldn't find ProcessRecord for pid 5339
03-09 18:30:28.017  2540  2540 F DEBUG   : LineageOS Version: '13.0-20170306-UNOFFICIAL-PowerFiveMax'
03-09 18:30:28.017  2540  2540 F DEBUG   : Build fingerprint: 'HighScreen/lineage_PowerFiveMax/PowerFiveMax:6.0.1/MOB31K/de916a5cf9:userdebug/test-keys'
03-09 18:30:28.017  2540  2540 F DEBUG   : Revision: '0'
03-09 18:30:28.018  2540  2540 F DEBUG   : ABI: 'arm64'
03-09 18:30:28.018  2540  2540 F DEBUG   : pid: 5339, tid: 5339, name: logcat  >>> /system/bin/logcat <<<
03-09 18:30:28.018  2540  2540 F DEBUG   : signal 11 (SIGSEGV), code 1 (SEGV_MAPERR), fault addr 0x18
03-09 18:30:28.021  2540  2540 F DEBUG   :     x0   0000000000000018  x1   0000007f90b282e0  x2   0000007f90b28000  x3   0000007f90b29000
03-09 18:30:28.021  2540  2540 F DEBUG   :     x4   0000007f90b293d0  x5   0000007f90b28f48  x6   0000007f90b28000  x7   7f7f7f7f7f7f7f7f
03-09 18:30:28.021  2540  2540 F DEBUG   :     x8   0000000000000038  x9   0000007fd024b9a8  x10  00000000368020cd  x11  0000007fd024ba28
03-09 18:30:28.021  2540  2540 F DEBUG   :     x12  0000000000000000  x13  0000007fd024dbb0  x14  0000000000000000  x15  0000007fd024ba28
03-09 18:30:28.021  2540  2540 F DEBUG   :     x16  0000007f90931af8  x17  0000007f908c09b8  x18  000000000000001e  x19  0000000000000000
03-09 18:30:28.021  2540  2540 F DEBUG   :     x20  0000000000000018  x21  0000007f90b39000  x22  0000000000000010  x23  0000007fd024c650
03-09 18:30:28.021  2540  2540 F DEBUG   :     x24  0000007fd024d6c8  x25  0000007f90b28000  x26  0000000000000000  x27  0000000000000000
03-09 18:30:28.022  2540  2540 F DEBUG   :     x28  0000007f90b28260  x29  0000007fd024b7e0  x30  0000007f90877b48
03-09 18:30:28.022  2540  2540 F DEBUG   :     sp   0000007fd024b7e0  pc   0000007f908c09c0  pstate 0000000060000000
03-09 18:30:28.027  2540  2540 F DEBUG   : 
03-09 18:30:28.027  2540  2540 F DEBUG   : backtrace:
03-09 18:30:28.027  2540  2540 F DEBUG   :     #00 pc 00000000000679c0  /system/lib64/libc.so (pthread_mutex_lock+8)
03-09 18:30:28.028  2540  2540 F DEBUG   :     #01 pc 000000000001eb44  /system/lib64/libc.so (readdir+28)
03-09 18:30:28.028  2540  2540 F DEBUG   :     #02 pc 0000000000002e80  /system/bin/logcat (main+3264)
03-09 18:30:28.028  2540  2540 F DEBUG   :     #03 pc 000000000001bcd8  /system/lib64/libc.so (__libc_init+100)
03-09 18:30:28.028  2540  2540 F DEBUG   :     #04 pc 0000000000003bb8  /system/bin/logcat
03-09 18:30:28.091  2540  2540 F DEBUG   : 
03-09 18:30:28.091  2540  2540 F DEBUG   : Tombstone written to: /data/tombstones/tombstone_05
03-09 18:30:28.092  2819  2865 I BootReceiver: Copying /data/tombstones/tombstone_05 to DropBox (SYSTEM_TOMBSTONE)
03-09 18:30:28.172  2819  2844 I ActivityManager: START u0 {act=android.intent.action.MAIN cat=[android.intent.category.LAUNCHER] flg=0x10200000 cmp=com.android.settings/.Settings (has extras)} from uid 10029 on display 0
03-09 18:30:28.173  2819  2844 I am_home_stack_moved: [0,0,1,1,startingNewTask]
03-09 18:30:28.173  2819  2844 I wm_task_moved: [7,1,0]
03-09 18:30:28.178  2819  2844 I am_create_task: [0,9]
03-09 18:30:28.178  2819  2844 I am_create_activity: [0,53788849,9,com.android.settings/.Settings,android.intent.action.MAIN,NULL,NULL,270532608]
03-09 18:30:28.178  2819  2844 I wm_task_created: [9,1]
03-09 18:30:28.178  2819  2844 I wm_task_moved: [9,1,1]
03-09 18:30:28.179  2819  2844 I am_pause_activity: [0,145847691,com.cyanogenmod.trebuchet/com.android.launcher3.Launcher]
03-09 18:30:28.201  2819  2844 I am_home_stack_moved: [0,0,1,1,startedActivity setFocusedActivity]
03-09 18:30:28.201  2819  2844 I wm_task_moved: [9,1,1]
03-09 18:30:28.208  2819  2844 I am_focused_activity: [0,com.android.settings/.Settings]
03-09 18:30:28.215  3568  3568 I am_on_paused_called: [0,com.android.launcher3.Launcher]
03-09 18:30:28.229  2819  2843 I am_proc_start: [0,5344,1000,com.android.settings,activity,com.android.settings/.Settings]
03-09 18:30:28.230  2819  2843 I ActivityManager: Start proc 5344:com.android.settings/1000 for activity com.android.settings/.Settings
03-09 18:30:28.474  2819  3621 I am_proc_bound: [0,5344,com.android.settings]
03-09 18:30:28.478  2819  3621 I am_restart_activity: [0,53788849,9,com.android.settings/.Settings]
03-09 18:30:28.607  5344  5344 I sysui_view_visibility: [1,100]
03-09 18:30:28.618  5344  5344 I sysui_view_visibility: [35,100]
03-09 18:30:28.621  5344  5344 I am_on_resume_called: [0,com.android.settings.Settings]
03-09 18:30:28.680  2819  2992 D WifiService: New client listening to asynchronous messages
03-09 18:30:28.871   300   300 I sf_frame_dur: [com.cyanogenmod.trebuchet/com.android.launcher3.Launcher,21,4,1,2,0,1,1]
03-09 18:30:29.068  2819  2867 I am_activity_launch_time: [0,53788849,com.android.settings/.Settings,852,4337]
03-09 18:30:29.503  4568  4568 I chatty  : uid=1001(radio) com.android.phone expire 1 line
03-09 18:30:29.769  2962  2962 I auditd  : type=1400 audit(0.0:200): avc: denied { read } for comm="mediaserver" name="primary" dev="tmpfs" ino=10958 scontext=u:r:mediaserver:s0 tcontext=u:object_r:storage_file:s0 tclass=lnk_file permissive=1
03-09 18:30:30.774   593   593 I chatty  : uid=1001(radio) /system/bin/gsm0710muxd expire 2 lines
03-09 18:30:32.871  2819  3129 I ActivityManager: START u0 {act=android.intent.action.MAIN cmp=com.android.settings/.SubSettings$SecuritySubSettings (has extras)} from uid 1000 on display 0
03-09 18:30:32.872  2819  3129 I am_home_stack_moved: [0,0,1,1,sourceStackToFront]
03-09 18:30:32.872  2819  3129 I wm_task_moved: [9,1,1]
03-09 18:30:32.882  2819  3129 I am_create_activity: [0,69888313,9,com.android.settings/.SubSettings$SecuritySubSettings,android.intent.action.MAIN,NULL,NULL,0]
03-09 18:30:32.883  2819  3129 I am_pause_activity: [0,53788849,com.android.settings/.Settings]
03-09 18:30:32.885  2819  3129 I am_home_stack_moved: [0,0,1,1,startedActivity setFocusedActivity]
03-09 18:30:32.885  2819  3129 I wm_task_moved: [9,1,1]
03-09 18:30:32.896  2819  3129 I am_focused_activity: [0,com.android.settings/.SubSettings$SecuritySubSettings]
03-09 18:30:32.903  5344  5344 I sysui_view_visibility: [35,0]
03-09 18:30:32.909  5344  5344 I sysui_view_visibility: [1,0]
03-09 18:30:32.913  5344  5344 I am_on_paused_called: [0,com.android.settings.Settings]
03-09 18:30:32.914  2819  3587 I am_restart_activity: [0,69888313,9,com.android.settings/.SubSettings$SecuritySubSettings]
03-09 18:30:33.018  5344  5344 I sysui_view_visibility: [87,100]
03-09 18:30:33.034  5344  5344 W CarrierConfigManager: Error getting config for subId -1 ICarrierConfigLoader is null
03-09 18:30:33.038  5344  5344 E AndroidRuntime: FATAL EXCEPTION: main
03-09 18:30:33.038  5344  5344 E AndroidRuntime: Process: com.android.settings, PID: 5344
03-09 18:30:33.038  5344  5344 E AndroidRuntime: Theme: themes:{}
03-09 18:30:33.038  5344  5344 E AndroidRuntime: java.lang.RuntimeException: Unable to resume activity {com.android.settings/com.android.settings.SubSettings$SecuritySubSettings}: java.lang.NullPointerException: Attempt to invoke virtual method 'boolean android.os.PersistableBundle.getBoolean(java.lang.String)' on a null object reference
03-09 18:30:33.038  5344  5344 E AndroidRuntime: 	at android.app.ActivityThread.performResumeActivity(ActivityThread.java:3137)
03-09 18:30:33.038  5344  5344 E AndroidRuntime: 	at android.app.ActivityThread.handleResumeActivity(ActivityThread.java:3168)
03-09 18:30:33.038  5344  5344 E AndroidRuntime: 	at android.app.ActivityThread.handleLaunchActivity(ActivityThread.java:2515)
03-09 18:30:33.038  5344  5344 E AndroidRuntime: 	at android.app.ActivityThread.-wrap11(ActivityThread.java)
03-09 18:30:33.038  5344  5344 E AndroidRuntime: 	at android.app.ActivityThread$H.handleMessage(ActivityThread.java:1363)
03-09 18:30:33.038  5344  5344 E AndroidRuntime: 	at android.os.Handler.dispatchMessage(Handler.java:102)
03-09 18:30:33.038  5344  5344 E AndroidRuntime: 	at android.os.Looper.loop(Looper.java:148)
03-09 18:30:33.038  5344  5344 E AndroidRuntime: 	at android.app.ActivityThread.main(ActivityThread.java:5461)
03-09 18:30:33.038  5344  5344 E AndroidRuntime: 	at java.lang.reflect.Method.invoke(Native Method)
03-09 18:30:33.038  5344  5344 E AndroidRuntime: 	at com.android.internal.os.ZygoteInit$MethodAndArgsCaller.run(ZygoteInit.java:726)
03-09 18:30:33.038  5344  5344 E AndroidRuntime: 	at com.android.internal.os.ZygoteInit.main(ZygoteInit.java:616)
03-09 18:30:33.038  5344  5344 E AndroidRuntime: Caused by: java.lang.NullPointerException: Attempt to invoke virtual method 'boolean android.os.PersistableBundle.getBoolean(java.lang.String)' on a null object reference
03-09 18:30:33.038  5344  5344 E AndroidRuntime: 	at com.android.settings.SecuritySettings.createPreferenceHierarchy(SecuritySettings.java:386)
03-09 18:30:33.038  5344  5344 E AndroidRuntime: 	at com.android.settings.SecuritySettings.onResume(SecuritySettings.java:752)
03-09 18:30:33.038  5344  5344 E AndroidRuntime: 	at android.app.Fragment.performResume(Fragment.java:2263)
03-09 18:30:33.038  5344  5344 E AndroidRuntime: 	at android.app.FragmentManagerImpl.moveToState(FragmentManager.java:1008)
03-09 18:30:33.038  5344  5344 E AndroidRuntime: 	at android.app.FragmentManagerImpl.moveToState(FragmentManager.java:1148)
03-09 18:30:33.038  5344  5344 E AndroidRuntime: 	at android.app.FragmentManagerImpl.moveToState(FragmentManager.java:1130)
03-09 18:30:33.038  5344  5344 E AndroidRuntime: 	at android.app.FragmentManagerImpl.dispatchResume(FragmentManager.java:1963)
03-09 18:30:33.038  5344  5344 E AndroidRuntime: 	at android.app.FragmentController.dispatchResume(FragmentController.java:174)
03-09 18:30:33.038  5344  5344 E AndroidRuntime: 	at android.app.Activity.performResume(Activity.java:6348)
03-09 18:30:33.038  5344  5344 E AndroidRuntime: 	at android.app.ActivityThread.performResumeActivity(ActivityThread.java:3126)
03-09 18:30:33.038  5344  5344 E AndroidRuntime: 	... 10 more
03-09 18:30:33.039  2819  2843 I am_crash: [5344,0,com.android.settings,952647237,java.lang.NullPointerException,Attempt to invoke virtual method 'boolean android.os.PersistableBundle.getBoolean(java.lang.String)' on a null object reference,SecuritySettings.java,386]
03-09 18:30:33.041  2819  2843 W ActivityManager:   Force finishing activity com.android.settings/.SubSettings$SecuritySubSettings
03-09 18:30:33.041  2819  2843 I am_finish_activity: [0,69888313,9,com.android.settings/.SubSettings$SecuritySubSettings,force-crash]
03-09 18:30:33.041  2819  2843 I am_home_stack_moved: [0,0,1,1,finishActivity adjustFocus setFocusedActivity]
03-09 18:30:33.041  2819  2843 I wm_task_moved: [9,1,1]
03-09 18:30:33.043  2819  2843 I am_focused_activity: [0,com.android.settings/.Settings]
03-09 18:30:33.043  2819  2843 I am_pause_activity: [0,69888313,com.android.settings/.SubSettings$SecuritySubSettings]
03-09 18:30:33.044  2819  2843 W ActivityManager:   Force finishing activity com.android.settings/.Settings
03-09 18:30:33.044  2819  2843 I am_finish_activity: [0,53788849,9,com.android.settings/.Settings,force-crash]
03-09 18:30:33.045  2819  2843 I am_home_stack_moved: [0,1,0,0,finishActivity adjustFocus setFocusedActivity]
03-09 18:30:33.045  2819  2843 I wm_task_moved: [6,1,0]
03-09 18:30:33.048  2819  2843 I am_focused_activity: [0,com.cyanogenmod.trebuchet/com.android.launcher3.Launcher]
03-09 18:30:33.048  2819  2843 I am_destroy_activity: [0,53788849,9,com.android.settings/.Settings,finish-imm]
03-09 18:30:33.180  2540  2540 F DEBUG   : *** *** *** *** *** *** *** *** *** *** *** *** *** *** *** ***
03-09 18:30:33.180  2540  2540 F DEBUG   : LineageOS Version: '13.0-20170306-UNOFFICIAL-PowerFiveMax'
03-09 18:30:33.180  2540  2540 F DEBUG   : Build fingerprint: 'HighScreen/lineage_PowerFiveMax/PowerFiveMax:6.0.1/MOB31K/de916a5cf9:userdebug/test-keys'
03-09 18:30:33.180  2540  2540 F DEBUG   : Revision: '0'
03-09 18:30:33.180  2540  2540 F DEBUG   : ABI: 'arm64'
03-09 18:30:33.180  2540  2540 F DEBUG   : pid: 5385, tid: 5385, name: logcat  >>> /system/bin/logcat <<<
03-09 18:30:33.180  2540  2540 F DEBUG   : signal 11 (SIGSEGV), code 1 (SEGV_MAPERR), fault addr 0x18
03-09 18:30:33.182  2540  2540 F DEBUG   :     x0   0000000000000018  x1   0000007f81f222e0  x2   0000007f81f22000  x3   0000007f81f23000
03-09 18:30:33.182  2540  2540 F DEBUG   :     x4   0000007f81f233d0  x5   0000007f81f22f48  x6   0000007f81f22000  x7   7f7f7f7f7f7f7f7f
03-09 18:30:33.182  2540  2540 F DEBUG   :     x8   0000000000000038  x9   0000007fc1fba0c8  x10  0000000007a813f5  x11  0000007fc1fba148
03-09 18:30:33.182  2540  2540 F DEBUG   :     x12  0000000000000000  x13  0000007fc1fbcbb0  x14  0000000000000000  x15  0000007fc1fba148
03-09 18:30:33.182  2819  3083 W NativeCrashListener: Couldn't find ProcessRecord for pid 5385
03-09 18:30:33.182  2540  2540 F DEBUG   :     x16  0000007f81d2baf8  x17  0000007f81cba9b8  x18  000000000000001e  x19  0000000000000000
03-09 18:30:33.182  2540  2540 F DEBUG   :     x20  0000000000000018  x21  0000007f81f33000  x22  0000000000000010  x23  0000007fc1fbad70
03-09 18:30:33.183  2540  2540 F DEBUG   :     x24  0000007fc1fbbde8  x25  0000007f81f22000  x26  0000000000000000  x27  0000000000000000
03-09 18:30:33.183  2540  2540 F DEBUG   :     x28  0000007f81f22260  x29  0000007fc1fb9f00  x30  0000007f81c71b48
03-09 18:30:33.183  2540  2540 F DEBUG   :     sp   0000007fc1fb9f00  pc   0000007f81cba9c0  pstate 0000000060000000
03-09 18:30:33.186  2540  2540 F DEBUG   : 
03-09 18:30:33.186  2540  2540 F DEBUG   : backtrace:
03-09 18:30:33.186  2540  2540 F DEBUG   :     #00 pc 00000000000679c0  /system/lib64/libc.so (pthread_mutex_lock+8)
03-09 18:30:33.186  2540  2540 F DEBUG   :     #01 pc 000000000001eb44  /system/lib64/libc.so (readdir+28)
03-09 18:30:33.186  2540  2540 F DEBUG   :     #02 pc 0000000000002e80  /system/bin/logcat (main+3264)
03-09 18:30:33.186  2540  2540 F DEBUG   :     #03 pc 000000000001bcd8  /system/lib64/libc.so (__libc_init+100)
03-09 18:30:33.186  2540  2540 F DEBUG   :     #04 pc 0000000000003bb8  /system/bin/logcat
03-09 18:30:33.237  2540  2540 F DEBUG   : 
03-09 18:30:33.237  2540  2540 F DEBUG   : Tombstone written to: /data/tombstones/tombstone_06
03-09 18:30:33.238  2819  2865 I BootReceiver: Copying /data/tombstones/tombstone_06 to DropBox (SYSTEM_TOMBSTONE)
03-09 18:30:33.544  2819  2855 W ActivityManager: Activity pause timeout for ActivityRecord{42a6939 u0 com.android.settings/.SubSettings$SecuritySubSettings t9 f}
03-09 18:30:33.551  2819  2855 I am_resume_activity: [0,145847691,6,com.cyanogenmod.trebuchet/com.android.launcher3.Launcher]
03-09 18:30:33.570  3568  3568 I am_on_resume_called: [0,com.android.launcher3.Launcher]
03-09 18:30:33.627  2819  2844 I am_destroy_activity: [0,69888313,9,com.android.settings/.SubSettings$SecuritySubSettings,finish-idle]
03-09 18:30:34.756  2819  4026 I WindowState: WIN DEATH: Window{8af761e u0 com.android.settings/com.android.settings.Settings}
03-09 18:30:34.757  2819  2992 D WifiService: Client connection lost with reason: 4
03-09 18:30:34.765   300   327 I sf_frame_dur: [com.android.settings/com.android.settings.Settings,168,3,0,3,4,1,0]
03-09 18:30:34.793  2819  3621 I ActivityManager: Process com.android.settings (pid 5344) has died
03-09 18:30:34.794  2819  3621 I am_proc_died: [0,5344,com.android.settings]
03-09 18:30:34.794  2819  3621 D ActivityManager: cleanUpApplicationRecord -- 5344
03-09 18:30:34.795  2819  3621 I wm_task_removed: [9,removeAppToken: last token]
03-09 18:30:34.795  2819  3621 I wm_task_removed: [9,removeTask]
03-09 18:30:34.799  2819  2867 W AppOps  : Finishing op nesting under-run: uid 1000 pkg android code 24 time=0 duration=0 nesting=0
03-09 18:30:34.810   300   300 I sf_frame_dur: [Application Error: com.android.settings,2,2,0,0,1,1,0]
03-09 18:30:35.967  2819  3129 I ActivityManager: START u0 {act=android.intent.action.MAIN cat=[android.intent.category.LAUNCHER] flg=0x10200000 cmp=com.android.settings/.Settings (has extras)} from uid 10029 on display 0
03-09 18:30:35.972  2819  3129 I am_home_stack_moved: [0,0,1,1,startingNewTask]
03-09 18:30:35.972  2819  3129 I wm_task_moved: [7,1,0]
03-09 18:30:35.976  2819  3129 I am_create_task: [0,10]
03-09 18:30:35.976  2819  3129 I am_create_activity: [0,89461748,10,com.android.settings/.Settings,android.intent.action.MAIN,NULL,NULL,270532608]
03-09 18:30:35.977  2819  3129 I wm_task_created: [10,1]
03-09 18:30:35.977  2819  3129 I wm_task_moved: [10,1,1]
03-09 18:30:36.003  2819  3129 I am_pause_activity: [0,145847691,com.cyanogenmod.trebuchet/com.android.launcher3.Launcher]
03-09 18:30:36.008  2819  3129 I am_home_stack_moved: [0,0,1,1,startedActivity setFocusedActivity]
03-09 18:30:36.008  2819  3129 I wm_task_moved: [10,1,1]
03-09 18:30:36.011  2819  3129 I am_focused_activity: [0,com.android.settings/.Settings]
03-09 18:30:36.021  3568  3568 I am_on_paused_called: [0,com.android.launcher3.Launcher]
03-09 18:30:36.039  2819  2843 I am_proc_start: [0,5391,1000,com.android.settings,activity,com.android.settings/.Settings]
03-09 18:30:36.039  2819  2843 I ActivityManager: Start proc 5391:com.android.settings/1000 for activity com.android.settings/.Settings
03-09 18:30:36.247  2819  2844 I am_proc_bound: [0,5391,com.android.settings]
03-09 18:30:36.254  2819  2844 I am_restart_activity: [0,89461748,10,com.android.settings/.Settings]
03-09 18:30:36.427  5391  5391 I sysui_view_visibility: [1,100]
03-09 18:30:36.441  5391  5391 I sysui_view_visibility: [35,100]
03-09 18:30:36.442  5391  5391 I am_on_resume_called: [0,com.android.settings.Settings]
03-09 18:30:36.523  2819  2992 D WifiService: New client listening to asynchronous messages
03-09 18:30:36.650   300   300 I sf_frame_dur: [com.cyanogenmod.trebuchet/com.android.launcher3.Launcher,16,4,1,2,0,0,1]
03-09 18:30:36.912  2819  2867 I am_activity_launch_time: [0,89461748,com.android.settings/.Settings,890,3998]
03-09 18:30:37.003  2819  2853 I am_pss  : [4056,10068,com.cyanogenmod.lockclock,4167680,3051520]
03-09 18:30:37.027  2819  2853 I am_pss  : [3806,10070,org.telegram.messenger,26767360,13717504]
03-09 18:30:37.049  2819  2853 I am_pss  : [4016,10052,com.android.email,8969216,7745536]
03-09 18:30:37.069  2819  2853 I am_pss  : [3531,10067,com.android.inputmethod.latin,9338880,7376896]
03-09 18:30:37.089  2819  2853 I am_pss  : [3955,10055,org.cyanogenmod.profiles,3537920,2510848]
03-09 18:30:37.110  2819  2853 I am_pss  : [3518,10027,org.cyanogenmod.weatherservice,3334144,2351104]
03-09 18:30:37.132  2819  2853 I am_pss  : [3523,10002,org.cyanogenmod.cmaudio.service,3368960,2400256]
03-09 18:30:37.149  2819  2853 I am_pss  : [3511,10011,org.cyanogenmod.livelockscreen.service,3252224,2306048]
03-09 18:30:37.165  2819  2853 I am_pss  : [3078,10020,org.cyanogenmod.themeservice,4145152,3076096]
03-09 18:30:37.362  2540  2540 F DEBUG   : *** *** *** *** *** *** *** *** *** *** *** *** *** *** *** ***
03-09 18:30:37.362  2540  2540 F DEBUG   : LineageOS Version: '13.0-20170306-UNOFFICIAL-PowerFiveMax'
03-09 18:30:37.362  2540  2540 F DEBUG   : Build fingerprint: 'HighScreen/lineage_PowerFiveMax/PowerFiveMax:6.0.1/MOB31K/de916a5cf9:userdebug/test-keys'
03-09 18:30:37.362  2540  2540 F DEBUG   : Revision: '0'
03-09 18:30:37.362  2540  2540 F DEBUG   : ABI: 'arm64'
03-09 18:30:37.362  2540  2540 F DEBUG   : pid: 5429, tid: 5429, name: logcat  >>> /system/bin/logcat <<<
03-09 18:30:37.362  2540  2540 F DEBUG   : signal 11 (SIGSEGV), code 1 (SEGV_MAPERR), fault addr 0x18
03-09 18:30:37.363  2819  3083 W NativeCrashListener: Couldn't find ProcessRecord for pid 5429
03-09 18:30:37.365  2540  2540 F DEBUG   :     x0   0000000000000018  x1   0000007f865192e0  x2   0000007f86519000  x3   0000007f8651a000
03-09 18:30:37.365  2540  2540 F DEBUG   :     x4   0000007f8651a3d0  x5   0000007f86519f48  x6   0000007f86519000  x7   7f7f7f7f7f7f7f7f
03-09 18:30:37.365  2540  2540 F DEBUG   :     x8   0000000000000038  x9   0000007fdf01bc68  x10  000000000f85597f  x11  0000007fdf01bce8
03-09 18:30:37.365  2540  2540 F DEBUG   :     x12  0000000000000000  x13  0000007fdf01ebb0  x14  0000000000000000  x15  0000007fdf01bce8
03-09 18:30:37.365  2540  2540 F DEBUG   :     x16  0000007f86322af8  x17  0000007f862b19b8  x18  000000000000001e  x19  0000000000000000
03-09 18:30:37.366  2540  2540 F DEBUG   :     x20  0000000000000018  x21  0000007f8652a000  x22  0000000000000010  x23  0000007fdf01c910
03-09 18:30:37.366  2540  2540 F DEBUG   :     x24  0000007fdf01d988  x25  0000007f86519000  x26  0000000000000000  x27  0000000000000000
03-09 18:30:37.366  2540  2540 F DEBUG   :     x28  0000007f86519260  x29  0000007fdf01baa0  x30  0000007f86268b48
03-09 18:30:37.366  2540  2540 F DEBUG   :     sp   0000007fdf01baa0  pc   0000007f862b19c0  pstate 0000000060000000
03-09 18:30:37.370  2540  2540 F DEBUG   : 
03-09 18:30:37.370  2540  2540 F DEBUG   : backtrace:
03-09 18:30:37.370  2540  2540 F DEBUG   :     #00 pc 00000000000679c0  /system/lib64/libc.so (pthread_mutex_lock+8)
03-09 18:30:37.370  2540  2540 F DEBUG   :     #01 pc 000000000001eb44  /system/lib64/libc.so (readdir+28)
03-09 18:30:37.370  2540  2540 F DEBUG   :     #02 pc 0000000000002e80  /system/bin/logcat (main+3264)
03-09 18:30:37.370  2540  2540 F DEBUG   :     #03 pc 000000000001bcd8  /system/lib64/libc.so (__libc_init+100)
03-09 18:30:37.370  2540  2540 F DEBUG   :     #04 pc 0000000000003bb8  /system/bin/logcat
03-09 18:30:37.418  2540  2540 F DEBUG   : 
03-09 18:30:37.418  2540  2540 F DEBUG   : Tombstone written to: /data/tombstones/tombstone_07
03-09 18:30:37.419  2819  2865 I BootReceiver: Copying /data/tombstones/tombstone_07 to DropBox (SYSTEM_TOMBSTONE)
03-09 18:30:37.625   699   725 I chatty  : uid=1001(radio) /system/bin/mtkrild expire 6 lines
03-09 18:30:37.625   699   724 I chatty  : uid=1001(radio) /system/bin/mtkrild expire 2 lines
03-09 18:30:37.625   699   721 I chatty  : uid=1001(radio) /system/bin/mtkrild expire 2 lines
03-09 18:30:37.626   699   718 I chatty  : uid=1001(radio) /system/bin/mtkrild expire 2 lines
03-09 18:30:37.626   699   722 I chatty  : uid=1001(radio) /system/bin/mtkrild expire 2 lines
03-09 18:30:37.626   699   715 I chatty  : uid=1001(radio) /system/bin/mtkrild expire 2 lines
03-09 18:30:37.626   699   717 I chatty  : uid=1001(radio) /system/bin/mtkrild expire 2 lines
03-09 18:30:37.626   699   719 I chatty  : uid=1001(radio) /system/bin/mtkrild expire 2 lines
03-09 18:30:37.626   699   713 I chatty  : uid=1001(radio) /system/bin/mtkrild expire 2 lines
03-09 18:30:37.626   699   723 I chatty  : uid=1001(radio) /system/bin/mtkrild expire 2 lines
03-09 18:30:37.626   699   714 I chatty  : uid=1001(radio) /system/bin/mtkrild expire 2 lines
03-09 18:30:37.626   699   716 I chatty  : uid=1001(radio) /system/bin/mtkrild expire 13 lines
03-09 18:30:37.626   699   720 I chatty  : uid=1001(radio) /system/bin/mtkrild expire 2 lines
03-09 18:30:39.507  4568  4568 I chatty  : uid=1001(radio) com.android.phone expire 1 line
03-09 18:30:39.974  2819  2844 I ActivityManager: START u0 {act=android.intent.action.MAIN cmp=com.android.settings/.SubSettings$SecuritySubSettings (has extras)} from uid 1000 on display 0
03-09 18:30:39.974  2819  2844 I am_home_stack_moved: [0,0,1,1,sourceStackToFront]
03-09 18:30:39.974  2819  2844 I wm_task_moved: [10,1,1]
03-09 18:30:39.976  2819  2844 I am_create_activity: [0,213507612,10,com.android.settings/.SubSettings$SecuritySubSettings,android.intent.action.MAIN,NULL,NULL,0]
03-09 18:30:39.977  2819  2844 I am_pause_activity: [0,89461748,com.android.settings/.Settings]
03-09 18:30:39.982  2819  2844 I am_home_stack_moved: [0,0,1,1,startedActivity setFocusedActivity]
03-09 18:30:39.982  2819  2844 I wm_task_moved: [10,1,1]
03-09 18:30:39.989  2819  2844 I am_focused_activity: [0,com.android.settings/.SubSettings$SecuritySubSettings]
03-09 18:30:39.992  5391  5391 I sysui_view_visibility: [35,0]
03-09 18:30:39.993  5391  5391 I sysui_view_visibility: [1,0]
03-09 18:30:39.998  5391  5391 I am_on_paused_called: [0,com.android.settings.Settings]
03-09 18:30:39.999  2819  3621 I am_restart_activity: [0,213507612,10,com.android.settings/.SubSettings$SecuritySubSettings]
03-09 18:30:40.122  5391  5391 I sysui_view_visibility: [87,100]
03-09 18:30:40.138  5391  5391 W CarrierConfigManager: Error getting config for subId -1 ICarrierConfigLoader is null
03-09 18:30:40.142  5391  5391 E AndroidRuntime: FATAL EXCEPTION: main
03-09 18:30:40.142  5391  5391 E AndroidRuntime: Process: com.android.settings, PID: 5391
03-09 18:30:40.142  5391  5391 E AndroidRuntime: Theme: themes:{}
03-09 18:30:40.142  5391  5391 E AndroidRuntime: java.lang.RuntimeException: Unable to resume activity {com.android.settings/com.android.settings.SubSettings$SecuritySubSettings}: java.lang.NullPointerException: Attempt to invoke virtual method 'boolean android.os.PersistableBundle.getBoolean(java.lang.String)' on a null object reference
03-09 18:30:40.142  5391  5391 E AndroidRuntime: 	at android.app.ActivityThread.performResumeActivity(ActivityThread.java:3137)
03-09 18:30:40.142  5391  5391 E AndroidRuntime: 	at android.app.ActivityThread.handleResumeActivity(ActivityThread.java:3168)
03-09 18:30:40.142  5391  5391 E AndroidRuntime: 	at android.app.ActivityThread.handleLaunchActivity(ActivityThread.java:2515)
03-09 18:30:40.142  5391  5391 E AndroidRuntime: 	at android.app.ActivityThread.-wrap11(ActivityThread.java)
03-09 18:30:40.142  5391  5391 E AndroidRuntime: 	at android.app.ActivityThread$H.handleMessage(ActivityThread.java:1363)
03-09 18:30:40.142  5391  5391 E AndroidRuntime: 	at android.os.Handler.dispatchMessage(Handler.java:102)
03-09 18:30:40.142  5391  5391 E AndroidRuntime: 	at android.os.Looper.loop(Looper.java:148)
03-09 18:30:40.142  