03-09 18:16:49.620  2819  2858 E KernelCpuSpeedReader: Failed to read cpu-freq: /sys/devices/system/cpu/cpu0/cpufreq/stats/time_in_state: open failed: ENOENT (No such file or directory)
03-09 18:16:49.630  2819  2819 I SystemServiceManager: Starting com.android.server.webkit.WebViewUpdateService
03-09 18:16:49.636  2819  2819 I SystemServer: Reading configuration...
03-09 18:16:49.636  2819  2819 I SystemServer: Scheduling Policy
03-09 18:16:49.637  2819  2819 I SystemServiceManager: Starting com.android.server.telecom.TelecomLoaderService
03-09 18:16:49.639  2819  2819 I SystemServer: Telephony Registry
03-09 18:16:49.644  2819  2819 I SystemServer: Entropy Mixer
03-09 18:16:49.646  2819  2819 I EntropyMixer: Writing entropy...
03-09 18:16:49.667  2819  2819 I SystemServer: Camera Service
03-09 18:16:49.668  2819  2819 I SystemServiceManager: Starting com.android.server.camera.CameraService
03-09 18:16:49.678  2819  2955 I ServiceThread: Enabled StrictMode logging for CameraService_proxy looper.
03-09 18:16:49.679  2819  2819 I SystemServer: Account Manager
03-09 18:16:49.688  2819  2819 I SystemServer: Content Manager
03-09 18:16:49.691  2819  2819 I SystemServer: System Content Providers
03-09 18:16:49.780  2819  2819 I SystemServer: Vibrator Service
03-09 18:16:49.781  2819  2819 I SystemServer: Consumer IR Service
03-09 18:16:49.784  2819  2819 I SystemServiceManager: Starting com.android.server.AlarmManagerService
03-09 18:16:49.792  2542  2542 I liblog  : 380
03-09 18:16:49.822  2819  2819 I SystemServer: Init Watchdog
03-09 18:16:49.823  2819  2819 I SystemServer: Input Manager
03-09 18:16:49.824  2819  2819 I InputManager: Initializing input manager, mUseDevInputEventForAudioJack=false
03-09 18:16:49.826  2819  2819 I SystemServer: Window Manager
03-09 18:16:49.875  2819  2867 I WindowManager: No existing display settings /data/system/display_settings.xml; starting empty
03-09 18:16:49.890  2962  2962 I auditd  : type=1400 audit(0.0:129): avc: denied { search } for comm="mediaserver" name="default" dev="tmpfs" ino=10951 scontext=u:r:mediaserver:s0 tcontext=u:object_r:storage_file:s0 tclass=dir permissive=1
03-09 18:16:49.890  2962  2962 I auditd  : type=1400 audit(0.0:130): avc: denied { read } for comm="mediaserver" name="primary" dev="tmpfs" ino=10958 scontext=u:r:mediaserver:s0 tcontext=u:object_r:storage_file:s0 tclass=lnk_file permissive=1
03-09 18:16:49.890  2962  2962 I auditd  : type=1400 audit(0.0:131): avc: denied { search } for comm="mediaserver" name="user" dev="tmpfs" ino=10946 scontext=u:r:mediaserver:s0 tcontext=u:object_r:mnt_user_file:s0 tclass=dir permissive=1
03-09 18:16:49.890  2962  2962 I auditd  : type=1400 audit(0.0:132): avc: denied { read } for comm="mediaserver" name="primary" dev="tmpfs" ino=20383 scontext=u:r:mediaserver:s0 tcontext=u:object_r:mnt_user_file:s0 tclass=lnk_file permissive=1
03-09 18:16:49.969  2819  2819 I wm_stack_created: [0,0,0,0,0]
03-09 18:16:49.976  2819  2819 I InputManager: Starting input manager
03-09 18:16:49.979  2819  2819 I SystemServer: Bluetooth Service
03-09 18:16:49.980  2819  2819 I SystemServiceManager: Starting com.android.server.BluetoothService
03-09 18:16:49.988  2819  2819 I SystemServer: Input Method Service
03-09 18:16:50.028  2819  2819 I SystemServer: Accessibility Manager
03-09 18:16:50.037  2819  2819 I ActivityManager: choosing minFree values for 64 Bit
03-09 18:16:50.037  2819  2819 I ActivityManager: choosing minFree values for 64 Bit
03-09 18:16:50.037  2819  2819 I ActivityManager: choosing minFree values for 64 Bit
03-09 18:16:50.037  2819  2819 I ActivityManager: choosing minFree values for 64 Bit
03-09 18:16:50.037  2819  2819 I ActivityManager: choosing minFree values for 64 Bit
03-09 18:16:50.037  2819  2819 I ActivityManager: choosing minFree values for 64 Bit
03-09 18:16:50.039  2819  2819 I configuration_changed: 7672
03-09 18:16:50.039  2819  2819 I ActivityManager: Config changes=1df8 {1.0 ?mcc?mnc ru_RU ldltr sw360dp w360dp h640dp 480dpi nrml long port ?uimode ?night -touch -keyb/h/h -nav/h s.2 themeResource=null}
03-09 18:16:50.044  2819  2819 I configuration_changed: 1024
03-09 18:16:50.045  2819  2819 I ActivityManager: Config changes=400 {1.0 ?mcc?mnc ru_RU ldltr sw360dp w360dp h616dp 480dpi nrml long port ?uimode ?night -touch -keyb/h/h -nav/h s.3 themeResource=null}
03-09 18:16:50.046  2819  2819 I SystemServiceManager: Starting com.android.server.MountService$Lifecycle
03-09 18:16:50.057  2819  2819 I SystemServiceManager: Starting com.android.server.UiModeManagerService
03-09 18:16:50.059  2819  2819 I configuration_changed: 512
03-09 18:16:50.059  2819  2819 I ActivityManager: Config changes=200 {1.0 ?mcc?mnc ru_RU ldltr sw360dp w360dp h616dp 480dpi nrml long port -touch -keyb/h/h -nav/h s.4 themeResource=null}
03-09 18:16:50.061  2819  2819 I SystemServer: LockSettingsService
03-09 18:16:50.063  2819  2984 D MountService: Thinking about reset, mSystemReady=false, mDaemonConnected=true
03-09 18:16:50.063  2819  2984 D MountService: Thinking about reset, mSystemReady=false, mDaemonConnected=true
03-09 18:16:50.064  2819  2984 D CryptdConnector: SND -> {1 cryptfs getfield SystemLocale}
03-09 18:16:50.065   283   314 I Ext4Crypt: ext4 crypto complete called on /data
03-09 18:16:50.066   283   314 I Ext4Crypt: No master key, so not ext4enc
03-09 18:16:50.066  2819  2986 D CryptdConnector: RCV <- {113 1 ru-RU}
03-09 18:16:50.066  2819  2819 I SystemServiceManager: Starting com.android.server.DeviceIdleController
03-09 18:16:50.066  2819  2986 D CryptdConnector: RCV <- {200 1 0}
03-09 18:16:50.070  2819  2984 D MountService: Got locale ru-RU from mount service
03-09 18:16:50.072  2819  2819 I SystemServiceManager: Starting com.android.server.devicepolicy.DevicePolicyManagerService$Lifecycle
03-09 18:16:50.072  2819  2984 D MountService: Setting system properties to ru-RU from mount service
03-09 18:16:50.086  2819  2984 W MountService: No primary storage mounted!
03-09 18:16:50.086  2819  2984 D VoldConnector: SND -> {1 asec list}
03-09 18:16:50.087  2819  2819 I SystemServer: Status Bar
03-09 18:16:50.087  2819  2985 D VoldConnector: RCV <- {200 1 asec operation succeeded}
03-09 18:16:50.088  2819  2984 W PackageManager: Not granting permission android.permission.INTERACT_ACROSS_USERS_FULL to package org.cyanogenmod.snap (protectionLevel=258 flags=0x3858bc45)
03-09 18:16:50.088  2819  2984 W PackageManager: Not granting permission android.permission.SET_ORIENTATION to package org.cyanogenmod.snap (protectionLevel=2 flags=0x3858bc45)
03-09 18:16:50.088  2819  2984 W PackageManager: Unknown permission com.google.android.googleapps.permission.GOOGLE_AUTH in package com.android.providers.calendar
03-09 18:16:50.088  2819  2984 W PackageManager: Unknown permission com.google.android.googleapps.permission.GOOGLE_AUTH.cl in package com.android.providers.calendar
03-09 18:16:50.088  2819  2984 W PackageManager: Unknown permission com.google.android.c2dm.permission.RECEIVE in package org.telegram.messenger
03-09 18:16:50.088  2819  2984 W PackageManager: Unknown permission com.google.android.providers.gsf.permission.READ_GSERVICES in package org.telegram.messenger
03-09 18:16:50.088  2819  2984 W PackageManager: Unknown permission android.permission.INSTALL_SHORTCUT in package org.telegram.messenger
03-09 18:16:50.088  2819  2984 W PackageManager: Unknown permission com.sec.android.provider.badge.permission.READ in package org.telegram.messenger
03-09 18:16:50.088  2819  2984 W PackageManager: Unknown permission com.sec.android.provider.badge.permission.WRITE in package org.telegram.messenger
03-09 18:16:50.088  2819  2984 W PackageManager: Unknown permission com.htc.launcher.permission.READ_SETTINGS in package org.telegram.messenger
03-09 18:16:50.089  2819  2984 W PackageManager: Unknown permission com.htc.launcher.permission.UPDATE_SHORTCUT in package org.telegram.messenger
03-09 18:16:50.089  2819  2984 W PackageManager: Unknown permission com.sonyericsson.home.permission.BROADCAST_BADGE in package org.telegram.messenger
03-09 18:16:50.089  2819  2984 W PackageManager: Unknown permission com.sonymobile.home.permission.PROVIDER_INSERT_BADGE in package org.telegram.messenger
03-09 18:16:50.089  2819  2984 W PackageManager: Unknown permission com.anddoes.launcher.permission.UPDATE_COUNT in package org.telegram.messenger
03-09 18:16:50.089  2819  2984 W PackageManager: Unknown permission com.majeur.launcher.permission.UPDATE_BADGE in package org.telegram.messenger
03-09 18:16:50.089  2819  2984 W PackageManager: Unknown permission com.huawei.android.launcher.permission.CHANGE_BADGE in package org.telegram.messenger
03-09 18:16:50.089  2819  2984 W PackageManager: Unknown permission com.huawei.android.launcher.permission.READ_SETTINGS in package org.telegram.messenger
03-09 18:16:50.089  2819  2984 W PackageManager: Unknown permission com.huawei.android.launcher.permission.WRITE_SETTINGS in package org.telegram.messenger
03-09 18:16:50.089  2819  2984 W PackageManager: Unknown permission android.permission.READ_APP_BADGE in package org.telegram.messenger
03-09 18:16:50.089  2819  2984 W PackageManager: Unknown permission com.oppo.launcher.permission.READ_SETTINGS in package org.telegram.messenger
03-09 18:16:50.089  2819  2984 W PackageManager: Unknown permission com.oppo.launcher.permission.WRITE_SETTINGS in package org.telegram.messenger
03-09 18:16:50.089  2819  2984 W PackageManager: Not granting permission android.permission.REAL_GET_TASKS to package org.cyanogenmod.wallpapers.photophase (protectionLevel=18 flags=0x3818be45)
03-09 18:16:50.092  2819  2984 W PackageManager: Unknown permission android.permission.CANCEL_NOTIFICATIONS in package org.cyanogenmod.theme.chooser2
03-09 18:16:50.092  2819  2984 W PackageManager: Unknown permission com.cyanogen.ambient.permission.BIND_CALLER_INFO in package com.android.messaging
03-09 18:16:50.092  2819  2984 W PackageManager: Unknown permission com.cyanogen.ambient.permission.BIND_RIDEINPROGRESS_SERVICE in package com.android.messaging
03-09 18:16:50.092  2819  2984 W PackageManager: Unknown permission com.cyanogen.ambient.permission.BIND_RIDESHARING_SERVICE in package com.android.messaging
03-09 18:16:50.092  2819  2984 W PackageManager: Not granting permission android.permission.ACCESS_DOWNLOAD_MANAGER to package com.android.browser (protectionLevel=18 flags=0x3849be45)
03-09 18:16:50.092  2819  2984 W PackageManager: Not granting permission android.permission.SEND_DOWNLOAD_COMPLETED_INTENTS to package com.android.browser (protectionLevel=2 flags=0x3849be45)
03-09 18:16:50.092  2819  2984 W PackageManager: Unknown permission android.permission.NETWORK_STATE_CHANGED_ACTION in package tv.peel.app
03-09 18:16:50.092  2819  2984 W PackageManager: Not granting permission android.permission.DEVICE_POWER to package tv.peel.app (protectionLevel=2 flags=0x38582c45)
03-09 18:16:50.092  2819  2984 W PackageManager: Unknown permission com.google.android.c2dm.permission.RECEIVE in package tv.peel.app
03-09 18:16:50.092  2819  2984 W PackageManager: Unknown permission com.cyngn.stats.SEND_ANALYTICS in package com.cyanogenmod.setupwizard
03-09 18:16:50.092  2819  2984 W PackageManager: Unknown permission com.cyanogen.permission.REQUEST_KILL_SWITCH_OP in package com.cyanogenmod.setupwizard
03-09 18:16:50.093  2819  2819 I SystemServer: Clipboard Service
03-09 18:16:50.093  2819  2984 W PackageManager: Unknown permission com.cyanogen.ambient.permission.BIND_INCALL_SERVICE in package com.android.contacts
03-09 18:16:50.093  2819  2984 W PackageManager: Unknown permission com.cyanogen.ambient.permission.PLUGIN_STATUS_CHANGED in package com.android.contacts
03-09 18:16:50.093  2819  2984 W PackageManager: Unknown permission com.cyanogen.ambient.permission.BIND_CALLER_INFO in package com.android.contacts
03-09 18:16:50.093  2819  2984 W PackageManager: Unknown permission com.google.android.googleapps.permission.GOOGLE_AUTH.mail in package com.android.calendar
03-09 18:16:50.093  2819  2984 W PackageManager: Unknown permission com.android.launcher.permission.READ_SETTINGS in package com.android.onetimeinitializer
03-09 18:16:50.093  2819  2984 W PackageManager: Unknown permission com.android.launcher.permission.WRITE_SETTINGS in package com.android.onetimeinitializer
03-09 18:16:50.093  2819  2984 W PackageManager: Unknown permission com.cyanogen.ambient.permission.BIND_INCALL_SERVICE in package com.android.dialer
03-09 18:16:50.093  2819  2984 W PackageManager: Unknown permission com.cyanogen.ambient.permission.PLUGIN_STATUS_CHANGED in package com.android.dialer
03-09 18:16:50.093  2819  2984 W PackageManager: Unknown permission com.cyanogen.ambient.permission.PUBLISH_DISCOVERY_NUDGE in package com.android.dialer
03-09 18:16:50.093  2819  2984 W PackageManager: Unknown permission com.cyanogen.ambient.permission.BIND_DEEPLINK_SERVICE in package com.android.dialer
03-09 18:16:50.093  2819  2984 W PackageManager: Unknown permission com.cyanogen.ambient.permission.READ_DEEPLINK_DATABASE in package com.android.dialer
03-09 18:16:50.093  2819  2984 W PackageManager: Unknown permission com.cyanogen.ambient.permission.BIND_CALLER_INFO in package com.android.dialer
03-09 18:16:50.094  2819  2984 W PackageManager: Unknown permission com.android.launcher.permission.READ_SETTINGS in package com.cyanogenmod.trebuchet
03-09 18:16:50.094  2819  2984 W PackageManager: Unknown permission com.android.launcher.permission.WRITE_SETTINGS in package com.cyanogenmod.trebuchet
03-09 18:16:50.094  2819  2984 W PackageManager: Unknown permission com.cyngn.stats.SEND_ANALYTICS in package com.cyanogenmod.trebuchet
03-09 18:16:50.094  2819  2984 W PackageManager: Unknown permission com.google.android.permission.INSTALL_WEARABLE_PACKAGES in package com.android.packageinstaller
03-09 18:16:50.094  2819  2984 W PackageManager: Not granting permission android.permission.DELETE_PACKAGES to package com.svox.pico (protectionLevel=18 flags=0x3808be45)
03-09 18:16:50.094  2819  2984 W PackageManager: Unknown permission android.permission.ACCESS_SUPERUSER in package com.cyanogenmod.filemanager
03-09 18:16:50.094  2819  2984 W PackageManager: Unknown permission com.cyanogenmod.filemanager.permissions.READ_THEME in package com.cyanogenmod.filemanager
03-09 18:16:50.094  2819  2984 W PackageManager: Unknown permission com.google.android.gallery3d.permission.PICASA_STORE in package com.android.dreams.phototable
03-09 18:16:50.094  2819  2984 W PackageManager: Unknown permission com.google.android.googleapps.permission.GOOGLE_AUTH in package com.android.settings
03-09 18:16:50.095  2819  2819 I SystemServer: NetworkManagement Service
03-09 18:16:50.095  2819  2984 W PackageManager: Unknown permission com.android.launcher.permission.READ_SETTINGS in package com.android.settings
03-09 18:16:50.095  2819  2984 W PackageManager: Unknown permission com.android.launcher.permission.WRITE_SETTINGS in package com.android.settings
03-09 18:16:50.096  2819  2984 W PackageManager: Not granting permission android.permission.REAL_GET_TASKS to package com.cyanogenmod.eleven (protectionLevel=18 flags=0x3818be65)
03-09 18:16:50.097  2819  2984 W PackageManager: Unknown permission com.google.android.gallery3d.permission.GALLERY_PROVIDER in package com.android.bluetooth
03-09 18:16:50.097  2819  2984 W PackageManager: Unknown permission com.google.android.googleapps.permission.ACCESS_GOOGLE_PASSWORD in package com.android.development
03-09 18:16:50.097  2819  2984 W PackageManager: Unknown permission com.google.android.googleapps.permission.GOOGLE_AUTH in package com.android.development
03-09 18:16:50.097  2819  2984 W PackageManager: Unknown permission com.google.android.googleapps.permission.GOOGLE_AUTH.ALL_SERVICES in package com.android.development
03-09 18:16:50.097  2819  2984 W PackageManager: Unknown permission com.google.android.googleapps.permission.GOOGLE_AUTH.YouTubeUser in package com.android.development
03-09 18:16:50.102  2819  2819 I SystemServer: Text Service Manager Service
03-09 18:16:50.120  2819  2853 I UsageStatsService: User[0] Rollover scheduled @ 2017-03-10 03:00:00(1489104000000)
03-09 18:16:50.166  2819  2984 W MountService: No primary storage mounted!
03-09 18:16:50.166  2819  2984 D VoldConnector: SND -> {2 asec list}
03-09 18:16:50.167  2819  2985 D VoldConnector: RCV <- {200 2 asec operation succeeded}
03-09 18:16:50.171  2819  2819 I SystemServer: Network Score Service
03-09 18:16:50.174  2819  2819 I SystemServer: NetworkStats Service
03-09 18:16:50.181  2819  2819 I SystemServer: NetworkPolicy Service
03-09 18:16:50.200  2819  2819 I SystemServiceManager: Starting com.android.server.wifi.p2p.WifiP2pService
03-09 18:16:50.230  2819  2819 I SystemServiceManager: Starting com.android.server.wifi.WifiService
03-09 18:16:50.296  2819  2981 I configuration_changed: 8
03-09 18:16:50.296  2819  2981 I ActivityManager: Config changes=8 {1.0 ?mcc?mnc ru_RU ldltr sw360dp w360dp h616dp 480dpi nrml long port finger -keyb/h/h -nav/h s.5 themeResource=null}
03-09 18:16:50.375  2819  2819 I SystemServiceManager: Starting com.android.server.wifi.WifiScanningService
03-09 18:16:50.377  2819  2819 I SystemServiceManager: Starting com.android.server.wifi.RttService
03-09 18:16:50.379  2819  2819 I SystemServiceManager: Starting com.android.server.ethernet.EthernetService
03-09 18:16:50.382  2819  2819 I SystemServer: Connectivity Service
03-09 18:16:50.385  2819  2819 D ConnectivityService: ConnectivityService starting up
03-09 18:16:50.388  2819  2819 D ConnectivityService: wifiOnly=false
03-09 18:16:50.388  2819  2819 E ConnectivityService: Ignoring protectedNetwork 14
03-09 18:16:50.388  2819  2819 E ConnectivityService: Ignoring protectedNetwork 15
03-09 18:16:50.401  2819  2819 I SystemServer: Network Service Discovery Service
03-09 18:16:50.403  2819  2819 D NsdService: Network service discovery enabled true
03-09 18:16:50.405  2819  2819 I SystemServer: UpdateLock Service
03-09 18:16:50.409  2819  2819 I SystemServiceManager: Starting com.android.server.notification.NotificationManagerService
03-09 18:16:50.432  2819  2819 I ZenModeConfig: Migrating existing shared 'from': stars
03-09 18:16:50.451  2819  2819 I SystemServiceManager: Starting com.android.server.storage.DeviceStorageMonitorService
03-09 18:16:50.454  2819  2819 I free_storage_left: [51032281088,4140900352,429219840]
03-09 18:16:50.454  2819  2819 I free_storage_changed: 51032281088
03-09 18:16:50.455  2819  2819 I SystemServer: Location Manager
03-09 18:16:50.460  2819  2819 I SystemServer: Country Detector
03-09 18:16:50.463  2819  2819 I SystemServer: Search Service
03-09 18:16:50.465  2819  2819 I SystemServer: DropBox Service
03-09 18:16:50.466  2819  2819 I SystemServer: Wallpaper Service
03-09 18:16:50.470  2819  2819 W WallpaperManagerService: no current wallpaper -- first boot?
03-09 18:16:50.470  2819  2819 I SystemServer: Audio Service
03-09 18:16:50.512  2819  2819 I stream_devices_changed: [0,0,1]
03-09 18:16:50.513  2819  2819 I stream_devices_changed: [2,0,2]
03-09 18:16:50.513  2819  2819 I stream_devices_changed: [3,0,2]
03-09 18:16:50.513  2819  2819 I stream_devices_changed: [4,0,2]
03-09 18:16:50.513  2819  2819 I stream_devices_changed: [6,0,1]
03-09 18:16:50.517  2819  2819 I SystemServiceManager: Starting com.android.server.DockObserver
03-09 18:16:50.517  2819  2819 W DockObserver: This kernel does not have dock station support
03-09 18:16:50.518  2819  2819 I SystemServer: Wired Accessory Manager
03-09 18:16:50.520  2819  2819 W WiredAccessoryManager: This kernel does not have usb audio support
03-09 18:16:50.520  2819  2819 W WiredAccessoryManager: This kernel does not have HDMI audio support
03-09 18:16:50.520  2819  2819 I SystemServiceManager: Starting com.android.server.usb.UsbService$Lifecycle
03-09 18:16:50.539  2819  2819 I SystemServer: Serial Service
03-09 18:16:50.539  2819  2819 I SystemServiceManager: Starting com.android.server.twilight.TwilightService
03-09 18:16:50.544  2819  2819 I SystemServiceManager: Starting com.android.server.job.JobSchedulerService
03-09 18:16:50.549  2819  2819 D JobStore: job-info
03-09 18:16:50.551  2819  2819 I SystemServiceManager: Starting com.android.server.backup.BackupManagerService$Lifecycle
03-09 18:16:50.553  2819  2819 I SystemServiceManager: Starting com.android.server.appwidget.AppWidgetService
03-09 18:16:50.556  2819  2819 I SystemServiceManager: Starting com.android.server.voiceinteraction.VoiceInteractionManagerService
03-09 18:16:50.559  2819  2819 W SoundTriggerHelper: listModules status=0, # of modules=0
03-09 18:16:50.561  2819  2819 I SystemServer: Gesture Launcher Service
03-09 18:16:50.561  2819  2819 I SystemServiceManager: Starting com.android.server.GestureLauncherService
03-09 18:16:50.562  2819  2819 I SystemServer: DiskStats Service
03-09 18:16:50.562  2819  2819 I SystemServer: SamplingProfiler Service
03-09 18:16:50.578  2819  2819 I SystemServer: NetworkTimeUpdateService
03-09 18:16:50.579  2819  2819 I SystemServer: CommonTimeManagementService
03-09 18:16:50.580  2819  2819 I SystemServer: CertBlacklister
03-09 18:16:50.581  2819  2819 I SystemServiceManager: Starting com.android.server.dreams.DreamManagerService
03-09 18:16:50.587  2819  2819 I SystemServer: Assets Atlas Service
03-09 18:16:50.590  2819  2819 I SystemServiceManager: Starting com.android.server.print.PrintManagerService
03-09 18:16:50.595  2819  2819 I SystemServiceManager: Starting com.android.server.restrictions.RestrictionsManagerService
03-09 18:16:50.597  2819  2819 I SystemServiceManager: Starting com.android.server.media.MediaSessionService
03-09 18:16:50.616  2819  2819 I SystemServer: Media Router Service
03-09 18:16:50.617  2819  2819 I SystemServiceManager: Starting com.android.server.trust.TrustManagerService
03-09 18:16:50.620  2557  2557 I auditd  : type=1400 audit(0.0:133): avc: denied { read } for comm="fingerprintd" name="libgf_hal.so" dev="mmcblk0p26" ino=304825 scontext=u:r:fingerprintd:s0 tcontext=u:object_r:goodixfingerprintd_lib_file:s0 tclass=file permissive=1
03-09 18:16:50.620  2557  2557 I auditd  : type=1400 audit(0.0:134): avc: denied { open } for comm="fingerprintd" path="/system/lib64/libgf_hal.so" dev="mmcblk0p26" ino=304825 scontext=u:r:fingerprintd:s0 tcontext=u:object_r:goodixfingerprintd_lib_file:s0 tclass=file permissive=1
03-09 18:16:50.620  2557  2557 I auditd  : type=1400 audit(0.0:135): avc: denied { getattr } for comm="fingerprintd" path="/system/lib64/libgf_hal.so" dev="mmcblk0p26" ino=304825 scontext=u:r:fingerprintd:s0 tcontext=u:object_r:goodixfingerprintd_lib_file:s0 tclass=file permissive=1
03-09 18:16:50.620  2557  2557 I auditd  : type=1400 audit(0.0:136): avc: denied { execute } for comm="fingerprintd" path="/system/lib64/libgf_hal.so" dev="mmcblk0p26" ino=304825 scontext=u:r:fingerprintd:s0 tcontext=u:object_r:goodixfingerprintd_lib_file:s0 tclass=file permissive=1
03-09 18:16:50.620  2557  2557 I auditd  : type=1400 audit(0.0:137): avc: denied { read } for comm="fingerprintd" name="libMcClient.so" dev="mmcblk0p26" ino=304666 scontext=u:r:fingerprintd:s0 tcontext=u:object_r:mobicore_lib_file:s0 tclass=file permissive=1
03-09 18:16:50.620  2557  2557 I auditd  : type=1400 audit(0.0:138): avc: denied { open } for comm="fingerprintd" path="/system/lib64/libMcClient.so" dev="mmcblk0p26" ino=304666 scontext=u:r:fingerprintd:s0 tcontext=u:object_r:mobicore_lib_file:s0 tclass=file permissive=1
03-09 18:16:50.620  2557  2557 I auditd  : type=1400 audit(0.0:139): avc: denied { getattr } for comm="fingerprintd" path="/system/lib64/libMcClient.so" dev="mmcblk0p26" ino=304666 scontext=u:r:fingerprintd:s0 tcontext=u:object_r:mobicore_lib_file:s0 tclass=file permissive=1
03-09 18:16:50.620  2557  2557 I auditd  : type=1400 audit(0.0:140): avc: denied { execute } for comm="fingerprintd" path="/system/lib64/libMcClient.so" dev="mmcblk0p26" ino=304666 scontext=u:r:fingerprintd:s0 tcontext=u:object_r:mobicore_lib_file:s0 tclass=file permissive=1
03-09 18:16:50.620  2557  2557 I auditd  : type=1400 audit(0.0:141): avc: denied { call } for comm="fingerprintd" scontext=u:r:fingerprintd:s0 tcontext=u:r:goodixfingerprintd:s0 tclass=binder permissive=1
03-09 18:16:50.620  2819  2819 I SystemServiceManager: Starting com.android.server.fingerprint.FingerprintService
03-09 18:16:50.690  2556  2556 I auditd  : type=1400 audit(0.0:142): avc: denied { connectto } for comm="goodixfingerpri" path=006D636461656D6F6E scontext=u:r:goodixfingerprintd:s0 tcontext=u:r:mobicore:s0 tclass=unix_stream_socket permissive=1
03-09 18:16:51.430  3020  3020 I auditd  : type=1400 audit(0.0:143): avc: denied { bind } for comm="goodixfingerpri" scontext=u:r:goodixfingerprintd:s0 tcontext=u:r:goodixfingerprintd:s0 tclass=netlink_socket permissive=1
03-09 18:16:51.430  3020  3020 I auditd  : type=1400 audit(0.0:144): avc: denied { write } for comm="goodixfingerpri" scontext=u:r:goodixfingerprintd:s0 tcontext=u:r:goodixfingerprintd:s0 tclass=netlink_socket permissive=1
03-09 18:16:52.350  2819  2819 V FingerprintService: Fingerprint HAL id: 548085105152
03-09 18:16:52.350  2819  2819 I SystemServer: BackgroundDexOptService
03-09 18:16:52.354  2819  2819 I SystemServiceManager: Starting com.android.server.pm.LauncherAppsService
03-09 18:16:52.356  2819  2819 I SystemServiceManager: Starting com.android.server.media.projection.MediaProjectionManagerService
03-09 18:16:52.390  2819  2819 I SystemServiceManager: Starting com.android.server.MmsServiceBroker
03-09 18:16:52.395  2819  2819 I CMSystemServer: Attempting to start service org.cyanogenmod.platform.internal.CMStatusBarManagerService
03-09 18:16:52.399  2819  2819 I CMSystemServer: Starting service org.cyanogenmod.platform.internal.CMStatusBarManagerService
03-09 18:16:52.399  2819  2819 I SystemServiceManager: Starting org.cyanogenmod.platform.internal.CMStatusBarManagerService
03-09 18:16:52.405  2819  2819 I CMSystemServer: Attempting to start service org.cyanogenmod.platform.internal.ProfileManagerService
03-09 18:16:52.415  2819  2819 I CMSystemServer: Starting service org.cyanogenmod.platform.internal.ProfileManagerService
03-09 18:16:52.416  2819  2819 I SystemServiceManager: Starting org.cyanogenmod.platform.internal.ProfileManagerService
03-09 18:16:52.423  2819  2992 D WifiService: New client listening to asynchronous messages
03-09 18:16:52.443  2819  2819 I CMSystemServer: Attempting to start service org.cyanogenmod.platform.internal.PartnerInterfaceService
03-09 18:16:52.445  2819  2819 I CMSystemServer: Starting service org.cyanogenmod.platform.internal.PartnerInterfaceService
03-09 18:16:52.445  2819  2819 I SystemServiceManager: Starting org.cyanogenmod.platform.internal.PartnerInterfaceService
03-09 18:16:52.446  2819  2819 I CMSystemServer: Attempting to start service org.cyanogenmod.platform.internal.CMTelephonyManagerService
03-09 18:16:52.447  2819  2819 I CMSystemServer: Starting service org.cyanogenmod.platform.internal.CMTelephonyManagerService
03-09 18:16:52.447  2819  2819 I SystemServiceManager: Starting org.cyanogenmod.platform.internal.CMTelephonyManagerService
03-09 18:16:52.448  2819  2819 I CMSystemServer: Attempting to start service org.cyanogenmod.platform.internal.CMHardwareService
03-09 18:16:52.453  2819  2819 I CMSystemServer: Starting service org.cyanogenmod.platform.internal.CMHardwareService
03-09 18:16:52.453  2819  2819 I SystemServiceManager: Starting org.cyanogenmod.platform.internal.CMHardwareService
03-09 18:16:52.454  2819  2819 I CMSystemServer: Attempting to start service org.cyanogenmod.platform.internal.AppSuggestManagerService
03-09 18:16:52.455  2819  2819 I CMSystemServer: Starting service org.cyanogenmod.platform.internal.AppSuggestManagerService
03-09 18:16:52.455  2819  2819 I SystemServiceManager: Starting org.cyanogenmod.platform.internal.AppSuggestManagerService
03-09 18:16:52.456  2819  2819 E AppSgstMgrService: no app suggest provider found
03-09 18:16:52.457  2819  2819 I CMSystemServer: Attempting to start service org.cyanogenmod.platform.internal.PerformanceManagerService
03-09 18:16:52.460  2819  3028 I ServiceThread: Enabled StrictMode logging for PerformanceManager looper.
03-09 18:16:52.461  2819  2819 I CMSystemServer: Starting service org.cyanogenmod.platform.internal.PerformanceManagerService
03-09 18:16:52.461  2819  2819 I SystemServiceManager: Starting org.cyanogenmod.platform.internal.PerformanceManagerService
03-09 18:16:52.462  2819  3029 I ServiceThread: Enabled StrictMode logging for PerformanceManager looper.
03-09 18:16:52.462  2819  2819 I CMSystemServer: Attempting to start service org.cyanogenmod.platform.internal.ThemeManagerServiceBroker
03-09 18:16:52.465  2819  2819 E BrokerableCMSystemService: Setting brokered service connection org.cyanogenmod.platform.internal.ThemeManagerServiceBroker$2@74c8d0c
03-09 18:16:52.465  2819  2819 I CMSystemServer: Starting service org.cyanogenmod.platform.internal.ThemeManagerServiceBroker
03-09 18:16:52.465  2819  2819 I SystemServiceManager: Starting org.cyanogenmod.platform.internal.ThemeManagerServiceBroker
03-09 18:16:52.466  2819  2819 E BrokerableCMSystemService: Setting brokered service connection org.cyanogenmod.platform.internal.ThemeManagerServiceBroker$2@1d9e655
03-09 18:16:52.466  2819  2819 I CMSystemServer: Attempting to start service org.cyanogenmod.platform.internal.IconCacheManagerServiceBroker
03-09 18:16:52.468  2819  2819 E BrokerableCMSystemService: Setting brokered service connection org.cyanogenmod.platform.internal.IconCacheManagerServiceBroker$2@8b3286a
03-09 18:16:52.468  2819  2819 I CMSystemServer: Starting service org.cyanogenmod.platform.internal.IconCacheManagerServiceBroker
03-09 18:16:52.468  2819  2819 I SystemServiceManager: Starting org.cyanogenmod.platform.internal.IconCacheManagerServiceBroker
03-09 18:16:52.468  2819  2819 E BrokerableCMSystemService: Setting brokered service connection org.cyanogenmod.platform.internal.IconCacheManagerServiceBroker$2@694b15b
03-09 18:16:52.469  2819  2819 I CMSystemServer: Attempting to start service org.cyanogenmod.platform.internal.LiveLockScreenServiceBroker
03-09 18:16:52.471  2819  2819 E BrokerableCMSystemService: Setting brokered service connection org.cyanogenmod.platform.internal.LiveLockScreenServiceBroker$2@2bb6df8
03-09 18:16:52.472  2819  2819 I CMSystemServer: Starting service org.cyanogenmod.platform.internal.LiveLockScreenServiceBroker
03-09 18:16:52.472  2819  2819 I SystemServiceManager: Starting org.cyanogenmod.platform.internal.LiveLockScreenServiceBroker
03-09 18:16:52.472  2819  2819 E BrokerableCMSystemService: Setting brokered service connection org.cyanogenmod.platform.internal.LiveLockScreenServiceBroker$2@b1f92d1
03-09 18:16:52.472  2819  2819 I CMSystemServer: Attempting to start service org.cyanogenmod.platform.internal.WeatherManagerServiceBroker
03-09 18:16:52.473  2819  2819 I CMSystemServer: Starting service org.cyanogenmod.platform.internal.WeatherManagerServiceBroker
03-09 18:16:52.473  2819  2819 I SystemServiceManager: Starting org.cyanogenmod.platform.internal.WeatherManagerServiceBroker
03-09 18:16:52.474  2819  2819 I CMSystemServer: Attempting to start service org.cyanogenmod.platform.internal.display.LiveDisplayService
03-09 18:16:52.479  2819  3030 I ServiceThread: Enabled StrictMode logging for LiveDisplay looper.
03-09 18:16:52.479  2819  2819 I CMSystemServer: Starting service org.cyanogenmod.platform.internal.display.LiveDisplayService
03-09 18:16:52.479  2819  2819 I SystemServiceManager: Starting org.cyanogenmod.platform.internal.display.LiveDisplayService
03-09 18:16:52.480  2819  3031 I ServiceThread: Enabled StrictMode logging for LiveDisplay looper.
03-09 18:16:52.481  2819  2819 I CMSystemServer: Attempting to start service org.cyanogenmod.platform.internal.CMAudioServiceBroker
03-09 18:16:52.483  2819  2819 I CMSystemServer: Starting service org.cyanogenmod.platform.internal.CMAudioServiceBroker
03-09 18:16:52.483  2819  2819 I SystemServiceManager: Starting org.cyanogenmod.platform.internal.CMAudioServiceBroker
03-09 18:16:52.500  2819  2819 E LockSettingsStorage: Cannot read file java.io.FileNotFoundException: /data/system/gatekeeper.gesture.key: open failed: ENOENT (No such file or directory)
03-09 18:16:52.501  2819  2819 E LockSettingsStorage: Cannot read file java.io.FileNotFoundException: /data/system/gesture.key: open failed: ENOENT (No such file or directory)
03-09 18:16:52.501  2819  2819 E LockSettingsStorage: Cannot read file java.io.FileNotFoundException: /data/system/cm_gesture.key: open failed: ENOENT (No such file or directory)
03-09 18:16:52.501  2819  2819 I SystemServiceManager: Starting phase 480
03-09 18:16:52.508  2819  2819 I SystemServiceManager: Starting phase 500
03-09 18:16:52.512  2819  2819 I WifiService: WifiService starting up with Wi-Fi enabled
03-09 18:16:52.513  2819  2819 D WifiService: setWifiEnabled: true pid=2819, uid=1000
03-09 18:16:52.513  2819  2819 E WifiService: Invoking mWifiStateMachine.setWifiEnabled
03-09 18:16:52.525  2819  2993 D ConnectivityService: Got NetworkFactory Messenger for Ethernet
03-09 18:16:52.538  2819  2819 V BackupManagerService: No ancestral data
03-09 18:16:52.571  2819  2819 V KeyValueBackupJob: Scheduling k/v pass in 248 minutes
03-09 18:16:52.605  2819  2819 V BackupManagerService: Starting with transport com.google.android.gms/.backup.BackupTransportService
03-09 18:16:52.605  2819  2819 V BackupManagerService: Found transports: 1
03-09 18:16:52.606  2819  2819 I BackupManagerService: Binding to transport host ComponentInfo{android/com.android.internal.backup.LocalTransportService}
03-09 18:16:52.608  2819  2819 I BackupManagerService: Found stale backup journal, scheduling
03-09 18:16:52.642  2819  2819 I configuration_changed: 32
03-09 18:16:52.642  2819  2819 I ActivityManager: Config changes=20 {1.0 ?mcc?mnc ru_RU ldltr sw360dp w360dp h616dp 480dpi nrml long port finger -keyb/v/h -nav/h s.6 themeResource=null}
03-09 18:16:52.681  2819  2870 E KernelCpuSpeedReader: Failed to read cpu-freq: /sys/devices/system/cpu/cpu0/cpufreq/stats/time_in_state: open failed: ENOENT (No such file or directory)
03-09 18:16:52.682  2819  2819 I ActivityManager: System now ready
03-09 18:16:52.682  2819  2819 I boot_progress_ams_ready: 90548
03-09 18:16:52.685  2819  2819 I SystemServer: Making services ready
03-09 18:16:52.685  2819  2819 I SystemServiceManager: Starting phase 550
03-09 18:16:52.689  2819  2870 W KeyguardServiceDelegate: onScreenTurningOn(): no keyguard service!
03-09 18:16:52.689  2819  2855 E KernelCpuSpeedReader: Failed to read cpu-freq: /sys/devices/system/cpu/cpu0/cpufreq/stats/time_in_state: open failed: ENOENT (No such file or directory)
03-09 18:16:52.694  2819  2984 D MountService: Thinking about reset, mSystemReady=true, mDaemonConnected=true
03-09 18:16:52.694  2819  2984 D VoldConnector: SND -> {3 volume reset}
03-09 18:16:52.695  2819  2985 D VoldConnector: RCV <- {651 emulated 7}
03-09 18:16:52.695  2819  2985 D VoldConnector: RCV <- {659 emulated}
03-09 18:16:52.695  2819  2985 D VoldConnector: RCV <- {650 emulated 2 "" ""}
03-09 18:16:52.695  2819  2985 D VoldConnector: RCV <- {654 emulated emulated}
03-09 18:16:52.695  2819  2985 D VoldConnector: RCV <- {651 emulated 0}
03-09 18:16:52.697  2819  2985 D VoldConnector: RCV <- {651 public:179_129 5}
03-09 18:16:52.701  2819  2855 I ActivityManager: Force stopping com.android.providers.media appid=10010 user=-1: vold reset
03-09 18:16:52.702  2819  2819 D UsbAlsaManager: Adding ALSA device AlsaDevice: [card: 0, device: 26, type: 1]
03-09 18:16:52.702  2819  2819 D UsbAlsaManager: Adding ALSA device AlsaDevice: [card: 0, device: 24, type: 1]
03-09 18:16:52.702  2819  2819 D UsbAlsaManager: Adding ALSA device AlsaDevice: [card: 0, device: 25, type: 2]
03-09 18:16:52.702  2819  2819 D UsbAlsaManager: Adding ALSA device AlsaDevice: [card: 0, device: 22, type: 1]
03-09 18:16:52.702  2819  2819 D UsbAlsaManager: Adding ALSA device AlsaDevice: [card: 0, device: 21, type: 1]
03-09 18:16:52.702  2819  2819 D UsbAlsaManager: Adding ALSA device AlsaDevice: [card: 0, device: 22, type: 2]
03-09 18:16:52.702  2819  2819 D UsbAlsaManager: Adding ALSA device AlsaDevice: [card: 0, device: 20, type: 1]
03-09 18:16:52.702  2819  2819 D UsbAlsaManager: Adding ALSA device AlsaDevice: [card: 0, device: 21, type: 2]
03-09 18:16:52.702  2819  2819 D UsbAlsaManager: Adding ALSA device AlsaDevice: [card: 0, device: 19, type: 1]
03-09 18:16:52.702  2819  2819 D UsbAlsaManager: Adding ALSA device AlsaDevice: [card: 0, device: 18, type: 1]
03-09 18:16:52.702  2819  2819 D UsbAlsaManager: Adding ALSA device AlsaDevice: [card: 0, device: 17, type: 1]
03-09 18:16:52.702  2819  2819 D UsbAlsaManager: Adding ALSA device AlsaDevice: [card: 0, device: 17, type: 2]
03-09 18:16:52.702  2819  2819 D UsbAlsaManager: Adding ALSA device AlsaDevice: [card: 0, device: 16, type: 2]
03-09 18:16:52.702  2819  2819 D UsbAlsaManager: Adding ALSA device AlsaDevice: [card: 0, device: 14, type: 1]
03-09 18:16:52.702  2819  2819 D UsbAlsaManager: Adding ALSA device AlsaDevice: [card: 0, device: 15, type: 2]
03-09 18:16:52.702  2819  2819 D UsbAlsaManager: Adding ALSA device AlsaDevice: [card: 0, device: 13, type: 2]
03-09 18:16:52.702  2819  2819 D UsbAlsaManager: Adding ALSA device AlsaDevice: [card: 0, device: 11, type: 1]
03-09 18:16:52.702  2819  2819 D UsbAlsaManager: Adding ALSA device AlsaDevice: [card: 0, device: 12, type: 2]
03-09 18:16:52.702  2819  2819 D UsbAlsaManager: Adding ALSA device AlsaDevice: [card: 0, device: 10, type: 1]
03-09 18:16:52.702  2819  2819 D UsbAlsaManager: Adding ALSA device AlsaDevice: [card: 0, device: 8, type: 1]
03-09 18:16:52.702  2819  2819 D UsbAlsaManager: Adding ALSA device AlsaDevice: [card: 0, device: 9, type: 2]
03-09 18:16:52.702  2819  2819 D UsbAlsaManager: Adding ALSA device AlsaDevice: [card: 0, device: 7, type: 1]
03-09 18:16:52.702  2819  2819 D UsbAlsaManager: Adding ALSA device AlsaDevice: [card: 0, device: 6, type: 1]
03-09 18:16:52.702  2819  2819 D UsbAlsaManager: Adding ALSA device AlsaDevice: [card: 0, device: 7, type: 2]
03-09 18:16:52.702  2819  2819 D UsbAlsaManager: Adding ALSA device AlsaDevice: [card: 0, device: 5, type: 1]
03-09 18:16:52.702  2819  2819 D UsbAlsaManager: Adding ALSA device AlsaDevice: [card: 0, device: 6, type: 2]
03-09 18:16:52.702  2819  2819 D UsbAlsaManager: Adding ALSA device AlsaDevice: [card: 0, device: 4, type: 1]
03-09 18:16:52.702  2819  2819 D UsbAlsaManager: Adding ALSA device AlsaDevice: [card: 0, device: 5, type: 2]
03-09 18:16:52.702  2819  2819 D UsbAlsaManager: Adding ALSA device AlsaDevice: [card: 0, device: 3, type: 1]
03-09 18:16:52.702  2819  2819 D UsbAlsaManager: Adding ALSA device AlsaDevice: [card: 0, device: 4, type: 2]
03-09 18:16:52.702  2819  2819 D UsbAlsaManager: Adding ALSA device AlsaDevice: [card: 0, device: 2, type: 1]
03-09 18:16:52.702  2819  2819 D UsbAlsaManager: Adding ALSA device AlsaDevice: [card: 0, device: 3, type: 2]
03-09 18:16:52.702  2819  2819 D UsbAlsaManager: Adding ALSA device AlsaDevice: [card: 0, device: 2, type: 2]
03-09 18:16:52.702  2819  2819 D UsbAlsaManager: Adding ALSA device AlsaDevice: [card: 0, device: 0, type: 1]
03-09 18:16:52.702  2819  2819 D UsbAlsaManager: Adding ALSA device AlsaDevice: [card: 0, device: 1, type: 2]
03-09 18:16:52.875  2819  2985 D VoldConnector: RCV <- {651 public:179_129 0}
03-09 18:16:52.875   283   309 V vold    : /system/bin/sgdisk
03-09 18:16:52.875  2819  2985 D VoldConnector: RCV <- {651 public:179_129 8}
03-09 18:16:52.875   283   309 V vold    :     --android-dump
03-09 18:16:52.875   283   309 V vold    :     /dev/block/vold/disk:179_128
03-09 18:16:52.875  2819  2985 D VoldConnector: RCV <- {659 public:179_129}
03-09 18:16:52.875  2819  2985 D VoldConnector: RCV <- {649 disk:179_128}
03-09 18:16:52.875  2819  2985 D VoldConnector: RCV <- {640 disk:179_128 5}
03-09 18:16:52.875  2819  2985 D VoldConnector: RCV <- {641 disk:179_128 7969177600}
03-09 18:16:52.875  2819  2985 D VoldConnector: RCV <- {642 disk:179_128 }
03-09 18:16:52.875  2819  2985 D VoldConnector: RCV <- {644 disk:179_128 /sys//devices/mtk-msdc.0/11240000.msdc1/mmc_host/mmc1/mmc1:0007/block/mmcblk1}
03-09 18:16:52.890  2962  2962 I auditd  : type=1400 audit(0.0:145): avc: denied { search } for comm="mediaserver" name="default" dev="tmpfs" ino=10951 scontext=u:r:mediaserver:s0 tcontext=u:object_r:storage_file:s0 tclass=dir permissive=1
03-09 18:16:52.890  2962  2962 I auditd  : type=1400 audit(0.0:146): avc: denied { search } for comm="mediaserver" name="user" dev="tmpfs" ino=10946 scontext=u:r:mediaserver:s0 tcontext=u:object_r:mnt_user_file:s0 tclass=dir permissive=1
03-09 18:16:52.933   283   309 V vold    : DISK gpt CBC83FD9-4235-4453-8D69-6B98D2518C8B
03-09 18:16:52.934   283   309 V vold    : PART 1 EBD0A0A2-B9E5-4433-87C0-68B6B72699C7 6364D990-56C9-45B7-991C-554740580B3D Microsoft basic data
03-09 18:16:52.935  2819  2985 D VoldConnector: RCV <- {650 public:179_129 0 "disk:179_128" ""}
03-09 18:16:52.935  2819  2985 D VoldConnector: RCV <- {654 public:179_129 sdcard1}
03-09 18:16:52.935  2819  2985 D VoldConnector: RCV <- {651 public:179_129 0}
03-09 18:16:52.935  2819  2985 D VoldConnector: RCV <- {643 disk:179_128}
03-09 18:16:52.935  2819  2985 D VoldConnector: RCV <- {200 3 Command succeeded}
03-09 18:16:52.936  2819  2984 D VoldConnector: SND -> {4 volume user_added 0 0}
03-09 18:16:52.936  2819  2985 D VoldConnector: RCV <- {200 4 Command succeeded}
03-09 18:16:52.936  2819  2858 I dvm_lock_sample: [system_server,0,android.fg,240,MountService.java,953,Object.java,-2,48]
03-09 18:16:52.937  2819  2858 V MountService: Found primary storage at VolumeInfo{emulated}:
03-09 18:16:52.937  2819  2858 V MountService:     type=EMULATED diskId=null partGuid=null mountFlags=0 mountUserId=-1 
03-09 18:16:52.937  2819  2858 V MountService:     state=UNMOUNTED 
03-09 18:16:52.937  2819  2858 V MountService:     fsType=null fsUuid=null fsLabel=null 
03-09 18:16:52.937  2819  2858 V MountService:     path=null internalPath=null 
03-09 18:16:52.938  2819  2984 D VoldConnector: SND -> {5 volume mount emulated 3 -1}
03-09 18:16:52.939  2819  2819 I dvm_lock_sample: [system_server,0,main,235,MountService.java,2749,Object.java,-2,47]
03-09 18:16:52.943   283   309 V vold    : Waiting for FUSE to spin up...
03-09 18:16:52.944  2819  2985 D VoldConnector: RCV <- {651 emulated 1}
03-09 18:16:52.944  2819  2985 D VoldConnector: RCV <- {656 emulated /data/media}
03-09 18:16:52.944  2819  2985 D VoldConnector: RCV <- {655 emulated /storage/emulated}
03-09 18:16:52.971  2819  2819 I am_proc_start: [0,3070,10028,com.android.systemui,service,com.android.systemui/.keyguard.KeyguardService]
03-09 18:16:52.971  2819  2819 I ActivityManager: Start proc 3070:com.android.systemui/u0a28 for service com.android.systemui/.keyguard.KeyguardService
03-09 18:16:52.971  2819  2819 I BrokerableCMSystemService: Connecting to implementation
03-09 18:16:52.971  2819  2819 W ContextImpl: Calling a method in the system process without a qualified user: android.app.ContextImpl.bindService:1295 org.cyanogenmod.platform.internal.BrokerableCMSystemService.tryConnecting:199 org.cyanogenmod.platform.internal.ThemeManagerServiceBroker.onBootPhase:270 com.android.server.SystemServiceManager.startBootPhase:135 com.android.server.SystemServer$2.run:1180 
03-09 18:16:52.986  2819  2819 I am_proc_start: [0,3078,10020,org.cyanogenmod.themeservice,service,org.cyanogenmod.themeservice/.ThemeManagerService]
03-09 18:16:52.986  2819  2819 I ActivityManager: Start proc 3078:org.cyanogenmod.themeservice/u0a20 for service org.cyanogenmod.themeservice/.ThemeManagerService
03-09 18:16:52.987  2819  2819 I SystemServer: WebViewFactory preparation
03-09 18:16:52.995  2819  2985 D VoldConnector: RCV <- {651 emulated 2}
03-09 18:16:52.995  2819  2985 D VoldConnector: RCV <- {200 5 Command succeeded}
03-09 18:16:53.006  2819  2855 I am_proc_start: [0,3084,10010,android.process.media,broadcast,com.android.providers.media/.MtpReceiver]
03-09 18:16:53.006  2819  2855 I ActivityManager: Start proc 3084:android.process.media/u0a10 for broadcast com.android.providers.media/.MtpReceiver
03-09 18:16:53.006  2819  2984 D VoldConnector: SND -> {6 volume mount public:179_129 2 0}
03-09 18:16:53.007   283   309 V vold    : /system/bin/blkid
03-09 18:16:53.007   283   309 V vold    :     -c
03-09 18:16:53.007   283   309 V vold    :     /dev/null
03-09 18:16:53.007   283   309 V vold    :     -s
03-09 18:16:53.007   283   309 V vold    :     TYPE
03-09 18:16:53.007   283   309 V vold    :     -s
03-09 18:16:53.007   283   309 V vold    :     UUID
03-09 18:16:53.007   283   309 V vold    :     -s
03-09 18:16:53.007   283   309 V vold    :     LABEL
03-09 18:16:53.007   283   309 V vold    :     /dev/block/vold/public:179_129
03-09 18:16:53.007  2819  2985 D VoldConnector: RCV <- {651 public:179_129 1}
03-09 18:16:53.019  2819  2855 I am_proc_start: [0,3090,10009,com.android.externalstorage,broadcast,com.android.externalstorage/.MountReceiver]
03-09 18:16:53.019  2819  2855 I ActivityManager: Start proc 3090:com.android.externalstorage/u0a9 for broadcast com.android.externalstorage/.MountReceiver
03-09 18:16:53.083  2819  2819 I am_proc_start: [0,3095,1037,WebViewLoader-armeabi-v7a,,]
03-09 18:16:53.083  2819  2819 I ActivityManager: Start proc 3095:WebViewLoader-armeabi-v7a/1037 [android.webkit.WebViewFactory$RelroFileCreator] for 
03-09 18:16:53.094  2819  2819 I am_proc_start: [0,3100,1037,WebViewLoader-arm64-v8a,,]
03-09 18:16:53.094  2819  2819 I ActivityManager: Start proc 3100:WebViewLoader-arm64-v8a/1037 [android.webkit.WebViewFactory$RelroFileCreator] for 
03-09 18:16:53.096  2819  2819 D NetworkManagement: enabling bandwidth control
03-09 18:16:53.141  2819  2843 I am_proc_bound: [0,3070,com.android.systemui]
03-09 18:16:53.163  2819  2843 I am_proc_bound: [0,3084,android.process.media]
03-09 18:16:53.169  2819  2844 I am_proc_bound: [0,3078,org.cyanogenmod.themeservice]
03-09 18:16:53.170  2565  2565 I auditd  : type=1400 audit(0.0:147): avc: denied { read } for comm="sn" name="primary" dev="tmpfs" ino=10958 scontext=u:r:init:s0 tcontext=u:object_r:storage_file:s0 tclass=lnk_file permissive=1
03-09 18:16:53.170  2565  2565 I auditd  : type=1400 audit(0.0:148): avc: denied { read } for comm="sn" name="primary" dev="tmpfs" ino=20383 scontext=u:r:init:s0 tcontext=u:object_r:mnt_user_file:s0 tclass=lnk_file permissive=1
03-09 18:16:53.170  2565  2565 I auditd  : type=1400 audit(0.0:149): avc: denied { search } for comm="sn" name="/" dev="fuse" ino=0 scontext=u:r:init:s0 tcontext=u:object_r:fuse:s0 tclass=dir permissive=1
03-09 18:16:53.194   299   299 I auditd  : avc:  denied  { find } for service=network_management scontext=u:r:themeservice_app:s0 tcontext=u:object_r:network_management_service:s0 tclass=service_manager
03-09 18:16:53.211  2819  3129 I am_proc_bound: [0,3090,com.android.externalstorage]
03-09 18:16:53.264   283   309 V vold    : /dev/block/vold/public:179_129: UUID="5F4E-035A" TYPE="vfat" 
03-09 18:16:53.266  2819  2985 D VoldConnector: RCV <- {652 public:179_129 vfat}
03-09 18:16:53.267  2819  2985 D VoldConnector: RCV <- {653 public:179_129 5F4E-035A}
03-09 18:16:53.267  2819  2985 D VoldConnector: RCV <- {654 public:179_129 sdcard1}
03-09 18:16:53.267   283   309 V vold    : /system/bin/fsck_msdos
03-09 18:16:53.267   283   309 V vold    :     -p
03-09 18:16:53.267   283   309 V vold    :     -f
03-09 18:16:53.267   283   309 V vold    :     /dev/block/vold/public:179_129
03-09 18:16:53.267  2819  2985 D VoldConnector: RCV <- {656 public:179_129 /mnt/media_rw/5F4E-035A}
03-09 18:16:53.267  2819  2985 D VoldConnector: RCV <- {655 public:179_129 /storage/5F4E-035A}
03-09 18:16:53.295  3147  3147 D fsck_msdos: sectors Per cluster :8 
03-09 18:16:53.295  3147  3147 D fsck_msdos: boot->ClusterOffset :30354 
03-09 18:16:53.295  3147  3147 I fsck_msdos: FAT32 Filesystem
03-09 18:16:53.295  3147  3147 D fsck_msdos: Using cluster_chain_descriptor
03-09 18:16:53.295  3147  3147 I fsck_msdos: Total clusters 1941545 
03-09 18:16:53.427  2819  2843 D TelephonyRegistry: listen oscl: hasNotifySubscriptionInfoChangedOccurred==false no callback
03-09 18:16:53.472  2819  2855 I am_proc_start: [0,3169,10021,org.cyanogenmod.themes.provider,broadcast,org.cyanogenmod.themes.provider/.AppReceiver]
03-09 18:16:53.472  2819  2855 I ActivityManager: Start proc 3169:org.cyanogenmod.themes.provider/u0a21 for broadcast org.cyanogenmod.themes.provider/.AppReceiver
03-09 18:16:53.513  3147  3147 I fsck_msdos: ** Phase 2 - Check Cluster Chains 
03-09 18:16:53.513  3147  3147 I fsck_msdos: Begin to handle the cluster chain
03-09 18:16:53.519  2819  3129 I notification_cancel_all: [10010,3084,com.android.providers.downloads,0,0,64,9,NULL]
03-09 18:16:53.600  3147  3147 D fsck_msdos: rootDir->head :2
03-09 18:16:53.610  2983  2983 I auditd  : type=1400 audit(0.0:150): avc: denied { call } for comm="Binder_1" scontext=u:r:mediaserver:s0 tcontext=u:r:init:s0 tclass=binder permissive=1
03-09 18:16:53.635  2819  3129 I am_proc_bound: [0,3169,org.cyanogenmod.themes.provider]
03-09 18:16:53.689  2819  2856 W WindowManager: Keyguard drawn timeout. Setting mKeyguardDrawComplete
03-09 18:16:53.807  3147  3147 D fsck_msdos: Verify Filesystem information
03-09 18:16:53.807  3147  3147 W fsck_msdos: 294 files, 404532 free (1149709 clusters)
03-09 18:16:53.807  3147  3147 I fsck_msdos: free_rb_tree 
03-09 18:16:53.808  3147  3147 I fsck_msdos: free_fragment_tree
03-09 18:16:53.808  3147  3147 I fsck_msdos: free_fragment_tree
03-09 18:16:53.808  3147  3147 I fsck_msdos: free_fragment_tree: rb_tree is empty 
03-09 18:16:53.813   283   309 I Vold    : Filesystem check completed OK
03-09 18:16:53.822  3070  3273 I sysui_action: [213,2]
