03-07 13:50:20.896  1304  1892 D TelephonyRegistry: notifySignalStrengthForSubscriber: subId=1 signalStrength=SignalStrength: 11 35 -120 -160 -6 0 -1 99 2147483647 2147483647 2147483647 2147483647 gsm|lte 1 -400 -28
03-07 13:50:20.896  1304  1892 D TelephonyRegistry: notifySignalStrengthForSubscriber: logSSC.length=5 next=1
03-07 13:50:20.896  1304  1892 D TelephonyRegistry: notifyServiceStateForSubscriber Time 20170307T134725Europe/Moscow(2,65,10800,0,1488883645) mSubId -3 mPhoneId 1  mState 3 3 voice home data home null null null null null null  Unknown Unknown CSS not supported -1 -1 RoamInd=-1 DefRoamInd=-1 EmergOnly=false Ril Voice Regist state: 0 Ril Data Regist state: 0 mProprietaryDataRadioTechnology: 0 VoiceRejectCause: -1 DataRejectCause: -1 IsDataRoamingFromRegistration=false
03-07 13:50:20.896  1304  1892 D TelephonyRegistry: notifyServiceStateForSubscriber Time 20170307T134726Europe/Moscow(2,65,10800,0,1488883646) mSubId 1 mPhoneId 0  mState 1 1 voice home data home null null null null null null  Unknown Unknown CSS not supported 0 0 RoamInd=-1 DefRoamInd=-1 EmergOnly=false Ril Voice Regist state: 2 Ril Data Regist state: 2 mProprietaryDataRadioTechnology: 0 VoiceRejectCause: -1 DataRejectCause: -1 IsDataRoamingFromRegistration=false
03-07 13:50:20.897  1304  1892 D TelephonyRegistry: notifyServiceStateForSubscriber Time 20170307T124728Europe/Kaliningrad(2,65,7200,0,1488883648) mSubId 1 mPhoneId 0  mState 0 0 voice home data home Tele2 Tele2 25020 Tele2 Tele2 25020  HSPA HSPA CSS not supported -1 -1 RoamInd=-1 DefRoamInd=-1 EmergOnly=false Ril Voice Regist state: 1 Ril Data Regist state: 1 mProprietaryDataRadioTechnology: 0 VoiceRejectCause: 0 DataRejectCause: -1 IsDataRoamingFromRegistration=false
03-07 13:50:20.897  1304  1892 D TelephonyRegistry: notifyServiceStateForSubscriber Time 20170307T134732Europe/Moscow(2,65,10800,0,1488883652) mSubId 1 mPhoneId 0  mState 0 0 voice home data home ROSTELECOM Tele2 25020 ROSTELECOM Tele2 25020  HSPA HSPA CSS not supported 0 0 RoamInd=-1 DefRoamInd=-1 EmergOnly=false Ril Voice Regist state: 1 Ril Data Regist state: 1 mProprietaryDataRadioTechnology: 0 VoiceRejectCause: 0 DataRejectCause: -1 IsDataRoamingFromRegistration=false
03-07 13:50:20.897  1304  1892 D TelephonyRegistry: notifyServiceStateForSubscriber Time 20170307T134918Europe/Moscow(2,65,10800,0,1488883758) mSubId 1 mPhoneId 0  mState 0 0 voice home data home ROSTELECOM Tele2 25020 ROSTELECOM Tele2 25020  HSPA HSPA CSS not supported -1 -1 RoamInd=-1 DefRoamInd=-1 EmergOnly=false Ril Voice Regist state: 1 Ril Data Regist state: 1 mProprietaryDataRadioTechnology: 0 VoiceRejectCause: 0 DataRejectCause: -1 IsDataRoamingFromRegistration=false
03-07 13:50:20.897  1304  1892 D TelephonyRegistry: notifySignalStrengthForSubscriber: ----------------
03-07 13:50:20.898  1304  1892 D TelephonyRegistry: validatePhoneId: true
03-07 13:50:20.898  1304  1892 D TelephonyRegistry: notifySignalStrengthForSubscriber: valid phoneId=0
03-07 13:50:20.898  1304  1892 D TelephonyRegistry: idMatch: rlt=true
03-07 13:50:20.898  1304  1892 D TelephonyRegistry: notifySignalStrengthForSubscriber: callback.onSsS r={callingPackage=android binder=android.telephony.PhoneStateListener$1@12c2ac5 callback=android.telephony.PhoneStateListener$1@12c2ac5 onSubscriptionsChangedListenererCallback=null callerUserId=0 subId=2147483647 phoneId=-1 events=1c1 canReadPhoneState=true} subId=1 phoneId=0 ss=SignalStrength: 11 35 -120 -160 -6 0 -1 99 2147483647 2147483647 2147483647 2147483647 gsm|lte 1 -400 -28
03-07 13:50:20.898  1304  1892 D TelephonyRegistry: idMatch: rlt=true
03-07 13:50:20.898  1304  1892 D TelephonyRegistry: notifySignalStrengthForSubscriber: callback.onSsS r={callingPackage=com.android.systemui binder=android.os.BinderProxy@c7a53af callback=com.android.internal.telephony.IPhoneStateListener$Stub$Proxy@def23bc onSubscriptionsChangedListenererCallback=null callerUserId=0 subId=1 phoneId=0 events=101e1 canReadPhoneState=true} subId=1 phoneId=0 ss=SignalStrength: 11 35 -120 -160 -6 0 -1 99 2147483647 2147483647 2147483647 2147483647 gsm|lte 1 -400 -28
03-07 13:50:20.898  1304  1892 D TelephonyRegistry: handleRemoveListLocked: mRemoveList.size()=0
03-07 13:50:20.899  1304  1892 D TelephonyManager: getTelephonyProperty prop value= 25020
03-07 13:50:20.900  1304  1892 W SignalStrength: mapGsmSignalDbm() mGsmRscpQdbm=-400 asu=11
03-07 13:50:20.900  1446  1651 D TelephonyManager: getTelephonyProperty prop value= 25020
03-07 13:50:20.900  1446  1651 W SignalStrength: mapGsmSignalDbm() mGsmRscpQdbm=-400 asu=11
03-07 13:50:20.901  1446  1651 D TelephonyManager: getTelephonyProperty prop value= 25020
03-07 13:50:20.901  1446  1651 W SignalStrength: mapGsmSignalDbm() mGsmRscpQdbm=-400 asu=11
03-07 13:50:20.901  1767  1767 D GsmSST  : [GsmSST0] handleMessage msg done
03-07 13:50:21.078  1304  1369 I netstats_mobile_sample: [0,0,0,0,0,0,0,0,0,0,0,0,-1]
03-07 13:50:21.078  1304  1369 I netstats_wifi_sample: [17355805,12520,668579,7060,17175673,12452,589151,6678,17141758,12386,587956,6662,-1]
03-07 13:50:21.082  1767  3146 D SubscriptionController: getSimStateForSlotIdx:  simState=READY ordinal=5
03-07 13:50:21.082  1304  1370 D SubscriptionManager: getSimStateForSubscriber: simState=5 slotIdx=0
03-07 13:50:21.086  1767  1844 D SubscriptionController: getSimStateForSlotIdx:  simState=READY ordinal=5
03-07 13:50:21.087  1304  1370 D SubscriptionManager: getSimStateForSubscriber: simState=5 slotIdx=0
03-07 13:50:21.089  1767  1767 D DCT     : [0]handleMessage msg={ when=0 what=270368 arg1=1 target=com.android.internal.telephony.dataconnection.DcTracker }
03-07 13:50:21.089  1767  1767 D DCT     : [0]getDataEnabledBySub: subId = 1
03-07 13:50:21.089  1767  1767 D DCT     : [0]getDataEnabledBySub: getInt retVal=false
03-07 13:50:21.089  1767  1767 D DCT     : [0]getAnyDataEnabled1 return false. mInternalDataEnabled = true, mUserDataEnabled = false, mPolicyDataEnabled = true
03-07 13:50:21.091  1767  2040 D SubscriptionController: getSimStateForSlotIdx:  simState=READY ordinal=5
03-07 13:50:21.091  1304  1370 D SubscriptionManager: getSimStateForSubscriber: simState=5 slotIdx=0
03-07 13:50:21.094  1767  1838 D SubscriptionController: getSimStateForSlotIdx:  simState=READY ordinal=5
03-07 13:50:21.095  1304  1370 D SubscriptionManager: getSimStateForSubscriber: simState=5 slotIdx=0
03-07 13:50:21.518  1304  1369 I netstats_mobile_sample: [0,0,0,0,0,0,0,0,0,0,0,0,-1]
03-07 13:50:21.519  1304  1369 I netstats_wifi_sample: [19549170,14009,717683,7804,19346693,13939,627787,7421,19305478,13868,626488,7403,-1]
03-07 13:50:21.524  1767  1844 D SubscriptionController: getSimStateForSlotIdx:  simState=READY ordinal=5
03-07 13:50:21.525  1304  1370 D SubscriptionManager: getSimStateForSubscriber: simState=5 slotIdx=0
03-07 13:50:21.528  1767  3146 D SubscriptionController: getSimStateForSlotIdx:  simState=READY ordinal=5
03-07 13:50:21.528  1304  1370 D SubscriptionManager: getSimStateForSubscriber: simState=5 slotIdx=0
03-07 13:50:21.530  1767  1767 D DCT     : [0]handleMessage msg={ when=0 what=270368 arg1=1 target=com.android.internal.telephony.dataconnection.DcTracker }
03-07 13:50:21.530  1767  1767 D DCT     : [0]getDataEnabledBySub: subId = 1
03-07 13:50:21.530  1767  1767 D DCT     : [0]getDataEnabledBySub: getInt retVal=false
03-07 13:50:21.530  1767  1767 D DCT     : [0]getAnyDataEnabled1 return false. mInternalDataEnabled = true, mUserDataEnabled = false, mPolicyDataEnabled = true
03-07 13:50:21.532  1767  1838 D SubscriptionController: getSimStateForSlotIdx:  simState=READY ordinal=5
03-07 13:50:21.533  1304  1370 D SubscriptionManager: getSimStateForSubscriber: simState=5 slotIdx=0
03-07 13:50:21.535  1767  2040 D SubscriptionController: getSimStateForSlotIdx:  simState=READY ordinal=5
03-07 13:50:21.536  1304  1370 D SubscriptionManager: getSimStateForSubscriber: simState=5 slotIdx=0
03-07 13:50:21.989  1304  1369 I netstats_mobile_sample: [0,0,0,0,0,0,0,0,0,0,0,0,-1]
03-07 13:50:21.990  1304  1369 I netstats_wifi_sample: [21794072,15532,767975,8566,21574653,15465,667515,8185,21520298,15385,665904,8161,-1]
03-07 13:50:21.993  1767  3146 D SubscriptionController: getSimStateForSlotIdx:  simState=READY ordinal=5
03-07 13:50:21.993  1304  1370 D SubscriptionManager: getSimStateForSubscriber: simState=5 slotIdx=0
03-07 13:50:21.997  1767  1844 D SubscriptionController: getSimStateForSlotIdx:  simState=READY ordinal=5
03-07 13:50:21.997  1304  1370 D SubscriptionManager: getSimStateForSubscriber: simState=5 slotIdx=0
03-07 13:50:22.001  1767  1767 D DCT     : [0]handleMessage msg={ when=0 what=270368 arg1=1 target=com.android.internal.telephony.dataconnection.DcTracker }
03-07 13:50:22.001  1767  1767 D DCT     : [0]getDataEnabledBySub: subId = 1
03-07 13:50:22.001  1767  1767 D DCT     : [0]getDataEnabledBySub: getInt retVal=false
03-07 13:50:22.001  1767  1767 D DCT     : [0]getAnyDataEnabled1 return false. mInternalDataEnabled = true, mUserDataEnabled = false, mPolicyDataEnabled = true
03-07 13:50:22.004  1767  2040 D SubscriptionController: getSimStateForSlotIdx:  simState=READY ordinal=5
03-07 13:50:22.004  1304  1370 D SubscriptionManager: getSimStateForSubscriber: simState=5 slotIdx=0
03-07 13:50:22.007  1767  1838 D SubscriptionController: getSimStateForSlotIdx:  simState=READY ordinal=5
03-07 13:50:22.007  1304  1370 D SubscriptionManager: getSimStateForSubscriber: simState=5 slotIdx=0
03-07 13:50:22.449  1304  1369 I netstats_mobile_sample: [0,0,0,0,0,0,0,0,0,0,0,0,-1]
03-07 13:50:22.449  1304  1369 I netstats_wifi_sample: [24083194,17085,819191,9336,23840573,17017,707867,8961,23794978,16943,706412,8940,-1]
03-07 13:50:22.453  1767  1844 D SubscriptionController: getSimStateForSlotIdx:  simState=READY ordinal=5
03-07 13:50:22.454  1304  1370 D SubscriptionManager: getSimStateForSubscriber: simState=5 slotIdx=0
03-07 13:50:22.460  1767  3146 D SubscriptionController: getSimStateForSlotIdx:  simState=READY ordinal=5
03-07 13:50:22.460  1304  1370 D SubscriptionManager: getSimStateForSubscriber: simState=5 slotIdx=0
03-07 13:50:22.463  1767  1767 D DCT     : [0]handleMessage msg={ when=-1ms what=270368 arg1=1 target=com.android.internal.telephony.dataconnection.DcTracker }
03-07 13:50:22.464  1767  1767 D DCT     : [0]getDataEnabledBySub: subId = 1
03-07 13:50:22.464  1767  1767 D DCT     : [0]getDataEnabledBySub: getInt retVal=false
03-07 13:50:22.464  1767  1767 D DCT     : [0]getAnyDataEnabled1 return false. mInternalDataEnabled = true, mUserDataEnabled = false, mPolicyDataEnabled = true
03-07 13:50:22.469  1767  1838 D SubscriptionController: getSimStateForSlotIdx:  simState=READY ordinal=5
03-07 13:50:22.469  1304  1370 D SubscriptionManager: getSimStateForSubscriber: simState=5 slotIdx=0
03-07 13:50:22.473  1767  2040 D SubscriptionController: getSimStateForSlotIdx:  simState=READY ordinal=5
03-07 13:50:22.474  1304  1370 D SubscriptionManager: getSimStateForSubscriber: simState=5 slotIdx=0
03-07 13:50:22.938  1304  1369 I netstats_mobile_sample: [0,0,0,0,0,0,0,0,0,0,0,0,-1]
03-07 13:50:22.938  1304  1369 I netstats_wifi_sample: [26316447,18601,865523,10038,26054062,18534,744371,9663,26022938,18469,743176,9647,-1]
03-07 13:50:22.943  1767  3146 D SubscriptionController: getSimStateForSlotIdx:  simState=READY ordinal=5
03-07 13:50:22.943  1304  1370 D SubscriptionManager: getSimStateForSubscriber: simState=5 slotIdx=0
03-07 13:50:22.951  1767  1844 D SubscriptionController: getSimStateForSlotIdx:  simState=READY ordinal=5
03-07 13:50:22.951  1304  1370 D SubscriptionManager: getSimStateForSubscriber: simState=5 slotIdx=0
03-07 13:50:22.954  1767  1767 D DCT     : [0]handleMessage msg={ when=0 what=270368 arg1=1 target=com.android.internal.telephony.dataconnection.DcTracker }
03-07 13:50:22.954  1767  1767 D DCT     : [0]getDataEnabledBySub: subId = 1
03-07 13:50:22.954  1767  1767 D DCT     : [0]getDataEnabledBySub: getInt retVal=false
03-07 13:50:22.954  1767  1767 D DCT     : [0]getAnyDataEnabled1 return false. mInternalDataEnabled = true, mUserDataEnabled = false, mPolicyDataEnabled = true
03-07 13:50:22.955  1767  2040 D SubscriptionController: getSimStateForSlotIdx:  simState=READY ordinal=5
03-07 13:50:22.955  1304  1370 D SubscriptionManager: getSimStateForSubscriber: simState=5 slotIdx=0
03-07 13:50:22.958  1767  1838 D SubscriptionController: getSimStateForSlotIdx:  simState=READY ordinal=5
03-07 13:50:22.958  1304  1370 D SubscriptionManager: getSimStateForSubscriber: simState=5 slotIdx=0
03-07 13:50:23.359  1304  1369 I netstats_mobile_sample: [0,0,0,0,0,0,0,0,0,0,0,0,-1]
03-07 13:50:23.359  1304  1369 I netstats_wifi_sample: [28555613,20124,915617,10797,28271867,20056,783839,10422,28218778,19973,782280,10399,-1]
03-07 13:50:23.363  1767  1844 D SubscriptionController: getSimStateForSlotIdx:  simState=READY ordinal=5
03-07 13:50:23.363  1304  1370 D SubscriptionManager: getSimStateForSubscriber: simState=5 slotIdx=0
03-07 13:50:23.369  1767  3146 D SubscriptionController: getSimStateForSlotIdx:  simState=READY ordinal=5
03-07 13:50:23.369  1304  1370 D SubscriptionManager: getSimStateForSubscriber: simState=5 slotIdx=0
03-07 13:50:23.373  1767  1767 D DCT     : [0]handleMessage msg={ when=-1ms what=270368 arg1=1 target=com.android.internal.telephony.dataconnection.DcTracker }
03-07 13:50:23.373  1767  1767 D DCT     : [0]getDataEnabledBySub: subId = 1
03-07 13:50:23.373  1767  1767 D DCT     : [0]getDataEnabledBySub: getInt retVal=false
03-07 13:50:23.373  1767  1767 D DCT     : [0]getAnyDataEnabled1 return false. mInternalDataEnabled = true, mUserDataEnabled = false, mPolicyDataEnabled = true
03-07 13:50:23.378  1767  1838 D SubscriptionController: getSimStateForSlotIdx:  simState=READY ordinal=5
03-07 13:50:23.378  1304  1370 D SubscriptionManager: getSimStateForSubscriber: simState=5 slotIdx=0
03-07 13:50:23.381  1767  2040 D SubscriptionController: getSimStateForSlotIdx:  simState=READY ordinal=5
03-07 13:50:23.381  1304  1370 D SubscriptionManager: getSimStateForSubscriber: simState=5 slotIdx=0
03-07 13:50:23.830  1304  1369 I netstats_mobile_sample: [0,0,0,0,0,0,0,0,0,0,0,0,-1]
03-07 13:50:23.830  1304  1369 I netstats_wifi_sample: [30829995,21667,966503,11568,30520267,21596,823879,11192,30467178,21513,822320,11169,-1]
03-07 13:50:23.834  1767  3146 D SubscriptionController: getSimStateForSlotIdx:  simState=READY ordinal=5
03-07 13:50:23.835  1304  1370 D SubscriptionManager: getSimStateForSubscriber: simState=5 slotIdx=0
03-07 13:50:23.839  1767  1844 D SubscriptionController: getSimStateForSlotIdx:  simState=READY ordinal=5
03-07 13:50:23.839  1304  1370 D SubscriptionManager: getSimStateForSubscriber: simState=5 slotIdx=0
03-07 13:50:23.843  1767  1767 D DCT     : [0]handleMessage msg={ when=0 what=270368 arg1=1 target=com.android.internal.telephony.dataconnection.DcTracker }
03-07 13:50:23.843  1767  1767 D DCT     : [0]getDataEnabledBySub: subId = 1
03-07 13:50:23.843  1767  1767 D DCT     : [0]getDataEnabledBySub: getInt retVal=false
03-07 13:50:23.843  1767  1767 D DCT     : [0]getAnyDataEnabled1 return false. mInternalDataEnabled = true, mUserDataEnabled = false, mPolicyDataEnabled = true
03-07 13:50:23.846  1767  2040 D SubscriptionController: getSimStateForSlotIdx:  simState=READY ordinal=5
03-07 13:50:23.847  1304  1370 D SubscriptionManager: getSimStateForSubscriber: simState=5 slotIdx=0
03-07 13:50:23.851  1767  1838 D SubscriptionController: getSimStateForSlotIdx:  simState=READY ordinal=5
03-07 13:50:23.851  1304  1370 D SubscriptionManager: getSimStateForSubscriber: simState=5 slotIdx=0
03-07 13:50:24.278  1304  1369 I netstats_mobile_sample: [0,0,0,0,0,0,0,0,0,0,0,0,-1]
03-07 13:50:24.279  1304  1369 I netstats_wifi_sample: [33073423,23189,1016729,12329,32743847,23119,863451,11953,32703898,23045,862152,11935,-1]
03-07 13:50:24.282  1767  1844 D SubscriptionController: getSimStateForSlotIdx:  simState=READY ordinal=5
03-07 13:50:24.282  1304  1370 D SubscriptionManager: getSimStateForSubscriber: simState=5 slotIdx=0
03-07 13:50:24.287  1767  3146 D SubscriptionController: getSimStateForSlotIdx:  simState=READY ordinal=5
03-07 13:50:24.287  1304  1370 D SubscriptionManager: getSimStateForSubscriber: simState=5 slotIdx=0
03-07 13:50:24.290  1767  1767 D DCT     : [0]handleMessage msg={ when=0 what=270368 arg1=1 target=com.android.internal.telephony.dataconnection.DcTracker }
03-07 13:50:24.290  1767  1767 D DCT     : [0]getDataEnabledBySub: subId = 1
03-07 13:50:24.291  1767  1767 D DCT     : [0]getDataEnabledBySub: getInt retVal=false
03-07 13:50:24.291  1767  1767 D DCT     : [0]getAnyDataEnabled1 return false. mInternalDataEnabled = true, mUserDataEnabled = false, mPolicyDataEnabled = true
03-07 13:50:24.293  1767  1838 D SubscriptionController: getSimStateForSlotIdx:  simState=READY ordinal=5
03-07 13:50:24.293  1304  1370 D SubscriptionManager: getSimStateForSubscriber: simState=5 slotIdx=0
03-07 13:50:24.296  1767  2040 D SubscriptionController: getSimStateForSlotIdx:  simState=READY ordinal=5
03-07 13:50:24.297  1304  1370 D SubscriptionManager: getSimStateForSubscriber: simState=5 slotIdx=0
03-07 13:50:24.598  1304  1338 I am_pss  : [2088,10010,com.google.android.gms,61838336,47575040]
03-07 13:50:24.758  1304  1369 I netstats_mobile_sample: [0,0,0,0,0,0,0,0,0,0,0,0,-1]
03-07 13:50:24.758  1304  1369 I netstats_wifi_sample: [35275621,24684,1066031,13076,34925087,24613,902295,12700,34893898,24545,901152,12685,-1]
03-07 13:50:24.762  1767  3146 D SubscriptionController: getSimStateForSlotIdx:  simState=READY ordinal=5
03-07 13:50:24.762  1304  1370 D SubscriptionManager: getSimStateForSubscriber: simState=5 slotIdx=0
03-07 13:50:24.765  1767  1844 D SubscriptionController: getSimStateForSlotIdx:  simState=READY ordinal=5
03-07 13:50:24.765  1304  1370 D SubscriptionManager: getSimStateForSubscriber: simState=5 slotIdx=0
03-07 13:50:24.768  1767  1767 D DCT     : [0]handleMessage msg={ when=0 what=270368 arg1=1 target=com.android.internal.telephony.dataconnection.DcTracker }
03-07 13:50:24.768  1767  1767 D DCT     : [0]getDataEnabledBySub: subId = 1
03-07 13:50:24.768  1767  1767 D DCT     : [0]getDataEnabledBySub: getInt retVal=false
03-07 13:50:24.768  1767  1767 D DCT     : [0]getAnyDataEnabled1 return false. mInternalDataEnabled = true, mUserDataEnabled = false, mPolicyDataEnabled = true
03-07 13:50:24.771  1767  2040 D SubscriptionController: getSimStateForSlotIdx:  simState=READY ordinal=5
03-07 13:50:24.772  1304  1370 D SubscriptionManager: getSimStateForSubscriber: simState=5 slotIdx=0
03-07 13:50:24.776  1767  1838 D SubscriptionController: getSimStateForSlotIdx:  simState=READY ordinal=5
03-07 13:50:24.777  1304  1370 D SubscriptionManager: getSimStateForSubscriber: simState=5 slotIdx=0
03-07 13:50:24.930  1304  1810 I am_kill : [0,5378,com.mediatek.engineermode,15,empty #13]
03-07 13:50:24.983  1304  1997 I am_proc_died: [0,5378,com.mediatek.engineermode]
03-07 13:50:25.138   856   856 D RILMUXD : [gsm0710muxd] 3913:main(): Frames received/dropped: 819/0
03-07 13:50:25.178  1304  1369 I netstats_mobile_sample: [0,0,0,0,0,0,0,0,0,0,0,0,-1]
03-07 13:50:25.178  1304  1369 I netstats_wifi_sample: [37498413,26192,1109723,13742,37129687,26123,936771,13363,37088278,26048,935472,13345,-1]
03-07 13:50:25.182  1767  1844 D SubscriptionController: getSimStateForSlotIdx:  simState=READY ordinal=5
03-07 13:50:25.182  1304  1370 D SubscriptionManager: getSimStateForSubscriber: simState=5 slotIdx=0
03-07 13:50:25.185  1767  3146 D SubscriptionController: getSimStateForSlotIdx:  simState=READY ordinal=5
03-07 13:50:25.186  1304  1370 D SubscriptionManager: getSimStateForSubscriber: simState=5 slotIdx=0
03-07 13:50:25.189  1767  1767 D DCT     : [0]handleMessage msg={ when=0 what=270368 arg1=1 target=com.android.internal.telephony.dataconnection.DcTracker }
03-07 13:50:25.189  1767  1767 D DCT     : [0]getDataEnabledBySub: subId = 1
03-07 13:50:25.189  1767  1767 D DCT     : [0]getDataEnabledBySub: getInt retVal=false
03-07 13:50:25.189  1767  1767 D DCT     : [0]getAnyDataEnabled1 return false. mInternalDataEnabled = true, mUserDataEnabled = false, mPolicyDataEnabled = true
03-07 13:50:25.191  1767  1838 D SubscriptionController: getSimStateForSlotIdx:  simState=READY ordinal=5
03-07 13:50:25.192  1304  1370 D SubscriptionManager: getSimStateForSubscriber: simState=5 slotIdx=0
03-07 13:50:25.194  1767  2040 D SubscriptionController: getSimStateForSlotIdx:  simState=READY ordinal=5
03-07 13:50:25.195  1304  1370 D SubscriptionManager: getSimStateForSubscriber: simState=5 slotIdx=0
03-07 13:50:25.375  1304  1304 I notification_cancel: [10000,1522,com.android.providers.downloads,0,1:com.android.vending,0,0,64,8,NULL]
03-07 13:50:25.375  1304  1304 I notification_canceled: [0|com.android.providers.downloads|0|1:com.android.vending|10000,8,5113,568,0]
03-07 13:50:25.996  1304  1304 I notification_enqueue: [10017,4139,com.android.vending,-1050172287,NULL,0,Notification(pri=-1 contentView=null vibrate=null sound=null tick defaults=0x0 flags=0x110 color=0xff689f38 category=progress vis=PRIVATE),0]
03-07 13:50:26.005   856  1239 D RILMUXD : [gsm0710muxd] 1649:gsm0710_base_buffer_get_frame(): Get a complete frame. ch:2, ctrl:239, len:42
03-07 13:50:26.005   856  1239 D RILMUXD : [gsm0710muxd] 2394:extract_frames(): Writing 42 byte frame received on channel 2 to /dev/pts/2
03-07 13:50:26.005   856  1239 D RILMUXD : [gsm0710muxd] 2414:extract_frames(): write() returned. Written 42/42 bytes of frame to /dev/pts/2
03-07 13:50:26.005   856  1239 D RILMUXD : [gsm0710muxd] 2419:extract_frames(): fsync() failed (-1, 22 - Invalid argument)
03-07 13:50:26.005  1254  1286 I AT      : AT read end: 42
03-07 13:50:26.005  1254  1286 D AT      : AT< +ECSQ: 19,36,1,-408,-26,1,1,6,32767,-1
03-07 13:50:26.005  1254  1286 D AT      : RIL_URC_READER Enter processLine:+ECSQ: 19,36,1,-408,-26,1,1,6,32767,-1
03-07 13:50:26.005  1254  1286 D RIL     : Nw URC:+ECSQ: 19,36,1,-408,-26,1,1,6,32767,-1
03-07 13:50:26.006  1254  1286 D RIL     : convert3GRssiValue baseband=0 ,isFdd3G=1,isTdd3G=0 ,RSCP_in_qdbm=-408 ,EcN0_in_qdbm=-26
03-07 13:50:26.006  1254  1286 D RILC    : callForRilVersion new vendor RIL, version: 11
03-07 13:50:26.006  1254  1286 I RILC    : RIL_SOCKET_1 UNSOLICITED: UNSOL_SIGNAL_STRENGTH length:68
03-07 13:50:26.006  1254  1286 E RILC    : Send Response to RIL_SOCKET_1
03-07 13:50:26.006  1254  1286 I AT      : AT read start
03-07 13:50:26.006  1767  1767 D GsmSST  : [GsmSST0] handle EVENT_SIGNAL_STRENGTH_UPDATE
03-07 13:50:26.006  1767  1767 D GsmSST  : [GsmSST0] onSignalStrengthResult():  LastSignalStrength=SignalStrength: 11 35 -120 -160 -6 0 -1 99 2147483647 2147483647 2147483647 2147483647 gsm|lte 1 -400 -28
03-07 13:50:26.006  1767  1767 D GsmSST  : [GsmSST0] onSignalStrengthResult():new mSignalStrength=SignalStrength: 11 36 -120 -160 -6 0 -1 99 2147483647 2147483647 2147483647 2147483647 gsm|lte 1 -408 -26
03-07 13:50:26.008  1767  1767 D TelephonyManager: getTelephonyProperty prop value= 25020
03-07 13:50:26.008  1767  1767 W SignalStrength: mapGsmSignalDbm() mGsmRscpQdbm=-408 asu=11
03-07 13:50:26.008  1767  1767 D GsmSST  : [GsmSST0] notifySignalStrength: mSignalStrength.getLevel=2
03-07 13:50:26.008  1767  1767 D DefaultPhoneNotifier: notifySignalStrength: mRegistry=com.android.internal.telephony.ITelephonyRegistry$Stub$Proxy@6f1b75d ss=SignalStrength: 11 36 -120 -160 -6 0 -1 99 2147483647 2147483647 2147483647 2147483647 gsm|lte 1 -408 -26 sender=Handler (com.android.internal.telephony.gsm.GSMPhone) {3ff5f82}
03-07 13:50:26.008  1304  1997 D TelephonyRegistry: notifySignalStrengthForSubscriber: subId=1 signalStrength=SignalStrength: 11 36 -120 -160 -6 0 -1 99 2147483647 2147483647 2147483647 2147483647 gsm|lte 1 -408 -26
03-07 13:50:26.009  1304  1997 D TelephonyRegistry: notifySignalStrengthForSubscriber: logSSC.length=5 next=1
03-07 13:50:26.009  1304  1997 D TelephonyRegistry: notifyServiceStateForSubscriber Time 20170307T134725Europe/Moscow(2,65,10800,0,1488883645) mSubId -3 mPhoneId 1  mState 3 3 voice home data home null null null null null null  Unknown Unknown CSS not supported -1 -1 RoamInd=-1 DefRoamInd=-1 EmergOnly=false Ril Voice Regist state: 0 Ril Data Regist state: 0 mProprietaryDataRadioTechnology: 0 VoiceRejectCause: -1 DataRejectCause: -1 IsDataRoamingFromRegistration=false
03-07 13:50:26.009  1304  1997 D TelephonyRegistry: notifyServiceStateForSubscriber Time 20170307T134726Europe/Moscow(2,65,10800,0,1488883646) mSubId 1 mPhoneId 0  mState 1 1 voice home data home null null null null null null  Unknown Unknown CSS not supported 0 0 RoamInd=-1 DefRoamInd=-1 EmergOnly=false Ril Voice Regist state: 2 Ril Data Regist state: 2 mProprietaryDataRadioTechnology: 0 VoiceRejectCause: -1 DataRejectCause: -1 IsDataRoamingFromRegistration=false
03-07 13:50:26.009  1304  1997 D TelephonyRegistry: notifyServiceStateForSubscriber Time 20170307T124728Europe/Kaliningrad(2,65,7200,0,1488883648) mSubId 1 mPhoneId 0  mState 0 0 voice home data home Tele2 Tele2 25020 Tele2 Tele2 25020  HSPA HSPA CSS not supported -1 -1 RoamInd=-1 DefRoamInd=-1 EmergOnly=false Ril Voice Regist state: 1 Ril Data Regist state: 1 mProprietaryDataRadioTechnology: 0 VoiceRejectCause: 0 DataRejectCause: -1 IsDataRoamingFromRegistration=false
03-07 13:50:26.010  1304  1997 D TelephonyRegistry: notifyServiceStateForSubscriber Time 20170307T134732Europe/Moscow(2,65,10800,0,1488883652) mSubId 1 mPhoneId 0  mState 0 0 voice home data home ROSTELECOM Tele2 25020 ROSTELECOM Tele2 25020  HSPA HSPA CSS not supported 0 0 RoamInd=-1 DefRoamInd=-1 EmergOnly=false Ril Voice Regist state: 1 Ril Data Regist state: 1 mProprietaryDataRadioTechnology: 0 VoiceRejectCause: 0 DataRejectCause: -1 IsDataRoamingFromRegistration=false
03-07 13:50:26.010  1304  1997 D TelephonyRegistry: notifyServiceStateForSubscriber Time 20170307T134918Europe/Moscow(2,65,10800,0,1488883758) mSubId 1 mPhoneId 0  mState 0 0 voice home data home ROSTELECOM Tele2 25020 ROSTELECOM Tele2 25020  HSPA HSPA CSS not supported -1 -1 RoamInd=-1 DefRoamInd=-1 EmergOnly=false Ril Voice Regist state: 1 Ril Data Regist state: 1 mProprietaryDataRadioTechnology: 0 VoiceRejectCause: 0 DataRejectCause: -1 IsDataRoamingFromRegistration=false
03-07 13:50:26.010  1304  1997 D TelephonyRegistry: notifySignalStrengthForSubscriber: ----------------
03-07 13:50:26.011  1304  1997 D TelephonyRegistry: validatePhoneId: true
03-07 13:50:26.011  1304  1997 D TelephonyRegistry: notifySignalStrengthForSubscriber: valid phoneId=0
03-07 13:50:26.011  1304  1997 D TelephonyRegistry: idMatch: rlt=true
03-07 13:50:26.011  1304  1997 D TelephonyRegistry: notifySignalStrengthForSubscriber: callback.onSsS r={callingPackage=android binder=android.telephony.PhoneStateListener$1@12c2ac5 callback=android.telephony.PhoneStateListener$1@12c2ac5 onSubscriptionsChangedListenererCallback=null callerUserId=0 subId=2147483647 phoneId=-1 events=1c1 canReadPhoneState=true} subId=1 phoneId=0 ss=SignalStrength: 11 36 -120 -160 -6 0 -1 99 2147483647 2147483647 2147483647 2147483647 gsm|lte 1 -408 -26
03-07 13:50:26.011  1304  1997 D TelephonyRegistry: idMatch: rlt=true
03-07 13:50:26.011  1304  1997 D TelephonyRegistry: notifySignalStrengthForSubscriber: callback.onSsS r={callingPackage=com.android.systemui binder=android.os.BinderProxy@c7a53af callback=com.android.internal.telephony.IPhoneStateListener$Stub$Proxy@def23bc onSubscriptionsChangedListenererCallback=null callerUserId=0 subId=1 phoneId=0 events=101e1 canReadPhoneState=true} subId=1 phoneId=0 ss=SignalStrength: 11 36 -120 -160 -6 0 -1 99 2147483647 2147483647 2147483647 2147483647 gsm|lte 1 -408 -26
03-07 13:50:26.011  1304  1997 D TelephonyRegistry: handleRemoveListLocked: mRemoveList.size()=0
03-07 13:50:26.013  1304  1997 D TelephonyManager: getTelephonyProperty prop value= 25020
03-07 13:50:26.013  1304  1997 W SignalStrength: mapGsmSignalDbm() mGsmRscpQdbm=-408 asu=11
03-07 13:50:26.019  1767  1767 D GsmSST  : [GsmSST0] handleMessage msg done
03-07 13:50:26.020  1446  1651 D TelephonyManager: getTelephonyProperty prop value= 25020
03-07 13:50:26.020  1446  1651 W SignalStrength: mapGsmSignalDbm() mGsmRscpQdbm=-408 asu=11
03-07 13:50:26.027  1446  1651 D TelephonyManager: getTelephonyProperty prop value= 25020
03-07 13:50:26.027  1446  1651 W SignalStrength: mapGsmSignalDbm() mGsmRscpQdbm=-408 asu=11
03-07 13:50:30.138   856   856 D RILMUXD : [gsm0710muxd] 3913:main(): Frames received/dropped: 820/0
03-07 13:50:30.751  1254  1282 I RILC    : NUMBER:1
03-07 13:50:30.751  1254  1282 I RILC    : arg len:14
03-07 13:50:30.751  1254  1282 I RILC    : ARGS[0]:THERMAL,0,-1
03-07 13:50:30.751  1254  1282 D RILC    : C[locl]> QUERY_MODEM_THERMAL
03-07 13:50:30.751  1254  1282 I RILC-MTK: set request 2502 to protocal 1, proxyId=3
03-07 13:50:30.751  1254  1282 D RILC-MTK: QUERY_MODEM_THERMAL pRI=0x7f7e649390 p=0x7f7e66c9a0 dispatched to RIL_CMD_PROXY_1
03-07 13:50:30.751  1254  1279 I RILC-MTK: RIL_CMD2_PROXY_1 wakeup
03-07 13:50:30.751  1254  1273 I RILC-MTK: RIL_CMD_PROXY_1 wakeup
03-07 13:50:30.751  1254  1279 I RILC-MTK: RIL_CMD2_PROXY_1 sleep
03-07 13:50:30.751  1254  1277 I RILC-MTK: RIL_CMD2_PROXY_3 wakeup
03-07 13:50:30.751  1254  1270 I RILC-MTK: RIL_URC_PROXY wakeup
03-07 13:50:30.751  1254  1277 I RILC-MTK: RIL_CMD2_PROXY_3 sleep
03-07 13:50:30.751  1254  1276 I RILC-MTK: RIL_URC2_PROXY wakeup
03-07 13:50:30.751  1254  1273 D RILC-MTK: proxy id:3, proxyName: RIL_CMD_PROXY_1
03-07 13:50:30.751  1254  1276 I RILC-MTK: RIL_URC2_PROXY sleep
03-07 13:50:30.751  1254  1273 D RILC-MTK: QUERY_MODEM_THERMAL pRI=0x7f7e649390 p=0x7f7e66c9a0 execute on RIL_CMD_PROXY_1 using channel 3
03-07 13:50:30.751  1254  1272 I RILC-MTK: RIL_CMD_PROXY_2 wakeup
03-07 13:50:30.751  1254  1272 I RILC-MTK: RIL_CMD_PROXY_2 sleep
03-07 13:50:30.751  1254  1273 D RILC    : callOnRequest for new vendor ril
03-07 13:50:30.751  1254  1270 I RILC-MTK: RIL_URC_PROXY sleep
03-07 13:50:30.751  1254  1273 D RIL     : onRequest: QUERY_MODEM_THERMAL, datalen = 8
03-07 13:50:30.751  1254  1273 D RIL     : radioState:10
03-07 13:50:30.751  1254  1273 D RIL     : requestQueryThermal Enter,-1
03-07 13:50:30.751  1254  1281 I RILC-MTK: RIL_ATCI2_PROXY wakeup
03-07 13:50:30.751  1254  1273 D AT      : getRILChannelCtx subsystem:1, rid:0 channelOffset:0
03-07 13:50:30.751  1254  1281 I RILC-MTK: RIL_ATCI2_PROXY sleep
03-07 13:50:30.751  1254  1273 D AT      : AT send on RIL_CMD_READER_3, tid:547607036992
03-07 13:50:30.751  1254  1275 I RILC-MTK: RIL_ATCI_PROXY wakeup
03-07 13:50:30.751  1254  1273 D AT      : AT> AT+ETHERMAL
03-07 13:50:30.751  1254  1275 I RILC-MTK: RIL_ATCI_PROXY sleep
03-07 13:50:30.751  1254  1273 I AT      : AT write start
03-07 13:50:30.751  1254  1271 I RILC-MTK: RIL_CMD_PROXY_3 wakeup
03-07 13:50:30.751  1254  1271 I RILC-MTK: RIL_CMD_PROXY_3 sleep
03-07 13:50:30.751  1254  1273 I AT      : AT write end, errno = 2, length = 12
03-07 13:50:30.751  1254  1278 I RILC-MTK: RIL_CMD2_PROXY_2 wakeup
03-07 13:50:30.751  1254  1278 I RILC-MTK: RIL_CMD2_PROXY_2 sleep
03-07 13:50:30.752  1254  1274 I RILC-MTK: RIL_CMD_PROXY_4 wakeup
03-07 13:50:30.752  1254  1274 I RILC-MTK: RIL_CMD_PROXY_4 sleep
03-07 13:50:30.752   856  1245 D RILMUXD : [gsm0710muxd] 3630:poll_thread(): poll_thread select found
03-07 13:50:30.752  1254  1280 I RILC-MTK: RIL_CMD2_PROXY_4 wakeup
03-07 13:50:30.752  1254  1280 I RILC-MTK: RIL_CMD2_PROXY_4 sleep
03-07 13:50:30.752   856  1245 D RILMUXD : [gsm0710muxd] 1050:pseudo_device_read(): Enter, LackofAtciChannel=0
03-07 13:50:30.752   856  1245 D RILMUXD : [gsm0710muxd] 657:write_frame(): Sending frame to channel 5
03-07 13:50:30.752   856  1245 D RILMUXD : [gsm0710muxd] 772:write_frame(): Write a frame on channel 5 with length 12
03-07 13:50:30.756   856  1239 D RILMUXD : [gsm0710muxd] 1649:gsm0710_base_buffer_get_frame(): Get a complete frame. ch:5, ctrl:239, len:42
03-07 13:50:30.756   856  1239 D RILMUXD : [gsm0710muxd] 2394:extract_frames(): Writing 42 byte frame received on channel 5 to /dev/pts/5
03-07 13:50:30.756   856  1239 D RILMUXD : [gsm0710muxd] 2414:extract_frames(): write() returned. Written 42/42 bytes of frame to /dev/pts/5
03-07 13:50:30.756   856  1239 D RILMUXD : [gsm0710muxd] 2419:extract_frames(): fsync() failed (-1, 22 - Invalid argument)
03-07 13:50:30.756  1254  1289 I AT      : AT read end: 42
03-07 13:50:30.756  1254  1289 D AT      : AT< +ETHERMAL: 2, 32767, -127, 0, 32767, 1
03-07 13:50:30.756  1254  1289 D AT      : RIL_CMD_READER_3 Enter processLine:+ETHERMAL: 2, 32767, -127, 0, 32767, 1
03-07 13:50:30.756  1254  1289 I AT      : AT read start
03-07 13:50:30.757   856  1239 D RILMUXD : [gsm0710muxd] 1649:gsm0710_base_buffer_get_frame(): Get a complete frame. ch:5, ctrl:239, len:6
03-07 13:50:30.757   856  1239 D RILMUXD : [gsm0710muxd] 2394:extract_frames(): Writing 6 byte frame received on channel 5 to /dev/pts/5
03-07 13:50:30.757   856  1239 D RILMUXD : [gsm0710muxd] 2414:extract_frames(): write() returned. Written 6/6 bytes of frame to /dev/pts/5
03-07 13:50:30.757   856  1239 D RILMUXD : [gsm0710muxd] 2419:extract_frames(): fsync() failed (-1, 22 - Invalid argument)
03-07 13:50:30.757  1254  1289 I AT      : AT read end: 6
03-07 13:50:30.757  1254  1289 D AT      : AT< OK
03-07 13:50:30.757  1254  1289 D AT      : RIL_CMD_READER_3 Enter processLine:OK
03-07 13:50:30.757  1254  1289 I AT      : AT read start
03-07 13:50:30.757  1254  1273 D AT      : response received on RIL_CMD_READER_3, tid:547607036992
03-07 13:50:30.757  1254  1273 D RIL     : requestQueryThermal success
03-07 13:50:30.757  1254  1273 D RILC    : RequestComplete, RIL_SOCKET_1
03-07 13:50:30.757  1254  1273 D RILC    : [THERMAL] local request for THERMAL returned 
03-07 13:50:30.757  1254  1273 D RILC    : [THERMAL] s_THERMAL_fd is valid strResult is  2, 32767, -127, 0, 32767, 1
03-07 13:50:30.757  1254  1273 D RILC-MTK: proxyLoop free  pRI=0x7f7e649390 p=0x7f7e66c9a0 
03-07 13:50:30.757  1254  1273 D RILC-MTK: proxyLoop free  pRequest=0x7f7e5e2040
03-07 13:50:30.757  1254  1273 I RILC-MTK: RIL_CMD_PROXY_1 sleep
03-07 13:50:31.126   856  1239 D RILMUXD : [gsm0710muxd] 1649:gsm0710_base_buffer_get_frame(): Get a complete frame. ch:2, ctrl:239, len:42
03-07 13:50:31.126   856  1239 D RILMUXD : [gsm0710muxd] 2394:extract_frames(): Writing 42 byte frame received on channel 2 to /dev/pts/2
03-07 13:50:31.126   856  1239 D RILMUXD : [gsm0710muxd] 2414:extract_frames(): write() returned. Written 42/42 bytes of frame to /dev/pts/2
03-07 13:50:31.126   856  1239 D RILMUXD : [gsm0710muxd] 2419:extract_frames(): fsync() failed (-1, 22 - Invalid argument)
03-07 13:50:31.127  1254  1286 I AT      : AT read end: 42
03-07 13:50:31.127  1254  1286 D AT      : AT< +ECSQ: 20,36,1,-402,-25,1,1,6,32767,-1
03-07 13:50:31.127  1254  1286 D AT      : RIL_URC_READER Enter processLine:+ECSQ: 20,36,1,-402,-25,1,1,6,32767,-1
03-07 13:50:31.127  1254  1286 D RIL     : Nw URC:+ECSQ: 20,36,1,-402,-25,1,1,6,32767,-1
03-07 13:50:31.127  1254  1286 D RIL     : convert3GRssiValue baseband=0 ,isFdd3G=1,isTdd3G=0 ,RSCP_in_qdbm=-402 ,EcN0_in_qdbm=-25
03-07 13:50:31.127  1254  1286 D RILC    : callForRilVersion new vendor RIL, version: 11
03-07 13:50:31.127  1254  1286 I RILC    : RIL_SOCKET_1 UNSOLICITED: UNSOL_SIGNAL_STRENGTH length:68
03-07 13:50:31.127  1254  1286 E RILC    : Send Response to RIL_SOCKET_1
03-07 13:50:31.127  1254  1286 I AT      : AT read start
03-07 13:50:31.127  1767  1767 D GsmSST  : [GsmSST0] handle EVENT_SIGNAL_STRENGTH_UPDATE
03-07 13:50:31.127  1767  1767 D GsmSST  : [GsmSST0] onSignalStrengthResult():  LastSignalStrength=SignalStrength: 11 36 -120 -160 -6 0 -1 99 2147483647 2147483647 2147483647 2147483647 gsm|lte 1 -408 -26
03-07 13:50:31.127  1767  1767 D GsmSST  : [GsmSST0] onSignalStrengthResult():new mSignalStrength=SignalStrength: 11 36 -120 -160 -6 0 -1 99 2147483647 2147483647 2147483647 2147483647 gsm|lte 1 -404 -25
03-07 13:50:31.129  1767  1767 D TelephonyManager: getTelephonyProperty prop value= 25020
03-07 13:50:31.129  1767  1767 W SignalStrength: mapGsmSignalDbm() mGsmRscpQdbm=-404 asu=11
03-07 13:50:31.129  1767  1767 D GsmSST  : [GsmSST0] notifySignalStrength: mSignalStrength.getLevel=2
03-07 13:50:31.129  1767  1767 D DefaultPhoneNotifier: notifySignalStrength: mRegistry=com.android.internal.telephony.ITelephonyRegistry$Stub$Proxy@6f1b75d ss=SignalStrength: 11 36 -120 -160 -6 0 -1 99 2147483647 2147483647 2147483647 2147483647 gsm|lte 1 -404 -25 sender=Handler (com.android.internal.telephony.gsm.GSMPhone) {3ff5f82}
03-07 13:50:31.130  1304  1890 D TelephonyRegistry: notifySignalStrengthForSubscriber: subId=1 signalStrength=SignalStrength: 11 36 -120 -160 -6 0 -1 99 2147483647 2147483647 2147483647 2147483647 gsm|lte 1 -404 -25
03-07 13:50:31.130  1304  1890 D TelephonyRegistry: notifySignalStrengthForSubscriber: logSSC.length=5 next=1
03-07 13:50:31.130  1304  1890 D TelephonyRegistry: notifyServiceStateForSubscriber Time 20170307T134725Europe/Moscow(2,65,10800,0,1488883645) mSubId -3 mPhoneId 1  mState 3 3 voice home data home null null null null null null  Unknown Unknown CSS not supported -1 -1 RoamInd=-1 DefRoamInd=-1 EmergOnly=false Ril Voice Regist state: 0 Ril Data Regist state: 0 mProprietaryDataRadioTechnology: 0 VoiceRejectCause: -1 DataRejectCause: -1 IsDataRoamingFromRegistration=false
03-07 13:50:31.130  1304  1890 D TelephonyRegistry: notifyServiceStateForSubscriber Time 20170307T134726Europe/Moscow(2,65,10800,0,1488883646) mSubId 1 mPhoneId 0  mState 1 1 voice home data home null null null null null null  Unknown Unknown CSS not supported 0 0 RoamInd=-1 DefRoamInd=-1 EmergOnly=false Ril Voice Regist state: 2 Ril Data Regist state: 2 mProprietaryDataRadioTechnology: 0 VoiceRejectCause: -1 DataRejectCause: -1 IsDataRoamingFromRegistration=false
03-07 13:50:31.130  1304  1890 D TelephonyRegistry: notifyServiceStateForSubscriber Time 20170307T124728Europe/Kaliningrad(2,65,7200,0,1488883648) mSubId 1 mPhoneId 0  mState 0 0 voice home data home Tele2 Tele2 25020 Tele2 Tele2 25020  HSPA HSPA CSS not supported -1 -1 RoamInd=-1 DefRoamInd=-1 EmergOnly=false Ril Voice Regist state: 1 Ril Data Regist state: 1 mProprietaryDataRadioTechnology: 0 VoiceRejectCause: 0 DataRejectCause: -1 IsDataRoamingFromRegistration=false
03-07 13:50:31.130  1304  1890 D TelephonyRegistry: notifyServiceStateForSubscriber Time 20170307T134732Europe/Moscow(2,65,10800,0,1488883652) mSubId 1 mPhoneId 0  mState 0 0 voice home data home ROSTELECOM Tele2 25020 ROSTELECOM Tele2 25020  HSPA HSPA CSS not supported 0 0 RoamInd=-1 DefRoamInd=-1 EmergOnly=false Ril Voice Regist state: 1 Ril Data Regist state: 1 mProprietaryDataRadioTechnology: 0 VoiceRejectCause: 0 DataRejectCause: -1 IsDataRoamingFromRegistration=false
03-07 13:50:31.131  1304  1890 D TelephonyRegistry: notifyServiceStateForSubscriber Time 20170307T134918Europe/Moscow(2,65,10800,0,1488883758) mSubId 1 mPhoneId 0  mState 0 0 voice home data home ROSTELECOM Tele2 25020 ROSTELECOM Tele2 25020  HSPA HSPA CSS not supported -1 -1 RoamInd=-1 DefRoamInd=-1 EmergOnly=false Ril Voice Regist state: 1 Ril Data Regist state: 1 mProprietaryDataRadioTechnology: 0 VoiceRejectCause: 0 DataRejectCause: -1 IsDataRoamingFromRegistration=false
03-07 13:50:31.131  1304  1890 D TelephonyRegistry: notifySignalStrengthForSubscriber: ----------------
03-07 13:50:31.132  1304  1890 D TelephonyRegistry: validatePhoneId: true
03-07 13:50:31.132  1304  1890 D TelephonyRegistry: notifySignalStrengthForSubscriber: valid phoneId=0
03-07 13:50:31.132  1304  1890 D TelephonyRegistry: idMatch: rlt=true
03-07 13:50:31.132  1304  1890 D TelephonyRegistry: notifySignalStrengthForSubscriber: callback.onSsS r={callingPackage=android binder=android.telephony.PhoneStateListener$1@12c2ac5 callback=android.telephony.PhoneStateListener$1@12c2ac5 onSubscriptionsChangedListenererCallback=null callerUserId=0 subId=2147483647 phoneId=-1 events=1c1 canReadPhoneState=true} subId=1 phoneId=0 ss=SignalStrength: 11 36 -120 -160 -6 0 -1 99 2147483647 2147483647 2147483647 2147483647 gsm|lte 1 -404 -25
03-07 13:50:31.132  1304  1890 D TelephonyRegistry: idMatch: rlt=true
03-07 13:50:31.132  1304  1890 D TelephonyRegistry: notifySignalStrengthForSubscriber: callback.onSsS r={callingPackage=com.android.systemui binder=android.os.BinderProxy@c7a53af callback=com.android.internal.telephony.IPhoneStateListener$Stub$Proxy@def23bc onSubscriptionsChangedListenererCallback=null callerUserId=0 subId=1 phoneId=0 events=101e1 canReadPhoneState=true} subId=1 phoneId=0 ss=SignalStrength: 11 36 -120 -160 -6 0 -1 99 2147483647 2147483647 2147483647 2147483647 gsm|lte 1 -404 -25
03-07 13:50:31.132  1304  1890 D TelephonyRegistry: handleRemoveListLocked: mRemoveList.size()=0
03-07 13:50:31.134  1304  1890 D TelephonyManager: getTelephonyProperty prop value= 25020
03-07 13:50:31.134  1304  1890 W SignalStrength: mapGsmSignalDbm() mGsmRscpQdbm=-404 asu=11
03-07 13:50:31.137  1767  1767 D GsmSST  : [GsmSST0] handleMessage msg done
03-07 13:50:31.137  1446  1651 D TelephonyManager: getTelephonyProperty prop value= 25020
03-07 13:50:31.137  1446  1651 W SignalStrength: mapGsmSignalDbm() mGsmRscpQdbm=-404 asu=11
03-07 13:50:31.139  1446  1651 D TelephonyManager: getTelephonyProperty prop value= 25020
03-07 13:50:31.139  1446  1651 W SignalStrength: mapGsmSignalDbm() mGsmRscpQdbm=-404 asu=11
03-07 13:50:31.994  1304  1338 I am_pss  : [1522,10000,android.process.media,17702912,13602816]
03-07 13:50:32.011  1304  1338 I am_pss  : [5178,10026,com.adups.fota,9608192,6684672]
03-07 13:50:32.030  1304  1338 I am_pss  : [5217,10044,com.google.android.apps.docs,29670400,24215552]
03-07 13:50:35.138   856   856 D RILMUXD : [gsm0710muxd] 3913:main(): Frames received/dropped: 823/0
03-07 13:50:35.453  1304  1304 I notification_cancel: [1000,1304,android,2,NULL,0,0,0,8,NULL]
03-07 13:50:35.469  1949  2493 D TelephonyManager: getTelephonyProperty prop value= 25020
03-07 13:50:36.248   856  1239 D RILMUXD : [gsm0710muxd] 1649:gsm0710_base_buffer_get_frame(): Get a complete frame. ch:2, ctrl:239, len:42
03-07 13:50:36.248   856  1239 D RILMUXD : [gsm0710muxd] 2394:extract_frames(): Writing 42 byte frame received on channel 2 to /dev/pts/2
03-07 13:50:36.248   856  1239 D RILMUXD : [gsm0710muxd] 2414:extract_frames(): write() returned. Written 42/42 bytes of frame to /dev/pts/2
03-07 13:50:36.248   856  1239 D RILMUXD : [gsm0710muxd] 2419:extract_frames(): fsync() failed (-1, 22 - Invalid argument)
03-07 13:50:36.248  1254  1286 I AT      : AT read end: 42
03-07 13:50:36.248  1254  1286 D AT      : AT< +ECSQ: 21,36,1,-398,-25,1,1,6,32767,-1
03-07 13:50:36.248  1254  1286 D AT      : RIL_URC_READER Enter processLine:+ECSQ: 21,36,1,-398,-25,1,1,6,32767,-1
03-07 13:50:36.248  1254  1286 D RIL     : Nw URC:+ECSQ: 21,36,1,-398,-25,1,1,6,32767,-1
03-07 13:50:36.248  1254  1286 D RIL     : convert3GRssiValue baseband=0 ,isFdd3G=1,isTdd3G=0 ,RSCP_in_qdbm=-398 ,EcN0_in_qdbm=-25
03-07 13:50:36.248  1254  1286 D RILC    : callForRilVersion new vendor RIL, version: 11
03-07 13:50:36.248  1254  1286 I RILC    : RIL_SOCKET_1 UNSOLICITED: UNSOL_SIGNAL_STRENGTH length:68
03-07 13:50:36.248  1254  1286 E RILC    : Send Response to RIL_SOCKET_1
03-07 13:50:36.248  1254  1286 I AT      : AT read start
03-07 13:50:36.249  1767  1767 D GsmSST  : [GsmSST0] handle EVENT_SIGNAL_STRENGTH_UPDATE
03-07 13:50:36.249  1767  1767 D GsmSST  : [GsmSST0] onSignalStrengthResult():  LastSignalStrength=SignalStrength: 11 36 -120 -160 -6 0 -1 99 2147483647 2147483647 2147483647 2147483647 gsm|lte 1 -404 -25
03-07 13:50:36.249  1767  1767 D GsmSST  : [GsmSST0] onSignalStrengthResult():new mSignalStrength=SignalStrength: 11 36 -120 -160 -6 0 -1 99 2147483647 2147483647 2147483647 2147483647 gsm|lte 1 -400 -25
03-07 13:50:36.251  1767  1767 D TelephonyManager: getTelephonyProperty prop value= 25020
03-07 13:50:36.251  1767  1767 W SignalStrength: mapGsmSignalDbm() mGsmRscpQdbm=-400 asu=11
03-07 13:50:36.251  1767  1767 D GsmSST  : [GsmSST0] notifySignalStrength: mSignalStrength.getLevel=2
03-07 13:50:36.251  1767  1767 D DefaultPhoneNotifier: notifySignalStrength: mRegistry=com.android.internal.telephony.ITelephonyRegistry$Stub$Proxy@6f1b75d ss=SignalStrength: 11 36 -120 -160 -6 0 -1 99 2147483647 2147483647 2147483647 2147483647 gsm|lte 1 -400 -25 sender=Handler (com.android.internal.telephony.gsm.GSMPhone) {3ff5f82}
03-07 13:50:36.252  1304  1984 D TelephonyRegistry: notifySignalStrengthForSubscriber: subId=1 signalStrength=SignalStrength: 11 36 -120 -160 -6 0 -1 99 2147483647 2147483647 2147483647 2147483647 gsm|lte 1 -400 -25
03-07 13:50:36.252  1304  1984 D TelephonyRegistry: notifySignalStrengthForSubscriber: logSSC.length=5 next=1
03-07 13:50:36.252  1304  1984 D TelephonyRegistry: notifyServiceStateForSubscriber Time 20170307T134725Europe/Moscow(2,65,10800,0,1488883645) mSubId -3 mPhoneId 1  mState 3 3 voice home data home null null null null null null  Unknown Unknown CSS not supported -1 -1 RoamInd=-1 DefRoamInd=-1 EmergOnly=false Ril Voice Regist state: 0 Ril Data Regist state: 0 mProprietaryDataRadioTechnology: 0 VoiceRejectCause: -1 DataRejectCause: -1 IsDataRoamingFromRegistration=false
03-07 13:50:36.252  1304  1984 D TelephonyRegistry: notifyServiceStateForSubscriber Time 20170307T134726Europe/Moscow(2,65,10800,0,1488883646) mSubId 1 mPhoneId 0  mState 1 1 voice home data home null null null null null null  Unknown Unknown CSS not supported 0 0 RoamInd=-1 DefRoamInd=-1 EmergOnly=false Ril Voice Regist state: 2 Ril Data Regist state: 2 mProprietaryDataRadioTechnology: 0 VoiceRejectCause: -1 DataRejectCause: -1 IsDataRoamingFromRegistration=false
03-07 13:50:36.253  1304  1984 D TelephonyRegistry: notifyServiceStateForSubscriber Time 20170307T124728Europe/Kaliningrad(2,65,7200,0,1488883648) mSubId 1 mPhoneId 0  mState 0 0 voice home data home Tele2 Tele2 25020 Tele2 Tele2 25020  HSPA HSPA CSS not supported -1 -1 RoamInd=-1 DefRoamInd=-1 EmergOnly=false Ril Voice Regist state: 1 Ril Data Regist state: 1 mProprietaryDataRadioTechnology: 0 VoiceRejectCause: 0 DataRejectCause: -1 IsDataRoamingFromRegistration=false
03-07 13:50:36.253  1304  1984 D TelephonyRegistry: notifyServiceStateForSubscriber Time 20170307T134732Europe/Moscow(2,65,10800,0,1488883652) mSubId 1 mPhoneId 0  mState 0 0 voice home data home ROSTELECOM Tele2 25020 ROSTELECOM Tele2 25020  HSPA HSPA CSS not supported 0 0 RoamInd=-1 DefRoamInd=-1 EmergOnly=false Ril Voice Regist state: 1 Ril Data Regist state: 1 mProprietaryDataRadioTechnology: 0 VoiceRejectCause: 0 DataRejectCause: -1 IsDataRoamingFromRegistration=false
03-07 13:50:36.253  1304  1984 D TelephonyRegistry: notifyServiceStateForSubscriber Time 20170307T134918Europe/Moscow(2,65,10800,0,1488883758) mSubId 1 mPhoneId 0  mState 0 0 voice home data home ROSTELECOM Tele2 25020 ROSTELECOM Tele2 25020  HSPA HSPA CSS not supported -1 -1 RoamInd=-1 DefRoamInd=-1 EmergOnly=false Ril Voice Regist state: 1 Ril Data Regist state: 1 mProprietaryDataRadioTechnology: 0 VoiceRejectCause: 0 DataRejectCause: -1 IsDataRoamingFromRegistration=false
03-07 13:50:36.254  1304  1984 D TelephonyRegistry: notifySignalStrengthForSubscriber: ----------------
03-07 13:50:36.255  1304  1984 D TelephonyRegistry: validatePhoneId: true
03-07 13:50:36.255  1304  1984 D TelephonyRegistry: notifySignalStrengthForSubscriber: valid phoneId=0
03-07 13:50:36.255  1304  1984 D TelephonyRegistry: idMatch: rlt=true
03-07 13:50:36.255  1304  1984 D TelephonyRegistry: notifySignalStrengthForSubscriber: callback.onSsS r={callingPackage=android binder=android.telephony.PhoneStateListener$1@12c2ac5 callback=android.telephony.PhoneStateListener$1@12c2ac5 onSubscriptionsChangedListenererCallback=null callerUserId=0 subId=2147483647 phoneId=-1 events=1c1 canReadPhoneState=true} subId=1 phoneId=0 ss=SignalStrength: 11 36 -120 -160 -6 0 -1 99 2147483647 2147483647 2147483647 2147483647 gsm|lte 1 -400 -25
03-07 13:50:36.255  1304  1984 D TelephonyRegistry: idMatch: rlt=true
03-07 13:50:36.255  1304  1984 D TelephonyRegistry: notifySignalStrengthForSubscriber: callback.onSsS r={callingPackage=com.android.systemui binder=android.os.BinderProxy@c7a53af callback=com.android.internal.telephony.IPhoneStateListener$Stub$Proxy@def23bc onSubscriptionsChangedListenererCallback=null callerUserId=0 subId=1 phoneId=0 events=101e1 canReadPhoneState=true} subId=1 phoneId=0 ss=SignalStrength: 11 36 -120 -160 -6 0 -1 99 2147483647 2147483647 2147483647 2147483647 gsm|lte 1 -400 -25
03-07 13:50:36.255  1304  1984 D TelephonyRegistry: handleRemoveListLocked: mRemoveList.size()=0
03-07 13:50:36.258  1304  1984 D TelephonyManager: getTelephonyProperty prop value= 25020
03-07 13:50:36.258  1304  1984 W SignalStrength: mapGsmSignalDbm() mGsmRscpQdbm=-400 asu=11
03-07 13:50:36.261  1767  1767 D GsmSST  : [GsmSST0] handleMessage msg done
03-07 13:50:36.273  1446  1651 D TelephonyManager: getTelephonyProperty prop value= 25020
03-07 13:50:36.273  1446  1651 W SignalStrength: mapGsmSignalDbm() mGsmRscpQdbm=-400 asu=11
03-07 13:50:36.281  1446  1651 D TelephonyManager: getTelephonyProperty prop value= 25020
03-07 13:50:36.281  1446  1651 W SignalStrength: mapGsmSignalDbm() mGsmRscpQdbm=-400 asu=11
03-07 13:50:39.592  1767  1767 D FdManager: [GDCT][phoneId0]onReceive: action=android.intent.action.BATTERY_CHANGED
03-07 13:50:39.592  1767  1767 D FdManager: [GDCT][phoneId1]onReceive: action=android.intent.action.BATTERY_CHANGED
03-07 13:50:39.595  1304  1304 I notification_cancel: [10022,1446,com.android.systemui,2131755032,low_battery,-1,0,64,8,NULL]
03-07 13:50:40.139   856   856 D RILMUXD : [gsm0710muxd] 3913:main(): Frames received/dropped: 824/0
03-07 13:50:40.764  1254  1282 I RILC    : NUMBER:1
03-07 13:50:40.764  1254  1282 I RILC    : arg len:14
03-07 13:50:40.764  1254  1282 I RILC    : ARGS[0]:THERMAL,0,-1
03-07 13:50:40.764  1254  1282 D RILC    : C[locl]> QUERY_MODEM_THERMAL
